Component: ARM Compiler 6.14 Tool: armlink [5db06800]

==============================================================================

Section Cross References

    startup_armcm33.o(STACK) refers (Special) to heapauxi.o(.text) for __use_two_region_memory
    startup_armcm33.o(HEAP) refers (Special) to heapauxi.o(.text) for __use_two_region_memory
    startup_armcm33.o(RESET) refers (Special) to heapauxi.o(.text) for __use_two_region_memory
    startup_armcm33.o(RESET) refers to startup_armcm33.o(STACK) for __initial_sp
    startup_armcm33.o(RESET) refers to startup_armcm33.o(.text) for Reset_Handler
    startup_armcm33.o(RESET) refers to port_s.o(.text) for PendSV_Handler
    startup_armcm33.o(.text) refers (Special) to heapauxi.o(.text) for __use_two_region_memory
    startup_armcm33.o(.text) refers to startup_armcm33.o(STACK) for __stack_limit
    startup_armcm33.o(.text) refers to system_armcm33.o(.text.SystemInit) for SystemInit
    startup_armcm33.o(.text) refers to __main.o(!!!main) for __main
    system_armcm33.o(.text.SystemCoreClockUpdate) refers to system_armcm33.o(.data.SystemCoreClock) for SystemCoreClock
    system_armcm33.o(.ARM.exidx.text.SystemCoreClockUpdate) refers to system_armcm33.o(.text.SystemCoreClockUpdate) for [Anonymous Symbol]
    system_armcm33.o(.text.SystemInit) refers to startup_armcm33.o(RESET) for __Vectors
    system_armcm33.o(.text.SystemInit) refers to system_armcm33.o(.data.SystemCoreClock) for SystemCoreClock
    system_armcm33.o(.ARM.exidx.text.SystemInit) refers to system_armcm33.o(.text.SystemInit) for [Anonymous Symbol]
    tos_cpu.o(.text.tos_cpu_clz) refers to port_s.o(.text) for port_clz
    tos_cpu.o(.ARM.exidx.text.tos_cpu_clz) refers to tos_cpu.o(.text.tos_cpu_clz) for [Anonymous Symbol]
    tos_cpu.o(.text.tos_cpu_int_disable) refers to port_s.o(.text) for port_int_disable
    tos_cpu.o(.ARM.exidx.text.tos_cpu_int_disable) refers to tos_cpu.o(.text.tos_cpu_int_disable) for [Anonymous Symbol]
    tos_cpu.o(.text.tos_cpu_int_enable) refers to port_s.o(.text) for port_int_enable
    tos_cpu.o(.ARM.exidx.text.tos_cpu_int_enable) refers to tos_cpu.o(.text.tos_cpu_int_enable) for [Anonymous Symbol]
    tos_cpu.o(.text.tos_cpu_cpsr_save) refers to port_s.o(.text) for port_cpsr_save
    tos_cpu.o(.ARM.exidx.text.tos_cpu_cpsr_save) refers to tos_cpu.o(.text.tos_cpu_cpsr_save) for [Anonymous Symbol]
    tos_cpu.o(.text.tos_cpu_cpsr_restore) refers to port_s.o(.text) for port_cpsr_restore
    tos_cpu.o(.ARM.exidx.text.tos_cpu_cpsr_restore) refers to tos_cpu.o(.text.tos_cpu_cpsr_restore) for [Anonymous Symbol]
    tos_cpu.o(.text.cpu_init) refers to lludivv7m.o(.text) for __aeabi_uldivmod
    tos_cpu.o(.text.cpu_init) refers to tos_cpu.o(.text.cpu_systick_init) for cpu_systick_init
    tos_cpu.o(.text.cpu_init) refers to tos_global.o(.data.k_cpu_tick_per_second) for k_cpu_tick_per_second
    tos_cpu.o(.text.cpu_init) refers to tos_global.o(.bss.k_cpu_cycle_per_tick) for k_cpu_cycle_per_tick
    tos_cpu.o(.ARM.exidx.text.cpu_init) refers to tos_cpu.o(.text.cpu_init) for [Anonymous Symbol]
    tos_cpu.o(.text.cpu_systick_init) refers to port_c.o(.text.port_systick_priority_set) for port_systick_priority_set
    tos_cpu.o(.text.cpu_systick_init) refers to port_c.o(.text.port_systick_config) for port_systick_config
    tos_cpu.o(.ARM.exidx.text.cpu_systick_init) refers to tos_cpu.o(.text.cpu_systick_init) for [Anonymous Symbol]
    tos_cpu.o(.text.cpu_reset) refers to port_c.o(.text.port_cpu_reset) for port_cpu_reset
    tos_cpu.o(.ARM.exidx.text.cpu_reset) refers to tos_cpu.o(.text.cpu_reset) for [Anonymous Symbol]
    tos_cpu.o(.text.cpu_sched_start) refers to port_s.o(.text) for port_sched_start
    tos_cpu.o(.ARM.exidx.text.cpu_sched_start) refers to tos_cpu.o(.text.cpu_sched_start) for [Anonymous Symbol]
    tos_cpu.o(.text.cpu_context_switch) refers to port_s.o(.text) for port_context_switch
    tos_cpu.o(.ARM.exidx.text.cpu_context_switch) refers to tos_cpu.o(.text.cpu_context_switch) for [Anonymous Symbol]
    tos_cpu.o(.text.cpu_irq_context_switch) refers to port_s.o(.text) for port_irq_context_switch
    tos_cpu.o(.ARM.exidx.text.cpu_irq_context_switch) refers to tos_cpu.o(.text.cpu_irq_context_switch) for [Anonymous Symbol]
    tos_cpu.o(.ARM.exidx.text.cpu_task_stk_init) refers to tos_cpu.o(.text.cpu_task_stk_init) for [Anonymous Symbol]
    tos_cpu.o(.ARM.exidx.text.cpu_task_stack_draught_depth) refers to tos_cpu.o(.text.cpu_task_stack_draught_depth) for [Anonymous Symbol]
    port_c.o(.text.port_cpu_reset) refers to port_c.o(.text.__NVIC_SystemReset) for __NVIC_SystemReset
    port_c.o(.ARM.exidx.text.port_cpu_reset) refers to port_c.o(.text.port_cpu_reset) for [Anonymous Symbol]
    port_c.o(.ARM.exidx.text.__NVIC_SystemReset) refers to port_c.o(.text.__NVIC_SystemReset) for [Anonymous Symbol]
    port_c.o(.ARM.exidx.text.port_systick_config) refers to port_c.o(.text.port_systick_config) for [Anonymous Symbol]
[...]
    ../clib/wchar.c                          0x00000000   Number         0  flsbuf_fwide.o ABSOLUTE
    ../fplib/fpinit.s                        0x00000000   Number         0  fpinit.o ABSOLUTE
    D:\Keil_v5\Packs\Tencent\TencentOS-tiny\1.0.0\arch\arm\arm-v8m\cortex-m33\armcc\port_s.S 0x00000000   Number         0  port_s.o ABSOLUTE
    RTE/Device/ARMCM33_DSP_FP/startup_ARMCM33.s 0x00000000   Number         0  startup_armcm33.o ABSOLUTE
    cmsis_os.c                               0x00000000   Number         0  cmsis_os.o ABSOLUTE
    dc.s                                     0x00000000   Number         0  dc.o ABSOLUTE
    hello_world.c                            0x00000000   Number         0  hello_world.o ABSOLUTE
    main.c                                   0x00000000   Number         0  main.o ABSOLUTE
    port_c.c                                 0x00000000   Number         0  port_c.o ABSOLUTE
    system_ARMCM33.c                         0x00000000   Number         0  system_armcm33.o ABSOLUTE
    tos_barrier.c                            0x00000000   Number         0  tos_barrier.o ABSOLUTE
    tos_binary_heap.c                        0x00000000   Number         0  tos_binary_heap.o ABSOLUTE
    tos_bitmap.c                             0x00000000   Number         0  tos_bitmap.o ABSOLUTE
    tos_char_fifo.c                          0x00000000   Number         0  tos_char_fifo.o ABSOLUTE
    tos_completion.c                         0x00000000   Number         0  tos_completion.o ABSOLUTE
    tos_countdownlatch.c                     0x00000000   Number         0  tos_countdownlatch.o ABSOLUTE
    tos_cpu.c                                0x00000000   Number         0  tos_cpu.o ABSOLUTE
    tos_event.c                              0x00000000   Number         0  tos_event.o ABSOLUTE
    tos_fault.c                              0x00000000   Number         0  tos_fault.o ABSOLUTE
    tos_global.c                             0x00000000   Number         0  tos_global.o ABSOLUTE
    tos_mail_queue.c                         0x00000000   Number         0  tos_mail_queue.o ABSOLUTE
    tos_message_queue.c                      0x00000000   Number         0  tos_message_queue.o ABSOLUTE
    tos_mmblk.c                              0x00000000   Number         0  tos_mmblk.o ABSOLUTE
    tos_mmheap.c                             0x00000000   Number         0  tos_mmheap.o ABSOLUTE
    tos_mutex.c                              0x00000000   Number         0  tos_mutex.o ABSOLUTE
    tos_pend.c                               0x00000000   Number         0  tos_pend.o ABSOLUTE
    tos_priority_mail_queue.c                0x00000000   Number         0  tos_priority_mail_queue.o ABSOLUTE
    tos_priority_message_queue.c             0x00000000   Number         0  tos_priority_message_queue.o ABSOLUTE
    tos_priority_queue.c                     0x00000000   Number         0  tos_priority_queue.o ABSOLUTE
    tos_ring_queue.c                         0x00000000   Number         0  tos_ring_queue.o ABSOLUTE
    tos_robin.c                              0x00000000   Number         0  tos_robin.o ABSOLUTE
    tos_rwlock.c                             0x00000000   Number         0  tos_rwlock.o ABSOLUTE
    tos_sched.c                              0x00000000   Number         0  tos_sched.o ABSOLUTE
    tos_sem.c                                0x00000000   Number         0  tos_sem.o ABSOLUTE
    tos_stopwatch.c                          0x00000000   Number         0  tos_stopwatch.o ABSOLUTE
    tos_sys.c                                0x00000000   Number         0  tos_sys.o ABSOLUTE
    tos_task.c                               0x00000000   Number         0  tos_task.o ABSOLUTE
    tos_tick.c                               0x00000000   Number         0  tos_tick.o ABSOLUTE
    tos_time.c                               0x00000000   Number         0  tos_time.o ABSOLUTE
    tos_timer.c                              0x00000000   Number         0  tos_timer.o ABSOLUTE
    RESET                                    0x00000000   Section     1984  startup_armcm33.o(RESET)
    !!!main                                  0x000007c0   Section        8  __main.o(!!!main)
    !!!scatter                               0x000007c8   Section       52  __scatter.o(!!!scatter)
    !!handler_copy                           0x000007fc   Section       26  __scatter_copy.o(!!handler_copy)
    !!handler_zi                             0x00000818   Section       28  __scatter_zi.o(!!handler_zi)
    .ARM.Collect$$_printf_percent$$00000000  0x00000834   Section        0  _printf_percent.o(.ARM.Collect$$_printf_percent$$00000000)
    .ARM.Collect$$_printf_percent$$00000002  0x00000834   Section        6  _printf_p.o(.ARM.Collect$$_printf_percent$$00000002)
    .ARM.Collect$$_printf_percent$$00000009  0x0000083a   Section        6  _printf_d.o(.ARM.Collect$$_printf_percent$$00000009)
    .ARM.Collect$$_printf_percent$$00000014  0x00000840   Section        6  _printf_s.o(.ARM.Collect$$_printf_percent$$00000014)
    .ARM.Collect$$_printf_percent$$00000017  0x00000846   Section        4  _printf_percent_end.o(.ARM.Collect$$_printf_percent$$00000017)
    .ARM.Collect$$libinit$$00000000          0x0000084a   Section        2  libinit.o(.ARM.Collect$$libinit$$00000000)
    .ARM.Collect$$libinit$$00000001          0x0000084c   Section        4  libinit2.o(.ARM.Collect$$libinit$$00000001)
    .ARM.Collect$$libinit$$00000004          0x00000850   Section        0  libinit2.o(.ARM.Collect$$libinit$$00000004)
    .ARM.Collect$$libinit$$00000006          0x00000850   Section        8  libinit3.o(.ARM.Collect$$libinit$$00000006)
    .ARM.Collect$$libinit$$0000000A          0x00000858   Section        0  libinit2.o(.ARM.Collect$$libinit$$0000000A)
    .ARM.Collect$$libinit$$0000000C          0x00000858   Section        0  libinit2.o(.ARM.Collect$$libinit$$0000000C)
    .ARM.Collect$$libinit$$0000000E          0x00000858   Section        0  libinit2.o(.ARM.Collect$$libinit$$0000000E)
    .ARM.Collect$$libinit$$00000011          0x00000858   Section        0  libinit2.o(.ARM.Collect$$libinit$$00000011)
    .ARM.Collect$$libinit$$00000013          0x00000858   Section        0  libinit2.o(.ARM.Collect$$libinit$$00000013)
    .ARM.Collect$$libinit$$00000015          0x00000858   Section        0  libinit2.o(.ARM.Collect$$libinit$$00000015)
    .ARM.Collect$$libinit$$00000017          0x00000858   Section        0  libinit2.o(.ARM.Collect$$libinit$$00000017)
    .ARM.Collect$$libinit$$00000019          0x00000858   Section        0  libinit2.o(.ARM.Collect$$libinit$$00000019)
    .ARM.Collect$$libinit$$0000001B          0x00000858   Section        0  libinit2.o(.ARM.Collect$$libinit$$0000001B)
    .ARM.Collect$$libinit$$0000001D          0x00000858   Section        0  libinit2.o(.ARM.Collect$$libinit$$0000001D)
    .ARM.Collect$$libinit$$0000001F          0x00000858   Section        0  libinit2.o(.ARM.Collect$$libinit$$0000001F)
    .ARM.Collect$$libinit$$00000021          0x00000858   Section        0  libinit2.o(.ARM.Collect$$libinit$$00000021)
    .ARM.Collect$$libinit$$00000023          0x00000858   Section        0  libinit2.o(.ARM.Collect$$libinit$$00000023)
    .ARM.Collect$$libinit$$00000024          0x00000858   Section        4  libinit2.o(.ARM.Collect$$libinit$$00000024)
    .ARM.Collect$$libinit$$00000025          0x0000085c   Section        0  libinit2.o(.ARM.Collect$$libinit$$00000025)
    .ARM.Collect$$libinit$$0000002C          0x0000085c   Section        0  libinit2.o(.ARM.Collect$$libinit$$0000002C)
    .ARM.Collect$$libinit$$0000002E          0x0000085c   Section        0  libinit2.o(.ARM.Collect$$libinit$$0000002E)
    .ARM.Collect$$libinit$$00000030          0x0000085c   Section        0  libinit2.o(.ARM.Collect$$libinit$$00000030)
    .ARM.Collect$$libinit$$00000032          0x0000085c   Section        0  libinit2.o(.ARM.Collect$$libinit$$00000032)
    .ARM.Collect$$libinit$$00000033          0x0000085c   Section        2  libinit2.o(.ARM.Collect$$libinit$$00000033)
    __lit__00000000                          0x00000860   Data           4  libinit3.o(.ARM.Collect$$libinit$$00002717)
    .ARM.Collect$$libinit$$00002717          0x00000860   Section        8  libinit3.o(.ARM.Collect$$libinit$$00002717)
    __lit__00000001                          0x00000864   Data           4  libinit3.o(.ARM.Collect$$libinit$$00002717)
    .ARM.Collect$$libshutdown$$00000000      0x00000868   Section        2  libshutdown.o(.ARM.Collect$$libshutdown$$00000000)
    .ARM.Collect$$libshutdown$$00000002      0x0000086a   Section        0  libshutdown2.o(.ARM.Collect$$libshutdown$$00000002)
    .ARM.Collect$$libshutdown$$00000003      0x0000086a   Section        4  libshutdown2.o(.ARM.Collect$$libshutdown$$00000003)
    .ARM.Collect$$libshutdown$$00000004      0x0000086e   Section        0  libshutdown2.o(.ARM.Collect$$libshutdown$$00000004)
    .ARM.Collect$$libshutdown$$00000007      0x0000086e   Section        0  libshutdown2.o(.ARM.Collect$$libshutdown$$00000007)
    .ARM.Collect$$libshutdown$$0000000A      0x0000086e   Section        0  libshutdown2.o(.ARM.Collect$$libshutdown$$0000000A)
    .ARM.Collect$$libshutdown$$0000000C      0x0000086e   Section        0  libshutdown2.o(.ARM.Collect$$libshutdown$$0000000C)
    .ARM.Collect$$libshutdown$$0000000F      0x0000086e   Section        0  libshutdown2.o(.ARM.Collect$$libshutdown$$0000000F)
    .ARM.Collect$$libshutdown$$00000010      0x0000086e   Section        2  libshutdown2.o(.ARM.Collect$$libshutdown$$00000010)
    .ARM.Collect$$rtentry$$00000000          0x00000870   Section        0  __rtentry.o(.ARM.Collect$$rtentry$$00000000)
    .ARM.Collect$$rtentry$$00000002          0x00000870   Section        0  __rtentry2.o(.ARM.Collect$$rtentry$$00000002)
    .ARM.Collect$$rtentry$$00000005          0x00000870   Section        4  __rtentry5.o(.ARM.Collect$$rtentry$$00000005)
    .ARM.Collect$$rtentry$$00000009          0x00000874   Section        0  __rtentry2.o(.ARM.Collect$$rtentry$$00000009)
    .ARM.Collect$$rtentry$$0000000A          0x00000874   Section        4  __rtentry2.o(.ARM.Collect$$rtentry$$0000000A)
    .ARM.Collect$$rtentry$$0000000C          0x00000878   Section        0  __rtentry2.o(.ARM.Collect$$rtentry$$0000000C)
    .ARM.Collect$$rtentry$$0000000D          0x00000878   Section        8  __rtentry2.o(.ARM.Collect$$rtentry$$0000000D)
    __lit__00000000                          0x00000880   Data           4  __rtentry5.o(.ARM.Collect$$rtentry$$00002716)
    .ARM.Collect$$rtentry$$00002716          0x00000880   Section        4  __rtentry5.o(.ARM.Collect$$rtentry$$00002716)
    .ARM.Collect$$rtexit$$00000000           0x00000884   Section        2  rtexit.o(.ARM.Collect$$rtexit$$00000000)
    .ARM.Collect$$rtexit$$00000002           0x00000886   Section        0  rtexit2.o(.ARM.Collect$$rtexit$$00000002)
    .ARM.Collect$$rtexit$$00000003           0x00000886   Section        4  rtexit2.o(.ARM.Collect$$rtexit$$00000003)
    .ARM.Collect$$rtexit$$00000004           0x0000088a   Section        6  rtexit2.o(.ARM.Collect$$rtexit$$00000004)
    $v0                                      0x00000890   Number         0  startup_armcm33.o(.text)
    .text                                    0x00000890   Section       68  startup_armcm33.o(.text)
    $v0                                      0x000008d4   Number         0  port_s.o(.text)
    .text                                    0x000008d4   Section      224  port_s.o(.text)
    .text                                    0x000009b4   Section      240  lludivv7m.o(.text)
    .text                                    0x00000aa4   Section        0  _printf_str.o(.text)
    .text                                    0x00000af8   Section        0  _printf_dec.o(.text)
    .text                                    0x00000b70   Section        0  _printf_hex_ptr.o(.text)
    .text                                    0x00000bc4   Section        0  puts.o(.text)
    .text                                    0x00000bf0   Section       68  rt_memclr.o(.text)
    .text                                    0x00000c34   Section       78  rt_memclr_w.o(.text)
    .text                                    0x00000c82   Section       86  strncpy.o(.text)
    .text                                    0x00000cd8   Section        0  heapauxi.o(.text)
    .text                                    0x00000cde   Section        0  _printf_intcommon.o(.text)
    .text                                    0x00000d90   Section        0  _printf_char.o(.text)
    .text                                    0x00000dbc   Section        0  flsbuf.o(.text)
    .text                                    0x00000f94   Section        0  initio.o(.text)
    .text                                    0x000010cc   Section        0  sys_io.o(.text)
    .text                                    0x00001132   Section        0  h1_alloc.o(.text)
    .text                                    0x00001190   Section        0  h1_free.o(.text)
    .text                                    0x000011de   Section        0  setvbuf.o(.text)
    .text                                    0x00001224   Section        0  stdio.o(.text)
    _freopen_locked                          0x00001315   Thumb Code     0  fopen.o(.text)
    .text                                    0x00001314   Section        0  fopen.o(.text)
    .text                                    0x00001404   Section        0  fclose.o(.text)
    .text                                    0x00001450   Section        0  exit.o(.text)
    .text                                    0x00001462   Section        0  defsig_rtred_outer.o(.text)
    .text                                    0x00001470   Section        2  use_no_semi.o(.text)
    .text                                    0x00001472   Section        0  indicate_semi.o(.text)
    .text                                    0x00001474   Section        8  rt_heap_descriptor_intlibspace.o(.text)
    .text                                    0x0000147c   Section        0  hguard.o(.text)
    .text                                    0x00001480   Section        0  init_alloc.o(.text)
    .text                                    0x0000150a   Section        0  h1_init.o(.text)
    .text                                    0x00001518   Section        0  fseek.o(.text)
    .text                                    0x00001610   Section        0  defsig_exit.o(.text)
    .text                                    0x0000161c   Section        0  defsig_rtred_inner.o(.text)
    .text                                    0x00001650   Section        0  strlen.o(.text)
    .text                                    0x00001690   Section        0  sys_exit.o(.text)
    .text                                    0x0000169c   Section        0  maybetermalloc1.o(.text)
    .text                                    0x0000169c   Section        0  h1_extend.o(.text)
    .text                                    0x000016d0   Section        0  ftell.o(.text)
    .text                                    0x00001712   Section        0  defsig_general.o(.text)
    .text                                    0x00001744   Section        0  defsig_rtmem_outer.o(.text)
    .text                                    0x00001752   Section        0  sys_wrch.o(.text)
    .text                                    0x00001760   Section        8  rt_errno_addr_intlibspace.o(.text)
    .text                                    0x00001768   Section        0  defsig_rtmem_inner.o(.text)
    [Anonymous Symbol]                       0x000017b8   Section        0  system_armcm33.o(.text.SystemInit)
    __arm_cp.1_0                             0x000017d4   Number         4  system_armcm33.o(.text.SystemInit)
    __arm_cp.1_1                             0x000017d8   Number         4  system_armcm33.o(.text.SystemInit)
    __arm_cp.1_2                             0x000017dc   Number         4  system_armcm33.o(.text.SystemInit)
    __arm_cp.1_3                             0x000017e0   Number         4  system_armcm33.o(.text.SystemInit)
    __fls                                    0x000017e5   Thumb Code    10  tos_mmheap.o(.text.__fls)
    [Anonymous Symbol]                       0x000017e4   Section        0  tos_mmheap.o(.text.__fls)
    [Anonymous Symbol]                       0x000017f0   Section        0  hello_world.o(.text.application_entry)
    __arm_cp.2_0                             0x00001828   Number         4  hello_world.o(.text.application_entry)
    __arm_cp.2_1                             0x0000182c   Number         4  hello_world.o(.text.application_entry)
    __arm_cp.2_3                             0x00001838   Number         4  hello_world.o(.text.application_entry)
    __arm_cp.2_4                             0x0000183c   Number         4  hello_world.o(.text.application_entry)
    __arm_cp.2_5                             0x00001840   Number         4  hello_world.o(.text.application_entry)
    __arm_cp.2_7                             0x0000184c   Number         4  hello_world.o(.text.application_entry)
    blk_absorb                               0x00001851   Thumb Code    26  tos_mmheap.o(.text.blk_absorb)
    [Anonymous Symbol]                       0x00001850   Section        0  tos_mmheap.o(.text.blk_absorb)
    blk_insert                               0x0000186d   Thumb Code    80  tos_mmheap.o(.text.blk_insert)
    [Anonymous Symbol]                       0x0000186c   Section        0  tos_mmheap.o(.text.blk_insert)
    blk_mark_as_free                         0x000018bd   Thumb Code    30  tos_mmheap.o(.text.blk_mark_as_free)
    [Anonymous Symbol]                       0x000018bc   Section        0  tos_mmheap.o(.text.blk_mark_as_free)
    blk_merge_next                           0x000018db   Thumb Code    42  tos_mmheap.o(.text.blk_merge_next)
    [Anonymous Symbol]                       0x000018da   Section        0  tos_mmheap.o(.text.blk_merge_next)
    blk_remove                               0x00001905   Thumb Code    34  tos_mmheap.o(.text.blk_remove)
    [Anonymous Symbol]                       0x00001904   Section        0  tos_mmheap.o(.text.blk_remove)
    [Anonymous Symbol]                       0x00001926   Section        0  tos_cpu.o(.text.cpu_context_switch)
    [Anonymous Symbol]                       0x0000192c   Section        0  tos_cpu.o(.text.cpu_init)
    __arm_cp.5_0                             0x00001948   Number         4  tos_cpu.o(.text.cpu_init)
    __arm_cp.5_1                             0x0000194c   Number         4  tos_cpu.o(.text.cpu_init)
    __arm_cp.5_2                             0x00001950   Number         4  tos_cpu.o(.text.cpu_init)
    [Anonymous Symbol]                       0x00001954   Section        0  tos_cpu.o(.text.cpu_sched_start)
    [Anonymous Symbol]                       0x00001958   Section        0  tos_cpu.o(.text.cpu_systick_init)
    [Anonymous Symbol]                       0x0000196c   Section        0  tos_cpu.o(.text.cpu_task_stk_init)
    generic_fls                              0x000019e7   Thumb Code    12  tos_mmheap.o(.text.generic_fls)
    [Anonymous Symbol]                       0x000019e6   Section        0  tos_mmheap.o(.text.generic_fls)
    knl_idle_entry                           0x000019f3   Thumb Code     6  tos_sys.o(.text.knl_idle_entry)
    [Anonymous Symbol]                       0x000019f2   Section        0  tos_sys.o(.text.knl_idle_entry)
    [Anonymous Symbol]                       0x000019f8   Section        0  tos_sys.o(.text.knl_idle_init)
    __arm_cp.1_0                             0x00001a20   Number         4  tos_sys.o(.text.knl_idle_init)
    __arm_cp.1_1                             0x00001a24   Number         4  tos_sys.o(.text.knl_idle_init)
    __arm_cp.1_2                             0x00001a28   Number         4  tos_sys.o(.text.knl_idle_init)
    __arm_cp.1_4                             0x00001a34   Number         4  tos_sys.o(.text.knl_idle_init)
    [Anonymous Symbol]                       0x00001a38   Section        0  tos_sys.o(.text.knl_is_idle)
    __arm_cp.12_0                            0x00001a44   Number         4  tos_sys.o(.text.knl_is_idle)
    [Anonymous Symbol]                       0x00001a48   Section        0  tos_sys.o(.text.knl_is_inirq)
    [Anonymous Symbol]                       0x00001a54   Section        0  tos_sys.o(.text.knl_is_sched_locked)
    [Anonymous Symbol]                       0x00001a60   Section        0  tos_sys.o(.text.knl_is_self)
    [Anonymous Symbol]                       0x00001a70   Section        0  tos_sys.o(.text.knl_sched)
    __arm_cp.10_0                            0x00001aac   Number         4  tos_sys.o(.text.knl_sched)
    __arm_cp.10_1                            0x00001ab0   Number         4  tos_sys.o(.text.knl_sched)
    __arm_cp.10_2                            0x00001ab4   Number         4  tos_sys.o(.text.knl_sched)
    __arm_cp.10_3                            0x00001ab8   Number         4  tos_sys.o(.text.knl_sched)
    [Anonymous Symbol]                       0x00001abc   Section        0  main.o(.text.main)
    __arm_cp.0_1                             0x00001b0c   Number         4  main.o(.text.main)
    __arm_cp.0_2                             0x00001b10   Number         4  main.o(.text.main)
    __arm_cp.0_4                             0x00001b28   Number         4  main.o(.text.main)
    mapping_insert                           0x00001b2d   Thumb Code    42  tos_mmheap.o(.text.mapping_insert)
    [Anonymous Symbol]                       0x00001b2c   Section        0  tos_mmheap.o(.text.mapping_insert)
    mmheap_ctl_init                          0x00001b59   Thumb Code    72  tos_mmheap.o(.text.mmheap_ctl_init)
    [Anonymous Symbol]                       0x00001b58   Section        0  tos_mmheap.o(.text.mmheap_ctl_init)
    [Anonymous Symbol]                       0x00001ba0   Section        0  tos_mmheap.o(.text.mmheap_init_with_pool)
    mmheap_pool_is_exist                     0x00001bb9   Thumb Code    40  tos_mmheap.o(.text.mmheap_pool_is_exist)
    [Anonymous Symbol]                       0x00001bb8   Section        0  tos_mmheap.o(.text.mmheap_pool_is_exist)
    __arm_cp.16_0                            0x00001bdc   Number         4  tos_mmheap.o(.text.mmheap_pool_is_exist)
    mutex_old_owner_release                  0x00001be1   Thumb Code    64  tos_mutex.o(.text.mutex_old_owner_release)
    [Anonymous Symbol]                       0x00001be0   Section        0  tos_mutex.o(.text.mutex_old_owner_release)
    [Anonymous Symbol]                       0x00001c20   Section        0  tos_mutex.o(.text.mutex_release)
    [Anonymous Symbol]                       0x00001c34   Section        0  tos_pend.o(.text.pend_highest_pending_prio_get)
    pend_list_add                            0x00001c43   Thumb Code    50  tos_pend.o(.text.pend_list_add)
    [Anonymous Symbol]                       0x00001c42   Section        0  tos_pend.o(.text.pend_list_add)
    [Anonymous Symbol]                       0x00001c74   Section        0  tos_pend.o(.text.pend_list_adjust)
    [Anonymous Symbol]                       0x00001c82   Section        0  tos_pend.o(.text.pend_list_remove)
    [Anonymous Symbol]                       0x00001c9c   Section        0  tos_pend.o(.text.pend_task_wakeup)
    [Anonymous Symbol]                       0x00001cd4   Section        0  tos_pend.o(.text.pend_wakeup_all)
    [Anonymous Symbol]                       0x00001cf0   Section        0  port_c.o(.text.port_systick_config)
    __arm_cp.2_0                             0x00001d0c   Number         4  port_c.o(.text.port_systick_config)
    [Anonymous Symbol]                       0x00001d10   Section        0  port_c.o(.text.port_systick_priority_set)
    __arm_cp.3_0                             0x00001d18   Number         4  port_c.o(.text.port_systick_priority_set)
    [Anonymous Symbol]                       0x00001d1c   Section        0  tos_sched.o(.text.readyqueue_add)
    __arm_cp.7_0                             0x00001d34   Number         4  tos_sched.o(.text.readyqueue_add)
    [Anonymous Symbol]                       0x00001d38   Section        0  tos_sched.o(.text.readyqueue_add_head)
    [Anonymous Symbol]                       0x00001d60   Section        0  tos_sched.o(.text.readyqueue_add_tail)
    [Anonymous Symbol]                       0x00001d88   Section        0  tos_sched.o(.text.readyqueue_highest_ready_task_get)
    [Anonymous Symbol]                       0x00001d98   Section        0  tos_sched.o(.text.readyqueue_init)
    readyqueue_prio_mark                     0x00001db9   Thumb Code    40  tos_sched.o(.text.readyqueue_prio_mark)
    [Anonymous Symbol]                       0x00001db8   Section        0  tos_sched.o(.text.readyqueue_prio_mark)
    [Anonymous Symbol]                       0x00001de0   Section        0  tos_sched.o(.text.readyqueue_remove)
    __arm_cp.8_0                             0x00001e40   Number         4  tos_sched.o(.text.readyqueue_remove)
    remove_free_block                        0x00001e45   Thumb Code    80  tos_mmheap.o(.text.remove_free_block)
    [Anonymous Symbol]                       0x00001e44   Section        0  tos_mmheap.o(.text.remove_free_block)
    __arm_cp.19_0                            0x00001e90   Number         4  tos_mmheap.o(.text.remove_free_block)
    [Anonymous Symbol]                       0x00001e94   Section        0  hello_world.o(.text.task1_entry)
    [Anonymous Symbol]                       0x00001eb8   Section        0  hello_world.o(.text.task2_entry)
    task_do_destroy                          0x00001edd   Thumb Code   122  tos_task.o(.text.task_do_destroy)
    [Anonymous Symbol]                       0x00001edc   Section        0  tos_task.o(.text.task_do_destroy)
    task_exit                                0x00001f57   Thumb Code     6  tos_task.o(.text.task_exit)
    [Anonymous Symbol]                       0x00001f56   Section        0  tos_task.o(.text.task_exit)
    task_free                                0x00001f5d   Thumb Code    20  tos_task.o(.text.task_free)
    [Anonymous Symbol]                       0x00001f5c   Section        0  tos_task.o(.text.task_free)
    [Anonymous Symbol]                       0x00001f70   Section        0  tos_task.o(.text.task_free_all)
    __arm_cp.3_0                             0x00001f9c   Number         4  tos_task.o(.text.task_free_all)
    task_reset                               0x00001fa1   Thumb Code    66  tos_task.o(.text.task_reset)
    [Anonymous Symbol]                       0x00001fa0   Section        0  tos_task.o(.text.task_reset)
    [Anonymous Symbol]                       0x00001fe4   Section        0  tos_tick.o(.text.tick_list_add)
    [Anonymous Symbol]                       0x00002090   Section        0  tos_tick.o(.text.tick_list_remove)
    __arm_cp.1_0                             0x00002104   Number         4  tos_tick.o(.text.tick_list_remove)
    [Anonymous Symbol]                       0x00002108   Section        0  tos_cpu.o(.text.tos_cpu_clz)
    [Anonymous Symbol]                       0x0000210c   Section        0  tos_cpu.o(.text.tos_cpu_cpsr_restore)
    [Anonymous Symbol]                       0x00002110   Section        0  tos_cpu.o(.text.tos_cpu_cpsr_save)
    [Anonymous Symbol]                       0x00002114   Section        0  tos_sys.o(.text.tos_knl_init)
    __arm_cp.0_0                             0x00002134   Number         4  tos_sys.o(.text.tos_knl_init)
    [Anonymous Symbol]                       0x00002138   Section        0  tos_sys.o(.text.tos_knl_is_running)
    [Anonymous Symbol]                       0x00002148   Section        0  tos_sys.o(.text.tos_knl_sched_lock)
    [Anonymous Symbol]                       0x00002184   Section        0  tos_sys.o(.text.tos_knl_sched_unlock)
    __arm_cp.9_0                             0x000021c4   Number         4  tos_sys.o(.text.tos_knl_sched_unlock)
    __arm_cp.9_2                             0x000021c8   Number         4  tos_sys.o(.text.tos_knl_sched_unlock)
    [Anonymous Symbol]                       0x000021cc   Section        0  tos_sys.o(.text.tos_knl_start)
    __arm_cp.11_0                            0x000021f4   Number         4  tos_sys.o(.text.tos_knl_start)
    __arm_cp.11_1                            0x000021f8   Number         4  tos_sys.o(.text.tos_knl_start)
    [Anonymous Symbol]                       0x000021fc   Section        0  tos_mmheap.o(.text.tos_mmheap_free)
    [Anonymous Symbol]                       0x00002238   Section        0  tos_mmheap.o(.text.tos_mmheap_pool_add)
    __arm_cp.3_0                             0x000022b0   Number         4  tos_mmheap.o(.text.tos_mmheap_pool_add)
    __arm_cp.3_1                             0x000022b4   Number         4  tos_mmheap.o(.text.tos_mmheap_pool_add)
    [Anonymous Symbol]                       0x000022b8   Section        0  tos_task.o(.text.tos_task_create)
    __arm_cp.0_0                             0x00002394   Number         4  tos_task.o(.text.tos_task_create)
    __arm_cp.0_1                             0x00002398   Number         4  tos_task.o(.text.tos_task_create)
    [Anonymous Symbol]                       0x0000239c   Section        0  tos_task.o(.text.tos_task_delay)
    [Anonymous Symbol]                       0x000023f8   Section        0  tos_task.o(.text.tos_task_destroy)
    __arm_cp.6_1                             0x00002490   Number         4  tos_task.o(.text.tos_task_destroy)
    [Anonymous Symbol]                       0x00002494   Section        0  tos_task.o(.text.tos_task_prio_change)
    [Anonymous Symbol]                       0x00002564   Section        0  tos_task.o(.text.tos_task_yield)
    __arm_cp.7_0                             0x00002590   Number         4  tos_task.o(.text.tos_task_yield)
    i.fputc                                  0x00002594   Section        0  fputc.o(i.fputc)
    $v0                                      0x000025ae   Number         0  fpinit.o(x$fpl$fpinit)
    x$fpl$fpinit                             0x000025ae   Section       26  fpinit.o(x$fpl$fpinit)
    uc_hextab                                0x000025c8   Data          20  _printf_hex_ptr.o(.constdata)
    .constdata                               0x000025c8   Section       40  _printf_hex_ptr.o(.constdata)
    lc_hextab                                0x000025dc   Data          20  _printf_hex_ptr.o(.constdata)
    .constdata                               0x000025f0   Section        4  sys_io_names.o(.constdata)
    .constdata                               0x000025f4   Section        4  sys_io_names.o(.constdata)
    .constdata                               0x000025f8   Section        4  sys_io_names.o(.constdata)
    .data                                    0x20000000   Section        4  stdio_streams.o(.data)
    .data                                    0x20000004   Section        4  stdio_streams.o(.data)
    .data                                    0x20000008   Section        4  stdio_streams.o(.data)
    .bss                                     0x20000030   Section       84  stdio_streams.o(.bss)
    .bss                                     0x20000084   Section       84  stdio_streams.o(.bss)
    .bss                                     0x200000d8   Section       84  stdio_streams.o(.bss)
    .bss                                     0x2000012c   Section       96  libspace.o(.bss)
    HEAP                                     0x20002ea0   Section     3072  startup_armcm33.o(HEAP)
    STACK                                    0x20003aa0   Section     1024  startup_armcm33.o(STACK)

    Global Symbols

    Symbol Name                              Value     Ov Type        Size  Object(Section)

    BuildAttributes$$THM_ISAv4$E$P$D$K$B$S$7EM$8M$VFPi5$EXTD16$VFPS$VFMA$PE$A:L22UL41UL21$X:L11$S22US41US21$IEEE1$IW$~IW$USESV6$~STKCKD$USESV7$~SHL$OTIME$ROPI$EBA8$UX$STANDARDLIB$REQ8$PRES8$EABIv2 0x00000000   Number         0  anon$$obj.o ABSOLUTE
    __Vectors                                0x00000000   Data           4  startup_armcm33.o(RESET)
    Image$$ZI$$Limit                          - Undefined Weak Reference
    __ARM_exceptions_init                     - Undefined Weak Reference
    __alloca_initialize                       - Undefined Weak Reference
    __arm_preinit_                            - Undefined Weak Reference
    __cpp_initialize__aeabi_                  - Undefined Weak Reference
    __cxa_finalize                            - Undefined Weak Reference
    __rt_locale                               - Undefined Weak Reference
    __sigvec_lookup                           - Undefined Weak Reference
    __user_heap_extent                        - Undefined Weak Reference
    _atexit_init                              - Undefined Weak Reference
    _call_atexit_fns                          - Undefined Weak Reference
    _clock_init                               - Undefined Weak Reference
    _fp_trap_init                             - Undefined Weak Reference
    _fp_trap_shutdown                         - Undefined Weak Reference
    _get_lc_collate                           - Undefined Weak Reference
    _get_lc_ctype                             - Undefined Weak Reference
    _get_lc_monetary                          - Undefined Weak Reference
    _get_lc_numeric                           - Undefined Weak Reference
    _get_lc_time                              - Undefined Weak Reference
    _getenv_init                              - Undefined Weak Reference
    _handle_redirection                       - Undefined Weak Reference
    _mutex_acquire                            - Undefined Weak Reference
    _mutex_free                               - Undefined Weak Reference
    _mutex_release                            - Undefined Weak Reference
    _printf_mbtowc                            - Undefined Weak Reference
    _printf_post_padding                      - Undefined Weak Reference
    _printf_pre_padding                       - Undefined Weak Reference
    _printf_truncate_signed                   - Undefined Weak Reference
    _printf_truncate_unsigned                 - Undefined Weak Reference
    _rand_init                                - Undefined Weak Reference
    _signal_finish                            - Undefined Weak Reference
    _signal_init                              - Undefined Weak Reference
    __Vectors_End                            0x000007c0   Data           0  startup_armcm33.o(RESET)
    __Vectors_Size                           0x000007c0   Number         0  startup_armcm33.o ABSOLUTE
    __main                                   0x000007c1   Thumb Code     8  __main.o(!!!main)
    __scatterload                            0x000007c9   Thumb Code     0  __scatter.o(!!!scatter)
    __scatterload_rt2                        0x000007c9   Thumb Code    44  __scatter.o(!!!scatter)
    __scatterload_rt2_thumb_only             0x000007c9   Thumb Code     0  __scatter.o(!!!scatter)
    __scatterload_null                       0x000007d7   Thumb Code     0  __scatter.o(!!!scatter)
    __scatterload_copy                       0x000007fd   Thumb Code    26  __scatter_copy.o(!!handler_copy)
    __scatterload_zeroinit                   0x00000819   Thumb Code    28  __scatter_zi.o(!!handler_zi)
    _printf_p                                0x00000835   Thumb Code     0  _printf_p.o(.ARM.Collect$$_printf_percent$$00000002)
    _printf_percent                          0x00000835   Thumb Code     0  _printf_percent.o(.ARM.Collect$$_printf_percent$$00000000)
    _printf_d                                0x0000083b   Thumb Code     0  _printf_d.o(.ARM.Collect$$_printf_percent$$00000009)
    _printf_s                                0x00000841   Thumb Code     0  _printf_s.o(.ARM.Collect$$_printf_percent$$00000014)
    _printf_percent_end                      0x00000847   Thumb Code     0  _printf_percent_end.o(.ARM.Collect$$_printf_percent$$00000017)
    __rt_lib_init                            0x0000084b   Thumb Code     0  libinit.o(.ARM.Collect$$libinit$$00000000)
    __rt_lib_init_fp_1                       0x0000084d   Thumb Code     0  libinit2.o(.ARM.Collect$$libinit$$00000001)
    __rt_lib_init_heap_2                     0x00000851   Thumb Code     0  libinit3.o(.ARM.Collect$$libinit$$00000006)
    __rt_lib_init_preinit_1                  0x00000851   Thumb Code     0  libinit2.o(.ARM.Collect$$libinit$$00000004)
    __rt_lib_init_atexit_1                   0x00000859   Thumb Code     0  libinit2.o(.ARM.Collect$$libinit$$0000001B)
    __rt_lib_init_clock_1                    0x00000859   Thumb Code     0  libinit2.o(.ARM.Collect$$libinit$$00000021)
    __rt_lib_init_fp_trap_1                  0x00000859   Thumb Code     0  libinit2.o(.ARM.Collect$$libinit$$0000001F)
    __rt_lib_init_getenv_1                   0x00000859   Thumb Code     0  libinit2.o(.ARM.Collect$$libinit$$00000023)
    __rt_lib_init_heap_1                     0x00000859   Thumb Code     0  libinit2.o(.ARM.Collect$$libinit$$0000000A)
    __rt_lib_init_lc_collate_1               0x00000859   Thumb Code     0  libinit2.o(.ARM.Collect$$libinit$$00000011)
    __rt_lib_init_lc_ctype_1                 0x00000859   Thumb Code     0  libinit2.o(.ARM.Collect$$libinit$$00000013)
    __rt_lib_init_lc_monetary_1              0x00000859   Thumb Code     0  libinit2.o(.ARM.Collect$$libinit$$00000015)
    __rt_lib_init_lc_numeric_1               0x00000859   Thumb Code     0  libinit2.o(.ARM.Collect$$libinit$$00000017)
    __rt_lib_init_lc_time_1                  0x00000859   Thumb Code     0  libinit2.o(.ARM.Collect$$libinit$$00000019)
    __rt_lib_init_rand_1                     0x00000859   Thumb Code     0  libinit2.o(.ARM.Collect$$libinit$$0000000E)
    __rt_lib_init_signal_1                   0x00000859   Thumb Code     0  libinit2.o(.ARM.Collect$$libinit$$0000001D)
    __rt_lib_init_stdio_2                    0x00000859   Thumb Code     0  libinit2.o(.ARM.Collect$$libinit$$00000024)
    __rt_lib_init_user_alloc_1               0x00000859   Thumb Code     0  libinit2.o(.ARM.Collect$$libinit$$0000000C)
    __rt_lib_init_alloca_1                   0x0000085d   Thumb Code     0  libinit2.o(.ARM.Collect$$libinit$$0000002E)
    __rt_lib_init_argv_1                     0x0000085d   Thumb Code     0  libinit2.o(.ARM.Collect$$libinit$$0000002C)
    __rt_lib_init_cpp_1                      0x0000085d   Thumb Code     0  libinit2.o(.ARM.Collect$$libinit$$00000032)
    __rt_lib_init_exceptions_1               0x0000085d   Thumb Code     0  libinit2.o(.ARM.Collect$$libinit$$00000030)
    __rt_lib_init_return                     0x0000085d   Thumb Code     0  libinit2.o(.ARM.Collect$$libinit$$00000033)
    __rt_lib_init_stdio_1                    0x0000085d   Thumb Code     0  libinit2.o(.ARM.Collect$$libinit$$00000025)
    __rt_lib_shutdown                        0x00000869   Thumb Code     0  libshutdown.o(.ARM.Collect$$libshutdown$$00000000)
    __rt_lib_shutdown_cpp_1                  0x0000086b   Thumb Code     0  libshutdown2.o(.ARM.Collect$$libshutdown$$00000002)
    __rt_lib_shutdown_stdio_2                0x0000086b   Thumb Code     0  libshutdown2.o(.ARM.Collect$$libshutdown$$00000003)
    __rt_lib_shutdown_fp_trap_1              0x0000086f   Thumb Code     0  libshutdown2.o(.ARM.Collect$$libshutdown$$00000007)
    __rt_lib_shutdown_heap_1                 0x0000086f   Thumb Code     0  libshutdown2.o(.ARM.Collect$$libshutdown$$0000000F)
    __rt_lib_shutdown_return                 0x0000086f   Thumb Code     0  libshutdown2.o(.ARM.Collect$$libshutdown$$00000010)
    __rt_lib_shutdown_signal_1               0x0000086f   Thumb Code     0  libshutdown2.o(.ARM.Collect$$libshutdown$$0000000A)
    __rt_lib_shutdown_stdio_1                0x0000086f   Thumb Code     0  libshutdown2.o(.ARM.Collect$$libshutdown$$00000004)
    __rt_lib_shutdown_user_alloc_1           0x0000086f   Thumb Code     0  libshutdown2.o(.ARM.Collect$$libshutdown$$0000000C)
    __rt_entry                               0x00000871   Thumb Code     0  __rtentry.o(.ARM.Collect$$rtentry$$00000000)
    __rt_entry_presh_1                       0x00000871   Thumb Code     0  __rtentry2.o(.ARM.Collect$$rtentry$$00000002)
    __rt_entry_sh                            0x00000871   Thumb Code     0  __rtentry5.o(.ARM.Collect$$rtentry$$00000005)
    __rt_entry_li                            0x00000875   Thumb Code     0  __rtentry2.o(.ARM.Collect$$rtentry$$0000000A)
    __rt_entry_postsh_1                      0x00000875   Thumb Code     0  __rtentry2.o(.ARM.Collect$$rtentry$$00000009)
    __rt_entry_main                          0x00000879   Thumb Code     0  __rtentry2.o(.ARM.Collect$$rtentry$$0000000D)
    __rt_entry_postli_1                      0x00000879   Thumb Code     0  __rtentry2.o(.ARM.Collect$$rtentry$$0000000C)
    __rt_exit                                0x00000885   Thumb Code     0  rtexit.o(.ARM.Collect$$rtexit$$00000000)
    __rt_exit_ls                             0x00000887   Thumb Code     0  rtexit2.o(.ARM.Collect$$rtexit$$00000003)
    __rt_exit_prels_1                        0x00000887   Thumb Code     0  rtexit2.o(.ARM.Collect$$rtexit$$00000002)
    __rt_exit_exit                           0x0000088b   Thumb Code     0  rtexit2.o(.ARM.Collect$$rtexit$$00000004)
    Reset_Handler                            0x00000891   Thumb Code    14  startup_armcm33.o(.text)
    HardFault_Handler                        0x0000089f   Thumb Code     2  startup_armcm33.o(.text)
    NMI_Handler                              0x000008a1   Thumb Code     2  startup_armcm33.o(.text)
    MemManage_Handler                        0x000008a3   Thumb Code     2  startup_armcm33.o(.text)
    BusFault_Handler                         0x000008a5   Thumb Code     2  startup_armcm33.o(.text)
    UsageFault_Handler                       0x000008a7   Thumb Code     2  startup_armcm33.o(.text)
    SecureFault_Handler                      0x000008a9   Thumb Code     2  startup_armcm33.o(.text)
    SVC_Handler                              0x000008ab   Thumb Code     2  startup_armcm33.o(.text)
    DebugMon_Handler                         0x000008ad   Thumb Code     2  startup_armcm33.o(.text)
    SysTick_Handler                          0x000008b1   Thumb Code     2  startup_armcm33.o(.text)
    Interrupt0_Handler                       0x000008b3   Thumb Code     2  startup_armcm33.o(.text)
    Interrupt1_Handler                       0x000008b5   Thumb Code     2  startup_armcm33.o(.text)
    Interrupt2_Handler                       0x000008b7   Thumb Code     2  startup_armcm33.o(.text)
    Interrupt3_Handler                       0x000008b9   Thumb Code     2  startup_armcm33.o(.text)
    Interrupt4_Handler                       0x000008bb   Thumb Code     2  startup_armcm33.o(.text)
    Interrupt5_Handler                       0x000008bd   Thumb Code     2  startup_armcm33.o(.text)
    Interrupt6_Handler                       0x000008bf   Thumb Code     2  startup_armcm33.o(.text)
    Interrupt7_Handler                       0x000008c1   Thumb Code     2  startup_armcm33.o(.text)
    Interrupt8_Handler                       0x000008c3   Thumb Code     2  startup_armcm33.o(.text)
    Interrupt9_Handler                       0x000008c5   Thumb Code     2  startup_armcm33.o(.text)
    port_int_disable                         0x000008d5   Thumb Code     0  port_s.o(.text)
    port_int_enable                          0x000008d9   Thumb Code     0  port_s.o(.text)
    port_cpsr_save                           0x000008dd   Thumb Code     0  port_s.o(.text)
    port_cpsr_restore                        0x000008e5   Thumb Code     0  port_s.o(.text)
    port_clz                                 0x000008eb   Thumb Code     0  port_s.o(.text)
    port_sched_start                         0x000008f1   Thumb Code     0  port_s.o(.text)
    port_context_switch                      0x0000094b   Thumb Code     0  port_s.o(.text)
    port_irq_context_switch                  0x00000955   Thumb Code     0  port_s.o(.text)
    PendSV_Handler                           0x0000095f   Thumb Code     0  port_s.o(.text)
    __aeabi_uldivmod                         0x000009b5   Thumb Code     0  lludivv7m.o(.text)
    _ll_udiv                                 0x000009b5   Thumb Code   240  lludivv7m.o(.text)
    _printf_str                              0x00000aa5   Thumb Code    82  _printf_str.o(.text)
    _printf_int_dec                          0x00000af9   Thumb Code   104  _printf_dec.o(.text)
    _printf_hex_ptr                          0x00000b71   Thumb Code    78  _printf_hex_ptr.o(.text)
    _printf_longlong_hex                     0x00000b71   Thumb Code     0  _printf_hex_ptr.o(.text)
    puts                                     0x00000bc5   Thumb Code    40  puts.o(.text)
    __aeabi_memclr                           0x00000bf1   Thumb Code     0  rt_memclr.o(.text)
    __rt_memclr                              0x00000bf1   Thumb Code    68  rt_memclr.o(.text)
    _memset                                  0x00000bf5   Thumb Code     0  rt_memclr.o(.text)
    __aeabi_memclr4                          0x00000c35   Thumb Code     0  rt_memclr_w.o(.text)
    __aeabi_memclr8                          0x00000c35   Thumb Code     0  rt_memclr_w.o(.text)
    __rt_memclr_w                            0x00000c35   Thumb Code    78  rt_memclr_w.o(.text)
    _memset_w                                0x00000c39   Thumb Code     0  rt_memclr_w.o(.text)
    strncpy                                  0x00000c83   Thumb Code    86  strncpy.o(.text)
    __use_two_region_memory                  0x00000cd9   Thumb Code     2  heapauxi.o(.text)
    __rt_heap_escrow                         0x00000cdb   Thumb Code     2  heapauxi.o(.text)
    __rt_heap_expand                         0x00000cdd   Thumb Code     2  heapauxi.o(.text)
    _printf_int_common                       0x00000cdf   Thumb Code   178  _printf_intcommon.o(.text)
    _printf_cs_common                        0x00000d91   Thumb Code    20  _printf_char.o(.text)
    _printf_char                             0x00000da5   Thumb Code    16  _printf_char.o(.text)
    _printf_string                           0x00000db5   Thumb Code     8  _printf_char.o(.text)
    __flsbuf                                 0x00000dbd   Thumb Code   470  flsbuf.o(.text)
    __flsbuf_byte                            0x00000dbd   Thumb Code     0  flsbuf.o(.text)
    __flsbuf_wide                            0x00000dbd   Thumb Code     0  flsbuf.o(.text)
    _initio                                  0x00000f95   Thumb Code   210  initio.o(.text)
    _terminateio                             0x00001067   Thumb Code    56  initio.o(.text)
    _sys_open                                0x000010cd   Thumb Code    20  sys_io.o(.text)
    _sys_close                               0x000010e1   Thumb Code    12  sys_io.o(.text)
    _sys_write                               0x000010ed   Thumb Code    16  sys_io.o(.text)
    _sys_read                                0x000010fd   Thumb Code    14  sys_io.o(.text)
    _sys_istty                               0x0000110b   Thumb Code    12  sys_io.o(.text)
    _sys_seek                                0x00001117   Thumb Code    14  sys_io.o(.text)
    _sys_ensure                              0x00001125   Thumb Code     2  sys_io.o(.text)
    _sys_flen                                0x00001127   Thumb Code    12  sys_io.o(.text)
    malloc                                   0x00001133   Thumb Code    94  h1_alloc.o(.text)
    free                                     0x00001191   Thumb Code    78  h1_free.o(.text)
    setvbuf                                  0x000011df   Thumb Code    70  setvbuf.o(.text)
    _seterr                                  0x00001225   Thumb Code    20  stdio.o(.text)
    _writebuf                                0x00001239   Thumb Code    84  stdio.o(.text)
    _fflush                                  0x0000128d   Thumb Code    70  stdio.o(.text)
    _deferredlazyseek                        0x000012d3   Thumb Code    60  stdio.o(.text)
    freopen                                  0x00001315   Thumb Code   160  fopen.o(.text)
    fopen                                    0x000013b5   Thumb Code    74  fopen.o(.text)
    _fclose_internal                         0x00001405   Thumb Code    76  fclose.o(.text)
    fclose                                   0x00001405   Thumb Code     0  fclose.o(.text)
    exit                                     0x00001451   Thumb Code    18  exit.o(.text)
    __rt_SIGRTRED                            0x00001463   Thumb Code    14  defsig_rtred_outer.o(.text)
    __I$use$semihosting                      0x00001471   Thumb Code     0  use_no_semi.o(.text)
    __use_no_semihosting_swi                 0x00001471   Thumb Code     2  use_no_semi.o(.text)
    __semihosting_library_function           0x00001473   Thumb Code     0  indicate_semi.o(.text)
    __rt_heap_descriptor                     0x00001475   Thumb Code     8  rt_heap_descriptor_intlibspace.o(.text)
    __use_no_heap                            0x0000147d   Thumb Code     2  hguard.o(.text)
    __heap$guard                             0x0000147f   Thumb Code     2  hguard.o(.text)
    _terminate_user_alloc                    0x00001481   Thumb Code     2  init_alloc.o(.text)
    _init_user_alloc                         0x00001483   Thumb Code     2  init_alloc.o(.text)
    __Heap_Full                              0x00001485   Thumb Code    34  init_alloc.o(.text)
    __Heap_Broken                            0x000014a7   Thumb Code     6  init_alloc.o(.text)
    _init_alloc                              0x000014ad   Thumb Code    94  init_alloc.o(.text)
    __Heap_Initialize                        0x0000150b   Thumb Code    10  h1_init.o(.text)
    __Heap_DescSize                          0x00001515   Thumb Code     4  h1_init.o(.text)
    _fseek                                   0x00001519   Thumb Code   242  fseek.o(.text)
    fseek                                    0x00001519   Thumb Code     0  fseek.o(.text)
    __sig_exit                               0x00001611   Thumb Code    10  defsig_exit.o(.text)
    __rt_SIGRTRED_inner                      0x0000161d   Thumb Code    14  defsig_rtred_inner.o(.text)
    strlen                                   0x00001651   Thumb Code    62  strlen.o(.text)
    _sys_exit                                0x00001691   Thumb Code     8  sys_exit.o(.text)
    __Heap_ProvideMemory                     0x0000169d   Thumb Code    52  h1_extend.o(.text)
    _maybe_terminate_alloc                   0x0000169d   Thumb Code     0  maybetermalloc1.o(.text)
    _ftell_internal                          0x000016d1   Thumb Code    66  ftell.o(.text)
    ftell                                    0x000016d1   Thumb Code     0  ftell.o(.text)
    __default_signal_display                 0x00001713   Thumb Code    50  defsig_general.o(.text)
    __rt_SIGRTMEM                            0x00001745   Thumb Code    14  defsig_rtmem_outer.o(.text)
    _ttywrch                                 0x00001753   Thumb Code    14  sys_wrch.o(.text)
    __aeabi_errno_addr                       0x00001761   Thumb Code     8  rt_errno_addr_intlibspace.o(.text)
    __errno$intlibspace                      0x00001761   Thumb Code     0  rt_errno_addr_intlibspace.o(.text)
    __rt_errno_addr$intlibspace              0x00001761   Thumb Code     0  rt_errno_addr_intlibspace.o(.text)
    __rt_SIGRTMEM_inner                      0x00001769   Thumb Code    22  defsig_rtmem_inner.o(.text)
    SystemInit                               0x000017b9   Thumb Code    44  system_armcm33.o(.text.SystemInit)
    application_entry                        0x000017f1   Thumb Code    96  hello_world.o(.text.application_entry)
    cpu_context_switch                       0x00001927   Thumb Code     4  tos_cpu.o(.text.cpu_context_switch)
    cpu_init                                 0x0000192d   Thumb Code    40  tos_cpu.o(.text.cpu_init)
    cpu_sched_start                          0x00001955   Thumb Code     4  tos_cpu.o(.text.cpu_sched_start)
    cpu_systick_init                         0x00001959   Thumb Code    20  tos_cpu.o(.text.cpu_systick_init)
    cpu_task_stk_init                        0x0000196d   Thumb Code   122  tos_cpu.o(.text.cpu_task_stk_init)
    knl_idle_init                            0x000019f9   Thumb Code    64  tos_sys.o(.text.knl_idle_init)
    knl_is_idle                              0x00001a39   Thumb Code    16  tos_sys.o(.text.knl_is_idle)
    knl_is_inirq                             0x00001a49   Thumb Code    12  tos_sys.o(.text.knl_is_inirq)
    knl_is_sched_locked                      0x00001a55   Thumb Code    12  tos_sys.o(.text.knl_is_sched_locked)
    knl_is_self                              0x00001a61   Thumb Code    16  tos_sys.o(.text.knl_is_self)
    knl_sched                                0x00001a71   Thumb Code    76  tos_sys.o(.text.knl_sched)
    main                                     0x00001abd   Thumb Code   112  main.o(.text.main)
    mmheap_init_with_pool                    0x00001ba1   Thumb Code    22  tos_mmheap.o(.text.mmheap_init_with_pool)
    mutex_release                            0x00001c21   Thumb Code    20  tos_mutex.o(.text.mutex_release)
    pend_highest_pending_prio_get            0x00001c35   Thumb Code    14  tos_pend.o(.text.pend_highest_pending_prio_get)
    pend_list_adjust                         0x00001c75   Thumb Code    14  tos_pend.o(.text.pend_list_adjust)
    pend_list_remove                         0x00001c83   Thumb Code    26  tos_pend.o(.text.pend_list_remove)
    pend_task_wakeup                         0x00001c9d   Thumb Code    56  tos_pend.o(.text.pend_task_wakeup)
    pend_wakeup_all                          0x00001cd5   Thumb Code    28  tos_pend.o(.text.pend_wakeup_all)
    port_systick_config                      0x00001cf1   Thumb Code    32  port_c.o(.text.port_systick_config)
    port_systick_priority_set                0x00001d11   Thumb Code    12  port_c.o(.text.port_systick_priority_set)
    readyqueue_add                           0x00001d1d   Thumb Code    28  tos_sched.o(.text.readyqueue_add)
    readyqueue_add_head                      0x00001d39   Thumb Code    40  tos_sched.o(.text.readyqueue_add_head)
    readyqueue_add_tail                      0x00001d61   Thumb Code    40  tos_sched.o(.text.readyqueue_add_tail)
    readyqueue_highest_ready_task_get        0x00001d89   Thumb Code    16  tos_sched.o(.text.readyqueue_highest_ready_task_get)
    readyqueue_init                          0x00001d99   Thumb Code    32  tos_sched.o(.text.readyqueue_init)
    readyqueue_remove                        0x00001de1   Thumb Code   100  tos_sched.o(.text.readyqueue_remove)
    task1_entry                              0x00001e95   Thumb Code    36  hello_world.o(.text.task1_entry)
    task2_entry                              0x00001eb9   Thumb Code    36  hello_world.o(.text.task2_entry)
    task_free_all                            0x00001f71   Thumb Code    48  tos_task.o(.text.task_free_all)
    tick_list_add                            0x00001fe5   Thumb Code   172  tos_tick.o(.text.tick_list_add)
    tick_list_remove                         0x00002091   Thumb Code   120  tos_tick.o(.text.tick_list_remove)
    tos_cpu_clz                              0x00002109   Thumb Code     4  tos_cpu.o(.text.tos_cpu_clz)
    tos_cpu_cpsr_restore                     0x0000210d   Thumb Code     4  tos_cpu.o(.text.tos_cpu_cpsr_restore)
    tos_cpu_cpsr_save                        0x00002111   Thumb Code     4  tos_cpu.o(.text.tos_cpu_cpsr_save)
    tos_knl_init                             0x00002115   Thumb Code    36  tos_sys.o(.text.tos_knl_init)
    tos_knl_is_running                       0x00002139   Thumb Code    16  tos_sys.o(.text.tos_knl_is_running)
    tos_knl_sched_lock                       0x00002149   Thumb Code    60  tos_sys.o(.text.tos_knl_sched_lock)
    tos_knl_sched_unlock                     0x00002185   Thumb Code    72  tos_sys.o(.text.tos_knl_sched_unlock)
    tos_knl_start                            0x000021cd   Thumb Code    48  tos_sys.o(.text.tos_knl_start)
    tos_mmheap_free                          0x000021fd   Thumb Code    58  tos_mmheap.o(.text.tos_mmheap_free)
    tos_mmheap_pool_add                      0x00002239   Thumb Code   128  tos_mmheap.o(.text.tos_mmheap_pool_add)
    tos_task_create                          0x000022b9   Thumb Code   228  tos_task.o(.text.tos_task_create)
    tos_task_delay                           0x0000239d   Thumb Code    92  tos_task.o(.text.tos_task_delay)
    tos_task_destroy                         0x000023f9   Thumb Code   156  tos_task.o(.text.tos_task_destroy)
    tos_task_prio_change                     0x00002495   Thumb Code   208  tos_task.o(.text.tos_task_prio_change)
    tos_task_yield                           0x00002565   Thumb Code    48  tos_task.o(.text.tos_task_yield)
    fputc                                    0x00002595   Thumb Code    26  fputc.o(i.fputc)
    _fp_init                                 0x000025af   Thumb Code    26  fpinit.o(x$fpl$fpinit)
    __fplib_config_fpu_vfp                   0x000025c7   Thumb Code     0  fpinit.o(x$fpl$fpinit)
    __fplib_config_pureend_doubles           0x000025c7   Thumb Code     0  fpinit.o(x$fpl$fpinit)
    __stdin_name                             0x000025f0   Data           4  sys_io_names.o(.constdata)
    __stdout_name                            0x000025f4   Data           4  sys_io_names.o(.constdata)
    __stderr_name                            0x000025f8   Data           4  sys_io_names.o(.constdata)
    k_idle_task_stk_addr                     0x000025fc   Data           4  tos_global.o(.rodata.k_idle_task_stk_addr)
    k_idle_task_stk_size                     0x00002600   Data           4  tos_global.o(.rodata.k_idle_task_stk_size)
    Region$$Table$$Base                      0x00002604   Number         0  anon$$obj.o(Region$$Table)
    Region$$Table$$Limit                     0x00002624   Number         0  anon$$obj.o(Region$$Table)
    __aeabi_stdin                            0x20000000   Data           4  stdio_streams.o(.data)
    __aeabi_stdout                           0x20000004   Data           4  stdio_streams.o(.data)
    __aeabi_stderr                           0x20000008   Data           4  stdio_streams.o(.data)
    SystemCoreClock                          0x2000000c   Data           4  system_armcm33.o(.data.SystemCoreClock)
    k_cpu_tick_per_second                    0x20000010   Data           8  tos_global.o(.data.k_cpu_tick_per_second)
    k_dead_task_list                         0x20000018   Data           8  tos_global.o(.data.k_dead_task_list)
    k_stat_list                              0x20000020   Data           8  tos_global.o(.data.k_stat_list)
    k_tick_list                              0x20000028   Data           8  tos_global.o(.data.k_tick_list)
    __stdin                                  0x20000030   Data          84  stdio_streams.o(.bss)
    __stdout                                 0x20000084   Data          84  stdio_streams.o(.bss)
    __stderr                                 0x200000d8   Data          84  stdio_streams.o(.bss)
    __libspace_start                         0x2000012c   Data          96  libspace.o(.bss)
    __temporary_stack_top$libspace           0x2000018c   Data           0  libspace.o(.bss)
    application_task                         0x20000190   Data         136  main.o(.bss.application_task)
    application_task_stk                     0x20000218   Data        4096  main.o(.bss.application_task_stk)
    k_cpu_cycle_per_tick                     0x20001218   Data           4  tos_global.o(.bss.k_cpu_cycle_per_tick)
    k_curr_task                              0x2000121c   Data           4  tos_global.o(.bss.k_curr_task)
    k_idle_task                              0x20001220   Data         136  tos_global.o(.bss.k_idle_task)
    k_idle_task_stk                          0x200012a8   Data         512  tos_global.o(.bss.k_idle_task_stk)
    k_irq_nest_cnt                           0x200014a8   Data           1  tos_global.o(.bss.k_irq_nest_cnt)
    k_knl_state                              0x200014a9   Data           1  tos_global.o(.bss.k_knl_state)
    k_mmheap_ctl                             0x200014ac   Data        3204  tos_global.o(.bss.k_mmheap_ctl)
    k_mmheap_default_pool                    0x20002130   Data        1024  tos_global.o(.bss.k_mmheap_default_pool)
    k_next_task                              0x20002530   Data           4  tos_global.o(.bss.k_next_task)
    k_rdyq                                   0x20002534   Data          88  tos_global.o(.bss.k_rdyq)
    k_sched_lock_nest_cnt                    0x2000258c   Data           1  tos_global.o(.bss.k_sched_lock_nest_cnt)
    task1                                    0x20002590   Data         136  hello_world.o(.bss.task1)
    task1_stk                                0x20002618   Data        1024  hello_world.o(.bss.task1_stk)
    task2                                    0x20002a18   Data         136  hello_world.o(.bss.task2)
    task2_stk                                0x20002aa0   Data        1024  hello_world.o(.bss.task2_stk)
    __heap_base                              0x20002ea0   Data           0  startup_armcm33.o(HEAP)
    __heap_limit                             0x20003aa0   Data           0  startup_armcm33.o(HEAP)
    __stack_limit                            0x20003aa0   Data           0  startup_armcm33.o(STACK)
    __initial_sp                             0x20003ea0   Data           0  startup_armcm33.o(STACK)



==============================================================================

Memory Map of the image

  Image Entry point : 0x000007c1

  Load Region LR_IROM1 (Base: 0x00000000, Size: 0x00002658, Max: 0x00200000, ABSOLUTE)

    Execution Region ER_IROM1 (Exec base: 0x00000000, Load base: 0x00000000, Size: 0x00002624, Max: 0x00200000, ABSOLUTE)

    Exec Addr    Load Addr    Size         Type   Attr      Idx    E Section Name        Object

    0x00000000   0x00000000   0x000007c0   Data   RO            3    RESET               startup_armcm33.o
    0x000007c0   0x000007c0   0x00000008   Code   RO          916  * !!!main             c_w.l(__main.o)
    0x000007c8   0x000007c8   0x00000034   Code   RO         1296    !!!scatter          c_w.l(__scatter.o)
    0x000007fc   0x000007fc   0x0000001a   Code   RO         1298    !!handler_copy      c_w.l(__scatter_copy.o)
    0x00000816   0x00000816   0x00000002   PAD
    0x00000818   0x00000818   0x0000001c   Code   RO         1300    !!handler_zi        c_w.l(__scatter_zi.o)
    0x00000834   0x00000834   0x00000000   Code   RO          901    .ARM.Collect$$_printf_percent$$00000000  c_w.l(_printf_percent.o)
    0x00000834   0x00000834   0x00000006   Code   RO          899    .ARM.Collect$$_printf_percent$$00000002  c_w.l(_printf_p.o)
    0x0000083a   0x0000083a   0x00000006   Code   RO          900    .ARM.Collect$$_printf_percent$$00000009  c_w.l(_printf_d.o)
    0x00000840   0x00000840   0x00000006   Code   RO          898    .ARM.Collect$$_printf_percent$$00000014  c_w.l(_printf_s.o)
    0x00000846   0x00000846   0x00000004   Code   RO          929    .ARM.Collect$$_printf_percent$$00000017  c_w.l(_printf_percent_end.o)
    0x0000084a   0x0000084a   0x00000002   Code   RO         1093    .ARM.Collect$$libinit$$00000000  c_w.l(libinit.o)
    0x0000084c   0x0000084c   0x00000004   Code   RO         1094    .ARM.Collect$$libinit$$00000001  c_w.l(libinit2.o)
    0x00000850   0x00000850   0x00000000   Code   RO         1097    .ARM.Collect$$libinit$$00000004  c_w.l(libinit2.o)
    0x00000850   0x00000850   0x00000008   Code   RO         1214    .ARM.Collect$$libinit$$00000006  c_w.l(libinit3.o)
    0x00000858   0x00000858   0x00000000   Code   RO         1100    .ARM.Collect$$libinit$$0000000A  c_w.l(libinit2.o)
    0x00000858   0x00000858   0x00000000   Code   RO         1102    .ARM.Collect$$libinit$$0000000C  c_w.l(libinit2.o)
    0x00000858   0x00000858   0x00000000   Code   RO         1104    .ARM.Collect$$libinit$$0000000E  c_w.l(libinit2.o)
    0x00000858   0x00000858   0x00000000   Code   RO         1107    .ARM.Collect$$libinit$$00000011  c_w.l(libinit2.o)
    0x00000858   0x00000858   0x00000000   Code   RO         1109    .ARM.Collect$$libinit$$00000013  c_w.l(libinit2.o)
    0x00000858   0x00000858   0x00000000   Code   RO         1111    .ARM.Collect$$libinit$$00000015  c_w.l(libinit2.o)
    0x00000858   0x00000858   0x00000000   Code   RO         1113    .ARM.Collect$$libinit$$00000017  c_w.l(libinit2.o)
    0x00000858   0x00000858   0x00000000   Code   RO         1115    .ARM.Collect$$libinit$$00000019  c_w.l(libinit2.o)
    0x00000858   0x00000858   0x00000000   Code   RO         1117    .ARM.Collect$$libinit$$0000001B  c_w.l(libinit2.o)
    0x00000858   0x00000858   0x00000000   Code   RO         1119    .ARM.Collect$$libinit$$0000001D  c_w.l(libinit2.o)
    0x00000858   0x00000858   0x00000000   Code   RO         1121    .ARM.Collect$$libinit$$0000001F  c_w.l(libinit2.o)
    0x00000858   0x00000858   0x00000000   Code   RO         1123    .ARM.Collect$$libinit$$00000021  c_w.l(libinit2.o)
    0x00000858   0x00000858   0x00000000   Code   RO         1125    .ARM.Collect$$libinit$$00000023  c_w.l(libinit2.o)
    0x00000858   0x00000858   0x00000004   Code   RO         1126    .ARM.Collect$$libinit$$00000024  c_w.l(libinit2.o)
    0x0000085c   0x0000085c   0x00000000   Code   RO         1127    .ARM.Collect$$libinit$$00000025  c_w.l(libinit2.o)
    0x0000085c   0x0000085c   0x00000000   Code   RO         1131    .ARM.Collect$$libinit$$0000002C  c_w.l(libinit2.o)
    0x0000085c   0x0000085c   0x00000000   Code   RO         1133    .ARM.Collect$$libinit$$0000002E  c_w.l(libinit2.o)
    0x0000085c   0x0000085c   0x00000000   Code   RO         1135    .ARM.Collect$$libinit$$00000030  c_w.l(libinit2.o)
    0x0000085c   0x0000085c   0x00000000   Code   RO         1137    .ARM.Collect$$libinit$$00000032  c_w.l(libinit2.o)
    0x0000085c   0x0000085c   0x00000002   Code   RO         1138    .ARM.Collect$$libinit$$00000033  c_w.l(libinit2.o)
    0x0000085e   0x0000085e   0x00000002   PAD
    0x00000860   0x00000860   0x00000008   Code   RO         1215    .ARM.Collect$$libinit$$00002717  c_w.l(libinit3.o)
    0x00000868   0x00000868   0x00000002   Code   RO         1277    .ARM.Collect$$libshutdown$$00000000  c_w.l(libshutdown.o)
    0x0000086a   0x0000086a   0x00000000   Code   RO         1140    .ARM.Collect$$libshutdown$$00000002  c_w.l(libshutdown2.o)
    0x0000086a   0x0000086a   0x00000004   Code   RO         1141    .ARM.Collect$$libshutdown$$00000003  c_w.l(libshutdown2.o)
    0x0000086e   0x0000086e   0x00000000   Code   RO         1142    .ARM.Collect$$libshutdown$$00000004  c_w.l(libshutdown2.o)
    0x0000086e   0x0000086e   0x00000000   Code   RO         1145    .ARM.Collect$$libshutdown$$00000007  c_w.l(libshutdown2.o)
    0x0000086e   0x0000086e   0x00000000   Code   RO         1148    .ARM.Collect$$libshutdown$$0000000A  c_w.l(libshutdown2.o)
    0x0000086e   0x0000086e   0x00000000   Code   RO         1150    .ARM.Collect$$libshutdown$$0000000C  c_w.l(libshutdown2.o)
    0x0000086e   0x0000086e   0x00000000   Code   RO         1153    .ARM.Collect$$libshutdown$$0000000F  c_w.l(libshutdown2.o)
    0x0000086e   0x0000086e   0x00000002   Code   RO         1154    .ARM.Collect$$libshutdown$$00000010  c_w.l(libshutdown2.o)
    0x00000870   0x00000870   0x00000000   Code   RO          918    .ARM.Collect$$rtentry$$00000000  c_w.l(__rtentry.o)
    0x00000870   0x00000870   0x00000000   Code   RO          945    .ARM.Collect$$rtentry$$00000002  c_w.l(__rtentry2.o)
    0x00000870   0x00000870   0x00000004   Code   RO          959    .ARM.Collect$$rtentry$$00000005  c_w.l(__rtentry5.o)
    0x00000874   0x00000874   0x00000000   Code   RO          947    .ARM.Collect$$rtentry$$00000009  c_w.l(__rtentry2.o)
    0x00000874   0x00000874   0x00000004   Code   RO          948    .ARM.Collect$$rtentry$$0000000A  c_w.l(__rtentry2.o)
    0x00000878   0x00000878   0x00000000   Code   RO          950    .ARM.Collect$$rtentry$$0000000C  c_w.l(__rtentry2.o)
    0x00000878   0x00000878   0x00000008   Code   RO          951    .ARM.Collect$$rtentry$$0000000D  c_w.l(__rtentry2.o)
    0x00000880   0x00000880   0x00000004   Code   RO          960    .ARM.Collect$$rtentry$$00002716  c_w.l(__rtentry5.o)
    0x00000884   0x00000884   0x00000002   Code   RO         1165    .ARM.Collect$$rtexit$$00000000  c_w.l(rtexit.o)
    0x00000886   0x00000886   0x00000000   Code   RO         1229    .ARM.Collect$$rtexit$$00000002  c_w.l(rtexit2.o)
    0x00000886   0x00000886   0x00000004   Code   RO         1230    .ARM.Collect$$rtexit$$00000003  c_w.l(rtexit2.o)
    0x0000088a   0x0000088a   0x00000006   Code   RO         1231    .ARM.Collect$$rtexit$$00000004  c_w.l(rtexit2.o)
    0x00000890   0x00000890   0x00000044   Code   RO            4    .text               startup_armcm33.o
    0x000008d4   0x000008d4   0x000000e0   Code   RO           73    .text               port_s.o
    0x000009b4   0x000009b4   0x000000f0   Code   RO          845    .text               c_w.l(lludivv7m.o)
    0x00000aa4   0x00000aa4   0x00000052   Code   RO          853    .text               c_w.l(_printf_str.o)
    0x00000af6   0x00000af6   0x00000002   PAD
    0x00000af8   0x00000af8   0x00000078   Code   RO          855    .text               c_w.l(_printf_dec.o)
    0x00000b70   0x00000b70   0x00000054   Code   RO          866    .text               c_w.l(_printf_hex_ptr.o)
    0x00000bc4   0x00000bc4   0x0000002c   Code   RO          904    .text               c_w.l(puts.o)
    0x00000bf0   0x00000bf0   0x00000044   Code   RO          908    .text               c_w.l(rt_memclr.o)
    0x00000c34   0x00000c34   0x0000004e   Code   RO          910    .text               c_w.l(rt_memclr_w.o)
    0x00000c82   0x00000c82   0x00000056   Code   RO          912    .text               c_w.l(strncpy.o)
    0x00000cd8   0x00000cd8   0x00000006   Code   RO          914    .text               c_w.l(heapauxi.o)
    0x00000cde   0x00000cde   0x000000b2   Code   RO          923    .text               c_w.l(_printf_intcommon.o)
    0x00000d90   0x00000d90   0x0000002c   Code   RO          925    .text               c_w.l(_printf_char.o)
    0x00000dbc   0x00000dbc   0x000001d6   Code   RO          970    .text               c_w.l(flsbuf.o)
    0x00000f92   0x00000f92   0x00000002   PAD
    0x00000f94   0x00000f94   0x00000138   Code   RO          972    .text               c_w.l(initio.o)
    0x000010cc   0x000010cc   0x00000066   Code   RO          980    .text               c_w.l(sys_io.o)
    0x00001132   0x00001132   0x0000005e   Code   RO          995    .text               c_w.l(h1_alloc.o)
    0x00001190   0x00001190   0x0000004e   Code   RO          997    .text               c_w.l(h1_free.o)
    0x000011de   0x000011de   0x00000046   Code   RO         1057    .text               c_w.l(setvbuf.o)
    0x00001224   0x00001224   0x000000f0   Code   RO         1059    .text               c_w.l(stdio.o)
    0x00001314   0x00001314   0x000000f0   Code   RO         1064    .text               c_w.l(fopen.o)
    0x00001404   0x00001404   0x0000004c   Code   RO         1066    .text               c_w.l(fclose.o)
    0x00001450   0x00001450   0x00000012   Code   RO         1076    .text               c_w.l(exit.o)
    0x00001462   0x00001462   0x0000000e   Code   RO         1082    .text               c_w.l(defsig_rtred_outer.o)
    0x00001470   0x00001470   0x00000002   Code   RO         1158    .text               c_w.l(use_no_semi.o)
    0x00001472   0x00001472   0x00000000   Code   RO         1160    .text               c_w.l(indicate_semi.o)
    0x00001472   0x00001472   0x00000002   PAD
    0x00001474   0x00001474   0x00000008   Code   RO         1172    .text               c_w.l(rt_heap_descriptor_intlibspace.o)
    0x0000147c   0x0000147c   0x00000004   Code   RO         1174    .text               c_w.l(hguard.o)
    0x00001480   0x00001480   0x0000008a   Code   RO         1176    .text               c_w.l(init_alloc.o)
    0x0000150a   0x0000150a   0x0000000e   Code   RO         1180    .text               c_w.l(h1_init.o)
    0x00001518   0x00001518   0x000000f8   Code   RO         1196    .text               c_w.l(fseek.o)
    0x00001610   0x00001610   0x0000000a   Code   RO         1202    .text               c_w.l(defsig_exit.o)
    0x0000161a   0x0000161a   0x00000002   PAD
    0x0000161c   0x0000161c   0x00000034   Code   RO         1206    .text               c_w.l(defsig_rtred_inner.o)
    0x00001650   0x00001650   0x0000003e   Code   RO         1208    .text               c_w.l(strlen.o)
    0x0000168e   0x0000168e   0x00000002   PAD
    0x00001690   0x00001690   0x0000000c   Code   RO         1222    .text               c_w.l(sys_exit.o)
    0x0000169c   0x0000169c   0x00000000   Code   RO         1237    .text               c_w.l(maybetermalloc1.o)
    0x0000169c   0x0000169c   0x00000034   Code   RO         1239    .text               c_w.l(h1_extend.o)
    0x000016d0   0x000016d0   0x00000042   Code   RO         1243    .text               c_w.l(ftell.o)
    0x00001712   0x00001712   0x00000032   Code   RO         1247    .text               c_w.l(defsig_general.o)
    0x00001744   0x00001744   0x0000000e   Code   RO         1249    .text               c_w.l(defsig_rtmem_outer.o)
    0x00001752   0x00001752   0x0000000e   Code   RO         1260    .text               c_w.l(sys_wrch.o)
    0x00001760   0x00001760   0x00000008   Code   RO         1267    .text               c_w.l(rt_errno_addr_intlibspace.o)
    0x00001768   0x00001768   0x00000050   Code   RO         1271    .text               c_w.l(defsig_rtmem_inner.o)
    0x000017b8   0x000017b8   0x0000002c   Code   RO           13    .text.SystemInit    system_armcm33.o
    0x000017e4   0x000017e4   0x0000000a   Code   RO          327    .text.__fls         tos_mmheap.o
    0x000017ee   0x000017ee   0x00000002   PAD
    0x000017f0   0x000017f0   0x00000060   Code   RO          819    .text.application_entry  hello_world.o
    0x00001850   0x00001850   0x0000001a   Code   RO          337    .text.blk_absorb    tos_mmheap.o
    0x0000186a   0x0000186a   0x00000002   PAD
    0x0000186c   0x0000186c   0x00000050   Code   RO          309    .text.blk_insert    tos_mmheap.o
    0x000018bc   0x000018bc   0x0000001e   Code   RO          305    .text.blk_mark_as_free  tos_mmheap.o
    0x000018da   0x000018da   0x0000002a   Code   RO          307    .text.blk_merge_next  tos_mmheap.o
    0x00001904   0x00001904   0x00000022   Code   RO          335    .text.blk_remove    tos_mmheap.o
    0x00001926   0x00001926   0x00000004   Code   RO           41    .text.cpu_context_switch  tos_cpu.o
    0x0000192a   0x0000192a   0x00000002   PAD
    0x0000192c   0x0000192c   0x00000028   Code   RO           33    .text.cpu_init      tos_cpu.o
    0x00001954   0x00001954   0x00000004   Code   RO           39    .text.cpu_sched_start  tos_cpu.o
    0x00001958   0x00001958   0x00000014   Code   RO           35    .text.cpu_systick_init  tos_cpu.o
    0x0000196c   0x0000196c   0x0000007a   Code   RO           45    .text.cpu_task_stk_init  tos_cpu.o
    0x000019e6   0x000019e6   0x0000000c   Code   RO          329    .text.generic_fls   tos_mmheap.o
    0x000019f2   0x000019f2   0x00000006   Code   RO          659    .text.knl_idle_entry  tos_sys.o
    0x000019f8   0x000019f8   0x00000040   Code   RO          635    .text.knl_idle_init  tos_sys.o
    0x00001a38   0x00001a38   0x00000010   Code   RO          657    .text.knl_is_idle   tos_sys.o
    0x00001a48   0x00001a48   0x0000000c   Code   RO          643    .text.knl_is_inirq  tos_sys.o
    0x00001a54   0x00001a54   0x0000000c   Code   RO          645    .text.knl_is_sched_locked  tos_sys.o
    0x00001a60   0x00001a60   0x00000010   Code   RO          647    .text.knl_is_self   tos_sys.o
    0x00001a70   0x00001a70   0x0000004c   Code   RO          653    .text.knl_sched     tos_sys.o
    0x00001abc   0x00001abc   0x00000070   Code   RO          833    .text.main          main.o
    0x00001b2c   0x00001b2c   0x0000002a   Code   RO          319    .text.mapping_insert  tos_mmheap.o
    0x00001b56   0x00001b56   0x00000002   PAD
    0x00001b58   0x00001b58   0x00000048   Code   RO          285    .text.mmheap_ctl_init  tos_mmheap.o
    0x00001ba0   0x00001ba0   0x00000016   Code   RO          287    .text.mmheap_init_with_pool  tos_mmheap.o
    0x00001bb6   0x00001bb6   0x00000002   PAD
    0x00001bb8   0x00001bb8   0x00000028   Code   RO          315    .text.mmheap_pool_is_exist  tos_mmheap.o
    0x00001be0   0x00001be0   0x00000040   Code   RO          349    .text.mutex_old_owner_release  tos_mutex.o
    0x00001c20   0x00001c20   0x00000014   Code   RO          347    .text.mutex_release  tos_mutex.o
    0x00001c34   0x00001c34   0x0000000e   Code   RO          373    .text.pend_highest_pending_prio_get  tos_pend.o
    0x00001c42   0x00001c42   0x00000032   Code   RO          387    .text.pend_list_add  tos_pend.o
    0x00001c74   0x00001c74   0x0000000e   Code   RO          385    .text.pend_list_adjust  tos_pend.o
    0x00001c82   0x00001c82   0x0000001a   Code   RO          377    .text.pend_list_remove  tos_pend.o
    0x00001c9c   0x00001c9c   0x00000038   Code   RO          391    .text.pend_task_wakeup  tos_pend.o
    0x00001cd4   0x00001cd4   0x0000001c   Code   RO          397    .text.pend_wakeup_all  tos_pend.o
    0x00001cf0   0x00001cf0   0x00000020   Code   RO           62    .text.port_systick_config  port_c.o
    0x00001d10   0x00001d10   0x0000000c   Code   RO           64    .text.port_systick_priority_set  port_c.o
    0x00001d1c   0x00001d1c   0x0000001c   Code   RO          567    .text.readyqueue_add  tos_sched.o
    0x00001d38   0x00001d38   0x00000028   Code   RO          561    .text.readyqueue_add_head  tos_sched.o
    0x00001d60   0x00001d60   0x00000028   Code   RO          565    .text.readyqueue_add_tail  tos_sched.o
    0x00001d88   0x00001d88   0x00000010   Code   RO          557    .text.readyqueue_highest_ready_task_get  tos_sched.o
    0x00001d98   0x00001d98   0x00000020   Code   RO          559    .text.readyqueue_init  tos_sched.o
    0x00001db8   0x00001db8   0x00000028   Code   RO          563    .text.readyqueue_prio_mark  tos_sched.o
    0x00001de0   0x00001de0   0x00000064   Code   RO          569    .text.readyqueue_remove  tos_sched.o
    0x00001e44   0x00001e44   0x00000050   Code   RO          321    .text.remove_free_block  tos_mmheap.o
    0x00001e94   0x00001e94   0x00000024   Code   RO          815    .text.task1_entry   hello_world.o
    0x00001eb8   0x00001eb8   0x00000024   Code   RO          817    .text.task2_entry   hello_world.o
    0x00001edc   0x00001edc   0x0000007a   Code   RO          705    .text.task_do_destroy  tos_task.o
    0x00001f56   0x00001f56   0x00000006   Code   RO          673    .text.task_exit     tos_task.o
    0x00001f5c   0x00001f5c   0x00000014   Code   RO          677    .text.task_free     tos_task.o
    0x00001f70   0x00001f70   0x00000030   Code   RO          675    .text.task_free_all  tos_task.o
    0x00001fa0   0x00001fa0   0x00000042   Code   RO          671    .text.task_reset    tos_task.o
    0x00001fe2   0x00001fe2   0x00000002   PAD
    0x00001fe4   0x00001fe4   0x000000ac   Code   RO          716    .text.tick_list_add  tos_tick.o
    0x00002090   0x00002090   0x00000078   Code   RO          718    .text.tick_list_remove  tos_tick.o
    0x00002108   0x00002108   0x00000004   Code   RO           23    .text.tos_cpu_clz   tos_cpu.o
    0x0000210c   0x0000210c   0x00000004   Code   RO           31    .text.tos_cpu_cpsr_restore  tos_cpu.o
    0x00002110   0x00002110   0x00000004   Code   RO           29    .text.tos_cpu_cpsr_save  tos_cpu.o
    0x00002114   0x00002114   0x00000024   Code   RO          633    .text.tos_knl_init  tos_sys.o
    0x00002138   0x00002138   0x00000010   Code   RO          639    .text.tos_knl_is_running  tos_sys.o
    0x00002148   0x00002148   0x0000003c   Code   RO          649    .text.tos_knl_sched_lock  tos_sys.o
    0x00002184   0x00002184   0x00000048   Code   RO          651    .text.tos_knl_sched_unlock  tos_sys.o
    0x000021cc   0x000021cc   0x00000030   Code   RO          655    .text.tos_knl_start  tos_sys.o
    0x000021fc   0x000021fc   0x0000003a   Code   RO          303    .text.tos_mmheap_free  tos_mmheap.o
    0x00002236   0x00002236   0x00000002   PAD
    0x00002238   0x00002238   0x00000080   Code   RO          289    .text.tos_mmheap_pool_add  tos_mmheap.o
    0x000022b8   0x000022b8   0x000000e4   Code   RO          669    .text.tos_task_create  tos_task.o
    0x0000239c   0x0000239c   0x0000005c   Code   RO          691    .text.tos_task_delay  tos_task.o
    0x000023f8   0x000023f8   0x0000009c   Code   RO          681    .text.tos_task_destroy  tos_task.o
    0x00002494   0x00002494   0x000000d0   Code   RO          685    .text.tos_task_prio_change  tos_task.o
    0x00002564   0x00002564   0x00000030   Code   RO          683    .text.tos_task_yield  tos_task.o
    0x00002594   0x00002594   0x0000001a   Code   RO          931    i.fputc             c_w.l(fputc.o)
    0x000025ae   0x000025ae   0x0000001a   Code   RO         1218    x$fpl$fpinit        fz_wm.l(fpinit.o)
    0x000025c8   0x000025c8   0x00000028   Data   RO          867    .constdata          c_w.l(_printf_hex_ptr.o)
    0x000025f0   0x000025f0   0x00000004   Data   RO          982    .constdata          c_w.l(sys_io_names.o)
    0x000025f4   0x000025f4   0x00000004   Data   RO          983    .constdata          c_w.l(sys_io_names.o)
    0x000025f8   0x000025f8   0x00000004   Data   RO          984    .constdata          c_w.l(sys_io_names.o)
    0x000025fc   0x000025fc   0x00000004   Data   RO          191    .rodata.k_idle_task_stk_addr  tos_global.o
    0x00002600   0x00002600   0x00000004   Data   RO          192    .rodata.k_idle_task_stk_size  tos_global.o
    0x00002604   0x00002604   0x00000020   Data   RO         1295    Region$$Table       anon$$obj.o


    Execution Region RW_IRAM1 (Exec base: 0x20000000, Load base: 0x00002628, Size: 0x00003ea0, Max: 0x00020000, ABSOLUTE)

    Exec Addr    Load Addr    Size         Type   Attr      Idx    E Section Name        Object

    0x20000000   0x00002628   0x00000004   Data   RW          937    .data               c_w.l(stdio_streams.o)
    0x20000004   0x0000262c   0x00000004   Data   RW          938    .data               c_w.l(stdio_streams.o)
    0x20000008   0x00002630   0x00000004   Data   RW          939    .data               c_w.l(stdio_streams.o)
    0x2000000c   0x00002634   0x00000004   Data   RW           15    .data.SystemCoreClock  system_armcm33.o
    0x20000010   0x00002638   0x00000008   Data   RW          193    .data.k_cpu_tick_per_second  tos_global.o
    0x20000018   0x00002640   0x00000008   Data   RW          195    .data.k_dead_task_list  tos_global.o
    0x20000020   0x00002648   0x00000008   Data   RW          196    .data.k_stat_list   tos_global.o
    0x20000028   0x00002650   0x00000008   Data   RW          197    .data.k_tick_list   tos_global.o
    0x20000030        -       0x00000054   Zero   RW          934    .bss                c_w.l(stdio_streams.o)
    0x20000084        -       0x00000054   Zero   RW          935    .bss                c_w.l(stdio_streams.o)
    0x200000d8        -       0x00000054   Zero   RW          936    .bss                c_w.l(stdio_streams.o)
    0x2000012c        -       0x00000060   Zero   RW         1156    .bss                c_w.l(libspace.o)
    0x2000018c   0x00002658   0x00000004   PAD
    0x20000190        -       0x00000088   Zero   RW          835    .bss.application_task  main.o
    0x20000218        -       0x00001000   Zero   RW          836    .bss.application_task_stk  main.o
    0x20001218        -       0x00000004   Zero   RW          194    .bss.k_cpu_cycle_per_tick  tos_global.o
    0x2000121c        -       0x00000004   Zero   RW          188    .bss.k_curr_task    tos_global.o
    0x20001220        -       0x00000088   Zero   RW          199    .bss.k_idle_task    tos_global.o
    0x200012a8        -       0x00000200   Zero   RW          190    .bss.k_idle_task_stk  tos_global.o
    0x200014a8        -       0x00000001   Zero   RW          184    .bss.k_irq_nest_cnt  tos_global.o
    0x200014a9        -       0x00000001   Zero   RW          186    .bss.k_knl_state    tos_global.o
    0x200014aa   0x00002658   0x00000002   PAD
    0x200014ac        -       0x00000c84   Zero   RW          201    .bss.k_mmheap_ctl   tos_global.o
    0x20002130        -       0x00000400   Zero   RW          200    .bss.k_mmheap_default_pool  tos_global.o
    0x20002530        -       0x00000004   Zero   RW          189    .bss.k_next_task    tos_global.o
    0x20002534        -       0x00000058   Zero   RW          198    .bss.k_rdyq         tos_global.o
    0x2000258c        -       0x00000001   Zero   RW          185    .bss.k_sched_lock_nest_cnt  tos_global.o
    0x2000258d   0x00002658   0x00000003   PAD
    0x20002590        -       0x00000088   Zero   RW          821    .bss.task1          hello_world.o
    0x20002618        -       0x00000400   Zero   RW          822    .bss.task1_stk      hello_world.o
    0x20002a18        -       0x00000088   Zero   RW          823    .bss.task2          hello_world.o
    0x20002aa0        -       0x00000400   Zero   RW          824    .bss.task2_stk      hello_world.o
    0x20002ea0        -       0x00000c00   Zero   RW            2    HEAP                startup_armcm33.o
    0x20003aa0        -       0x00000400   Zero   RW            1    STACK               startup_armcm33.o


==============================================================================

Image component sizes


      Code (inc. data)   RO Data    RW Data    ZI Data      Debug   Object Name

       168         72          0          0       2320       3447   hello_world.o
       112         60          0          0       4232       3125   main.o
        44          8          0          0          0       3880   port_c.o
       224         10          0          0          0        440   port_s.o
        68         14       1984          0       4096       1320   startup_armcm33.o
        44         16          0          4          0       1908   system_armcm33.o
       202         12          0          0          0       5774   tos_cpu.o
         0          0          8         32       4979       4370   tos_global.o
       676         16          0          0          0      19759   tos_mmheap.o
        84          0          0          0          0      10553   tos_mutex.o
       188          0          0          0          0       9754   tos_pend.o
       296          8          0          0          0       7229   tos_sched.o
       434         64          0          0          0       8611   tos_sys.o
       994         20          0          0          0      16841   tos_task.o
       292          4          0          0          0       6501   tos_tick.o

    ----------------------------------------------------------------------
      3840        304       2024         36      15632     103512   Object Totals
         0          0         32          0          0          0   (incl. Generated)
        14          0          0          0          5          0   (incl. Padding)

    ----------------------------------------------------------------------

      Code (inc. data)   RO Data    RW Data    ZI Data      Debug   Library Member Name

         8          0          0          0          0         68   __main.o
         0          0          0          0          0          0   __rtentry.o
        12          0          0          0          0          0   __rtentry2.o
         8          4          0          0          0          0   __rtentry5.o
        52          8          0          0          0          0   __scatter.o
        26          0          0          0          0          0   __scatter_copy.o
        28          0          0          0          0          0   __scatter_zi.o
        44          0          0          0          0        108   _printf_char.o
         6          0          0          0          0          0   _printf_d.o
       120         16          0          0          0         92   _printf_dec.o
        84          6         40          0          0         88   _printf_hex_ptr.o
       178          0          0          0          0         88   _printf_intcommon.o
         6          0          0          0          0          0   _printf_p.o
         0          0          0          0          0          0   _printf_percent.o
         4          0          0          0          0          0   _printf_percent_end.o
         6          0          0          0          0          0   _printf_s.o
        82          0          0          0          0         80   _printf_str.o
        10          0          0          0          0         68   defsig_exit.o
        50          0          0          0          0         88   defsig_general.o
        80         58          0          0          0         76   defsig_rtmem_inner.o
        14          0          0          0          0         80   defsig_rtmem_outer.o
        52         38          0          0          0         76   defsig_rtred_inner.o
        14          0          0          0          0         80   defsig_rtred_outer.o
        18          0          0          0          0         80   exit.o
        76          0          0          0          0         88   fclose.o
       470          0          0          0          0         88   flsbuf.o
       240          6          0          0          0        128   fopen.o
        26          0          0          0          0         68   fputc.o
       248          6          0          0          0         84   fseek.o
        66          0          0          0          0         76   ftell.o
        94          0          0          0          0         80   h1_alloc.o
        52          0          0          0          0         68   h1_extend.o
        78          0          0          0          0         80   h1_free.o
        14          0          0          0          0         84   h1_init.o
         6          0          0          0          0        152   heapauxi.o
         4          0          0          0          0        136   hguard.o
         0          0          0          0          0          0   indicate_semi.o
       138          0          0          0          0        168   init_alloc.o
       312         46          0          0          0        112   initio.o
         2          0          0          0          0          0   libinit.o
        10          0          0          0          0          0   libinit2.o
        16          8          0          0          0          0   libinit3.o
         2          0          0          0          0          0   libshutdown.o
         6          0          0          0          0          0   libshutdown2.o
         0          0          0          0         96          0   libspace.o
       240          0          0          0          0        100   lludivv7m.o
         0          0          0          0          0          0   maybetermalloc1.o
        44          4          0          0          0         84   puts.o
         8          4          0          0          0         68   rt_errno_addr_intlibspace.o
         8          4          0          0          0         68   rt_heap_descriptor_intlibspace.o
        68          0          0          0          0         68   rt_memclr.o
        78          0          0          0          0         80   rt_memclr_w.o
         2          0          0          0          0          0   rtexit.o
        10          0          0          0          0          0   rtexit2.o
        70          0          0          0          0         80   setvbuf.o
       240          6          0          0          0        156   stdio.o
         0          0          0         12        252          0   stdio_streams.o
        62          0          0          0          0         76   strlen.o
        86          0          0          0          0         76   strncpy.o
        12          4          0          0          0         68   sys_exit.o
       102          0          0          0          0        240   sys_io.o
         0          0         12          0          0          0   sys_io_names.o
        14          0          0          0          0         76   sys_wrch.o
         2          0          0          0          0         68   use_no_semi.o
        26          0          0          0          0        116   fpinit.o

    ----------------------------------------------------------------------
      3848        218         52         12        352       3908   Library Totals
        14          0          0          0          4          0   (incl. Padding)

    ----------------------------------------------------------------------

      Code (inc. data)   RO Data    RW Data    ZI Data      Debug   Library Name

      3808        218         52         12        348       3792   c_w.l
        26          0          0          0          0        116   fz_wm.l

    ----------------------------------------------------------------------
      3848        218         52         12        352       3908   Library Totals

    ----------------------------------------------------------------------

==============================================================================


      Code (inc. data)   RO Data    RW Data    ZI Data      Debug   

      7688        522       2076         48      15984     105268   Grand Totals
      7688        522       2076         48      15984     105268   ELF Image Totals
      7688        522       2076         48          0          0   ROM Totals

==============================================================================

    Total RO  Size (Code + RO Data)                 9764 (   9.54kB)
    Total RW  Size (RW Data + ZI Data)             16032 (  15.66kB)
    Total ROM Size (Code + RO Data + RW Data)       9812 (   9.58kB)

==============================================================================

