<html>
<body>
<pre>
<h1>礦ision Build Log</h1>
<h2>Tool Versions:</h2>
IDE-Version: μVision V5.35.0.0
Copyright (C) 2021 ARM Ltd and ARM Germany GmbH. All rights reserved.
License Information: cui linwei, 1, LIC=HF83Z-3GQB1-Y4HJQ-6ZED1-EABNQ-K7D06
 
Tool Versions:
Toolchain:       MDK-ARM Professional  Version: 5.35.0.2
Toolchain Path:  D:\Keil_v535\ARM\ARMCLANG\Bin
C Compiler:      ArmClang.exe V6.16
Assembler:       Armasm.exe V6.16
Linker/Locator:  ArmLink.exe V6.16
Library Manager: ArmAr.exe V6.16
Hex Converter:   FromElf.exe V6.16
CPU DLL:         
Dialog DLL:      
Target DLL:      UL2V8M.DLL V1.7.0.0
Dialog DLL:      TCM.DLL V1.53.0.0
 
<h2>Project:</h2>
C:\Users\lw_cui\Desktop\新版本修改资料\中文版\软件包测试\MDK-ARM Version 5.35\cortex_m33\cortex_m33.uvprojx
Project File Date:  09/10/2021

<h2>Output:</h2>
*** Using Compiler 'V6.16', folder: 'D:\Keil_v535\ARM\ARMCLANG\Bin'
Rebuild target 'Target 1'
compiling system_ARMCM33.c...
compiling tos_completion.c...
ArmClang: warning: Your license for feature Keil will expire in 28 days [-Wlicense-management]
ArmClang: warning: Your license for feature Keil will expire in 28 days [-Wlicense-management]
assembling startup_ARMCM33.s...
compiling tos_cpu.c...
compiling tos_fault.c...
compiling tos_barrier.c...
compiling port_c.c...
compiling tos_char_fifo.c...
compiling tos_bitmap.c...
compiling tos_binary_heap.c...
ArmClang: warning: Your license for feature Keil will expire in 28 days [-Wlicense-management]
ArmClang: warning: Your license for feature Keil will expire in 28 days [-Wlicense-management]
assembling port_s.S...
compiling tos_countdownlatch.c...
compiling tos_global.c...
compiling tos_event.c...
compiling tos_mail_queue.c...
compiling tos_message_queue.c...
compiling tos_priority_mail_queue.c...
compiling tos_priority_message_queue.c...
compiling tos_mmblk.c...
compiling tos_mutex.c...
compiling tos_pend.c...
compiling tos_mmheap.c...
compiling tos_robin.c...
compiling tos_priority_queue.c...
compiling tos_ring_queue.c...
compiling tos_rwlock.c...
compiling tos_sched.c...
compiling tos_stopwatch.c...
compiling tos_sem.c...
compiling tos_sys.c...
compiling tos_tick.c...
compiling tos_task.c...
compiling tos_time.c...
compiling hello_world.c...
compiling main.c...
compiling mcu_it.c...
compiling tos_timer.c...
compiling cmsis_os.c...
linking...
Program Size: Code=9408 RO-data=2076 RW-data=64 ZI-data=15544  
".\Objects\cortex_m33.axf" - 0 Error(s), 4 Warning(s).

<h2>Software Packages used:</h2>

Package Vendor: ARM
                http://www.keil.com/pack/ARM.CMSIS.5.7.0.pack
                ARM.CMSIS.5.7.0
                CMSIS (Cortex Microcontroller Software Interface Standard)
   * Component: CORE Version: 5.4.0
   * Component: Startup Version: 1.2.2

Package Vendor: Tencent
                https://github.com/OpenAtomFoundation/TencentOS-tiny/Tencent.TencentOS-tiny.1.0.0.pack
                Tencent.TencentOS-tiny.1.0.0
                TencentOS tiny for external devices
   * Component: arch Version: 1.0.0
   * Component: cmsis_os Version: 1.0.0
   * Component: helloworld_main Version: 1.0.0
   * Component: mcu_it.c Version: 1.0.0
   * Component: mcu_platform.h Version: 1.0.0
   * Component: core Version: 1.0.0
   * Component: hal Version: 1.0.0
   * Component: tos_config Version: 1.0.0

<h2>Collection of Component include folders:</h2>
  .\RTE\TencentOS_tiny
  .\RTE\TencentOS_tiny\ARMCM33_DSP_FP
  .\RTE\_Target_1
  D:\Keil_v535\Packs\ARM\CMSIS\5.7.0\CMSIS\Core\Include
  D:\Keil_v535\Packs\ARM\CMSIS\5.7.0\Device\ARM\ARMCM33\Include
  D:\Keil_v535\Packs\Tencent\TencentOS-tiny\1.0.0\arch\arm\arm-v8m\common\include
  D:\Keil_v535\Packs\Tencent\TencentOS-tiny\1.0.0\arch\arm\arm-v8m\cortex-m33\armcc
  D:\Keil_v535\Packs\Tencent\TencentOS-tiny\1.0.0\kernel\core\include
  D:\Keil_v535\Packs\Tencent\TencentOS-tiny\1.0.0\kernel\hal\include
  D:\Keil_v535\Packs\Tencent\TencentOS-tiny\1.0.0\kernel\pm\include
  D:\Keil_v535\Packs\Tencent\TencentOS-tiny\1.0.0\osal\cmsis_os

<h2>Collection of Component Files used:</h2>

   * Component: ARM::CMSIS:CORE:5.4.0

   * Component: ARM::Device:Startup:1.2.2
      Source file:   Device\ARM\ARMCM33\Source\system_ARMCM33.c
      Source file:   Device\ARM\ARMCM33\Source\ARM\startup_ARMCM33.s

   * Component: Tencent.MDK-ARM::TencentOS tiny:arch:arch:1.0.0
      Include file:  arch\arm\arm-v8m\cortex-m33\armcc\port_config.h
      Include file:  arch\arm\arm-v8m\cortex-m33\armcc\port.h
      Source file:   arch\arm\arm-v8m\common\tos_fault.c
      Source file:   arch\arm\arm-v8m\common\tos_cpu.c
      Source file:   arch\arm\arm-v8m\cortex-m33\armcc\port_c.c
      Source file:   arch\arm\arm-v8m\cortex-m33\armcc\port_s.S

   * Component: Tencent.MDK-ARM::TencentOS tiny:cmsis_os:cmsis_os:1.0.0
      Source file:   osal\cmsis_os\cmsis_os.c

   * Component: Tencent.MDK-ARM::TencentOS tiny:example:helloworld_main:1.0.0
      Source file:   examples\main.c
      Source file:   examples\hello_world.c

   * Component: Tencent.MDK-ARM::TencentOS tiny:example:mcu_it.c:1.0.0
      Source file:   examples\mcu_it.c

   * Component: Tencent.MDK-ARM::TencentOS tiny:example:mcu_platform.h:1.0.0
      Include file:  examples\mcu_platform.h

   * Component: Tencent.MDK-ARM::TencentOS tiny:kernel:core:1.0.0
      Source file:   kernel\core\tos_binary_heap.c
      Source file:   kernel\core\tos_countdownlatch.c
      Source file:   kernel\core\tos_bitmap.c
      Source file:   kernel\core\tos_message_queue.c
      Source file:   kernel\core\tos_char_fifo.c
      Source file:   kernel\core\tos_completion.c
      Source file:   kernel\core\tos_mmblk.c
      Source file:   kernel\core\tos_event.c
      Source file:   kernel\core\tos_mail_queue.c
      Source file:   kernel\core\tos_mmheap.c
      Source file:   kernel\core\tos_mutex.c
      Source file:   kernel\core\tos_global.c
      Source file:   kernel\core\tos_priority_mail_queue.c
      Source file:   kernel\core\tos_pend.c
      Source file:   kernel\core\tos_barrier.c
      Source file:   kernel\core\tos_ring_queue.c
      Source file:   kernel\core\tos_sys.c
      Source file:   kernel\core\tos_task.c
      Source file:   kernel\core\tos_tick.c
      Source file:   kernel\core\tos_timer.c
      Source file:   kernel\core\tos_sched.c
      Source file:   kernel\core\tos_stopwatch.c
      Source file:   kernel\core\tos_robin.c
      Source file:   kernel\core\tos_time.c
      Source file:   kernel\core\tos_sem.c
      Source file:   kernel\core\tos_rwlock.c
      Source file:   kernel\core\tos_priority_queue.c
      Source file:   kernel\core\tos_priority_message_queue.c

   * Component: Tencent.MDK-ARM::TencentOS tiny:kernel:hal:1.0.0

   * Component: Tencent.MDK-ARM::TencentOS tiny:kernel:tos_config:1.0.0
      Include file:  kernel\tos_config\tos_config.h
Build Time Elapsed:  00:00:02
</pre>
</body>
</html>
