<html>
<body>
<pre>
<h1>µVision Build Log</h1>
<h2>Tool Versions:</h2>
IDE-Version: ¦ÌVision V5.35.0.0
Copyright (C) 2021 ARM Ltd and ARM Germany GmbH. All rights reserved.
License Information: Cui Linwei, southeast university, LIC=TA3AQ-74AP8-RFN0H-EEY3P-ZYPSU-1KV4X
 
Tool Versions:
Toolchain:       MDK-ARM Professional  Version: 5.35.0.2
Toolchain Path:  D:\Keil_v5\ARM\ARMCC\Bin
C Compiler:      Armcc.exe V5.06 update 7 (build 960)
Assembler:       Armasm.exe V5.06 update 7 (build 960)
Linker/Locator:  ArmLink.exe V5.06 update 7 (build 960)
Library Manager: ArmAr.exe V5.06 update 7 (build 960)
Hex Converter:   FromElf.exe V5.06 update 7 (build 960)
CPU DLL:         SARMCM3.DLL V5.35.0.2
Dialog DLL:      DARMSTM.DLL V1.68.0.0
Target DLL:      STLink\ST-LINKIII-KEIL_SWO.dll V3.0.9.0
Dialog DLL:      TARMSTM.DLL V1.66.0.0
 
<h2>Project:</h2>
D:\CLW\tiny\Summer_of_Code_TencentOS_Tiny\´ÞÁÖÍþ\2¡¢TencentOS-tiny.1.0.0_Ó¢ÎÄ°æ\5¡¢MDK5.35 porting project\ALIENTEK_WarShip_STM32F103ZET6\stm32f1-demo\Project\RVMDK_uv5\TencentOS.uvprojx
Project File Date:  09/18/2021

<h2>Output:</h2>
*** Using Compiler 'V5.06 update 7 (build 960)', folder: 'D:\Keil_v5\ARM\ARMCC\Bin'
Build target 'USART'
compiling mcu_it.c...
linking...
Program Size: Code=16320 RO-data=344 RW-data=116 ZI-data=7884  
FromELF: creating hex file...
..\..\Output\USART.hex: Warning: Q9931W: Your license for feature Keil will expire in 30 days
Finished: 0 information, 1 warning and 0 error messages.
"..\..\Output\USART.axf" - 0 Error(s), 0 Warning(s).

<h2>Software Packages used:</h2>

Package Vendor: Tencent
                https://github.com/OpenAtomFoundation/TencentOS-tiny/Tencent.TencentOS-tiny.1.0.0.pack
                Tencent.TencentOS-tiny.1.0.0
                TencentOS tiny for external devices
   * Component: arch Version: 1.0.0
   * Component: mcu_it.c Version: 1.0.0
   * Component: mcu_platform.h Version: 1.0.0
   * Component: core Version: 1.0.0
   * Component: hal Version: 1.0.0
   * Component: tos_config Version: 1.0.0

Package Vendor: Keil
                http://www.keil.com/pack/Keil.STM32F1xx_DFP.2.3.0.pack
                Keil.STM32F1xx_DFP.2.3.0
                STMicroelectronics STM32F1 Series Device Support, Drivers and Examples

<h2>Collection of Component include folders:</h2>
  .\RTE\TencentOS_tiny
  .\RTE\TencentOS_tiny\STM32F103ZE
  .\RTE\_USART
  D:\Keil_v5\Packs\Keil\STM32F1xx_DFP\2.3.0\Device\Include
  D:\Keil_v5\Packs\Tencent\TencentOS-tiny\1.0.0\arch\arm\arm-v7m\common\include
  D:\Keil_v5\Packs\Tencent\TencentOS-tiny\1.0.0\arch\arm\arm-v7m\cortex-m3\armcc
  D:\Keil_v5\Packs\Tencent\TencentOS-tiny\1.0.0\kernel\core\include
  D:\Keil_v5\Packs\Tencent\TencentOS-tiny\1.0.0\kernel\hal\include
  D:\Keil_v5\Packs\Tencent\TencentOS-tiny\1.0.0\kernel\pm\include

<h2>Collection of Component Files used:</h2>

   * Component: Tencent.MDK-ARM::TencentOS tiny:arch:arch:1.0.0
      Include file:  arch\arm\arm-v7m\cortex-m3\armcc\port.h
      Include file:  arch\arm\arm-v7m\cortex-m3\armcc\port_config.h
      Source file:   arch\arm\arm-v7m\cortex-m3\armcc\port_c.c
      Source file:   arch\arm\arm-v7m\cortex-m3\armcc\port_s.S
      Source file:   arch\arm\arm-v7m\common\tos_cpu.c
      Source file:   arch\arm\arm-v7m\common\tos_fault.c

   * Component: Tencent.MDK-ARM::TencentOS tiny:example:mcu_it.c:1.0.0
      Source file:   examples\mcu_it.c

   * Component: Tencent.MDK-ARM::TencentOS tiny:example:mcu_platform.h:1.0.0
      Include file:  examples\mcu_platform.h

   * Component: Tencent.MDK-ARM::TencentOS tiny:kernel:core:1.0.0
      Source file:   kernel\core\tos_bitmap.c
      Source file:   kernel\core\tos_char_fifo.c
      Source file:   kernel\core\tos_completion.c
      Source file:   kernel\core\tos_countdownlatch.c
      Source file:   kernel\core\tos_barrier.c
      Source file:   kernel\core\tos_binary_heap.c
      Source file:   kernel\core\tos_priority_queue.c
      Source file:   kernel\core\tos_priority_mail_queue.c
      Source file:   kernel\core\tos_sched.c
      Source file:   kernel\core\tos_pend.c
      Source file:   kernel\core\tos_rwlock.c
      Source file:   kernel\core\tos_tick.c
      Source file:   kernel\core\tos_ring_queue.c
      Source file:   kernel\core\tos_sem.c
      Source file:   kernel\core\tos_timer.c
      Source file:   kernel\core\tos_global.c
      Source file:   kernel\core\tos_event.c
      Source file:   kernel\core\tos_mmheap.c
      Source file:   kernel\core\tos_mutex.c
      Source file:   kernel\core\tos_stopwatch.c
      Source file:   kernel\core\tos_mmblk.c
      Source file:   kernel\core\tos_robin.c
      Source file:   kernel\core\tos_sys.c
      Source file:   kernel\core\tos_task.c
      Source file:   kernel\core\tos_mail_queue.c
      Source file:   kernel\core\tos_time.c
      Source file:   kernel\core\tos_message_queue.c
      Source file:   kernel\core\tos_priority_message_queue.c

   * Component: Tencent.MDK-ARM::TencentOS tiny:kernel:hal:1.0.0

   * Component: Tencent.MDK-ARM::TencentOS tiny:kernel:tos_config:1.0.0
      Include file:  kernel\tos_config\tos_config.h
Build Time Elapsed:  00:00:03
</pre>
</body>
</html>
