<!doctype html public "-//w3c//dtd html 4.0 transitional//en">
<html><head>
<title>Static Call Graph - [..\..\Output\USART.axf]</title></head>
<body><HR>
<H1>Static Call Graph for image ..\..\Output\USART.axf</H1><HR>
<BR><P>#&#060CALLGRAPH&#062# ARM Linker, 5050106: Last Updated: Fri Sep 10 09:26:33 2021
<BR><P>
<H3>Maximum Stack Usage =        144 bytes + Unknown(Functions without stacksize, Cycles, Untraceable Function Pointers)</H3><H3>
Call chain for Maximum Stack Depth:</H3>
main &rArr; tos_knl_init &rArr; mmheap_init_with_pool &rArr; tos_mmheap_pool_add &rArr; blk_insert &rArr; mapping_insert &rArr; __fls &rArr; generic_fls &rArr; tos_cpu_clz
<P>
<H3>
Functions with no stack information
</H3><UL>
 <LI><a href="#[ae]">port_int_disable</a>
 <LI><a href="#[b0]">port_int_enable</a>
 <LI><a href="#[b2]">port_cpsr_save</a>
 <LI><a href="#[b4]">port_cpsr_restore</a>
 <LI><a href="#[ac]">port_clz</a>
 <LI><a href="#[bd]">port_sched_start</a>
 <LI><a href="#[bf]">port_context_switch</a>
 <LI><a href="#[c1]">port_irq_context_switch</a>
 <LI><a href="#[8]">PendSV_Handler</a>
</UL>
</UL>
<P>
<H3>
Mutually Recursive functions
</H3> <LI><a href="#[1c]">ADC1_2_IRQHandler</a>&nbsp;&nbsp;&nbsp;&rArr;&nbsp;&nbsp;&nbsp;<a href="#[1c]">ADC1_2_IRQHandler</a><BR>
</UL>
<P>
<H3>
Function Pointers
</H3><UL>
 <LI><a href="#[1c]">ADC1_2_IRQHandler</a> from startup_stm32f10x_hd.o(.text) referenced from startup_stm32f10x_hd.o(RESET)
 <LI><a href="#[39]">ADC3_IRQHandler</a> from startup_stm32f10x_hd.o(.text) referenced from startup_stm32f10x_hd.o(RESET)
 <LI><a href="#[4]">BusFault_Handler</a> from stm32f10x_it.o(.text) referenced from startup_stm32f10x_hd.o(RESET)
 <LI><a href="#[1f]">CAN1_RX1_IRQHandler</a> from startup_stm32f10x_hd.o(.text) referenced from startup_stm32f10x_hd.o(RESET)
 <LI><a href="#[20]">CAN1_SCE_IRQHandler</a> from startup_stm32f10x_hd.o(.text) referenced from startup_stm32f10x_hd.o(RESET)
 <LI><a href="#[15]">DMA1_Channel1_IRQHandler</a> from startup_stm32f10x_hd.o(.text) referenced from startup_stm32f10x_hd.o(RESET)
 <LI><a href="#[16]">DMA1_Channel2_IRQHandler</a> from startup_stm32f10x_hd.o(.text) referenced from startup_stm32f10x_hd.o(RESET)
 <LI><a href="#[17]">DMA1_Channel3_IRQHandler</a> from startup_stm32f10x_hd.o(.text) referenced from startup_stm32f10x_hd.o(RESET)
 <LI><a href="#[18]">DMA1_Channel4_IRQHandler</a> from startup_stm32f10x_hd.o(.text) referenced from startup_stm32f10x_hd.o(RESET)
 <LI><a href="#[19]">DMA1_Channel5_IRQHandler</a> from startup_stm32f10x_hd.o(.text) referenced from startup_stm32f10x_hd.o(RESET)
 <LI><a href="#[1a]">DMA1_Channel6_IRQHandler</a> from startup_stm32f10x_hd.o(.text) referenced from startup_stm32f10x_hd.o(RESET)
 <LI><a href="#[1b]">DMA1_Channel7_IRQHandler</a> from startup_stm32f10x_hd.o(.text) referenced from startup_stm32f10x_hd.o(RESET)
 <LI><a href="#[42]">DMA2_Channel1_IRQHandler</a> from startup_stm32f10x_hd.o(.text) referenced from startup_stm32f10x_hd.o(RESET)
 <LI><a href="#[43]">DMA2_Channel2_IRQHandler</a> from startup_stm32f10x_hd.o(.text) referenced from startup_stm32f10x_hd.o(RESET)
 <LI><a href="#[44]">DMA2_Channel3_IRQHandler</a> from startup_stm32f10x_hd.o(.text) referenced from startup_stm32f10x_hd.o(RESET)
 <LI><a href="#[45]">DMA2_Channel4_5_IRQHandler</a> from startup_stm32f10x_hd.o(.text) referenced from startup_stm32f10x_hd.o(RESET)
 <LI><a href="#[7]">DebugMon_Handler</a> from stm32f10x_it.o(.text) referenced from startup_stm32f10x_hd.o(RESET)
 <LI><a href="#[10]">EXTI0_IRQHandler</a> from startup_stm32f10x_hd.o(.text) referenced from startup_stm32f10x_hd.o(RESET)
 <LI><a href="#[32]">EXTI15_10_IRQHandler</a> from startup_stm32f10x_hd.o(.text) referenced from startup_stm32f10x_hd.o(RESET)
 <LI><a href="#[11]">EXTI1_IRQHandler</a> from startup_stm32f10x_hd.o(.text) referenced from startup_stm32f10x_hd.o(RESET)
 <LI><a href="#[12]">EXTI2_IRQHandler</a> from startup_stm32f10x_hd.o(.text) referenced from startup_stm32f10x_hd.o(RESET)
 <LI><a href="#[13]">EXTI3_IRQHandler</a> from startup_stm32f10x_hd.o(.text) referenced from startup_stm32f10x_hd.o(RESET)
 <LI><a href="#[14]">EXTI4_IRQHandler</a> from startup_stm32f10x_hd.o(.text) referenced from startup_stm32f10x_hd.o(RESET)
 <LI><a href="#[21]">EXTI9_5_IRQHandler</a> from startup_stm32f10x_hd.o(.text) referenced from startup_stm32f10x_hd.o(RESET)
 <LI><a href="#[e]">FLASH_IRQHandler</a> from startup_stm32f10x_hd.o(.text) referenced from startup_stm32f10x_hd.o(RESET)
 <LI><a href="#[3a]">FSMC_IRQHandler</a> from startup_stm32f10x_hd.o(.text) referenced from startup_stm32f10x_hd.o(RESET)
 <LI><a href="#[2]">HardFault_Handler</a> from stm32f10x_it.o(.text) referenced from startup_stm32f10x_hd.o(RESET)
 <LI><a href="#[2a]">I2C1_ER_IRQHandler</a> from startup_stm32f10x_hd.o(.text) referenced from startup_stm32f10x_hd.o(RESET)
 <LI><a href="#[29]">I2C1_EV_IRQHandler</a> from startup_stm32f10x_hd.o(.text) referenced from startup_stm32f10x_hd.o(RESET)
 <LI><a href="#[2c]">I2C2_ER_IRQHandler</a> from startup_stm32f10x_hd.o(.text) referenced from startup_stm32f10x_hd.o(RESET)
 <LI><a href="#[2b]">I2C2_EV_IRQHandler</a> from startup_stm32f10x_hd.o(.text) referenced from startup_stm32f10x_hd.o(RESET)
 <LI><a href="#[3]">MemManage_Handler</a> from stm32f10x_it.o(.text) referenced from startup_stm32f10x_hd.o(RESET)
 <LI><a href="#[1]">NMI_Handler</a> from stm32f10x_it.o(.text) referenced from startup_stm32f10x_hd.o(RESET)
 <LI><a href="#[b]">PVD_IRQHandler</a> from startup_stm32f10x_hd.o(.text) referenced from startup_stm32f10x_hd.o(RESET)
 <LI><a href="#[8]">PendSV_Handler</a> from port_s.o(.text) referenced from startup_stm32f10x_hd.o(RESET)
 <LI><a href="#[f]">RCC_IRQHandler</a> from startup_stm32f10x_hd.o(.text) referenced from startup_stm32f10x_hd.o(RESET)
 <LI><a href="#[33]">RTCAlarm_IRQHandler</a> from startup_stm32f10x_hd.o(.text) referenced from startup_stm32f10x_hd.o(RESET)
 <LI><a href="#[d]">RTC_IRQHandler</a> from startup_stm32f10x_hd.o(.text) referenced from startup_stm32f10x_hd.o(RESET)
 <LI><a href="#[0]">Reset_Handler</a> from startup_stm32f10x_hd.o(.text) referenced from startup_stm32f10x_hd.o(RESET)
 <LI><a href="#[3b]">SDIO_IRQHandler</a> from startup_stm32f10x_hd.o(.text) referenced from startup_stm32f10x_hd.o(RESET)
 <LI><a href="#[2d]">SPI1_IRQHandler</a> from startup_stm32f10x_hd.o(.text) referenced from startup_stm32f10x_hd.o(RESET)
 <LI><a href="#[2e]">SPI2_IRQHandler</a> from startup_stm32f10x_hd.o(.text) referenced from startup_stm32f10x_hd.o(RESET)
 <LI><a href="#[3d]">SPI3_IRQHandler</a> from startup_stm32f10x_hd.o(.text) referenced from startup_stm32f10x_hd.o(RESET)
 <LI><a href="#[6]">SVC_Handler</a> from stm32f10x_it.o(.text) referenced from startup_stm32f10x_hd.o(RESET)
 <LI><a href="#[9]">SysTick_Handler</a> from stm32f10x_it.o(.text) referenced from startup_stm32f10x_hd.o(RESET)
 <LI><a href="#[47]">SystemInit</a> from system_stm32f10x.o(.text) referenced from startup_stm32f10x_hd.o(.text)
 <LI><a href="#[c]">TAMPER_IRQHandler</a> from startup_stm32f10x_hd.o(.text) referenced from startup_stm32f10x_hd.o(RESET)
 <LI><a href="#[22]">TIM1_BRK_IRQHandler</a> from startup_stm32f10x_hd.o(.text) referenced from startup_stm32f10x_hd.o(RESET)
 <LI><a href="#[25]">TIM1_CC_IRQHandler</a> from startup_stm32f10x_hd.o(.text) referenced from startup_stm32f10x_hd.o(RESET)
 <LI><a href="#[24]">TIM1_TRG_COM_IRQHandler</a> from startup_stm32f10x_hd.o(.text) referenced from startup_stm32f10x_hd.o(RESET)
 <LI><a href="#[23]">TIM1_UP_IRQHandler</a> from startup_stm32f10x_hd.o(.text) referenced from startup_stm32f10x_hd.o(RESET)
 <LI><a href="#[26]">TIM2_IRQHandler</a> from startup_stm32f10x_hd.o(.text) referenced from startup_stm32f10x_hd.o(RESET)
 <LI><a href="#[27]">TIM3_IRQHandler</a> from startup_stm32f10x_hd.o(.text) referenced from startup_stm32f10x_hd.o(RESET)
 <LI><a href="#[28]">TIM4_IRQHandler</a> from startup_stm32f10x_hd.o(.text) referenced from startup_stm32f10x_hd.o(RESET)
 <LI><a href="#[3c]">TIM5_IRQHandler</a> from startup_stm32f10x_hd.o(.text) referenced from startup_stm32f10x_hd.o(RESET)
 <LI><a href="#[40]">TIM6_IRQHandler</a> from startup_stm32f10x_hd.o(.text) referenced from startup_stm32f10x_hd.o(RESET)
 <LI><a href="#[41]">TIM7_IRQHandler</a> from startup_stm32f10x_hd.o(.text) referenced from startup_stm32f10x_hd.o(RESET)
 <LI><a href="#[35]">TIM8_BRK_IRQHandler</a> from startup_stm32f10x_hd.o(.text) referenced from startup_stm32f10x_hd.o(RESET)
 <LI><a href="#[38]">TIM8_CC_IRQHandler</a> from startup_stm32f10x_hd.o(.text) referenced from startup_stm32f10x_hd.o(RESET)
 <LI><a href="#[37]">TIM8_TRG_COM_IRQHandler</a> from startup_stm32f10x_hd.o(.text) referenced from startup_stm32f10x_hd.o(RESET)
 <LI><a href="#[36]">TIM8_UP_IRQHandler</a> from startup_stm32f10x_hd.o(.text) referenced from startup_stm32f10x_hd.o(RESET)
 <LI><a href="#[3e]">UART4_IRQHandler</a> from startup_stm32f10x_hd.o(.text) referenced from startup_stm32f10x_hd.o(RESET)
 <LI><a href="#[3f]">UART5_IRQHandler</a> from startup_stm32f10x_hd.o(.text) referenced from startup_stm32f10x_hd.o(RESET)
 <LI><a href="#[2f]">USART1_IRQHandler</a> from stm32f10x_it.o(.text) referenced from startup_stm32f10x_hd.o(RESET)
 <LI><a href="#[30]">USART2_IRQHandler</a> from startup_stm32f10x_hd.o(.text) referenced from startup_stm32f10x_hd.o(RESET)
 <LI><a href="#[31]">USART3_IRQHandler</a> from startup_stm32f10x_hd.o(.text) referenced from startup_stm32f10x_hd.o(RESET)
 <LI><a href="#[34]">USBWakeUp_IRQHandler</a> from startup_stm32f10x_hd.o(.text) referenced from startup_stm32f10x_hd.o(RESET)
 <LI><a href="#[1d]">USB_HP_CAN1_TX_IRQHandler</a> from startup_stm32f10x_hd.o(.text) referenced from startup_stm32f10x_hd.o(RESET)
 <LI><a href="#[1e]">USB_LP_CAN1_RX0_IRQHandler</a> from startup_stm32f10x_hd.o(.text) referenced from startup_stm32f10x_hd.o(RESET)
 <LI><a href="#[5]">UsageFault_Handler</a> from stm32f10x_it.o(.text) referenced from startup_stm32f10x_hd.o(RESET)
 <LI><a href="#[a]">WWDG_IRQHandler</a> from startup_stm32f10x_hd.o(.text) referenced from startup_stm32f10x_hd.o(RESET)
 <LI><a href="#[48]">__main</a> from entry.o(.ARM.Collect$$$$00000000) referenced from startup_stm32f10x_hd.o(.text)
 <LI><a href="#[4c]">fputc</a> from bsp_usart.o(.text) referenced from printf5.o(i.__0printf$5)
 <LI><a href="#[49]">knl_idle_entry</a> from tos_sys.o(.text) referenced from tos_sys.o(.text)
 <LI><a href="#[46]">main</a> from main.o(.text) referenced from entry9a.o(.ARM.Collect$$$$0000000B)
 <LI><a href="#[4b]">task_default_walker</a> from tos_task.o(.text) referenced from tos_task.o(.text)
 <LI><a href="#[4a]">task_exit</a> from tos_task.o(.text) referenced from tos_task.o(.text)
 <LI><a href="#[63]">test_task1</a> from main.o(.text) referenced from main.o(.text)
 <LI><a href="#[65]">test_task2</a> from main.o(.text) referenced from main.o(.text)
</UL>
<P>
<H3>
Global Symbols
</H3>
<P><STRONG><a name="[48]"></a>__main</STRONG> (Thumb, 0 bytes, Stack size unknown bytes, entry.o(.ARM.Collect$$$$00000000))
<BR>[Address Reference Count : 1]<UL><LI> startup_stm32f10x_hd.o(.text)
</UL>
<P><STRONG><a name="[211]"></a>_main_stk</STRONG> (Thumb, 0 bytes, Stack size unknown bytes, entry2.o(.ARM.Collect$$$$00000001))

<P><STRONG><a name="[4d]"></a>_main_scatterload</STRONG> (Thumb, 0 bytes, Stack size unknown bytes, entry5.o(.ARM.Collect$$$$00000004))
<BR><BR>[Calls]<UL><LI><a href="#[4e]">&gt;&gt;</a>&nbsp;&nbsp;&nbsp;__scatterload
</UL>

<P><STRONG><a name="[20e]"></a>__main_after_scatterload</STRONG> (Thumb, 0 bytes, Stack size unknown bytes, entry5.o(.ARM.Collect$$$$00000004))
<BR><BR>[Called By]<UL><LI><a href="#[4e]">&gt;&gt;</a>&nbsp;&nbsp;&nbsp;__scatterload
</UL>

<P><STRONG><a name="[212]"></a>_main_clock</STRONG> (Thumb, 0 bytes, Stack size unknown bytes, entry7b.o(.ARM.Collect$$$$00000008))

<P><STRONG><a name="[213]"></a>_main_cpp_init</STRONG> (Thumb, 0 bytes, Stack size unknown bytes, entry8b.o(.ARM.Collect$$$$0000000A))

<P><STRONG><a name="[214]"></a>_main_init</STRONG> (Thumb, 0 bytes, Stack size unknown bytes, entry9a.o(.ARM.Collect$$$$0000000B))

<P><STRONG><a name="[215]"></a>__rt_final_cpp</STRONG> (Thumb, 0 bytes, Stack size unknown bytes, entry10a.o(.ARM.Collect$$$$0000000D))

<P><STRONG><a name="[216]"></a>__rt_final_exit</STRONG> (Thumb, 0 bytes, Stack size unknown bytes, entry11a.o(.ARM.Collect$$$$0000000F))

<P><STRONG><a name="[0]"></a>Reset_Handler</STRONG> (Thumb, 8 bytes, Stack size 0 bytes, startup_stm32f10x_hd.o(.text))
<BR>[Address Reference Count : 1]<UL><LI> startup_stm32f10x_hd.o(RESET)
</UL>
<P><STRONG><a name="[1c]"></a>ADC1_2_IRQHandler</STRONG> (Thumb, 0 bytes, Stack size 0 bytes, startup_stm32f10x_hd.o(.text))
<BR><BR>[Calls]<UL><LI><a href="#[1c]">&gt;&gt;</a>&nbsp;&nbsp;&nbsp;ADC1_2_IRQHandler
</UL>
<BR>[Called By]<UL><LI><a href="#[1c]">&gt;&gt;</a>&nbsp;&nbsp;&nbsp;ADC1_2_IRQHandler
</UL>
<BR>[Address Reference Count : 1]<UL><LI> startup_stm32f10x_hd.o(RESET)
</UL>
<P><STRONG><a name="[39]"></a>ADC3_IRQHandler</STRONG> (Thumb, 0 bytes, Stack size 0 bytes, startup_stm32f10x_hd.o(.text))
<BR>[Address Reference Count : 1]<UL><LI> startup_stm32f10x_hd.o(RESET)
</UL>
<P><STRONG><a name="[1f]"></a>CAN1_RX1_IRQHandler</STRONG> (Thumb, 0 bytes, Stack size 0 bytes, startup_stm32f10x_hd.o(.text))
<BR>[Address Reference Count : 1]<UL><LI> startup_stm32f10x_hd.o(RESET)
</UL>
<P><STRONG><a name="[20]"></a>CAN1_SCE_IRQHandler</STRONG> (Thumb, 0 bytes, Stack size 0 bytes, startup_stm32f10x_hd.o(.text))
<BR>[Address Reference Count : 1]<UL><LI> startup_stm32f10x_hd.o(RESET)
</UL>
<P><STRONG><a name="[15]"></a>DMA1_Channel1_IRQHandler</STRONG> (Thumb, 0 bytes, Stack size 0 bytes, startup_stm32f10x_hd.o(.text))
<BR>[Address Reference Count : 1]<UL><LI> startup_stm32f10x_hd.o(RESET)
</UL>
<P><STRONG><a name="[16]"></a>DMA1_Channel2_IRQHandler</STRONG> (Thumb, 0 bytes, Stack size 0 bytes, startup_stm32f10x_hd.o(.text))
<BR>[Address Reference Count : 1]<UL><LI> startup_stm32f10x_hd.o(RESET)
</UL>
<P><STRONG><a name="[17]"></a>DMA1_Channel3_IRQHandler</STRONG> (Thumb, 0 bytes, Stack size 0 bytes, startup_stm32f10x_hd.o(.text))
<BR>[Address Reference Count : 1]<UL><LI> startup_stm32f10x_hd.o(RESET)
</UL>
<P><STRONG><a name="[18]"></a>DMA1_Channel4_IRQHandler</STRONG> (Thumb, 0 bytes, Stack size 0 bytes, startup_stm32f10x_hd.o(.text))
<BR>[Address Reference Count : 1]<UL><LI> startup_stm32f10x_hd.o(RESET)
</UL>
<P><STRONG><a name="[19]"></a>DMA1_Channel5_IRQHandler</STRONG> (Thumb, 0 bytes, Stack size 0 bytes, startup_stm32f10x_hd.o(.text))
<BR>[Address Reference Count : 1]<UL><LI> startup_stm32f10x_hd.o(RESET)
</UL>
<P><STRONG><a name="[1a]"></a>DMA1_Channel6_IRQHandler</STRONG> (Thumb, 0 bytes, Stack size 0 bytes, startup_stm32f10x_hd.o(.text))
<BR>[Address Reference Count : 1]<UL><LI> startup_stm32f10x_hd.o(RESET)
</UL>
<P><STRONG><a name="[1b]"></a>DMA1_Channel7_IRQHandler</STRONG> (Thumb, 0 bytes, Stack size 0 bytes, startup_stm32f10x_hd.o(.text))
<BR>[Address Reference Count : 1]<UL><LI> startup_stm32f10x_hd.o(RESET)
</UL>
<P><STRONG><a name="[42]"></a>DMA2_Channel1_IRQHandler</STRONG> (Thumb, 0 bytes, Stack size 0 bytes, startup_stm32f10x_hd.o(.text))
<BR>[Address Reference Count : 1]<UL><LI> startup_stm32f10x_hd.o(RESET)
</UL>
<P><STRONG><a name="[43]"></a>DMA2_Channel2_IRQHandler</STRONG> (Thumb, 0 bytes, Stack size 0 bytes, startup_stm32f10x_hd.o(.text))
<BR>[Address Reference Count : 1]<UL><LI> startup_stm32f10x_hd.o(RESET)
</UL>
<P><STRONG><a name="[44]"></a>DMA2_Channel3_IRQHandler</STRONG> (Thumb, 0 bytes, Stack size 0 bytes, startup_stm32f10x_hd.o(.text))
<BR>[Address Reference Count : 1]<UL><LI> startup_stm32f10x_hd.o(RESET)
</UL>
<P><STRONG><a name="[45]"></a>DMA2_Channel4_5_IRQHandler</STRONG> (Thumb, 0 bytes, Stack size 0 bytes, startup_stm32f10x_hd.o(.text))
<BR>[Address Reference Count : 1]<UL><LI> startup_stm32f10x_hd.o(RESET)
</UL>
<P><STRONG><a name="[10]"></a>EXTI0_IRQHandler</STRONG> (Thumb, 0 bytes, Stack size 0 bytes, startup_stm32f10x_hd.o(.text))
<BR>[Address Reference Count : 1]<UL><LI> startup_stm32f10x_hd.o(RESET)
</UL>
<P><STRONG><a name="[32]"></a>EXTI15_10_IRQHandler</STRONG> (Thumb, 0 bytes, Stack size 0 bytes, startup_stm32f10x_hd.o(.text))
<BR>[Address Reference Count : 1]<UL><LI> startup_stm32f10x_hd.o(RESET)
</UL>
<P><STRONG><a name="[11]"></a>EXTI1_IRQHandler</STRONG> (Thumb, 0 bytes, Stack size 0 bytes, startup_stm32f10x_hd.o(.text))
<BR>[Address Reference Count : 1]<UL><LI> startup_stm32f10x_hd.o(RESET)
</UL>
<P><STRONG><a name="[12]"></a>EXTI2_IRQHandler</STRONG> (Thumb, 0 bytes, Stack size 0 bytes, startup_stm32f10x_hd.o(.text))
<BR>[Address Reference Count : 1]<UL><LI> startup_stm32f10x_hd.o(RESET)
</UL>
<P><STRONG><a name="[13]"></a>EXTI3_IRQHandler</STRONG> (Thumb, 0 bytes, Stack size 0 bytes, startup_stm32f10x_hd.o(.text))
<BR>[Address Reference Count : 1]<UL><LI> startup_stm32f10x_hd.o(RESET)
</UL>
<P><STRONG><a name="[14]"></a>EXTI4_IRQHandler</STRONG> (Thumb, 0 bytes, Stack size 0 bytes, startup_stm32f10x_hd.o(.text))
<BR>[Address Reference Count : 1]<UL><LI> startup_stm32f10x_hd.o(RESET)
</UL>
<P><STRONG><a name="[21]"></a>EXTI9_5_IRQHandler</STRONG> (Thumb, 0 bytes, Stack size 0 bytes, startup_stm32f10x_hd.o(.text))
<BR>[Address Reference Count : 1]<UL><LI> startup_stm32f10x_hd.o(RESET)
</UL>
<P><STRONG><a name="[e]"></a>FLASH_IRQHandler</STRONG> (Thumb, 0 bytes, Stack size 0 bytes, startup_stm32f10x_hd.o(.text))
<BR>[Address Reference Count : 1]<UL><LI> startup_stm32f10x_hd.o(RESET)
</UL>
<P><STRONG><a name="[3a]"></a>FSMC_IRQHandler</STRONG> (Thumb, 0 bytes, Stack size 0 bytes, startup_stm32f10x_hd.o(.text))
<BR>[Address Reference Count : 1]<UL><LI> startup_stm32f10x_hd.o(RESET)
</UL>
<P><STRONG><a name="[2a]"></a>I2C1_ER_IRQHandler</STRONG> (Thumb, 0 bytes, Stack size 0 bytes, startup_stm32f10x_hd.o(.text))
<BR>[Address Reference Count : 1]<UL><LI> startup_stm32f10x_hd.o(RESET)
</UL>
<P><STRONG><a name="[29]"></a>I2C1_EV_IRQHandler</STRONG> (Thumb, 0 bytes, Stack size 0 bytes, startup_stm32f10x_hd.o(.text))
<BR>[Address Reference Count : 1]<UL><LI> startup_stm32f10x_hd.o(RESET)
</UL>
<P><STRONG><a name="[2c]"></a>I2C2_ER_IRQHandler</STRONG> (Thumb, 0 bytes, Stack size 0 bytes, startup_stm32f10x_hd.o(.text))
<BR>[Address Reference Count : 1]<UL><LI> startup_stm32f10x_hd.o(RESET)
</UL>
<P><STRONG><a name="[2b]"></a>I2C2_EV_IRQHandler</STRONG> (Thumb, 0 bytes, Stack size 0 bytes, startup_stm32f10x_hd.o(.text))
<BR>[Address Reference Count : 1]<UL><LI> startup_stm32f10x_hd.o(RESET)
</UL>
<P><STRONG><a name="[b]"></a>PVD_IRQHandler</STRONG> (Thumb, 0 bytes, Stack size 0 bytes, startup_stm32f10x_hd.o(.text))
<BR>[Address Reference Count : 1]<UL><LI> startup_stm32f10x_hd.o(RESET)
</UL>
<P><STRONG><a name="[f]"></a>RCC_IRQHandler</STRONG> (Thumb, 0 bytes, Stack size 0 bytes, startup_stm32f10x_hd.o(.text))
<BR>[Address Reference Count : 1]<UL><LI> startup_stm32f10x_hd.o(RESET)
</UL>
<P><STRONG><a name="[33]"></a>RTCAlarm_IRQHandler</STRONG> (Thumb, 0 bytes, Stack size 0 bytes, startup_stm32f10x_hd.o(.text))
<BR>[Address Reference Count : 1]<UL><LI> startup_stm32f10x_hd.o(RESET)
</UL>
<P><STRONG><a name="[d]"></a>RTC_IRQHandler</STRONG> (Thumb, 0 bytes, Stack size 0 bytes, startup_stm32f10x_hd.o(.text))
<BR>[Address Reference Count : 1]<UL><LI> startup_stm32f10x_hd.o(RESET)
</UL>
<P><STRONG><a name="[3b]"></a>SDIO_IRQHandler</STRONG> (Thumb, 0 bytes, Stack size 0 bytes, startup_stm32f10x_hd.o(.text))
<BR>[Address Reference Count : 1]<UL><LI> startup_stm32f10x_hd.o(RESET)
</UL>
<P><STRONG><a name="[2d]"></a>SPI1_IRQHandler</STRONG> (Thumb, 0 bytes, Stack size 0 bytes, startup_stm32f10x_hd.o(.text))
<BR>[Address Reference Count : 1]<UL><LI> startup_stm32f10x_hd.o(RESET)
</UL>
<P><STRONG><a name="[2e]"></a>SPI2_IRQHandler</STRONG> (Thumb, 0 bytes, Stack size 0 bytes, startup_stm32f10x_hd.o(.text))
<BR>[Address Reference Count : 1]<UL><LI> startup_stm32f10x_hd.o(RESET)
</UL>
<P><STRONG><a name="[3d]"></a>SPI3_IRQHandler</STRONG> (Thumb, 0 bytes, Stack size 0 bytes, startup_stm32f10x_hd.o(.text))
<BR>[Address Reference Count : 1]<UL><LI> startup_stm32f10x_hd.o(RESET)
</UL>
<P><STRONG><a name="[c]"></a>TAMPER_IRQHandler</STRONG> (Thumb, 0 bytes, Stack size 0 bytes, startup_stm32f10x_hd.o(.text))
<BR>[Address Reference Count : 1]<UL><LI> startup_stm32f10x_hd.o(RESET)
</UL>
<P><STRONG><a name="[22]"></a>TIM1_BRK_IRQHandler</STRONG> (Thumb, 0 bytes, Stack size 0 bytes, startup_stm32f10x_hd.o(.text))
<BR>[Address Reference Count : 1]<UL><LI> startup_stm32f10x_hd.o(RESET)
</UL>
<P><STRONG><a name="[25]"></a>TIM1_CC_IRQHandler</STRONG> (Thumb, 0 bytes, Stack size 0 bytes, startup_stm32f10x_hd.o(.text))
<BR>[Address Reference Count : 1]<UL><LI> startup_stm32f10x_hd.o(RESET)
</UL>
<P><STRONG><a name="[24]"></a>TIM1_TRG_COM_IRQHandler</STRONG> (Thumb, 0 bytes, Stack size 0 bytes, startup_stm32f10x_hd.o(.text))
<BR>[Address Reference Count : 1]<UL><LI> startup_stm32f10x_hd.o(RESET)
</UL>
<P><STRONG><a name="[23]"></a>TIM1_UP_IRQHandler</STRONG> (Thumb, 0 bytes, Stack size 0 bytes, startup_stm32f10x_hd.o(.text))
<BR>[Address Reference Count : 1]<UL><LI> startup_stm32f10x_hd.o(RESET)
</UL>
<P><STRONG><a name="[26]"></a>TIM2_IRQHandler</STRONG> (Thumb, 0 bytes, Stack size 0 bytes, startup_stm32f10x_hd.o(.text))
<BR>[Address Reference Count : 1]<UL><LI> startup_stm32f10x_hd.o(RESET)
</UL>
<P><STRONG><a name="[27]"></a>TIM3_IRQHandler</STRONG> (Thumb, 0 bytes, Stack size 0 bytes, startup_stm32f10x_hd.o(.text))
<BR>[Address Reference Count : 1]<UL><LI> startup_stm32f10x_hd.o(RESET)
</UL>
<P><STRONG><a name="[28]"></a>TIM4_IRQHandler</STRONG> (Thumb, 0 bytes, Stack size 0 bytes, startup_stm32f10x_hd.o(.text))
<BR>[Address Reference Count : 1]<UL><LI> startup_stm32f10x_hd.o(RESET)
</UL>
<P><STRONG><a name="[3c]"></a>TIM5_IRQHandler</STRONG> (Thumb, 0 bytes, Stack size 0 bytes, startup_stm32f10x_hd.o(.text))
<BR>[Address Reference Count : 1]<UL><LI> startup_stm32f10x_hd.o(RESET)
</UL>
<P><STRONG><a name="[40]"></a>TIM6_IRQHandler</STRONG> (Thumb, 0 bytes, Stack size 0 bytes, startup_stm32f10x_hd.o(.text))
<BR>[Address Reference Count : 1]<UL><LI> startup_stm32f10x_hd.o(RESET)
</UL>
<P><STRONG><a name="[41]"></a>TIM7_IRQHandler</STRONG> (Thumb, 0 bytes, Stack size 0 bytes, startup_stm32f10x_hd.o(.text))
<BR>[Address Reference Count : 1]<UL><LI> startup_stm32f10x_hd.o(RESET)
</UL>
<P><STRONG><a name="[35]"></a>TIM8_BRK_IRQHandler</STRONG> (Thumb, 0 bytes, Stack size 0 bytes, startup_stm32f10x_hd.o(.text))
<BR>[Address Reference Count : 1]<UL><LI> startup_stm32f10x_hd.o(RESET)
</UL>
<P><STRONG><a name="[38]"></a>TIM8_CC_IRQHandler</STRONG> (Thumb, 0 bytes, Stack size 0 bytes, startup_stm32f10x_hd.o(.text))
<BR>[Address Reference Count : 1]<UL><LI> startup_stm32f10x_hd.o(RESET)
</UL>
<P><STRONG><a name="[37]"></a>TIM8_TRG_COM_IRQHandler</STRONG> (Thumb, 0 bytes, Stack size 0 bytes, startup_stm32f10x_hd.o(.text))
<BR>[Address Reference Count : 1]<UL><LI> startup_stm32f10x_hd.o(RESET)
</UL>
<P><STRONG><a name="[36]"></a>TIM8_UP_IRQHandler</STRONG> (Thumb, 0 bytes, Stack size 0 bytes, startup_stm32f10x_hd.o(.text))
<BR>[Address Reference Count : 1]<UL><LI> startup_stm32f10x_hd.o(RESET)
</UL>
<P><STRONG><a name="[3e]"></a>UART4_IRQHandler</STRONG> (Thumb, 0 bytes, Stack size 0 bytes, startup_stm32f10x_hd.o(.text))
<BR>[Address Reference Count : 1]<UL><LI> startup_stm32f10x_hd.o(RESET)
</UL>
<P><STRONG><a name="[3f]"></a>UART5_IRQHandler</STRONG> (Thumb, 0 bytes, Stack size 0 bytes, startup_stm32f10x_hd.o(.text))
<BR>[Address Reference Count : 1]<UL><LI> startup_stm32f10x_hd.o(RESET)
</UL>
<P><STRONG><a name="[30]"></a>USART2_IRQHandler</STRONG> (Thumb, 0 bytes, Stack size 0 bytes, startup_stm32f10x_hd.o(.text))
<BR>[Address Reference Count : 1]<UL><LI> startup_stm32f10x_hd.o(RESET)
</UL>
<P><STRONG><a name="[31]"></a>USART3_IRQHandler</STRONG> (Thumb, 0 bytes, Stack size 0 bytes, startup_stm32f10x_hd.o(.text))
<BR>[Address Reference Count : 1]<UL><LI> startup_stm32f10x_hd.o(RESET)
</UL>
<P><STRONG><a name="[34]"></a>USBWakeUp_IRQHandler</STRONG> (Thumb, 0 bytes, Stack size 0 bytes, startup_stm32f10x_hd.o(.text))
<BR>[Address Reference Count : 1]<UL><LI> startup_stm32f10x_hd.o(RESET)
</UL>
<P><STRONG><a name="[1d]"></a>USB_HP_CAN1_TX_IRQHandler</STRONG> (Thumb, 0 bytes, Stack size 0 bytes, startup_stm32f10x_hd.o(.text))
<BR>[Address Reference Count : 1]<UL><LI> startup_stm32f10x_hd.o(RESET)
</UL>
<P><STRONG><a name="[1e]"></a>USB_LP_CAN1_RX0_IRQHandler</STRONG> (Thumb, 0 bytes, Stack size 0 bytes, startup_stm32f10x_hd.o(.text))
<BR>[Address Reference Count : 1]<UL><LI> startup_stm32f10x_hd.o(RESET)
</UL>
<P><STRONG><a name="[a]"></a>WWDG_IRQHandler</STRONG> (Thumb, 0 bytes, Stack size 0 bytes, startup_stm32f10x_hd.o(.text))
<BR>[Address Reference Count : 1]<UL><LI> startup_stm32f10x_hd.o(RESET)
</UL>
<P><STRONG><a name="[47]"></a>SystemInit</STRONG> (Thumb, 78 bytes, Stack size 8 bytes, system_stm32f10x.o(.text))
<BR><BR>[Stack]<UL><LI>Max Depth = 28<LI>Call Chain = SystemInit &rArr; SetSysClock &rArr; SetSysClockTo72
</UL>
<BR>[Calls]<UL><LI><a href="#[4f]">&gt;&gt;</a>&nbsp;&nbsp;&nbsp;SetSysClock
</UL>
<BR>[Address Reference Count : 1]<UL><LI> startup_stm32f10x_hd.o(.text)
</UL>
<P><STRONG><a name="[217]"></a>SystemCoreClockUpdate</STRONG> (Thumb, 142 bytes, Stack size 8 bytes, system_stm32f10x.o(.text), UNUSED)

<P><STRONG><a name="[63]"></a>test_task1</STRONG> (Thumb, 18 bytes, Stack size 0 bytes, main.o(.text))
<BR><BR>[Stack]<UL><LI>Max Depth = 88 + Unknown Stack Size
<LI>Call Chain = test_task1 &rArr; tos_task_delay &rArr; tick_list_add &rArr; tick_task_place &rArr; tos_list_add_tail
</UL>
<BR>[Calls]<UL><LI><a href="#[64]">&gt;&gt;</a>&nbsp;&nbsp;&nbsp;tos_task_delay
<LI><a href="#[61]">&gt;&gt;</a>&nbsp;&nbsp;&nbsp;__2printf
</UL>
<BR>[Address Reference Count : 1]<UL><LI> main.o(.text)
</UL>
<P><STRONG><a name="[65]"></a>test_task2</STRONG> (Thumb, 128 bytes, Stack size 0 bytes, main.o(.text))
<BR><BR>[Stack]<UL><LI>Max Depth = 136 + Unknown Stack Size
<LI>Call Chain = test_task2 &rArr; tos_task_destroy &rArr; task_destroy_static &rArr; task_do_destroy &rArr; task_mutex_release &rArr; mutex_release &rArr; mutex_old_owner_release &rArr; tos_task_prio_change &rArr; readyqueue_remove &rArr; readyqueue_prio_highest_get &rArr; tos_cpu_clz
</UL>
<BR>[Calls]<UL><LI><a href="#[66]">&gt;&gt;</a>&nbsp;&nbsp;&nbsp;tos_task_suspend
<LI><a href="#[67]">&gt;&gt;</a>&nbsp;&nbsp;&nbsp;tos_task_resume
<LI><a href="#[68]">&gt;&gt;</a>&nbsp;&nbsp;&nbsp;tos_task_destroy
<LI><a href="#[64]">&gt;&gt;</a>&nbsp;&nbsp;&nbsp;tos_task_delay
<LI><a href="#[61]">&gt;&gt;</a>&nbsp;&nbsp;&nbsp;__2printf
</UL>
<BR>[Address Reference Count : 1]<UL><LI> main.o(.text)
</UL>
<P><STRONG><a name="[46]"></a>main</STRONG> (Thumb, 134 bytes, Stack size 24 bytes, main.o(.text))
<BR><BR>[Stack]<UL><LI>Max Depth = 144 + Unknown Stack Size
<LI>Call Chain = main &rArr; tos_knl_init &rArr; mmheap_init_with_pool &rArr; tos_mmheap_pool_add &rArr; blk_insert &rArr; mapping_insert &rArr; __fls &rArr; generic_fls &rArr; tos_cpu_clz
</UL>
<BR>[Calls]<UL><LI><a href="#[6c]">&gt;&gt;</a>&nbsp;&nbsp;&nbsp;tos_task_create
<LI><a href="#[6b]">&gt;&gt;</a>&nbsp;&nbsp;&nbsp;tos_robin_default_timeslice_config
<LI><a href="#[6d]">&gt;&gt;</a>&nbsp;&nbsp;&nbsp;tos_knl_start
<LI><a href="#[6a]">&gt;&gt;</a>&nbsp;&nbsp;&nbsp;tos_knl_init
<LI><a href="#[69]">&gt;&gt;</a>&nbsp;&nbsp;&nbsp;USART_Config
<LI><a href="#[61]">&gt;&gt;</a>&nbsp;&nbsp;&nbsp;__2printf
</UL>
<BR>[Address Reference Count : 1]<UL><LI> entry9a.o(.ARM.Collect$$$$0000000B)
</UL>
<P><STRONG><a name="[1]"></a>NMI_Handler</STRONG> (Thumb, 2 bytes, Stack size 0 bytes, stm32f10x_it.o(.text))
<BR>[Address Reference Count : 1]<UL><LI> startup_stm32f10x_hd.o(RESET)
</UL>
<P><STRONG><a name="[2]"></a>HardFault_Handler</STRONG> (Thumb, 4 bytes, Stack size 0 bytes, stm32f10x_it.o(.text))
<BR>[Address Reference Count : 1]<UL><LI> startup_stm32f10x_hd.o(RESET)
</UL>
<P><STRONG><a name="[3]"></a>MemManage_Handler</STRONG> (Thumb, 4 bytes, Stack size 0 bytes, stm32f10x_it.o(.text))
<BR>[Address Reference Count : 1]<UL><LI> startup_stm32f10x_hd.o(RESET)
</UL>
<P><STRONG><a name="[4]"></a>BusFault_Handler</STRONG> (Thumb, 4 bytes, Stack size 0 bytes, stm32f10x_it.o(.text))
<BR>[Address Reference Count : 1]<UL><LI> startup_stm32f10x_hd.o(RESET)
</UL>
<P><STRONG><a name="[5]"></a>UsageFault_Handler</STRONG> (Thumb, 4 bytes, Stack size 0 bytes, stm32f10x_it.o(.text))
<BR>[Address Reference Count : 1]<UL><LI> startup_stm32f10x_hd.o(RESET)
</UL>
<P><STRONG><a name="[6]"></a>SVC_Handler</STRONG> (Thumb, 2 bytes, Stack size 0 bytes, stm32f10x_it.o(.text))
<BR>[Address Reference Count : 1]<UL><LI> startup_stm32f10x_hd.o(RESET)
</UL>
<P><STRONG><a name="[7]"></a>DebugMon_Handler</STRONG> (Thumb, 2 bytes, Stack size 0 bytes, stm32f10x_it.o(.text))
<BR>[Address Reference Count : 1]<UL><LI> startup_stm32f10x_hd.o(RESET)
</UL>
<P><STRONG><a name="[9]"></a>SysTick_Handler</STRONG> (Thumb, 22 bytes, Stack size 8 bytes, stm32f10x_it.o(.text))
<BR><BR>[Stack]<UL><LI>Max Depth = 104 + Unknown Stack Size
<LI>Call Chain = SysTick_Handler &rArr; tos_tick_handler &rArr; tick_update &rArr; pend_task_wakeup &rArr; readyqueue_add &rArr; readyqueue_add_tail &rArr; tos_list_add_tail
</UL>
<BR>[Calls]<UL><LI><a href="#[80]">&gt;&gt;</a>&nbsp;&nbsp;&nbsp;tos_tick_handler
<LI><a href="#[7e]">&gt;&gt;</a>&nbsp;&nbsp;&nbsp;tos_knl_is_running
<LI><a href="#[81]">&gt;&gt;</a>&nbsp;&nbsp;&nbsp;tos_knl_irq_leave
<LI><a href="#[7f]">&gt;&gt;</a>&nbsp;&nbsp;&nbsp;tos_knl_irq_enter
</UL>
<BR>[Address Reference Count : 1]<UL><LI> startup_stm32f10x_hd.o(RESET)
</UL>
<P><STRONG><a name="[2f]"></a>USART1_IRQHandler</STRONG> (Thumb, 32 bytes, Stack size 8 bytes, stm32f10x_it.o(.text))
<BR><BR>[Stack]<UL><LI>Max Depth = 24<LI>Call Chain = USART1_IRQHandler &rArr; USART_GetITStatus
</UL>
<BR>[Calls]<UL><LI><a href="#[84]">&gt;&gt;</a>&nbsp;&nbsp;&nbsp;USART_SendData
<LI><a href="#[83]">&gt;&gt;</a>&nbsp;&nbsp;&nbsp;USART_ReceiveData
<LI><a href="#[82]">&gt;&gt;</a>&nbsp;&nbsp;&nbsp;USART_GetITStatus
</UL>
<BR>[Address Reference Count : 1]<UL><LI> startup_stm32f10x_hd.o(RESET)
</UL>
<P><STRONG><a name="[69]"></a>USART_Config</STRONG> (Thumb, 136 bytes, Stack size 24 bytes, bsp_usart.o(.text))
<BR><BR>[Stack]<UL><LI>Max Depth = 92<LI>Call Chain = USART_Config &rArr; USART_Init &rArr; RCC_GetClocksFreq
</UL>
<BR>[Calls]<UL><LI><a href="#[8a]">&gt;&gt;</a>&nbsp;&nbsp;&nbsp;USART_Init
<LI><a href="#[8b]">&gt;&gt;</a>&nbsp;&nbsp;&nbsp;USART_ITConfig
<LI><a href="#[8c]">&gt;&gt;</a>&nbsp;&nbsp;&nbsp;USART_Cmd
<LI><a href="#[88]">&gt;&gt;</a>&nbsp;&nbsp;&nbsp;RCC_APB2PeriphClockCmd
<LI><a href="#[89]">&gt;&gt;</a>&nbsp;&nbsp;&nbsp;GPIO_Init
<LI><a href="#[85]">&gt;&gt;</a>&nbsp;&nbsp;&nbsp;NVIC_Configuration
</UL>
<BR>[Called By]<UL><LI><a href="#[46]">&gt;&gt;</a>&nbsp;&nbsp;&nbsp;main
</UL>

<P><STRONG><a name="[8d]"></a>Usart_SendByte</STRONG> (Thumb, 30 bytes, Stack size 16 bytes, bsp_usart.o(.text), UNUSED)
<BR><BR>[Calls]<UL><LI><a href="#[8e]">&gt;&gt;</a>&nbsp;&nbsp;&nbsp;USART_GetFlagStatus
<LI><a href="#[84]">&gt;&gt;</a>&nbsp;&nbsp;&nbsp;USART_SendData
</UL>
<BR>[Called By]<UL><LI><a href="#[90]">&gt;&gt;</a>&nbsp;&nbsp;&nbsp;Usart_SendString
<LI><a href="#[8f]">&gt;&gt;</a>&nbsp;&nbsp;&nbsp;Usart_SendArray
</UL>

<P><STRONG><a name="[8f]"></a>Usart_SendArray</STRONG> (Thumb, 48 bytes, Stack size 24 bytes, bsp_usart.o(.text), UNUSED)
<BR><BR>[Calls]<UL><LI><a href="#[8e]">&gt;&gt;</a>&nbsp;&nbsp;&nbsp;USART_GetFlagStatus
<LI><a href="#[8d]">&gt;&gt;</a>&nbsp;&nbsp;&nbsp;Usart_SendByte
</UL>

<P><STRONG><a name="[90]"></a>Usart_SendString</STRONG> (Thumb, 42 bytes, Stack size 16 bytes, bsp_usart.o(.text), UNUSED)
<BR><BR>[Calls]<UL><LI><a href="#[8e]">&gt;&gt;</a>&nbsp;&nbsp;&nbsp;USART_GetFlagStatus
<LI><a href="#[8d]">&gt;&gt;</a>&nbsp;&nbsp;&nbsp;Usart_SendByte
</UL>

<P><STRONG><a name="[91]"></a>Usart_SendHalfWord</STRONG> (Thumb, 60 bytes, Stack size 24 bytes, bsp_usart.o(.text), UNUSED)
<BR><BR>[Calls]<UL><LI><a href="#[8e]">&gt;&gt;</a>&nbsp;&nbsp;&nbsp;USART_GetFlagStatus
<LI><a href="#[84]">&gt;&gt;</a>&nbsp;&nbsp;&nbsp;USART_SendData
</UL>

<P><STRONG><a name="[4c]"></a>fputc</STRONG> (Thumb, 32 bytes, Stack size 16 bytes, bsp_usart.o(.text))
<BR><BR>[Stack]<UL><LI>Max Depth = 16<LI>Call Chain = fputc
</UL>
<BR>[Calls]<UL><LI><a href="#[8e]">&gt;&gt;</a>&nbsp;&nbsp;&nbsp;USART_GetFlagStatus
<LI><a href="#[84]">&gt;&gt;</a>&nbsp;&nbsp;&nbsp;USART_SendData
</UL>
<BR>[Address Reference Count : 1]<UL><LI> printf5.o(i.__0printf$5)
</UL>
<P><STRONG><a name="[92]"></a>fgetc</STRONG> (Thumb, 26 bytes, Stack size 8 bytes, bsp_usart.o(.text), UNUSED)
<BR><BR>[Calls]<UL><LI><a href="#[8e]">&gt;&gt;</a>&nbsp;&nbsp;&nbsp;USART_GetFlagStatus
<LI><a href="#[83]">&gt;&gt;</a>&nbsp;&nbsp;&nbsp;USART_ReceiveData
</UL>

<P><STRONG><a name="[86]"></a>NVIC_PriorityGroupConfig</STRONG> (Thumb, 10 bytes, Stack size 0 bytes, misc.o(.text))
<BR><BR>[Called By]<UL><LI><a href="#[85]">&gt;&gt;</a>&nbsp;&nbsp;&nbsp;NVIC_Configuration
</UL>

<P><STRONG><a name="[87]"></a>NVIC_Init</STRONG> (Thumb, 100 bytes, Stack size 16 bytes, misc.o(.text))
<BR><BR>[Stack]<UL><LI>Max Depth = 16<LI>Call Chain = NVIC_Init
</UL>
<BR>[Called By]<UL><LI><a href="#[85]">&gt;&gt;</a>&nbsp;&nbsp;&nbsp;NVIC_Configuration
</UL>

<P><STRONG><a name="[218]"></a>NVIC_SetVectorTable</STRONG> (Thumb, 14 bytes, Stack size 0 bytes, misc.o(.text), UNUSED)

<P><STRONG><a name="[219]"></a>NVIC_SystemLPConfig</STRONG> (Thumb, 34 bytes, Stack size 0 bytes, misc.o(.text), UNUSED)

<P><STRONG><a name="[21a]"></a>SysTick_CLKSourceConfig</STRONG> (Thumb, 40 bytes, Stack size 0 bytes, misc.o(.text), UNUSED)

<P><STRONG><a name="[93]"></a>GPIO_DeInit</STRONG> (Thumb, 172 bytes, Stack size 8 bytes, stm32f10x_gpio.o(.text), UNUSED)
<BR><BR>[Calls]<UL><LI><a href="#[94]">&gt;&gt;</a>&nbsp;&nbsp;&nbsp;RCC_APB2PeriphResetCmd
</UL>

<P><STRONG><a name="[95]"></a>GPIO_AFIODeInit</STRONG> (Thumb, 20 bytes, Stack size 8 bytes, stm32f10x_gpio.o(.text), UNUSED)
<BR><BR>[Calls]<UL><LI><a href="#[94]">&gt;&gt;</a>&nbsp;&nbsp;&nbsp;RCC_APB2PeriphResetCmd
</UL>

<P><STRONG><a name="[89]"></a>GPIO_Init</STRONG> (Thumb, 278 bytes, Stack size 24 bytes, stm32f10x_gpio.o(.text))
<BR><BR>[Stack]<UL><LI>Max Depth = 24<LI>Call Chain = GPIO_Init
</UL>
<BR>[Called By]<UL><LI><a href="#[69]">&gt;&gt;</a>&nbsp;&nbsp;&nbsp;USART_Config
</UL>

<P><STRONG><a name="[21b]"></a>GPIO_StructInit</STRONG> (Thumb, 16 bytes, Stack size 0 bytes, stm32f10x_gpio.o(.text), UNUSED)

<P><STRONG><a name="[21c]"></a>GPIO_ReadInputDataBit</STRONG> (Thumb, 18 bytes, Stack size 0 bytes, stm32f10x_gpio.o(.text), UNUSED)

<P><STRONG><a name="[21d]"></a>GPIO_ReadInputData</STRONG> (Thumb, 8 bytes, Stack size 0 bytes, stm32f10x_gpio.o(.text), UNUSED)

<P><STRONG><a name="[21e]"></a>GPIO_ReadOutputDataBit</STRONG> (Thumb, 18 bytes, Stack size 0 bytes, stm32f10x_gpio.o(.text), UNUSED)

<P><STRONG><a name="[21f]"></a>GPIO_ReadOutputData</STRONG> (Thumb, 8 bytes, Stack size 0 bytes, stm32f10x_gpio.o(.text), UNUSED)

<P><STRONG><a name="[220]"></a>GPIO_SetBits</STRONG> (Thumb, 4 bytes, Stack size 0 bytes, stm32f10x_gpio.o(.text), UNUSED)

<P><STRONG><a name="[221]"></a>GPIO_ResetBits</STRONG> (Thumb, 4 bytes, Stack size 0 bytes, stm32f10x_gpio.o(.text), UNUSED)

<P><STRONG><a name="[222]"></a>GPIO_WriteBit</STRONG> (Thumb, 10 bytes, Stack size 0 bytes, stm32f10x_gpio.o(.text), UNUSED)

<P><STRONG><a name="[223]"></a>GPIO_Write</STRONG> (Thumb, 4 bytes, Stack size 0 bytes, stm32f10x_gpio.o(.text), UNUSED)

<P><STRONG><a name="[224]"></a>GPIO_PinLockConfig</STRONG> (Thumb, 18 bytes, Stack size 0 bytes, stm32f10x_gpio.o(.text), UNUSED)

<P><STRONG><a name="[225]"></a>GPIO_EventOutputConfig</STRONG> (Thumb, 26 bytes, Stack size 0 bytes, stm32f10x_gpio.o(.text), UNUSED)

<P><STRONG><a name="[226]"></a>GPIO_EventOutputCmd</STRONG> (Thumb, 6 bytes, Stack size 0 bytes, stm32f10x_gpio.o(.text), UNUSED)

<P><STRONG><a name="[227]"></a>GPIO_PinRemapConfig</STRONG> (Thumb, 138 bytes, Stack size 20 bytes, stm32f10x_gpio.o(.text), UNUSED)

<P><STRONG><a name="[228]"></a>GPIO_EXTILineConfig</STRONG> (Thumb, 66 bytes, Stack size 12 bytes, stm32f10x_gpio.o(.text), UNUSED)

<P><STRONG><a name="[229]"></a>GPIO_ETH_MediaInterfaceConfig</STRONG> (Thumb, 8 bytes, Stack size 0 bytes, stm32f10x_gpio.o(.text), UNUSED)

<P><STRONG><a name="[22a]"></a>RCC_DeInit</STRONG> (Thumb, 64 bytes, Stack size 0 bytes, stm32f10x_rcc.o(.text), UNUSED)

<P><STRONG><a name="[22b]"></a>RCC_HSEConfig</STRONG> (Thumb, 70 bytes, Stack size 0 bytes, stm32f10x_rcc.o(.text), UNUSED)

<P><STRONG><a name="[97]"></a>RCC_GetFlagStatus</STRONG> (Thumb, 56 bytes, Stack size 8 bytes, stm32f10x_rcc.o(.text), UNUSED)
<BR><BR>[Called By]<UL><LI><a href="#[96]">&gt;&gt;</a>&nbsp;&nbsp;&nbsp;RCC_WaitForHSEStartUp
</UL>

<P><STRONG><a name="[96]"></a>RCC_WaitForHSEStartUp</STRONG> (Thumb, 56 bytes, Stack size 16 bytes, stm32f10x_rcc.o(.text), UNUSED)
<BR><BR>[Calls]<UL><LI><a href="#[97]">&gt;&gt;</a>&nbsp;&nbsp;&nbsp;RCC_GetFlagStatus
</UL>

<P><STRONG><a name="[22c]"></a>RCC_AdjustHSICalibrationValue</STRONG> (Thumb, 20 bytes, Stack size 0 bytes, stm32f10x_rcc.o(.text), UNUSED)

<P><STRONG><a name="[22d]"></a>RCC_HSICmd</STRONG> (Thumb, 6 bytes, Stack size 0 bytes, stm32f10x_rcc.o(.text), UNUSED)

<P><STRONG><a name="[22e]"></a>RCC_PLLConfig</STRONG> (Thumb, 24 bytes, Stack size 0 bytes, stm32f10x_rcc.o(.text), UNUSED)

<P><STRONG><a name="[22f]"></a>RCC_PLLCmd</STRONG> (Thumb, 6 bytes, Stack size 0 bytes, stm32f10x_rcc.o(.text), UNUSED)

<P><STRONG><a name="[230]"></a>RCC_SYSCLKConfig</STRONG> (Thumb, 18 bytes, Stack size 0 bytes, stm32f10x_rcc.o(.text), UNUSED)

<P><STRONG><a name="[231]"></a>RCC_GetSYSCLKSource</STRONG> (Thumb, 10 bytes, Stack size 0 bytes, stm32f10x_rcc.o(.text), UNUSED)

<P><STRONG><a name="[232]"></a>RCC_HCLKConfig</STRONG> (Thumb, 18 bytes, Stack size 0 bytes, stm32f10x_rcc.o(.text), UNUSED)

<P><STRONG><a name="[233]"></a>RCC_PCLK1Config</STRONG> (Thumb, 18 bytes, Stack size 0 bytes, stm32f10x_rcc.o(.text), UNUSED)

<P><STRONG><a name="[234]"></a>RCC_PCLK2Config</STRONG> (Thumb, 20 bytes, Stack size 0 bytes, stm32f10x_rcc.o(.text), UNUSED)

<P><STRONG><a name="[235]"></a>RCC_ITConfig</STRONG> (Thumb, 26 bytes, Stack size 0 bytes, stm32f10x_rcc.o(.text), UNUSED)

<P><STRONG><a name="[236]"></a>RCC_USBCLKConfig</STRONG> (Thumb, 8 bytes, Stack size 0 bytes, stm32f10x_rcc.o(.text), UNUSED)

<P><STRONG><a name="[237]"></a>RCC_ADCCLKConfig</STRONG> (Thumb, 18 bytes, Stack size 0 bytes, stm32f10x_rcc.o(.text), UNUSED)

<P><STRONG><a name="[238]"></a>RCC_LSEConfig</STRONG> (Thumb, 50 bytes, Stack size 0 bytes, stm32f10x_rcc.o(.text), UNUSED)

<P><STRONG><a name="[239]"></a>RCC_LSICmd</STRONG> (Thumb, 6 bytes, Stack size 0 bytes, stm32f10x_rcc.o(.text), UNUSED)

<P><STRONG><a name="[23a]"></a>RCC_RTCCLKConfig</STRONG> (Thumb, 12 bytes, Stack size 0 bytes, stm32f10x_rcc.o(.text), UNUSED)

<P><STRONG><a name="[23b]"></a>RCC_RTCCLKCmd</STRONG> (Thumb, 8 bytes, Stack size 0 bytes, stm32f10x_rcc.o(.text), UNUSED)

<P><STRONG><a name="[9a]"></a>RCC_GetClocksFreq</STRONG> (Thumb, 192 bytes, Stack size 12 bytes, stm32f10x_rcc.o(.text))
<BR><BR>[Stack]<UL><LI>Max Depth = 12<LI>Call Chain = RCC_GetClocksFreq
</UL>
<BR>[Called By]<UL><LI><a href="#[8a]">&gt;&gt;</a>&nbsp;&nbsp;&nbsp;USART_Init
</UL>

<P><STRONG><a name="[23c]"></a>RCC_AHBPeriphClockCmd</STRONG> (Thumb, 26 bytes, Stack size 0 bytes, stm32f10x_rcc.o(.text), UNUSED)

<P><STRONG><a name="[88]"></a>RCC_APB2PeriphClockCmd</STRONG> (Thumb, 26 bytes, Stack size 0 bytes, stm32f10x_rcc.o(.text))
<BR><BR>[Called By]<UL><LI><a href="#[69]">&gt;&gt;</a>&nbsp;&nbsp;&nbsp;USART_Config
</UL>

<P><STRONG><a name="[23d]"></a>RCC_APB1PeriphClockCmd</STRONG> (Thumb, 26 bytes, Stack size 0 bytes, stm32f10x_rcc.o(.text), UNUSED)

<P><STRONG><a name="[94]"></a>RCC_APB2PeriphResetCmd</STRONG> (Thumb, 26 bytes, Stack size 0 bytes, stm32f10x_rcc.o(.text), UNUSED)
<BR><BR>[Called By]<UL><LI><a href="#[95]">&gt;&gt;</a>&nbsp;&nbsp;&nbsp;GPIO_AFIODeInit
<LI><a href="#[93]">&gt;&gt;</a>&nbsp;&nbsp;&nbsp;GPIO_DeInit
<LI><a href="#[98]">&gt;&gt;</a>&nbsp;&nbsp;&nbsp;USART_DeInit
</UL>

<P><STRONG><a name="[99]"></a>RCC_APB1PeriphResetCmd</STRONG> (Thumb, 26 bytes, Stack size 0 bytes, stm32f10x_rcc.o(.text), UNUSED)
<BR><BR>[Called By]<UL><LI><a href="#[98]">&gt;&gt;</a>&nbsp;&nbsp;&nbsp;USART_DeInit
</UL>

<P><STRONG><a name="[23e]"></a>RCC_BackupResetCmd</STRONG> (Thumb, 8 bytes, Stack size 0 bytes, stm32f10x_rcc.o(.text), UNUSED)

<P><STRONG><a name="[23f]"></a>RCC_ClockSecuritySystemCmd</STRONG> (Thumb, 6 bytes, Stack size 0 bytes, stm32f10x_rcc.o(.text), UNUSED)

<P><STRONG><a name="[240]"></a>RCC_MCOConfig</STRONG> (Thumb, 6 bytes, Stack size 0 bytes, stm32f10x_rcc.o(.text), UNUSED)

<P><STRONG><a name="[241]"></a>RCC_ClearFlag</STRONG> (Thumb, 14 bytes, Stack size 0 bytes, stm32f10x_rcc.o(.text), UNUSED)

<P><STRONG><a name="[242]"></a>RCC_GetITStatus</STRONG> (Thumb, 20 bytes, Stack size 0 bytes, stm32f10x_rcc.o(.text), UNUSED)

<P><STRONG><a name="[243]"></a>RCC_ClearITPendingBit</STRONG> (Thumb, 6 bytes, Stack size 0 bytes, stm32f10x_rcc.o(.text), UNUSED)

<P><STRONG><a name="[98]"></a>USART_DeInit</STRONG> (Thumb, 134 bytes, Stack size 8 bytes, stm32f10x_usart.o(.text), UNUSED)
<BR><BR>[Calls]<UL><LI><a href="#[99]">&gt;&gt;</a>&nbsp;&nbsp;&nbsp;RCC_APB1PeriphResetCmd
<LI><a href="#[94]">&gt;&gt;</a>&nbsp;&nbsp;&nbsp;RCC_APB2PeriphResetCmd
</UL>

<P><STRONG><a name="[8a]"></a>USART_Init</STRONG> (Thumb, 210 bytes, Stack size 56 bytes, stm32f10x_usart.o(.text))
<BR><BR>[Stack]<UL><LI>Max Depth = 68<LI>Call Chain = USART_Init &rArr; RCC_GetClocksFreq
</UL>
<BR>[Calls]<UL><LI><a href="#[9a]">&gt;&gt;</a>&nbsp;&nbsp;&nbsp;RCC_GetClocksFreq
</UL>
<BR>[Called By]<UL><LI><a href="#[69]">&gt;&gt;</a>&nbsp;&nbsp;&nbsp;USART_Config
</UL>

<P><STRONG><a name="[244]"></a>USART_StructInit</STRONG> (Thumb, 24 bytes, Stack size 0 bytes, stm32f10x_usart.o(.text), UNUSED)

<P><STRONG><a name="[245]"></a>USART_ClockInit</STRONG> (Thumb, 34 bytes, Stack size 8 bytes, stm32f10x_usart.o(.text), UNUSED)

<P><STRONG><a name="[246]"></a>USART_ClockStructInit</STRONG> (Thumb, 12 bytes, Stack size 0 bytes, stm32f10x_usart.o(.text), UNUSED)

<P><STRONG><a name="[8c]"></a>USART_Cmd</STRONG> (Thumb, 24 bytes, Stack size 0 bytes, stm32f10x_usart.o(.text))
<BR><BR>[Called By]<UL><LI><a href="#[69]">&gt;&gt;</a>&nbsp;&nbsp;&nbsp;USART_Config
</UL>

<P><STRONG><a name="[8b]"></a>USART_ITConfig</STRONG> (Thumb, 74 bytes, Stack size 20 bytes, stm32f10x_usart.o(.text))
<BR><BR>[Stack]<UL><LI>Max Depth = 20<LI>Call Chain = USART_ITConfig
</UL>
<BR>[Called By]<UL><LI><a href="#[69]">&gt;&gt;</a>&nbsp;&nbsp;&nbsp;USART_Config
</UL>

<P><STRONG><a name="[247]"></a>USART_DMACmd</STRONG> (Thumb, 18 bytes, Stack size 0 bytes, stm32f10x_usart.o(.text), UNUSED)

<P><STRONG><a name="[248]"></a>USART_SetAddress</STRONG> (Thumb, 18 bytes, Stack size 0 bytes, stm32f10x_usart.o(.text), UNUSED)

<P><STRONG><a name="[249]"></a>USART_WakeUpConfig</STRONG> (Thumb, 18 bytes, Stack size 0 bytes, stm32f10x_usart.o(.text), UNUSED)

<P><STRONG><a name="[24a]"></a>USART_ReceiverWakeUpCmd</STRONG> (Thumb, 24 bytes, Stack size 0 bytes, stm32f10x_usart.o(.text), UNUSED)

<P><STRONG><a name="[24b]"></a>USART_LINBreakDetectLengthConfig</STRONG> (Thumb, 18 bytes, Stack size 0 bytes, stm32f10x_usart.o(.text), UNUSED)

<P><STRONG><a name="[24c]"></a>USART_LINCmd</STRONG> (Thumb, 24 bytes, Stack size 0 bytes, stm32f10x_usart.o(.text), UNUSED)

<P><STRONG><a name="[84]"></a>USART_SendData</STRONG> (Thumb, 8 bytes, Stack size 0 bytes, stm32f10x_usart.o(.text))
<BR><BR>[Called By]<UL><LI><a href="#[4c]">&gt;&gt;</a>&nbsp;&nbsp;&nbsp;fputc
<LI><a href="#[91]">&gt;&gt;</a>&nbsp;&nbsp;&nbsp;Usart_SendHalfWord
<LI><a href="#[8d]">&gt;&gt;</a>&nbsp;&nbsp;&nbsp;Usart_SendByte
<LI><a href="#[2f]">&gt;&gt;</a>&nbsp;&nbsp;&nbsp;USART1_IRQHandler
</UL>

<P><STRONG><a name="[83]"></a>USART_ReceiveData</STRONG> (Thumb, 10 bytes, Stack size 0 bytes, stm32f10x_usart.o(.text))
<BR><BR>[Called By]<UL><LI><a href="#[92]">&gt;&gt;</a>&nbsp;&nbsp;&nbsp;fgetc
<LI><a href="#[2f]">&gt;&gt;</a>&nbsp;&nbsp;&nbsp;USART1_IRQHandler
</UL>

<P><STRONG><a name="[24d]"></a>USART_SendBreak</STRONG> (Thumb, 10 bytes, Stack size 0 bytes, stm32f10x_usart.o(.text), UNUSED)

<P><STRONG><a name="[24e]"></a>USART_SetGuardTime</STRONG> (Thumb, 16 bytes, Stack size 0 bytes, stm32f10x_usart.o(.text), UNUSED)

<P><STRONG><a name="[24f]"></a>USART_SetPrescaler</STRONG> (Thumb, 16 bytes, Stack size 0 bytes, stm32f10x_usart.o(.text), UNUSED)

<P><STRONG><a name="[250]"></a>USART_SmartCardCmd</STRONG> (Thumb, 24 bytes, Stack size 0 bytes, stm32f10x_usart.o(.text), UNUSED)

<P><STRONG><a name="[251]"></a>USART_SmartCardNACKCmd</STRONG> (Thumb, 24 bytes, Stack size 0 bytes, stm32f10x_usart.o(.text), UNUSED)

<P><STRONG><a name="[252]"></a>USART_HalfDuplexCmd</STRONG> (Thumb, 24 bytes, Stack size 0 bytes, stm32f10x_usart.o(.text), UNUSED)

<P><STRONG><a name="[253]"></a>USART_OverSampling8Cmd</STRONG> (Thumb, 22 bytes, Stack size 0 bytes, stm32f10x_usart.o(.text), UNUSED)

<P><STRONG><a name="[254]"></a>USART_OneBitMethodCmd</STRONG> (Thumb, 24 bytes, Stack size 0 bytes, stm32f10x_usart.o(.text), UNUSED)

<P><STRONG><a name="[255]"></a>USART_IrDAConfig</STRONG> (Thumb, 18 bytes, Stack size 0 bytes, stm32f10x_usart.o(.text), UNUSED)

<P><STRONG><a name="[256]"></a>USART_IrDACmd</STRONG> (Thumb, 24 bytes, Stack size 0 bytes, stm32f10x_usart.o(.text), UNUSED)

<P><STRONG><a name="[8e]"></a>USART_GetFlagStatus</STRONG> (Thumb, 26 bytes, Stack size 0 bytes, stm32f10x_usart.o(.text))
<BR><BR>[Called By]<UL><LI><a href="#[92]">&gt;&gt;</a>&nbsp;&nbsp;&nbsp;fgetc
<LI><a href="#[4c]">&gt;&gt;</a>&nbsp;&nbsp;&nbsp;fputc
<LI><a href="#[91]">&gt;&gt;</a>&nbsp;&nbsp;&nbsp;Usart_SendHalfWord
<LI><a href="#[90]">&gt;&gt;</a>&nbsp;&nbsp;&nbsp;Usart_SendString
<LI><a href="#[8f]">&gt;&gt;</a>&nbsp;&nbsp;&nbsp;Usart_SendArray
<LI><a href="#[8d]">&gt;&gt;</a>&nbsp;&nbsp;&nbsp;Usart_SendByte
</UL>

<P><STRONG><a name="[257]"></a>USART_ClearFlag</STRONG> (Thumb, 18 bytes, Stack size 0 bytes, stm32f10x_usart.o(.text), UNUSED)

<P><STRONG><a name="[82]"></a>USART_GetITStatus</STRONG> (Thumb, 84 bytes, Stack size 16 bytes, stm32f10x_usart.o(.text))
<BR><BR>[Stack]<UL><LI>Max Depth = 16<LI>Call Chain = USART_GetITStatus
</UL>
<BR>[Called By]<UL><LI><a href="#[2f]">&gt;&gt;</a>&nbsp;&nbsp;&nbsp;USART1_IRQHandler
</UL>

<P><STRONG><a name="[258]"></a>USART_ClearITPendingBit</STRONG> (Thumb, 52 bytes, Stack size 8 bytes, stm32f10x_usart.o(.text), UNUSED)

<P><STRONG><a name="[ab]"></a>tos_cpu_clz</STRONG> (Thumb, 12 bytes, Stack size 8 bytes, tos_cpu.o(.text))
<BR><BR>[Stack]<UL><LI>Max Depth = 8 + Unknown Stack Size
<LI>Call Chain = tos_cpu_clz
</UL>
<BR>[Calls]<UL><LI><a href="#[ac]">&gt;&gt;</a>&nbsp;&nbsp;&nbsp;port_clz
</UL>
<BR>[Called By]<UL><LI><a href="#[e3]">&gt;&gt;</a>&nbsp;&nbsp;&nbsp;generic_fls
<LI><a href="#[190]">&gt;&gt;</a>&nbsp;&nbsp;&nbsp;readyqueue_prio_highest_get
</UL>

<P><STRONG><a name="[ad]"></a>tos_cpu_int_disable</STRONG> (Thumb, 8 bytes, Stack size 8 bytes, tos_cpu.o(.text), UNUSED)
<BR><BR>[Calls]<UL><LI><a href="#[ae]">&gt;&gt;</a>&nbsp;&nbsp;&nbsp;port_int_disable
</UL>

<P><STRONG><a name="[af]"></a>tos_cpu_int_enable</STRONG> (Thumb, 8 bytes, Stack size 8 bytes, tos_cpu.o(.text), UNUSED)
<BR><BR>[Calls]<UL><LI><a href="#[b0]">&gt;&gt;</a>&nbsp;&nbsp;&nbsp;port_int_enable
</UL>

<P><STRONG><a name="[b1]"></a>tos_cpu_cpsr_save</STRONG> (Thumb, 8 bytes, Stack size 8 bytes, tos_cpu.o(.text))
<BR><BR>[Stack]<UL><LI>Max Depth = 8 + Unknown Stack Size
<LI>Call Chain = tos_cpu_cpsr_save
</UL>
<BR>[Calls]<UL><LI><a href="#[b2]">&gt;&gt;</a>&nbsp;&nbsp;&nbsp;port_cpsr_save
</UL>
<BR>[Called By]<UL><LI><a href="#[81]">&gt;&gt;</a>&nbsp;&nbsp;&nbsp;tos_knl_irq_leave
<LI><a href="#[66]">&gt;&gt;</a>&nbsp;&nbsp;&nbsp;tos_task_suspend
<LI><a href="#[67]">&gt;&gt;</a>&nbsp;&nbsp;&nbsp;tos_task_resume
<LI><a href="#[64]">&gt;&gt;</a>&nbsp;&nbsp;&nbsp;tos_task_delay
<LI><a href="#[62]">&gt;&gt;</a>&nbsp;&nbsp;&nbsp;tos_task_curr_task_get
<LI><a href="#[6c]">&gt;&gt;</a>&nbsp;&nbsp;&nbsp;tos_task_create
<LI><a href="#[6b]">&gt;&gt;</a>&nbsp;&nbsp;&nbsp;tos_robin_default_timeslice_config
<LI><a href="#[1ab]">&gt;&gt;</a>&nbsp;&nbsp;&nbsp;tos_knl_sched_lock
<LI><a href="#[12f]">&gt;&gt;</a>&nbsp;&nbsp;&nbsp;tos_task_prio_change
<LI><a href="#[147]">&gt;&gt;</a>&nbsp;&nbsp;&nbsp;tos_mutex_post
<LI><a href="#[141]">&gt;&gt;</a>&nbsp;&nbsp;&nbsp;tos_mutex_pend_timed
<LI><a href="#[13b]">&gt;&gt;</a>&nbsp;&nbsp;&nbsp;tos_mutex_destroy
<LI><a href="#[140]">&gt;&gt;</a>&nbsp;&nbsp;&nbsp;knl_sched
<LI><a href="#[209]">&gt;&gt;</a>&nbsp;&nbsp;&nbsp;timer_next_expires_get
<LI><a href="#[1fc]">&gt;&gt;</a>&nbsp;&nbsp;&nbsp;timer_takeoff
<LI><a href="#[1fb]">&gt;&gt;</a>&nbsp;&nbsp;&nbsp;timer_place
<LI><a href="#[1e9]">&gt;&gt;</a>&nbsp;&nbsp;&nbsp;tick_next_expires_get
<LI><a href="#[1e8]">&gt;&gt;</a>&nbsp;&nbsp;&nbsp;tick_update
<LI><a href="#[1e4]">&gt;&gt;</a>&nbsp;&nbsp;&nbsp;tick_task_takeoff
<LI><a href="#[1e3]">&gt;&gt;</a>&nbsp;&nbsp;&nbsp;tick_task_place
<LI><a href="#[1d1]">&gt;&gt;</a>&nbsp;&nbsp;&nbsp;tos_task_walkthru
<LI><a href="#[1d0]">&gt;&gt;</a>&nbsp;&nbsp;&nbsp;tos_task_delay_abort
<LI><a href="#[1cc]">&gt;&gt;</a>&nbsp;&nbsp;&nbsp;tos_task_yield
<LI><a href="#[1bf]">&gt;&gt;</a>&nbsp;&nbsp;&nbsp;task_do_destroy
<LI><a href="#[1ac]">&gt;&gt;</a>&nbsp;&nbsp;&nbsp;tos_knl_sched_unlock
<LI><a href="#[17b]">&gt;&gt;</a>&nbsp;&nbsp;&nbsp;robin_sched
<LI><a href="#[17a]">&gt;&gt;</a>&nbsp;&nbsp;&nbsp;tos_robin_timeslice_set
</UL>

<P><STRONG><a name="[b3]"></a>tos_cpu_cpsr_restore</STRONG> (Thumb, 12 bytes, Stack size 8 bytes, tos_cpu.o(.text))
<BR><BR>[Stack]<UL><LI>Max Depth = 8 + Unknown Stack Size
<LI>Call Chain = tos_cpu_cpsr_restore
</UL>
<BR>[Calls]<UL><LI><a href="#[b4]">&gt;&gt;</a>&nbsp;&nbsp;&nbsp;port_cpsr_restore
</UL>
<BR>[Called By]<UL><LI><a href="#[81]">&gt;&gt;</a>&nbsp;&nbsp;&nbsp;tos_knl_irq_leave
<LI><a href="#[66]">&gt;&gt;</a>&nbsp;&nbsp;&nbsp;tos_task_suspend
<LI><a href="#[67]">&gt;&gt;</a>&nbsp;&nbsp;&nbsp;tos_task_resume
<LI><a href="#[64]">&gt;&gt;</a>&nbsp;&nbsp;&nbsp;tos_task_delay
<LI><a href="#[62]">&gt;&gt;</a>&nbsp;&nbsp;&nbsp;tos_task_curr_task_get
<LI><a href="#[6c]">&gt;&gt;</a>&nbsp;&nbsp;&nbsp;tos_task_create
<LI><a href="#[6b]">&gt;&gt;</a>&nbsp;&nbsp;&nbsp;tos_robin_default_timeslice_config
<LI><a href="#[1ab]">&gt;&gt;</a>&nbsp;&nbsp;&nbsp;tos_knl_sched_lock
<LI><a href="#[12f]">&gt;&gt;</a>&nbsp;&nbsp;&nbsp;tos_task_prio_change
<LI><a href="#[147]">&gt;&gt;</a>&nbsp;&nbsp;&nbsp;tos_mutex_post
<LI><a href="#[141]">&gt;&gt;</a>&nbsp;&nbsp;&nbsp;tos_mutex_pend_timed
<LI><a href="#[13b]">&gt;&gt;</a>&nbsp;&nbsp;&nbsp;tos_mutex_destroy
<LI><a href="#[140]">&gt;&gt;</a>&nbsp;&nbsp;&nbsp;knl_sched
<LI><a href="#[209]">&gt;&gt;</a>&nbsp;&nbsp;&nbsp;timer_next_expires_get
<LI><a href="#[1fc]">&gt;&gt;</a>&nbsp;&nbsp;&nbsp;timer_takeoff
<LI><a href="#[1fb]">&gt;&gt;</a>&nbsp;&nbsp;&nbsp;timer_place
<LI><a href="#[1e9]">&gt;&gt;</a>&nbsp;&nbsp;&nbsp;tick_next_expires_get
<LI><a href="#[1e8]">&gt;&gt;</a>&nbsp;&nbsp;&nbsp;tick_update
<LI><a href="#[1e4]">&gt;&gt;</a>&nbsp;&nbsp;&nbsp;tick_task_takeoff
<LI><a href="#[1e3]">&gt;&gt;</a>&nbsp;&nbsp;&nbsp;tick_task_place
<LI><a href="#[1d1]">&gt;&gt;</a>&nbsp;&nbsp;&nbsp;tos_task_walkthru
<LI><a href="#[1d0]">&gt;&gt;</a>&nbsp;&nbsp;&nbsp;tos_task_delay_abort
<LI><a href="#[1cc]">&gt;&gt;</a>&nbsp;&nbsp;&nbsp;tos_task_yield
<LI><a href="#[1bf]">&gt;&gt;</a>&nbsp;&nbsp;&nbsp;task_do_destroy
<LI><a href="#[1ac]">&gt;&gt;</a>&nbsp;&nbsp;&nbsp;tos_knl_sched_unlock
<LI><a href="#[17b]">&gt;&gt;</a>&nbsp;&nbsp;&nbsp;robin_sched
<LI><a href="#[17a]">&gt;&gt;</a>&nbsp;&nbsp;&nbsp;tos_robin_timeslice_set
</UL>

<P><STRONG><a name="[b5]"></a>cpu_systick_init</STRONG> (Thumb, 18 bytes, Stack size 8 bytes, tos_cpu.o(.text))
<BR><BR>[Stack]<UL><LI>Max Depth = 32<LI>Call Chain = cpu_systick_init &rArr; port_systick_config &rArr; NVIC_SetPriority
</UL>
<BR>[Calls]<UL><LI><a href="#[b6]">&gt;&gt;</a>&nbsp;&nbsp;&nbsp;port_systick_priority_set
<LI><a href="#[b7]">&gt;&gt;</a>&nbsp;&nbsp;&nbsp;port_systick_config
</UL>
<BR>[Called By]<UL><LI><a href="#[b8]">&gt;&gt;</a>&nbsp;&nbsp;&nbsp;cpu_init
</UL>

<P><STRONG><a name="[b8]"></a>cpu_init</STRONG> (Thumb, 28 bytes, Stack size 8 bytes, tos_cpu.o(.text))
<BR><BR>[Stack]<UL><LI>Max Depth = 48<LI>Call Chain = cpu_init &rArr; __aeabi_uldivmod
</UL>
<BR>[Calls]<UL><LI><a href="#[b5]">&gt;&gt;</a>&nbsp;&nbsp;&nbsp;cpu_systick_init
<LI><a href="#[b9]">&gt;&gt;</a>&nbsp;&nbsp;&nbsp;__aeabi_uldivmod
</UL>
<BR>[Called By]<UL><LI><a href="#[6a]">&gt;&gt;</a>&nbsp;&nbsp;&nbsp;tos_knl_init
</UL>

<P><STRONG><a name="[ba]"></a>cpu_reset</STRONG> (Thumb, 8 bytes, Stack size 8 bytes, tos_cpu.o(.text), UNUSED)
<BR><BR>[Calls]<UL><LI><a href="#[bb]">&gt;&gt;</a>&nbsp;&nbsp;&nbsp;port_cpu_reset
</UL>

<P><STRONG><a name="[bc]"></a>cpu_sched_start</STRONG> (Thumb, 4 bytes, Stack size 0 bytes, tos_cpu.o(.text))
<BR><BR>[Calls]<UL><LI><a href="#[bd]">&gt;&gt;</a>&nbsp;&nbsp;&nbsp;port_sched_start
</UL>
<BR>[Called By]<UL><LI><a href="#[6d]">&gt;&gt;</a>&nbsp;&nbsp;&nbsp;tos_knl_start
</UL>

<P><STRONG><a name="[be]"></a>cpu_context_switch</STRONG> (Thumb, 8 bytes, Stack size 8 bytes, tos_cpu.o(.text))
<BR><BR>[Stack]<UL><LI>Max Depth = 8 + Unknown Stack Size
<LI>Call Chain = cpu_context_switch
</UL>
<BR>[Calls]<UL><LI><a href="#[bf]">&gt;&gt;</a>&nbsp;&nbsp;&nbsp;port_context_switch
</UL>
<BR>[Called By]<UL><LI><a href="#[140]">&gt;&gt;</a>&nbsp;&nbsp;&nbsp;knl_sched
</UL>

<P><STRONG><a name="[c0]"></a>cpu_irq_context_switch</STRONG> (Thumb, 8 bytes, Stack size 8 bytes, tos_cpu.o(.text))
<BR><BR>[Stack]<UL><LI>Max Depth = 8 + Unknown Stack Size
<LI>Call Chain = cpu_irq_context_switch
</UL>
<BR>[Calls]<UL><LI><a href="#[c1]">&gt;&gt;</a>&nbsp;&nbsp;&nbsp;port_irq_context_switch
</UL>
<BR>[Called By]<UL><LI><a href="#[81]">&gt;&gt;</a>&nbsp;&nbsp;&nbsp;tos_knl_irq_leave
</UL>

<P><STRONG><a name="[1c9]"></a>cpu_task_stk_init</STRONG> (Thumb, 160 bytes, Stack size 20 bytes, tos_cpu.o(.text))
<BR><BR>[Stack]<UL><LI>Max Depth = 20<LI>Call Chain = cpu_task_stk_init
</UL>
<BR>[Called By]<UL><LI><a href="#[6c]">&gt;&gt;</a>&nbsp;&nbsp;&nbsp;tos_task_create
</UL>

<P><STRONG><a name="[bb]"></a>port_cpu_reset</STRONG> (Thumb, 34 bytes, Stack size 0 bytes, port_c.o(.text), UNUSED)
<BR><BR>[Called By]<UL><LI><a href="#[ba]">&gt;&gt;</a>&nbsp;&nbsp;&nbsp;cpu_reset
</UL>

<P><STRONG><a name="[b7]"></a>port_systick_config</STRONG> (Thumb, 52 bytes, Stack size 16 bytes, port_c.o(.text))
<BR><BR>[Stack]<UL><LI>Max Depth = 24<LI>Call Chain = port_systick_config &rArr; NVIC_SetPriority
</UL>
<BR>[Calls]<UL><LI><a href="#[d2]">&gt;&gt;</a>&nbsp;&nbsp;&nbsp;NVIC_SetPriority
</UL>
<BR>[Called By]<UL><LI><a href="#[b5]">&gt;&gt;</a>&nbsp;&nbsp;&nbsp;cpu_systick_init
</UL>

<P><STRONG><a name="[b6]"></a>port_systick_priority_set</STRONG> (Thumb, 16 bytes, Stack size 8 bytes, port_c.o(.text))
<BR><BR>[Stack]<UL><LI>Max Depth = 16<LI>Call Chain = port_systick_priority_set &rArr; NVIC_SetPriority
</UL>
<BR>[Calls]<UL><LI><a href="#[d2]">&gt;&gt;</a>&nbsp;&nbsp;&nbsp;NVIC_SetPriority
</UL>
<BR>[Called By]<UL><LI><a href="#[b5]">&gt;&gt;</a>&nbsp;&nbsp;&nbsp;cpu_systick_init
</UL>

<P><STRONG><a name="[ae]"></a>port_int_disable</STRONG> (Thumb, 0 bytes, Stack size unknown bytes, port_s.o(.text), UNUSED)
<BR><BR>[Called By]<UL><LI><a href="#[ad]">&gt;&gt;</a>&nbsp;&nbsp;&nbsp;tos_cpu_int_disable
</UL>

<P><STRONG><a name="[b0]"></a>port_int_enable</STRONG> (Thumb, 0 bytes, Stack size unknown bytes, port_s.o(.text), UNUSED)
<BR><BR>[Called By]<UL><LI><a href="#[af]">&gt;&gt;</a>&nbsp;&nbsp;&nbsp;tos_cpu_int_enable
</UL>

<P><STRONG><a name="[b2]"></a>port_cpsr_save</STRONG> (Thumb, 0 bytes, Stack size unknown bytes, port_s.o(.text))
<BR><BR>[Called By]<UL><LI><a href="#[b1]">&gt;&gt;</a>&nbsp;&nbsp;&nbsp;tos_cpu_cpsr_save
</UL>

<P><STRONG><a name="[b4]"></a>port_cpsr_restore</STRONG> (Thumb, 0 bytes, Stack size unknown bytes, port_s.o(.text))
<BR><BR>[Called By]<UL><LI><a href="#[b3]">&gt;&gt;</a>&nbsp;&nbsp;&nbsp;tos_cpu_cpsr_restore
</UL>

<P><STRONG><a name="[ac]"></a>port_clz</STRONG> (Thumb, 0 bytes, Stack size unknown bytes, port_s.o(.text))
<BR><BR>[Called By]<UL><LI><a href="#[ab]">&gt;&gt;</a>&nbsp;&nbsp;&nbsp;tos_cpu_clz
</UL>

<P><STRONG><a name="[bd]"></a>port_sched_start</STRONG> (Thumb, 0 bytes, Stack size unknown bytes, port_s.o(.text))
<BR><BR>[Called By]<UL><LI><a href="#[bc]">&gt;&gt;</a>&nbsp;&nbsp;&nbsp;cpu_sched_start
</UL>

<P><STRONG><a name="[bf]"></a>port_context_switch</STRONG> (Thumb, 0 bytes, Stack size unknown bytes, port_s.o(.text))
<BR><BR>[Called By]<UL><LI><a href="#[be]">&gt;&gt;</a>&nbsp;&nbsp;&nbsp;cpu_context_switch
</UL>

<P><STRONG><a name="[c1]"></a>port_irq_context_switch</STRONG> (Thumb, 0 bytes, Stack size unknown bytes, port_s.o(.text))
<BR><BR>[Called By]<UL><LI><a href="#[c0]">&gt;&gt;</a>&nbsp;&nbsp;&nbsp;cpu_irq_context_switch
</UL>

<P><STRONG><a name="[8]"></a>PendSV_Handler</STRONG> (Thumb, 0 bytes, Stack size unknown bytes, port_s.o(.text))
<BR>[Address Reference Count : 1]<UL><LI> startup_stm32f10x_hd.o(RESET)
</UL>
<P><STRONG><a name="[109]"></a>mmheap_init</STRONG> (Thumb, 10 bytes, Stack size 8 bytes, tos_mmheap.o(.text), UNUSED)
<BR><BR>[Calls]<UL><LI><a href="#[10a]">&gt;&gt;</a>&nbsp;&nbsp;&nbsp;mmheap_ctl_init
</UL>

<P><STRONG><a name="[10b]"></a>tos_mmheap_pool_add</STRONG> (Thumb, 152 bytes, Stack size 24 bytes, tos_mmheap.o(.text))
<BR><BR>[Stack]<UL><LI>Max Depth = 96 + Unknown Stack Size
<LI>Call Chain = tos_mmheap_pool_add &rArr; blk_insert &rArr; mapping_insert &rArr; __fls &rArr; generic_fls &rArr; tos_cpu_clz
</UL>
<BR>[Calls]<UL><LI><a href="#[10f]">&gt;&gt;</a>&nbsp;&nbsp;&nbsp;mmheap_pool_record
<LI><a href="#[10d]">&gt;&gt;</a>&nbsp;&nbsp;&nbsp;mmheap_pool_is_exist
<LI><a href="#[10c]">&gt;&gt;</a>&nbsp;&nbsp;&nbsp;mmheap_pool_is_full
<LI><a href="#[f6]">&gt;&gt;</a>&nbsp;&nbsp;&nbsp;blk_insert
<LI><a href="#[10e]">&gt;&gt;</a>&nbsp;&nbsp;&nbsp;align_down
<LI><a href="#[ed]">&gt;&gt;</a>&nbsp;&nbsp;&nbsp;blk_link_next
<LI><a href="#[ec]">&gt;&gt;</a>&nbsp;&nbsp;&nbsp;offset_to_blk
<LI><a href="#[f2]">&gt;&gt;</a>&nbsp;&nbsp;&nbsp;blk_set_prev_used
<LI><a href="#[ef]">&gt;&gt;</a>&nbsp;&nbsp;&nbsp;blk_set_prev_free
<LI><a href="#[f3]">&gt;&gt;</a>&nbsp;&nbsp;&nbsp;blk_set_used
<LI><a href="#[f0]">&gt;&gt;</a>&nbsp;&nbsp;&nbsp;blk_set_free
<LI><a href="#[fa]">&gt;&gt;</a>&nbsp;&nbsp;&nbsp;blk_set_size
</UL>
<BR>[Called By]<UL><LI><a href="#[110]">&gt;&gt;</a>&nbsp;&nbsp;&nbsp;mmheap_init_with_pool
</UL>

<P><STRONG><a name="[110]"></a>mmheap_init_with_pool</STRONG> (Thumb, 20 bytes, Stack size 16 bytes, tos_mmheap.o(.text))
<BR><BR>[Stack]<UL><LI>Max Depth = 112 + Unknown Stack Size
<LI>Call Chain = mmheap_init_with_pool &rArr; tos_mmheap_pool_add &rArr; blk_insert &rArr; mapping_insert &rArr; __fls &rArr; generic_fls &rArr; tos_cpu_clz
</UL>
<BR>[Calls]<UL><LI><a href="#[10b]">&gt;&gt;</a>&nbsp;&nbsp;&nbsp;tos_mmheap_pool_add
<LI><a href="#[10a]">&gt;&gt;</a>&nbsp;&nbsp;&nbsp;mmheap_ctl_init
</UL>
<BR>[Called By]<UL><LI><a href="#[6a]">&gt;&gt;</a>&nbsp;&nbsp;&nbsp;tos_knl_init
</UL>

<P><STRONG><a name="[111]"></a>tos_mmheap_alloc</STRONG> (Thumb, 48 bytes, Stack size 16 bytes, tos_mmheap.o(.text), UNUSED)
<BR><BR>[Calls]<UL><LI><a href="#[108]">&gt;&gt;</a>&nbsp;&nbsp;&nbsp;blk_prepare_used
<LI><a href="#[106]">&gt;&gt;</a>&nbsp;&nbsp;&nbsp;adjust_request_size
<LI><a href="#[105]">&gt;&gt;</a>&nbsp;&nbsp;&nbsp;blk_locate_free
</UL>
<BR>[Called By]<UL><LI><a href="#[118]">&gt;&gt;</a>&nbsp;&nbsp;&nbsp;tos_mmheap_realloc
<LI><a href="#[112]">&gt;&gt;</a>&nbsp;&nbsp;&nbsp;tos_mmheap_calloc
</UL>

<P><STRONG><a name="[112]"></a>tos_mmheap_calloc</STRONG> (Thumb, 32 bytes, Stack size 16 bytes, tos_mmheap.o(.text), UNUSED)
<BR><BR>[Calls]<UL><LI><a href="#[111]">&gt;&gt;</a>&nbsp;&nbsp;&nbsp;tos_mmheap_alloc
<LI><a href="#[113]">&gt;&gt;</a>&nbsp;&nbsp;&nbsp;__aeabi_memclr
</UL>
<BR>[Called By]<UL><LI><a href="#[139]">&gt;&gt;</a>&nbsp;&nbsp;&nbsp;tos_mutex_create_dyn
</UL>

<P><STRONG><a name="[114]"></a>tos_mmheap_aligned_alloc</STRONG> (Thumb, 164 bytes, Stack size 64 bytes, tos_mmheap.o(.text), UNUSED)
<BR><BR>[Calls]<UL><LI><a href="#[108]">&gt;&gt;</a>&nbsp;&nbsp;&nbsp;blk_prepare_used
<LI><a href="#[106]">&gt;&gt;</a>&nbsp;&nbsp;&nbsp;adjust_request_size
<LI><a href="#[105]">&gt;&gt;</a>&nbsp;&nbsp;&nbsp;blk_locate_free
<LI><a href="#[103]">&gt;&gt;</a>&nbsp;&nbsp;&nbsp;blk_trim_free_leading
<LI><a href="#[115]">&gt;&gt;</a>&nbsp;&nbsp;&nbsp;align_ptr
<LI><a href="#[eb]">&gt;&gt;</a>&nbsp;&nbsp;&nbsp;blk_to_ptr
</UL>

<P><STRONG><a name="[116]"></a>tos_mmheap_free</STRONG> (Thumb, 48 bytes, Stack size 16 bytes, tos_mmheap.o(.text), UNUSED)
<BR><BR>[Calls]<UL><LI><a href="#[ff]">&gt;&gt;</a>&nbsp;&nbsp;&nbsp;blk_merge_next
<LI><a href="#[fc]">&gt;&gt;</a>&nbsp;&nbsp;&nbsp;blk_merge_prev
<LI><a href="#[f6]">&gt;&gt;</a>&nbsp;&nbsp;&nbsp;blk_insert
<LI><a href="#[ee]">&gt;&gt;</a>&nbsp;&nbsp;&nbsp;blk_mark_as_free
<LI><a href="#[117]">&gt;&gt;</a>&nbsp;&nbsp;&nbsp;blk_from_ptr
</UL>
<BR>[Called By]<UL><LI><a href="#[13b]">&gt;&gt;</a>&nbsp;&nbsp;&nbsp;tos_mutex_destroy
<LI><a href="#[118]">&gt;&gt;</a>&nbsp;&nbsp;&nbsp;tos_mmheap_realloc
</UL>

<P><STRONG><a name="[118]"></a>tos_mmheap_realloc</STRONG> (Thumb, 180 bytes, Stack size 40 bytes, tos_mmheap.o(.text), UNUSED)
<BR><BR>[Calls]<UL><LI><a href="#[116]">&gt;&gt;</a>&nbsp;&nbsp;&nbsp;tos_mmheap_free
<LI><a href="#[111]">&gt;&gt;</a>&nbsp;&nbsp;&nbsp;tos_mmheap_alloc
<LI><a href="#[106]">&gt;&gt;</a>&nbsp;&nbsp;&nbsp;adjust_request_size
<LI><a href="#[102]">&gt;&gt;</a>&nbsp;&nbsp;&nbsp;blk_trim_used
<LI><a href="#[ff]">&gt;&gt;</a>&nbsp;&nbsp;&nbsp;blk_merge_next
<LI><a href="#[f1]">&gt;&gt;</a>&nbsp;&nbsp;&nbsp;blk_mark_as_used
<LI><a href="#[ea]">&gt;&gt;</a>&nbsp;&nbsp;&nbsp;blk_next
<LI><a href="#[117]">&gt;&gt;</a>&nbsp;&nbsp;&nbsp;blk_from_ptr
<LI><a href="#[100]">&gt;&gt;</a>&nbsp;&nbsp;&nbsp;blk_is_free
<LI><a href="#[e9]">&gt;&gt;</a>&nbsp;&nbsp;&nbsp;blk_size
<LI><a href="#[119]">&gt;&gt;</a>&nbsp;&nbsp;&nbsp;__aeabi_memcpy
</UL>

<P><STRONG><a name="[11a]"></a>tos_mmheap_pool_rmv</STRONG> (Thumb, 92 bytes, Stack size 24 bytes, tos_mmheap.o(.text), UNUSED)
<BR><BR>[Calls]<UL><LI><a href="#[11b]">&gt;&gt;</a>&nbsp;&nbsp;&nbsp;mmheap_pool_unrecord
<LI><a href="#[10d]">&gt;&gt;</a>&nbsp;&nbsp;&nbsp;mmheap_pool_is_exist
<LI><a href="#[f5]">&gt;&gt;</a>&nbsp;&nbsp;&nbsp;remove_free_block
<LI><a href="#[ec]">&gt;&gt;</a>&nbsp;&nbsp;&nbsp;offset_to_blk
<LI><a href="#[e9]">&gt;&gt;</a>&nbsp;&nbsp;&nbsp;blk_size
<LI><a href="#[e6]">&gt;&gt;</a>&nbsp;&nbsp;&nbsp;mapping_insert
</UL>

<P><STRONG><a name="[11c]"></a>tos_mmheap_pool_check</STRONG> (Thumb, 122 bytes, Stack size 16 bytes, tos_mmheap.o(.text), UNUSED)
<BR><BR>[Calls]<UL><LI><a href="#[ea]">&gt;&gt;</a>&nbsp;&nbsp;&nbsp;blk_next
<LI><a href="#[ec]">&gt;&gt;</a>&nbsp;&nbsp;&nbsp;offset_to_blk
<LI><a href="#[100]">&gt;&gt;</a>&nbsp;&nbsp;&nbsp;blk_is_free
<LI><a href="#[e8]">&gt;&gt;</a>&nbsp;&nbsp;&nbsp;blk_is_last
<LI><a href="#[e9]">&gt;&gt;</a>&nbsp;&nbsp;&nbsp;blk_size
</UL>
<BR>[Called By]<UL><LI><a href="#[11d]">&gt;&gt;</a>&nbsp;&nbsp;&nbsp;tos_mmheap_check
</UL>

<P><STRONG><a name="[11d]"></a>tos_mmheap_check</STRONG> (Thumb, 86 bytes, Stack size 24 bytes, tos_mmheap.o(.text), UNUSED)
<BR><BR>[Calls]<UL><LI><a href="#[11c]">&gt;&gt;</a>&nbsp;&nbsp;&nbsp;tos_mmheap_pool_check
</UL>

<P><STRONG><a name="[133]"></a>mutex_release</STRONG> (Thumb, 20 bytes, Stack size 8 bytes, tos_mutex.o(.text))
<BR><BR>[Stack]<UL><LI>Max Depth = 88 + Unknown Stack Size
<LI>Call Chain = mutex_release &rArr; mutex_old_owner_release &rArr; tos_task_prio_change &rArr; readyqueue_remove &rArr; readyqueue_prio_highest_get &rArr; tos_cpu_clz
</UL>
<BR>[Calls]<UL><LI><a href="#[12e]">&gt;&gt;</a>&nbsp;&nbsp;&nbsp;mutex_old_owner_release
<LI><a href="#[134]">&gt;&gt;</a>&nbsp;&nbsp;&nbsp;pend_wakeup_all
</UL>
<BR>[Called By]<UL><LI><a href="#[1be]">&gt;&gt;</a>&nbsp;&nbsp;&nbsp;task_mutex_release
</UL>

<P><STRONG><a name="[135]"></a>tos_mutex_create</STRONG> (Thumb, 86 bytes, Stack size 8 bytes, tos_mutex.o(.text), UNUSED)
<BR><BR>[Calls]<UL><LI><a href="#[138]">&gt;&gt;</a>&nbsp;&nbsp;&nbsp;knl_object_init
<LI><a href="#[125]">&gt;&gt;</a>&nbsp;&nbsp;&nbsp;tos_list_init
<LI><a href="#[137]">&gt;&gt;</a>&nbsp;&nbsp;&nbsp;pend_object_init
<LI><a href="#[136]">&gt;&gt;</a>&nbsp;&nbsp;&nbsp;knl_is_inirq
</UL>

<P><STRONG><a name="[139]"></a>tos_mutex_create_dyn</STRONG> (Thumb, 112 bytes, Stack size 16 bytes, tos_mutex.o(.text), UNUSED)
<BR><BR>[Calls]<UL><LI><a href="#[13a]">&gt;&gt;</a>&nbsp;&nbsp;&nbsp;knl_object_alloc_set_dynamic
<LI><a href="#[138]">&gt;&gt;</a>&nbsp;&nbsp;&nbsp;knl_object_init
<LI><a href="#[125]">&gt;&gt;</a>&nbsp;&nbsp;&nbsp;tos_list_init
<LI><a href="#[112]">&gt;&gt;</a>&nbsp;&nbsp;&nbsp;tos_mmheap_calloc
<LI><a href="#[137]">&gt;&gt;</a>&nbsp;&nbsp;&nbsp;pend_object_init
<LI><a href="#[136]">&gt;&gt;</a>&nbsp;&nbsp;&nbsp;knl_is_inirq
</UL>

<P><STRONG><a name="[13b]"></a>tos_mutex_destroy</STRONG> (Thumb, 152 bytes, Stack size 16 bytes, tos_mutex.o(.text), UNUSED)
<BR><BR>[Calls]<UL><LI><a href="#[116]">&gt;&gt;</a>&nbsp;&nbsp;&nbsp;tos_mmheap_free
<LI><a href="#[b3]">&gt;&gt;</a>&nbsp;&nbsp;&nbsp;tos_cpu_cpsr_restore
<LI><a href="#[b1]">&gt;&gt;</a>&nbsp;&nbsp;&nbsp;tos_cpu_cpsr_save
<LI><a href="#[12e]">&gt;&gt;</a>&nbsp;&nbsp;&nbsp;mutex_old_owner_release
<LI><a href="#[13e]">&gt;&gt;</a>&nbsp;&nbsp;&nbsp;knl_object_alloc_is_dynamic
<LI><a href="#[13f]">&gt;&gt;</a>&nbsp;&nbsp;&nbsp;knl_object_deinit
<LI><a href="#[13c]">&gt;&gt;</a>&nbsp;&nbsp;&nbsp;knl_object_verify
<LI><a href="#[134]">&gt;&gt;</a>&nbsp;&nbsp;&nbsp;pend_wakeup_all
<LI><a href="#[13d]">&gt;&gt;</a>&nbsp;&nbsp;&nbsp;pend_object_deinit
<LI><a href="#[140]">&gt;&gt;</a>&nbsp;&nbsp;&nbsp;knl_sched
<LI><a href="#[136]">&gt;&gt;</a>&nbsp;&nbsp;&nbsp;knl_is_inirq
</UL>

<P><STRONG><a name="[141]"></a>tos_mutex_pend_timed</STRONG> (Thumb, 496 bytes, Stack size 24 bytes, tos_mutex.o(.text), UNUSED)
<BR><BR>[Calls]<UL><LI><a href="#[b3]">&gt;&gt;</a>&nbsp;&nbsp;&nbsp;tos_cpu_cpsr_restore
<LI><a href="#[b1]">&gt;&gt;</a>&nbsp;&nbsp;&nbsp;tos_cpu_cpsr_save
<LI><a href="#[12f]">&gt;&gt;</a>&nbsp;&nbsp;&nbsp;tos_task_prio_change
<LI><a href="#[142]">&gt;&gt;</a>&nbsp;&nbsp;&nbsp;knl_is_self
<LI><a href="#[130]">&gt;&gt;</a>&nbsp;&nbsp;&nbsp;mutex_fresh_owner_mark
<LI><a href="#[13c]">&gt;&gt;</a>&nbsp;&nbsp;&nbsp;knl_object_verify
<LI><a href="#[144]">&gt;&gt;</a>&nbsp;&nbsp;&nbsp;pend_task_block
<LI><a href="#[145]">&gt;&gt;</a>&nbsp;&nbsp;&nbsp;pend_state2errno
<LI><a href="#[140]">&gt;&gt;</a>&nbsp;&nbsp;&nbsp;knl_sched
<LI><a href="#[143]">&gt;&gt;</a>&nbsp;&nbsp;&nbsp;knl_is_sched_locked
<LI><a href="#[136]">&gt;&gt;</a>&nbsp;&nbsp;&nbsp;knl_is_inirq
</UL>
<BR>[Called By]<UL><LI><a href="#[146]">&gt;&gt;</a>&nbsp;&nbsp;&nbsp;tos_mutex_pend
</UL>

<P><STRONG><a name="[146]"></a>tos_mutex_pend</STRONG> (Thumb, 18 bytes, Stack size 8 bytes, tos_mutex.o(.text), UNUSED)
<BR><BR>[Calls]<UL><LI><a href="#[141]">&gt;&gt;</a>&nbsp;&nbsp;&nbsp;tos_mutex_pend_timed
</UL>

<P><STRONG><a name="[147]"></a>tos_mutex_post</STRONG> (Thumb, 204 bytes, Stack size 16 bytes, tos_mutex.o(.text), UNUSED)
<BR><BR>[Calls]<UL><LI><a href="#[b3]">&gt;&gt;</a>&nbsp;&nbsp;&nbsp;tos_cpu_cpsr_restore
<LI><a href="#[b1]">&gt;&gt;</a>&nbsp;&nbsp;&nbsp;tos_cpu_cpsr_save
<LI><a href="#[14a]">&gt;&gt;</a>&nbsp;&nbsp;&nbsp;pend_wakeup_one
<LI><a href="#[148]">&gt;&gt;</a>&nbsp;&nbsp;&nbsp;pend_is_nopending
<LI><a href="#[149]">&gt;&gt;</a>&nbsp;&nbsp;&nbsp;pend_highest_pending_task_get
<LI><a href="#[142]">&gt;&gt;</a>&nbsp;&nbsp;&nbsp;knl_is_self
<LI><a href="#[131]">&gt;&gt;</a>&nbsp;&nbsp;&nbsp;mutex_new_owner_mark
<LI><a href="#[12e]">&gt;&gt;</a>&nbsp;&nbsp;&nbsp;mutex_old_owner_release
<LI><a href="#[13c]">&gt;&gt;</a>&nbsp;&nbsp;&nbsp;knl_object_verify
<LI><a href="#[140]">&gt;&gt;</a>&nbsp;&nbsp;&nbsp;knl_sched
<LI><a href="#[136]">&gt;&gt;</a>&nbsp;&nbsp;&nbsp;knl_is_inirq
</UL>

<P><STRONG><a name="[132]"></a>pend_highest_pending_prio_get</STRONG> (Thumb, 34 bytes, Stack size 16 bytes, tos_pend.o(.text))
<BR><BR>[Stack]<UL><LI>Max Depth = 16<LI>Call Chain = pend_highest_pending_prio_get
</UL>
<BR>[Calls]<UL><LI><a href="#[15d]">&gt;&gt;</a>&nbsp;&nbsp;&nbsp;tos_list_empty
</UL>
<BR>[Called By]<UL><LI><a href="#[131]">&gt;&gt;</a>&nbsp;&nbsp;&nbsp;mutex_new_owner_mark
<LI><a href="#[1c7]">&gt;&gt;</a>&nbsp;&nbsp;&nbsp;task_highest_pending_prio_get
</UL>

<P><STRONG><a name="[149]"></a>pend_highest_pending_task_get</STRONG> (Thumb, 8 bytes, Stack size 0 bytes, tos_pend.o(.text), UNUSED)
<BR><BR>[Called By]<UL><LI><a href="#[147]">&gt;&gt;</a>&nbsp;&nbsp;&nbsp;tos_mutex_post
</UL>

<P><STRONG><a name="[15e]"></a>pend_list_remove</STRONG> (Thumb, 24 bytes, Stack size 8 bytes, tos_pend.o(.text))
<BR><BR>[Stack]<UL><LI>Max Depth = 16<LI>Call Chain = pend_list_remove &rArr; tos_list_del
</UL>
<BR>[Calls]<UL><LI><a href="#[15f]">&gt;&gt;</a>&nbsp;&nbsp;&nbsp;task_state_reset_pending
<LI><a href="#[150]">&gt;&gt;</a>&nbsp;&nbsp;&nbsp;tos_list_del
</UL>
<BR>[Called By]<UL><LI><a href="#[161]">&gt;&gt;</a>&nbsp;&nbsp;&nbsp;pend_task_wakeup
<LI><a href="#[1bf]">&gt;&gt;</a>&nbsp;&nbsp;&nbsp;task_do_destroy
</UL>

<P><STRONG><a name="[137]"></a>pend_object_init</STRONG> (Thumb, 12 bytes, Stack size 8 bytes, tos_pend.o(.text), UNUSED)
<BR><BR>[Calls]<UL><LI><a href="#[152]">&gt;&gt;</a>&nbsp;&nbsp;&nbsp;tos_list_init
</UL>
<BR>[Called By]<UL><LI><a href="#[139]">&gt;&gt;</a>&nbsp;&nbsp;&nbsp;tos_mutex_create_dyn
<LI><a href="#[135]">&gt;&gt;</a>&nbsp;&nbsp;&nbsp;tos_mutex_create
</UL>

<P><STRONG><a name="[13d]"></a>pend_object_deinit</STRONG> (Thumb, 12 bytes, Stack size 8 bytes, tos_pend.o(.text), UNUSED)
<BR><BR>[Calls]<UL><LI><a href="#[152]">&gt;&gt;</a>&nbsp;&nbsp;&nbsp;tos_list_init
</UL>
<BR>[Called By]<UL><LI><a href="#[13b]">&gt;&gt;</a>&nbsp;&nbsp;&nbsp;tos_mutex_destroy
</UL>

<P><STRONG><a name="[148]"></a>pend_is_nopending</STRONG> (Thumb, 12 bytes, Stack size 8 bytes, tos_pend.o(.text), UNUSED)
<BR><BR>[Calls]<UL><LI><a href="#[15d]">&gt;&gt;</a>&nbsp;&nbsp;&nbsp;tos_list_empty
</UL>
<BR>[Called By]<UL><LI><a href="#[147]">&gt;&gt;</a>&nbsp;&nbsp;&nbsp;tos_mutex_post
</UL>

<P><STRONG><a name="[160]"></a>pend_list_adjust</STRONG> (Thumb, 22 bytes, Stack size 8 bytes, tos_pend.o(.text))
<BR><BR>[Stack]<UL><LI>Max Depth = 40<LI>Call Chain = pend_list_adjust &rArr; pend_list_add &rArr; tos_list_add_tail
</UL>
<BR>[Calls]<UL><LI><a href="#[15b]">&gt;&gt;</a>&nbsp;&nbsp;&nbsp;pend_list_add
<LI><a href="#[150]">&gt;&gt;</a>&nbsp;&nbsp;&nbsp;tos_list_del
</UL>
<BR>[Called By]<UL><LI><a href="#[12f]">&gt;&gt;</a>&nbsp;&nbsp;&nbsp;tos_task_prio_change
</UL>

<P><STRONG><a name="[145]"></a>pend_state2errno</STRONG> (Thumb, 46 bytes, Stack size 0 bytes, tos_pend.o(.text), UNUSED)
<BR><BR>[Called By]<UL><LI><a href="#[141]">&gt;&gt;</a>&nbsp;&nbsp;&nbsp;tos_mutex_pend_timed
</UL>

<P><STRONG><a name="[161]"></a>pend_task_wakeup</STRONG> (Thumb, 58 bytes, Stack size 16 bytes, tos_pend.o(.text))
<BR><BR>[Stack]<UL><LI>Max Depth = 56 + Unknown Stack Size
<LI>Call Chain = pend_task_wakeup &rArr; readyqueue_add &rArr; readyqueue_add_tail &rArr; tos_list_add_tail
</UL>
<BR>[Calls]<UL><LI><a href="#[164]">&gt;&gt;</a>&nbsp;&nbsp;&nbsp;tick_list_remove
<LI><a href="#[166]">&gt;&gt;</a>&nbsp;&nbsp;&nbsp;readyqueue_add
<LI><a href="#[15e]">&gt;&gt;</a>&nbsp;&nbsp;&nbsp;pend_list_remove
<LI><a href="#[165]">&gt;&gt;</a>&nbsp;&nbsp;&nbsp;task_state_is_suspended
<LI><a href="#[162]">&gt;&gt;</a>&nbsp;&nbsp;&nbsp;task_state_is_pending
<LI><a href="#[163]">&gt;&gt;</a>&nbsp;&nbsp;&nbsp;task_state_is_sleeping
</UL>
<BR>[Called By]<UL><LI><a href="#[14a]">&gt;&gt;</a>&nbsp;&nbsp;&nbsp;pend_wakeup_one
<LI><a href="#[134]">&gt;&gt;</a>&nbsp;&nbsp;&nbsp;pend_wakeup_all
<LI><a href="#[1e8]">&gt;&gt;</a>&nbsp;&nbsp;&nbsp;tick_update
</UL>

<P><STRONG><a name="[144]"></a>pend_task_block</STRONG> (Thumb, 60 bytes, Stack size 24 bytes, tos_pend.o(.text), UNUSED)
<BR><BR>[Calls]<UL><LI><a href="#[168]">&gt;&gt;</a>&nbsp;&nbsp;&nbsp;tick_list_add
<LI><a href="#[167]">&gt;&gt;</a>&nbsp;&nbsp;&nbsp;readyqueue_remove
<LI><a href="#[15b]">&gt;&gt;</a>&nbsp;&nbsp;&nbsp;pend_list_add
</UL>
<BR>[Called By]<UL><LI><a href="#[141]">&gt;&gt;</a>&nbsp;&nbsp;&nbsp;tos_mutex_pend_timed
</UL>

<P><STRONG><a name="[14a]"></a>pend_wakeup_one</STRONG> (Thumb, 20 bytes, Stack size 16 bytes, tos_pend.o(.text), UNUSED)
<BR><BR>[Calls]<UL><LI><a href="#[161]">&gt;&gt;</a>&nbsp;&nbsp;&nbsp;pend_task_wakeup
</UL>
<BR>[Called By]<UL><LI><a href="#[169]">&gt;&gt;</a>&nbsp;&nbsp;&nbsp;pend_wakeup
<LI><a href="#[147]">&gt;&gt;</a>&nbsp;&nbsp;&nbsp;tos_mutex_post
</UL>

<P><STRONG><a name="[134]"></a>pend_wakeup_all</STRONG> (Thumb, 50 bytes, Stack size 24 bytes, tos_pend.o(.text))
<BR><BR>[Stack]<UL><LI>Max Depth = 80 + Unknown Stack Size
<LI>Call Chain = pend_wakeup_all &rArr; pend_task_wakeup &rArr; readyqueue_add &rArr; readyqueue_add_tail &rArr; tos_list_add_tail
</UL>
<BR>[Calls]<UL><LI><a href="#[161]">&gt;&gt;</a>&nbsp;&nbsp;&nbsp;pend_task_wakeup
</UL>
<BR>[Called By]<UL><LI><a href="#[169]">&gt;&gt;</a>&nbsp;&nbsp;&nbsp;pend_wakeup
<LI><a href="#[13b]">&gt;&gt;</a>&nbsp;&nbsp;&nbsp;tos_mutex_destroy
<LI><a href="#[133]">&gt;&gt;</a>&nbsp;&nbsp;&nbsp;mutex_release
</UL>

<P><STRONG><a name="[169]"></a>pend_wakeup</STRONG> (Thumb, 30 bytes, Stack size 16 bytes, tos_pend.o(.text), UNUSED)
<BR><BR>[Calls]<UL><LI><a href="#[14a]">&gt;&gt;</a>&nbsp;&nbsp;&nbsp;pend_wakeup_one
<LI><a href="#[134]">&gt;&gt;</a>&nbsp;&nbsp;&nbsp;pend_wakeup_all
</UL>

<P><STRONG><a name="[6b]"></a>tos_robin_default_timeslice_config</STRONG> (Thumb, 42 bytes, Stack size 16 bytes, tos_robin.o(.text))
<BR><BR>[Stack]<UL><LI>Max Depth = 24 + Unknown Stack Size
<LI>Call Chain = tos_robin_default_timeslice_config &rArr; tos_cpu_cpsr_restore
</UL>
<BR>[Calls]<UL><LI><a href="#[b3]">&gt;&gt;</a>&nbsp;&nbsp;&nbsp;tos_cpu_cpsr_restore
<LI><a href="#[b1]">&gt;&gt;</a>&nbsp;&nbsp;&nbsp;tos_cpu_cpsr_save
</UL>
<BR>[Called By]<UL><LI><a href="#[46]">&gt;&gt;</a>&nbsp;&nbsp;&nbsp;main
</UL>

<P><STRONG><a name="[17a]"></a>tos_robin_timeslice_set</STRONG> (Thumb, 60 bytes, Stack size 16 bytes, tos_robin.o(.text), UNUSED)
<BR><BR>[Calls]<UL><LI><a href="#[b3]">&gt;&gt;</a>&nbsp;&nbsp;&nbsp;tos_cpu_cpsr_restore
<LI><a href="#[b1]">&gt;&gt;</a>&nbsp;&nbsp;&nbsp;tos_cpu_cpsr_save
</UL>

<P><STRONG><a name="[17b]"></a>robin_sched</STRONG> (Thumb, 164 bytes, Stack size 16 bytes, tos_robin.o(.text))
<BR><BR>[Stack]<UL><LI>Max Depth = 64 + Unknown Stack Size
<LI>Call Chain = robin_sched &rArr; readyqueue_move_head_to_tail &rArr; tos_list_move_tail &rArr; tos_list_add_tail
</UL>
<BR>[Calls]<UL><LI><a href="#[b3]">&gt;&gt;</a>&nbsp;&nbsp;&nbsp;tos_cpu_cpsr_restore
<LI><a href="#[b1]">&gt;&gt;</a>&nbsp;&nbsp;&nbsp;tos_cpu_cpsr_save
<LI><a href="#[140]">&gt;&gt;</a>&nbsp;&nbsp;&nbsp;knl_sched
<LI><a href="#[143]">&gt;&gt;</a>&nbsp;&nbsp;&nbsp;knl_is_sched_locked
<LI><a href="#[17f]">&gt;&gt;</a>&nbsp;&nbsp;&nbsp;readyqueue_move_head_to_tail
<LI><a href="#[17e]">&gt;&gt;</a>&nbsp;&nbsp;&nbsp;readyqueue_is_prio_onlyone
<LI><a href="#[17c]">&gt;&gt;</a>&nbsp;&nbsp;&nbsp;readyqueue_first_task_get
<LI><a href="#[17d]">&gt;&gt;</a>&nbsp;&nbsp;&nbsp;knl_is_idle
</UL>
<BR>[Called By]<UL><LI><a href="#[80]">&gt;&gt;</a>&nbsp;&nbsp;&nbsp;tos_tick_handler
</UL>

<P><STRONG><a name="[17e]"></a>readyqueue_is_prio_onlyone</STRONG> (Thumb, 30 bytes, Stack size 0 bytes, tos_sched.o(.text))
<BR><BR>[Called By]<UL><LI><a href="#[17b]">&gt;&gt;</a>&nbsp;&nbsp;&nbsp;robin_sched
</UL>

<P><STRONG><a name="[17c]"></a>readyqueue_first_task_get</STRONG> (Thumb, 30 bytes, Stack size 16 bytes, tos_sched.o(.text))
<BR><BR>[Stack]<UL><LI>Max Depth = 16<LI>Call Chain = readyqueue_first_task_get
</UL>
<BR>[Calls]<UL><LI><a href="#[193]">&gt;&gt;</a>&nbsp;&nbsp;&nbsp;tos_list_empty
</UL>
<BR>[Called By]<UL><LI><a href="#[17b]">&gt;&gt;</a>&nbsp;&nbsp;&nbsp;robin_sched
</UL>

<P><STRONG><a name="[1aa]"></a>readyqueue_highest_ready_task_get</STRONG> (Thumb, 22 bytes, Stack size 0 bytes, tos_sched.o(.text))
<BR><BR>[Called By]<UL><LI><a href="#[81]">&gt;&gt;</a>&nbsp;&nbsp;&nbsp;tos_knl_irq_leave
<LI><a href="#[6d]">&gt;&gt;</a>&nbsp;&nbsp;&nbsp;tos_knl_start
<LI><a href="#[140]">&gt;&gt;</a>&nbsp;&nbsp;&nbsp;knl_sched
</UL>

<P><STRONG><a name="[194]"></a>readyqueue_init</STRONG> (Thumb, 58 bytes, Stack size 8 bytes, tos_sched.o(.text))
<BR><BR>[Stack]<UL><LI>Max Depth = 8<LI>Call Chain = readyqueue_init
</UL>
<BR>[Calls]<UL><LI><a href="#[187]">&gt;&gt;</a>&nbsp;&nbsp;&nbsp;tos_list_init
</UL>
<BR>[Called By]<UL><LI><a href="#[6a]">&gt;&gt;</a>&nbsp;&nbsp;&nbsp;tos_knl_init
</UL>

<P><STRONG><a name="[195]"></a>readyqueue_add_head</STRONG> (Thumb, 42 bytes, Stack size 16 bytes, tos_sched.o(.text))
<BR><BR>[Stack]<UL><LI>Max Depth = 32<LI>Call Chain = readyqueue_add_head &rArr; tos_list_add
</UL>
<BR>[Calls]<UL><LI><a href="#[191]">&gt;&gt;</a>&nbsp;&nbsp;&nbsp;readyqueue_prio_mark
<LI><a href="#[193]">&gt;&gt;</a>&nbsp;&nbsp;&nbsp;tos_list_empty
<LI><a href="#[182]">&gt;&gt;</a>&nbsp;&nbsp;&nbsp;tos_list_add
</UL>
<BR>[Called By]<UL><LI><a href="#[166]">&gt;&gt;</a>&nbsp;&nbsp;&nbsp;readyqueue_add
<LI><a href="#[12f]">&gt;&gt;</a>&nbsp;&nbsp;&nbsp;tos_task_prio_change
</UL>

<P><STRONG><a name="[196]"></a>readyqueue_add_tail</STRONG> (Thumb, 42 bytes, Stack size 16 bytes, tos_sched.o(.text))
<BR><BR>[Stack]<UL><LI>Max Depth = 32<LI>Call Chain = readyqueue_add_tail &rArr; tos_list_add_tail
</UL>
<BR>[Calls]<UL><LI><a href="#[191]">&gt;&gt;</a>&nbsp;&nbsp;&nbsp;readyqueue_prio_mark
<LI><a href="#[193]">&gt;&gt;</a>&nbsp;&nbsp;&nbsp;tos_list_empty
<LI><a href="#[184]">&gt;&gt;</a>&nbsp;&nbsp;&nbsp;tos_list_add_tail
</UL>
<BR>[Called By]<UL><LI><a href="#[6c]">&gt;&gt;</a>&nbsp;&nbsp;&nbsp;tos_task_create
<LI><a href="#[166]">&gt;&gt;</a>&nbsp;&nbsp;&nbsp;readyqueue_add
<LI><a href="#[12f]">&gt;&gt;</a>&nbsp;&nbsp;&nbsp;tos_task_prio_change
<LI><a href="#[1cc]">&gt;&gt;</a>&nbsp;&nbsp;&nbsp;tos_task_yield
</UL>

<P><STRONG><a name="[166]"></a>readyqueue_add</STRONG> (Thumb, 36 bytes, Stack size 8 bytes, tos_sched.o(.text))
<BR><BR>[Stack]<UL><LI>Max Depth = 40<LI>Call Chain = readyqueue_add &rArr; readyqueue_add_tail &rArr; tos_list_add_tail
</UL>
<BR>[Calls]<UL><LI><a href="#[196]">&gt;&gt;</a>&nbsp;&nbsp;&nbsp;readyqueue_add_tail
<LI><a href="#[195]">&gt;&gt;</a>&nbsp;&nbsp;&nbsp;readyqueue_add_head
</UL>
<BR>[Called By]<UL><LI><a href="#[67]">&gt;&gt;</a>&nbsp;&nbsp;&nbsp;tos_task_resume
<LI><a href="#[161]">&gt;&gt;</a>&nbsp;&nbsp;&nbsp;pend_task_wakeup
<LI><a href="#[1d0]">&gt;&gt;</a>&nbsp;&nbsp;&nbsp;tos_task_delay_abort
</UL>

<P><STRONG><a name="[167]"></a>readyqueue_remove</STRONG> (Thumb, 64 bytes, Stack size 16 bytes, tos_sched.o(.text))
<BR><BR>[Stack]<UL><LI>Max Depth = 40 + Unknown Stack Size
<LI>Call Chain = readyqueue_remove &rArr; readyqueue_prio_highest_get &rArr; tos_cpu_clz
</UL>
<BR>[Calls]<UL><LI><a href="#[197]">&gt;&gt;</a>&nbsp;&nbsp;&nbsp;readyqueue_prio_remove
<LI><a href="#[190]">&gt;&gt;</a>&nbsp;&nbsp;&nbsp;readyqueue_prio_highest_get
<LI><a href="#[193]">&gt;&gt;</a>&nbsp;&nbsp;&nbsp;tos_list_empty
<LI><a href="#[185]">&gt;&gt;</a>&nbsp;&nbsp;&nbsp;tos_list_del
</UL>
<BR>[Called By]<UL><LI><a href="#[66]">&gt;&gt;</a>&nbsp;&nbsp;&nbsp;tos_task_suspend
<LI><a href="#[64]">&gt;&gt;</a>&nbsp;&nbsp;&nbsp;tos_task_delay
<LI><a href="#[12f]">&gt;&gt;</a>&nbsp;&nbsp;&nbsp;tos_task_prio_change
<LI><a href="#[144]">&gt;&gt;</a>&nbsp;&nbsp;&nbsp;pend_task_block
<LI><a href="#[1cc]">&gt;&gt;</a>&nbsp;&nbsp;&nbsp;tos_task_yield
[...]
</UL>

<P><STRONG><a name="[1c4]"></a>task_state_set_deleted</STRONG> (Thumb, 8 bytes, Stack size 0 bytes, tos_task.o(.text))
<BR><BR>[Called By]<UL><LI><a href="#[1bf]">&gt;&gt;</a>&nbsp;&nbsp;&nbsp;task_do_destroy
</UL>

<P><STRONG><a name="[4b]"></a>task_default_walker</STRONG> (Thumb, 196 bytes, Stack size 16 bytes, tos_task.o(.text))
<BR><BR>[Stack]<UL><LI>Max Depth = 40 + Unknown Stack Size
<LI>Call Chain = task_default_walker &rArr; tos_task_curr_task_get &rArr; tos_cpu_cpsr_restore
</UL>
<BR>[Calls]<UL><LI><a href="#[62]">&gt;&gt;</a>&nbsp;&nbsp;&nbsp;tos_task_curr_task_get
<LI><a href="#[61]">&gt;&gt;</a>&nbsp;&nbsp;&nbsp;__2printf
</UL>
<BR>[Address Reference Count : 1]<UL><LI> tos_task.o(.text)
</UL>
<P><STRONG><a name="[1bc]"></a>task_reset</STRONG> (Thumb, 58 bytes, Stack size 8 bytes, tos_task.o(.text))
<BR><BR>[Stack]<UL><LI>Max Depth = 8<LI>Call Chain = task_reset
</UL>
<BR>[Calls]<UL><LI><a href="#[1bd]">&gt;&gt;</a>&nbsp;&nbsp;&nbsp;knl_object_deinit
<LI><a href="#[1b4]">&gt;&gt;</a>&nbsp;&nbsp;&nbsp;tos_list_init
</UL>
<BR>[Called By]<UL><LI><a href="#[6c]">&gt;&gt;</a>&nbsp;&nbsp;&nbsp;tos_task_create
<LI><a href="#[1bf]">&gt;&gt;</a>&nbsp;&nbsp;&nbsp;task_do_destroy
</UL>

<P><STRONG><a name="[1be]"></a>task_mutex_release</STRONG> (Thumb, 46 bytes, Stack size 16 bytes, tos_task.o(.text))
<BR><BR>[Stack]<UL><LI>Max Depth = 104 + Unknown Stack Size
<LI>Call Chain = task_mutex_release &rArr; mutex_release &rArr; mutex_old_owner_release &rArr; tos_task_prio_change &rArr; readyqueue_remove &rArr; readyqueue_prio_highest_get &rArr; tos_cpu_clz
</UL>
<BR>[Calls]<UL><LI><a href="#[133]">&gt;&gt;</a>&nbsp;&nbsp;&nbsp;mutex_release
</UL>
<BR>[Called By]<UL><LI><a href="#[1bf]">&gt;&gt;</a>&nbsp;&nbsp;&nbsp;task_do_destroy
</UL>

<P><STRONG><a name="[1bf]"></a>task_do_destroy</STRONG> (Thumb, 126 bytes, Stack size 16 bytes, tos_task.o(.text))
<BR><BR>[Stack]<UL><LI>Max Depth = 120 + Unknown Stack Size
<LI>Call Chain = task_do_destroy &rArr; task_mutex_release &rArr; mutex_release &rArr; mutex_old_owner_release &rArr; tos_task_prio_change &rArr; readyqueue_remove &rArr; readyqueue_prio_highest_get &rArr; tos_cpu_clz
</UL>
<BR>[Calls]<UL><LI><a href="#[b3]">&gt;&gt;</a>&nbsp;&nbsp;&nbsp;tos_cpu_cpsr_restore
<LI><a href="#[b1]">&gt;&gt;</a>&nbsp;&nbsp;&nbsp;tos_cpu_cpsr_save
<LI><a href="#[164]">&gt;&gt;</a>&nbsp;&nbsp;&nbsp;tick_list_remove
<LI><a href="#[167]">&gt;&gt;</a>&nbsp;&nbsp;&nbsp;readyqueue_remove
<LI><a href="#[15e]">&gt;&gt;</a>&nbsp;&nbsp;&nbsp;pend_list_remove
<LI><a href="#[140]">&gt;&gt;</a>&nbsp;&nbsp;&nbsp;knl_sched
<LI><a href="#[1be]">&gt;&gt;</a>&nbsp;&nbsp;&nbsp;task_mutex_release
<LI><a href="#[1bc]">&gt;&gt;</a>&nbsp;&nbsp;&nbsp;task_reset
<LI><a href="#[1c4]">&gt;&gt;</a>&nbsp;&nbsp;&nbsp;task_state_set_deleted
<LI><a href="#[1c3]">&gt;&gt;</a>&nbsp;&nbsp;&nbsp;task_state_is_pending
<LI><a href="#[1c2]">&gt;&gt;</a>&nbsp;&nbsp;&nbsp;task_state_is_sleeping
<LI><a href="#[1c1]">&gt;&gt;</a>&nbsp;&nbsp;&nbsp;task_state_is_ready
<LI><a href="#[1c0]">&gt;&gt;</a>&nbsp;&nbsp;&nbsp;tos_list_empty
<LI><a href="#[1b2]">&gt;&gt;</a>&nbsp;&nbsp;&nbsp;tos_list_del
<LI><a href="#[17d]">&gt;&gt;</a>&nbsp;&nbsp;&nbsp;knl_is_idle
</UL>
<BR>[Called By]<UL><LI><a href="#[1c5]">&gt;&gt;</a>&nbsp;&nbsp;&nbsp;task_destroy_static
</UL>

<P><STRONG><a name="[1c5]"></a>task_destroy_static</STRONG> (Thumb, 12 bytes, Stack size 8 bytes, tos_task.o(.text))
<BR><BR>[Stack]<UL><LI>Max Depth = 128 + Unknown Stack Size
<LI>Call Chain = task_destroy_static &rArr; task_do_destroy &rArr; task_mutex_release &rArr; mutex_release &rArr; mutex_old_owner_release &rArr; tos_task_prio_change &rArr; readyqueue_remove &rArr; readyqueue_prio_highest_get &rArr; tos_cpu_clz
</UL>
<BR>[Calls]<UL><LI><a href="#[1bf]">&gt;&gt;</a>&nbsp;&nbsp;&nbsp;task_do_destroy
</UL>
<BR>[Called By]<UL><LI><a href="#[68]">&gt;&gt;</a>&nbsp;&nbsp;&nbsp;tos_task_destroy
</UL>

<P><STRONG><a name="[4a]"></a>task_exit</STRONG> (Thumb, 10 bytes, Stack size 8 bytes, tos_task.o(.text))
<BR><BR>[Stack]<UL><LI>Max Depth = 144 + Unknown Stack Size
<LI>Call Chain = task_exit &rArr; tos_task_destroy &rArr; task_destroy_static &rArr; task_do_destroy &rArr; task_mutex_release &rArr; mutex_release &rArr; mutex_old_owner_release &rArr; tos_task_prio_change &rArr; readyqueue_remove &rArr; readyqueue_prio_highest_get &rArr; tos_cpu_clz
</UL>
<BR>[Calls]<UL><LI><a href="#[68]">&gt;&gt;</a>&nbsp;&nbsp;&nbsp;tos_task_destroy
</UL>
<BR>[Address Reference Count : 1]<UL><LI> tos_task.o(.text)
</UL>
<P><STRONG><a name="[1c7]"></a>task_highest_pending_prio_get</STRONG> (Thumb, 54 bytes, Stack size 24 bytes, tos_task.o(.text))
<BR><BR>[Stack]<UL><LI>Max Depth = 40<LI>Call Chain = task_highest_pending_prio_get &rArr; pend_highest_pending_prio_get
</UL>
<BR>[Calls]<UL><LI><a href="#[132]">&gt;&gt;</a>&nbsp;&nbsp;&nbsp;pend_highest_pending_prio_get
</UL>
<BR>[Called By]<UL><LI><a href="#[12f]">&gt;&gt;</a>&nbsp;&nbsp;&nbsp;tos_task_prio_change
</UL>

<P><STRONG><a name="[1d6]"></a>_list_add</STRONG> (Thumb, 10 bytes, Stack size 0 bytes, tos_tick.o(.text))
<BR><BR>[Called By]<UL><LI><a href="#[1d7]">&gt;&gt;</a>&nbsp;&nbsp;&nbsp;tos_list_add_tail
<LI><a href="#[1d5]">&gt;&gt;</a>&nbsp;&nbsp;&nbsp;tos_list_add
</UL>

<P><STRONG><a name="[1d4]"></a>_list_del</STRONG> (Thumb, 6 bytes, Stack size 0 bytes, tos_tick.o(.text))
<BR><BR>[Called By]<UL><LI><a href="#[1d8]">&gt;&gt;</a>&nbsp;&nbsp;&nbsp;tos_list_del
<LI><a href="#[1d3]">&gt;&gt;</a>&nbsp;&nbsp;&nbsp;_list_del_node
</UL>

<P><STRONG><a name="[1d3]"></a>_list_del_node</STRONG> (Thumb, 14 bytes, Stack size 8 bytes, tos_tick.o(.text), UNUSED)
<BR><BR>[Calls]<UL><LI><a href="#[1d4]">&gt;&gt;</a>&nbsp;&nbsp;&nbsp;_list_del
</UL>
<BR>[Called By]<UL><LI><a href="#[1dc]">&gt;&gt;</a>&nbsp;&nbsp;&nbsp;tos_list_move_tail
<LI><a href="#[1db]">&gt;&gt;</a>&nbsp;&nbsp;&nbsp;tos_list_move
<LI><a href="#[1d9]">&gt;&gt;</a>&nbsp;&nbsp;&nbsp;tos_list_del_init
</UL>

<P><STRONG><a name="[1da]"></a>tos_list_init</STRONG> (Thumb, 6 bytes, Stack size 0 bytes, tos_tick.o(.text), UNUSED)
<BR><BR>[Called By]<UL><LI><a href="#[1d9]">&gt;&gt;</a>&nbsp;&nbsp;&nbsp;tos_list_del_init
</UL>

<P><STRONG><a name="[1d5]"></a>tos_list_add</STRONG> (Thumb, 18 bytes, Stack size 16 bytes, tos_tick.o(.text), UNUSED)
<BR><BR>[Calls]<UL><LI><a href="#[1d6]">&gt;&gt;</a>&nbsp;&nbsp;&nbsp;_list_add
</UL>
<BR>[Called By]<UL><LI><a href="#[1db]">&gt;&gt;</a>&nbsp;&nbsp;&nbsp;tos_list_move
</UL>

<P><STRONG><a name="[1d7]"></a>tos_list_add_tail</STRONG> (Thumb, 18 bytes, Stack size 16 bytes, tos_tick.o(.text))
<BR><BR>[Stack]<UL><LI>Max Depth = 16<LI>Call Chain = tos_list_add_tail
</UL>
<BR>[Calls]<UL><LI><a href="#[1d6]">&gt;&gt;</a>&nbsp;&nbsp;&nbsp;_list_add
</UL>
<BR>[Called By]<UL><LI><a href="#[1e3]">&gt;&gt;</a>&nbsp;&nbsp;&nbsp;tick_task_place
<LI><a href="#[1dc]">&gt;&gt;</a>&nbsp;&nbsp;&nbsp;tos_list_move_tail
</UL>

<P><STRONG><a name="[1d8]"></a>tos_list_del</STRONG> (Thumb, 14 bytes, Stack size 8 bytes, tos_tick.o(.text))
<BR><BR>[Stack]<UL><LI>Max Depth = 8<LI>Call Chain = tos_list_del
</UL>
<BR>[Calls]<UL><LI><a href="#[1d4]">&gt;&gt;</a>&nbsp;&nbsp;&nbsp;_list_del
</UL>
<BR>[Called By]<UL><LI><a href="#[1e4]">&gt;&gt;</a>&nbsp;&nbsp;&nbsp;tick_task_takeoff
</UL>

<P><STRONG><a name="[1d9]"></a>tos_list_del_init</STRONG> (Thumb, 18 bytes, Stack size 8 bytes, tos_tick.o(.text), UNUSED)
<BR><BR>[Calls]<UL><LI><a href="#[1da]">&gt;&gt;</a>&nbsp;&nbsp;&nbsp;tos_list_init
<LI><a href="#[1d3]">&gt;&gt;</a>&nbsp;&nbsp;&nbsp;_list_del_node
</UL>

<P><STRONG><a name="[1db]"></a>tos_list_move</STRONG> (Thumb, 22 bytes, Stack size 16 bytes, tos_tick.o(.text), UNUSED)
<BR><BR>[Calls]<UL><LI><a href="#[1d5]">&gt;&gt;</a>&nbsp;&nbsp;&nbsp;tos_list_add
<LI><a href="#[1d3]">&gt;&gt;</a>&nbsp;&nbsp;&nbsp;_list_del_node
</UL>

<P><STRONG><a name="[1dc]"></a>tos_list_move_tail</STRONG> (Thumb, 22 bytes, Stack size 16 bytes, tos_tick.o(.text), UNUSED)
<BR><BR>[Calls]<UL><LI><a href="#[1d7]">&gt;&gt;</a>&nbsp;&nbsp;&nbsp;tos_list_add_tail
<LI><a href="#[1d3]">&gt;&gt;</a>&nbsp;&nbsp;&nbsp;_list_del_node
</UL>

<P><STRONG><a name="[1e5]"></a>tos_list_empty</STRONG> (Thumb, 16 bytes, Stack size 0 bytes, tos_tick.o(.text))
<BR><BR>[Called By]<UL><LI><a href="#[1e9]">&gt;&gt;</a>&nbsp;&nbsp;&nbsp;tick_next_expires_get
<LI><a href="#[1e8]">&gt;&gt;</a>&nbsp;&nbsp;&nbsp;tick_update
<LI><a href="#[1e4]">&gt;&gt;</a>&nbsp;&nbsp;&nbsp;tick_task_takeoff
</UL>

<P><STRONG><a name="[1de]"></a>tos_slist_add_head</STRONG> (Thumb, 8 bytes, Stack size 0 bytes, tos_tick.o(.text), UNUSED)
<BR><BR>[Called By]<UL><LI><a href="#[1dd]">&gt;&gt;</a>&nbsp;&nbsp;&nbsp;tos_slist_add_tail
</UL>

<P><STRONG><a name="[1dd]"></a>tos_slist_add_tail</STRONG> (Thumb, 30 bytes, Stack size 16 bytes, tos_tick.o(.text), UNUSED)
<BR><BR>[Calls]<UL><LI><a href="#[1de]">&gt;&gt;</a>&nbsp;&nbsp;&nbsp;tos_slist_add_head
</UL>
<BR>[Called By]<UL><LI><a href="#[1df]">&gt;&gt;</a>&nbsp;&nbsp;&nbsp;tos_slist_insert
</UL>

<P><STRONG><a name="[1df]"></a>tos_slist_insert</STRONG> (Thumb, 44 bytes, Stack size 16 bytes, tos_tick.o(.text), UNUSED)
<BR><BR>[Calls]<UL><LI><a href="#[1dd]">&gt;&gt;</a>&nbsp;&nbsp;&nbsp;tos_slist_add_tail
</UL>

<P><STRONG><a name="[1e1]"></a>tos_slist_del_head</STRONG> (Thumb, 24 bytes, Stack size 0 bytes, tos_tick.o(.text), UNUSED)
<BR><BR>[Called By]<UL><LI><a href="#[1e0]">&gt;&gt;</a>&nbsp;&nbsp;&nbsp;tos_slist_del_tail
</UL>

<P><STRONG><a name="[1e0]"></a>tos_slist_del_tail</STRONG> (Thumb, 32 bytes, Stack size 8 bytes, tos_tick.o(.text), UNUSED)
<BR><BR>[Calls]<UL><LI><a href="#[1e1]">&gt;&gt;</a>&nbsp;&nbsp;&nbsp;tos_slist_del_head
</UL>

<P><STRONG><a name="[1e7]"></a>task_state_reset_sleeping</STRONG> (Thumb, 14 bytes, Stack size 0 bytes, tos_tick.o(.text))
<BR><BR>[Called By]<UL><LI><a href="#[164]">&gt;&gt;</a>&nbsp;&nbsp;&nbsp;tick_list_remove
</UL>

<P><STRONG><a name="[1e6]"></a>task_state_set_sleeping</STRONG> (Thumb, 14 bytes, Stack size 0 bytes, tos_tick.o(.text))
<BR><BR>[Called By]<UL><LI><a href="#[168]">&gt;&gt;</a>&nbsp;&nbsp;&nbsp;tick_list_add
</UL>

<P><STRONG><a name="[1e2]"></a>task_default_walker</STRONG> (Thumb, 196 bytes, Stack size 16 bytes, tos_tick.o(.text), UNUSED)
<BR><BR>[Calls]<UL><LI><a href="#[62]">&gt;&gt;</a>&nbsp;&nbsp;&nbsp;tos_task_curr_task_get
<LI><a href="#[61]">&gt;&gt;</a>&nbsp;&nbsp;&nbsp;__2printf
</UL>

<P><STRONG><a name="[1e3]"></a>tick_task_place</STRONG> (Thumb, 184 bytes, Stack size 40 bytes, tos_tick.o(.text))
<BR><BR>[Stack]<UL><LI>Max Depth = 56 + Unknown Stack Size
<LI>Call Chain = tick_task_place &rArr; tos_list_add_tail
</UL>
<BR>[Calls]<UL><LI><a href="#[b3]">&gt;&gt;</a>&nbsp;&nbsp;&nbsp;tos_cpu_cpsr_restore
<LI><a href="#[b1]">&gt;&gt;</a>&nbsp;&nbsp;&nbsp;tos_cpu_cpsr_save
<LI><a href="#[1d7]">&gt;&gt;</a>&nbsp;&nbsp;&nbsp;tos_list_add_tail
</UL>
<BR>[Called By]<UL><LI><a href="#[168]">&gt;&gt;</a>&nbsp;&nbsp;&nbsp;tick_list_add
</UL>

<P><STRONG><a name="[1e4]"></a>tick_task_takeoff</STRONG> (Thumb, 120 bytes, Stack size 16 bytes, tos_tick.o(.text))
<BR><BR>[Stack]<UL><LI>Max Depth = 24 + Unknown Stack Size
<LI>Call Chain = tick_task_takeoff &rArr; tos_cpu_cpsr_restore
</UL>
<BR>[Calls]<UL><LI><a href="#[b3]">&gt;&gt;</a>&nbsp;&nbsp;&nbsp;tos_cpu_cpsr_restore
<LI><a href="#[b1]">&gt;&gt;</a>&nbsp;&nbsp;&nbsp;tos_cpu_cpsr_save
<LI><a href="#[1e5]">&gt;&gt;</a>&nbsp;&nbsp;&nbsp;tos_list_empty
<LI><a href="#[1d8]">&gt;&gt;</a>&nbsp;&nbsp;&nbsp;tos_list_del
</UL>
<BR>[Called By]<UL><LI><a href="#[164]">&gt;&gt;</a>&nbsp;&nbsp;&nbsp;tick_list_remove
</UL>

<P><STRONG><a name="[1ee]"></a>_list_add</STRONG> (Thumb, 10 bytes, Stack size 0 bytes, tos_timer.o(.text))
<BR><BR>[Called By]<UL><LI><a href="#[1ef]">&gt;&gt;</a>&nbsp;&nbsp;&nbsp;tos_list_add_tail
<LI><a href="#[1ed]">&gt;&gt;</a>&nbsp;&nbsp;&nbsp;tos_list_add
</UL>

<P><STRONG><a name="[1ec]"></a>_list_del</STRONG> (Thumb, 6 bytes, Stack size 0 bytes, tos_timer.o(.text))
<BR><BR>[Called By]<UL><LI><a href="#[1f0]">&gt;&gt;</a>&nbsp;&nbsp;&nbsp;tos_list_del
<LI><a href="#[1eb]">&gt;&gt;</a>&nbsp;&nbsp;&nbsp;_list_del_node
</UL>

<P><STRONG><a name="[1eb]"></a>_list_del_node</STRONG> (Thumb, 14 bytes, Stack size 8 bytes, tos_timer.o(.text), UNUSED)
<BR><BR>[Calls]<UL><LI><a href="#[1ec]">&gt;&gt;</a>&nbsp;&nbsp;&nbsp;_list_del
</UL>
<BR>[Called By]<UL><LI><a href="#[1f4]">&gt;&gt;</a>&nbsp;&nbsp;&nbsp;tos_list_move_tail
<LI><a href="#[1f3]">&gt;&gt;</a>&nbsp;&nbsp;&nbsp;tos_list_move
<LI><a href="#[1f1]">&gt;&gt;</a>&nbsp;&nbsp;&nbsp;tos_list_del_init
</UL>

<P><STRONG><a name="[1f2]"></a>tos_list_init</STRONG> (Thumb, 6 bytes, Stack size 0 bytes, tos_timer.o(.text), UNUSED)
<BR><BR>[Called By]<UL><LI><a href="#[200]">&gt;&gt;</a>&nbsp;&nbsp;&nbsp;tos_timer_create
<LI><a href="#[1fe]">&gt;&gt;</a>&nbsp;&nbsp;&nbsp;timer_reset
<LI><a href="#[1f1]">&gt;&gt;</a>&nbsp;&nbsp;&nbsp;tos_list_del_init
</UL>

<P><STRONG><a name="[1ed]"></a>tos_list_add</STRONG> (Thumb, 18 bytes, Stack size 16 bytes, tos_timer.o(.text), UNUSED)
<BR><BR>[Calls]<UL><LI><a href="#[1ee]">&gt;&gt;</a>&nbsp;&nbsp;&nbsp;_list_add
</UL>
<BR>[Called By]<UL><LI><a href="#[1f3]">&gt;&gt;</a>&nbsp;&nbsp;&nbsp;tos_list_move
</UL>

<P><STRONG><a name="[1ef]"></a>tos_list_add_tail</STRONG> (Thumb, 18 bytes, Stack size 16 bytes, tos_timer.o(.text))
<BR><BR>[Stack]<UL><LI>Max Depth = 16<LI>Call Chain = tos_list_add_tail
</UL>
<BR>[Calls]<UL><LI><a href="#[1ee]">&gt;&gt;</a>&nbsp;&nbsp;&nbsp;_list_add
</UL>
<BR>[Called By]<UL><LI><a href="#[1fb]">&gt;&gt;</a>&nbsp;&nbsp;&nbsp;timer_place
<LI><a href="#[1f4]">&gt;&gt;</a>&nbsp;&nbsp;&nbsp;tos_list_move_tail
</UL>

<P><STRONG><a name="[1f0]"></a>tos_list_del</STRONG> (Thumb, 14 bytes, Stack size 8 bytes, tos_timer.o(.text))
<BR><BR>[Stack]<UL><LI>Max Depth = 8<LI>Call Chain = tos_list_del
</UL>
<BR>[Calls]<UL><LI><a href="#[1ec]">&gt;&gt;</a>&nbsp;&nbsp;&nbsp;_list_del
</UL>
<BR>[Called By]<UL><LI><a href="#[1fc]">&gt;&gt;</a>&nbsp;&nbsp;&nbsp;timer_takeoff
</UL>

<P><STRONG><a name="[1f1]"></a>tos_list_del_init</STRONG> (Thumb, 18 bytes, Stack size 8 bytes, tos_timer.o(.text), UNUSED)
<BR><BR>[Calls]<UL><LI><a href="#[1f2]">&gt;&gt;</a>&nbsp;&nbsp;&nbsp;tos_list_init
<LI><a href="#[1eb]">&gt;&gt;</a>&nbsp;&nbsp;&nbsp;_list_del_node
</UL>

<P><STRONG><a name="[1f3]"></a>tos_list_move</STRONG> (Thumb, 22 bytes, Stack size 16 bytes, tos_timer.o(.text), UNUSED)
<BR><BR>[Calls]<UL><LI><a href="#[1ed]">&gt;&gt;</a>&nbsp;&nbsp;&nbsp;tos_list_add
<LI><a href="#[1eb]">&gt;&gt;</a>&nbsp;&nbsp;&nbsp;_list_del_node
</UL>

<P><STRONG><a name="[1f4]"></a>tos_list_move_tail</STRONG> (Thumb, 22 bytes, Stack size 16 bytes, tos_timer.o(.text), UNUSED)
<BR><BR>[Calls]<UL><LI><a href="#[1ef]">&gt;&gt;</a>&nbsp;&nbsp;&nbsp;tos_list_add_tail
<LI><a href="#[1eb]">&gt;&gt;</a>&nbsp;&nbsp;&nbsp;_list_del_node
</UL>

<P><STRONG><a name="[1fd]"></a>tos_list_empty</STRONG> (Thumb, 16 bytes, Stack size 0 bytes, tos_timer.o(.text))
<BR><BR>[Called By]<UL><LI><a href="#[1fc]">&gt;&gt;</a>&nbsp;&nbsp;&nbsp;timer_takeoff
</UL>

<P><STRONG><a name="[1f6]"></a>tos_slist_add_head</STRONG> (Thumb, 8 bytes, Stack size 0 bytes, tos_timer.o(.text), UNUSED)
<BR><BR>[Called By]<UL><LI><a href="#[1f5]">&gt;&gt;</a>&nbsp;&nbsp;&nbsp;tos_slist_add_tail
</UL>

<P><STRONG><a name="[1f5]"></a>tos_slist_add_tail</STRONG> (Thumb, 30 bytes, Stack size 16 bytes, tos_timer.o(.text), UNUSED)
<BR><BR>[Calls]<UL><LI><a href="#[1f6]">&gt;&gt;</a>&nbsp;&nbsp;&nbsp;tos_slist_add_head
</UL>
<BR>[Called By]<UL><LI><a href="#[1f7]">&gt;&gt;</a>&nbsp;&nbsp;&nbsp;tos_slist_insert
</UL>

<P><STRONG><a name="[1f7]"></a>tos_slist_insert</STRONG> (Thumb, 44 bytes, Stack size 16 bytes, tos_timer.o(.text), UNUSED)
<BR><BR>[Calls]<UL><LI><a href="#[1f5]">&gt;&gt;</a>&nbsp;&nbsp;&nbsp;tos_slist_add_tail
</UL>

<P><STRONG><a name="[1f9]"></a>tos_slist_del_head</STRONG> (Thumb, 24 bytes, Stack size 0 bytes, tos_timer.o(.text), UNUSED)
<BR><BR>[Called By]<UL><LI><a href="#[1f8]">&gt;&gt;</a>&nbsp;&nbsp;&nbsp;tos_slist_del_tail
</UL>

<P><STRONG><a name="[1f8]"></a>tos_slist_del_tail</STRONG> (Thumb, 32 bytes, Stack size 8 bytes, tos_timer.o(.text), UNUSED)
<BR><BR>[Calls]<UL><LI><a href="#[1f9]">&gt;&gt;</a>&nbsp;&nbsp;&nbsp;tos_slist_del_head
</UL>

<P><STRONG><a name="[203]"></a>knl_object_verify</STRONG> (Thumb, 16 bytes, Stack size 0 bytes, tos_timer.o(.text), UNUSED)
<BR><BR>[Called By]<UL><LI><a href="#[205]">&gt;&gt;</a>&nbsp;&nbsp;&nbsp;tos_timer_stop
<LI><a href="#[204]">&gt;&gt;</a>&nbsp;&nbsp;&nbsp;tos_timer_start
<LI><a href="#[202]">&gt;&gt;</a>&nbsp;&nbsp;&nbsp;tos_timer_destroy
<LI><a href="#[206]">&gt;&gt;</a>&nbsp;&nbsp;&nbsp;timer_change
</UL>

<P><STRONG><a name="[201]"></a>knl_object_init</STRONG> (Thumb, 4 bytes, Stack size 0 bytes, tos_timer.o(.text), UNUSED)
<BR><BR>[Called By]<UL><LI><a href="#[200]">&gt;&gt;</a>&nbsp;&nbsp;&nbsp;tos_timer_create
</UL>

<P><STRONG><a name="[1ff]"></a>knl_object_deinit</STRONG> (Thumb, 6 bytes, Stack size 0 bytes, tos_timer.o(.text), UNUSED)
<BR><BR>[Called By]<UL><LI><a href="#[1fe]">&gt;&gt;</a>&nbsp;&nbsp;&nbsp;timer_reset
</UL>

<P><STRONG><a name="[1fa]"></a>task_default_walker</STRONG> (Thumb, 196 bytes, Stack size 16 bytes, tos_timer.o(.text), UNUSED)
<BR><BR>[Calls]<UL><LI><a href="#[62]">&gt;&gt;</a>&nbsp;&nbsp;&nbsp;tos_task_curr_task_get
<LI><a href="#[61]">&gt;&gt;</a>&nbsp;&nbsp;&nbsp;__2printf
</UL>

<P><STRONG><a name="[1fb]"></a>timer_place</STRONG> (Thumb, 126 bytes, Stack size 16 bytes, tos_timer.o(.text))
<BR><BR>[Stack]<UL><LI>Max Depth = 32 + Unknown Stack Size
<LI>Call Chain = timer_place &rArr; tos_list_add_tail
</UL>
<BR>[Calls]<UL><LI><a href="#[b3]">&gt;&gt;</a>&nbsp;&nbsp;&nbsp;tos_cpu_cpsr_restore
<LI><a href="#[b1]">&gt;&gt;</a>&nbsp;&nbsp;&nbsp;tos_cpu_cpsr_save
<LI><a href="#[1ef]">&gt;&gt;</a>&nbsp;&nbsp;&nbsp;tos_list_add_tail
</UL>
<BR>[Called By]<UL><LI><a href="#[204]">&gt;&gt;</a>&nbsp;&nbsp;&nbsp;tos_timer_start
<LI><a href="#[1ea]">&gt;&gt;</a>&nbsp;&nbsp;&nbsp;timer_update
</UL>

<P><STRONG><a name="[1fc]"></a>timer_takeoff</STRONG> (Thumb, 96 bytes, Stack size 24 bytes, tos_timer.o(.text))
<BR><BR>[Stack]<UL><LI>Max Depth = 32 + Unknown Stack Size
<LI>Call Chain = timer_takeoff &rArr; tos_cpu_cpsr_restore
</UL>
<BR>[Calls]<UL><LI><a href="#[b3]">&gt;&gt;</a>&nbsp;&nbsp;&nbsp;tos_cpu_cpsr_restore
<LI><a href="#[b1]">&gt;&gt;</a>&nbsp;&nbsp;&nbsp;tos_cpu_cpsr_save
<LI><a href="#[1fd]">&gt;&gt;</a>&nbsp;&nbsp;&nbsp;tos_list_empty
<LI><a href="#[1f0]">&gt;&gt;</a>&nbsp;&nbsp;&nbsp;tos_list_del
</UL>
<BR>[Called By]<UL><LI><a href="#[205]">&gt;&gt;</a>&nbsp;&nbsp;&nbsp;tos_timer_stop
<LI><a href="#[204]">&gt;&gt;</a>&nbsp;&nbsp;&nbsp;tos_timer_start
<LI><a href="#[202]">&gt;&gt;</a>&nbsp;&nbsp;&nbsp;tos_timer_destroy
<LI><a href="#[1ea]">&gt;&gt;</a>&nbsp;&nbsp;&nbsp;timer_update
</UL>

<P><STRONG><a name="[1fe]"></a>timer_reset</STRONG> (Thumb, 46 bytes, Stack size 8 bytes, tos_timer.o(.text), UNUSED)
<BR><BR>[Calls]<UL><LI><a href="#[1ff]">&gt;&gt;</a>&nbsp;&nbsp;&nbsp;knl_object_deinit
<LI><a href="#[1f2]">&gt;&gt;</a>&nbsp;&nbsp;&nbsp;tos_list_init
</UL>
<BR>[Called By]<UL><LI><a href="#[202]">&gt;&gt;</a>&nbsp;&nbsp;&nbsp;tos_timer_destroy
</UL>

<P><STRONG><a name="[206]"></a>timer_change</STRONG> (Thumb, 152 bytes, Stack size 24 bytes, tos_timer.o(.text), UNUSED)
<BR><BR>[Calls]<UL><LI><a href="#[203]">&gt;&gt;</a>&nbsp;&nbsp;&nbsp;knl_object_verify
</UL>
<BR>[Called By]<UL><LI><a href="#[208]">&gt;&gt;</a>&nbsp;&nbsp;&nbsp;tos_timer_period_change
<LI><a href="#[207]">&gt;&gt;</a>&nbsp;&nbsp;&nbsp;tos_timer_delay_change
</UL>

<P><STRONG><a name="[210]"></a>_printf_core</STRONG> (Thumb, 658 bytes, Stack size 104 bytes, printf5.o(i._printf_core), UNUSED)
<BR><BR>[Calls]<UL><LI><a href="#[b9]">&gt;&gt;</a>&nbsp;&nbsp;&nbsp;__aeabi_uldivmod
</UL>
<BR>[Called By]<UL><LI><a href="#[20f]">&gt;&gt;</a>&nbsp;&nbsp;&nbsp;__0printf$5
</UL>
<P>
<H3>
Undefined Global Symbols
</H3><HR></body></html>
