<html>
<body>
<pre>
<h1>µVision Build Log</h1>
<h2>Tool Versions:</h2>
IDE-Version: ¦ÌVision V5.30.0.0
Copyright (C) 2020 ARM Ltd and ARM Germany GmbH. All rights reserved.
License Information: Long Yorke, CUGB, LIC=KRMW3-ACLPP-KPCZY-IH5EC-5RI7K-ZIXBV
 
Tool Versions:
Toolchain:       MDK-ARM Plus  Version: 5.30.0.0
Toolchain Path:  D:\software\Keil_v5\ARM\ARMCC\Bin
C Compiler:      Armcc.exe V5.06 update 6 (build 750)
Assembler:       Armasm.exe V5.06 update 6 (build 750)
Linker/Locator:  ArmLink.exe V5.06 update 6 (build 750)
Library Manager: ArmAr.exe V5.06 update 6 (build 750)
Hex Converter:   FromElf.exe V5.06 update 6 (build 750)
CPU DLL:         SARMCM3.DLL V5.30.0.0
Dialog DLL:      DCM.DLL V1.17.3.0
Target DLL:      STLink\ST-LINKIII-KEIL_SWO.dll V3.0.7.0
Dialog DLL:      TCM.DLL V1.42.0.0
 
<h2>Project:</h2>
D:\GithubProject\pack-test-project\tos_1_6_0\tos_1_6_0.uvprojx
Project File Date:  09/08/2021

<h2>Output:</h2>
*** Using Compiler 'V5.06 update 6 (build 750)', folder: 'D:\software\Keil_v5\ARM\ARMCC\Bin'
Build target 'Target 1'
compiling stm32f4xx_hal_cortex.c...
compiling stm32f4xx_hal.c...
compiling stm32f4xx_hal_dma.c...
compiling stm32f4xx_hal_flash_ex.c...
compiling stm32f4xx_hal_exti.c...
compiling stm32f4xx_hal_dma_ex.c...
compiling stm32f4xx_hal_flash.c...
compiling main.c...
compiling stm32f4xx_hal_flash_ramfunc.c...
compiling stm32f4xx_hal_pwr_ex.c...
compiling stm32f4xx_hal_tim.c...
compiling stm32f4xx_hal_rcc.c...
compiling stm32f4xx_hal_pwr.c...
compiling stm32f4xx_hal_gpio.c...
compiling stm32f4xx_hal_rcc_ex.c...
assembling startup_stm32f429xx.s...
compiling stm32f4xx_hal_tim_ex.c...
compiling system_stm32f4xx.c...
compiling tos_fault.c...
assembling port_s.S...
compiling tos_cpu.c...
compiling stm32f4xx_hal_uart.c...
compiling port_c.c...
compiling stm32f4xx_hal_msp.c...
compiling usart.c...
compiling gpio.c...
compiling stm32f4xx_it.c...
compiling cmsis_os.c...
compiling tos_barrier.c...
compiling tos_binary_heap.c...
compiling tos_completion.c...
compiling tos_char_fifo.c...
compiling tos_countdownlatch.c...
compiling tos_bitmap.c...
compiling tos_global.c...
compiling tos_event.c...
compiling tos_mail_queue.c...
compiling tos_message_queue.c...
compiling tos_mutex.c...
compiling tos_priority_mail_queue.c...
compiling tos_pend.c...
compiling tos_mmblk.c...
compiling tos_mmheap.c...
compiling tos_priority_message_queue.c...
compiling tos_priority_queue.c...
compiling tos_robin.c...
compiling tos_ring_queue.c...
compiling tos_sys.c...
compiling tos_rwlock.c...
compiling tos_sched.c...
compiling tos_sem.c...
compiling tos_task.c...
compiling tos_stopwatch.c...
compiling tos_tick.c...
compiling tos_timer.c...
compiling tos_time.c...
linking...
Program Size: Code=13284 RO-data=572 RW-data=104 ZI-data=6680  
".\Objects\tos_1_6_0.axf" - 0 Error(s), 0 Warning(s).

<h2>Software Packages used:</h2>

Package Vendor: ARM
                http://www.keil.com/pack/ARM.CMSIS.5.7.0.pack
                ARM.CMSIS.5.7.0
                CMSIS (Cortex Microcontroller Software Interface Standard)
   * Component: CORE Version: 5.4.0

Package Vendor: Tencent
                http://www.keil.com/pack/Tencent.TencentOS_tiny.1.6.0.pack
                Tencent.TencentOS_tiny.1.6.0
                CMSIS (Common Microcontroller Software Interface Standard)
   * Component: Keil TencentOS tiny Version: 1.6.0

Package Vendor: Keil
                http://www.keil.com/pack/Keil.STM32F4xx_DFP.2.14.0.pack
                Keil.STM32F4xx_DFP.2.14.0
                STMicroelectronics STM32F4 Series Device Support, Drivers and Examples
   * Component: Startup Version: 2.6.3

<h2>Collection of Component include folders:</h2>
  .\RTE\Tencent
  .\RTE\_Target_1
  D:\software\Keil_v5\ARM\CMSIS\5.7.0\CMSIS\Core\Include
  D:\software\Keil_v5\Keil\STM32F4xx_DFP\2.14.0\Drivers\CMSIS\Device\ST\STM32F4xx\Include
  D:\software\Keil_v5\Tencent\TencentOS_tiny\1.6.0\CMSIS\RTOS\TencentOS_tiny\INC
  D:\software\Keil_v5\Tencent\TencentOS_tiny\1.6.0\CMSIS\RTOS\TencentOS_tiny\LIB\arm-v7m\common\include
  D:\software\Keil_v5\Tencent\TencentOS_tiny\1.6.0\CMSIS\RTOS\TencentOS_tiny\LIB\arm-v7m\cortex-m4\armcc
  D:\software\Keil_v5\Tencent\TencentOS_tiny\1.6.0\CMSIS\RTOS\TencentOS_tiny\SRC\core\include

<h2>Collection of Component Files used:</h2>

   * Component: ARM::CMSIS:CORE:5.4.0

   * Component: Keil::Device:Startup:2.6.3
      Source file:   MDK\Device\Source\ARM\STM32F42xxx_43xxx_OPT.s
      Source file:   Drivers\CMSIS\Device\ST\STM32F4xx\Source\Templates\arm\startup_stm32f429xx.s
      Include file:  Drivers\CMSIS\Device\ST\STM32F4xx\Include\stm32f4xx.h
      Source file:   MDK\Device\Source\ARM\STM32F4xx_OTP.s
      Source file:   Drivers\CMSIS\Device\ST\STM32F4xx\Source\Templates\system_stm32f4xx.c

   * Component: Tencent::Tencent:RTOS:Keil TencentOS tiny:1.6.0
      Include file:  CMSIS\RTOS\TencentOS_tiny\SRC\core\include\tos_priority_queue.h
      Include file:  CMSIS\RTOS\TencentOS_tiny\SRC\core\include\tos_pend.h
      Include file:  CMSIS\RTOS\TencentOS_tiny\SRC\core\include\tos_ring_queue.h
      Include file:  CMSIS\RTOS\TencentOS_tiny\SRC\core\include\tos_sys.h
      Include file:  CMSIS\RTOS\TencentOS_tiny\SRC\core\include\os_tick.h
      Source file:   CMSIS\RTOS\TencentOS_tiny\SRC\core\tos_completion.c
      Source file:   CMSIS\RTOS\TencentOS_tiny\SRC\core\tos_countdownlatch.c
      Source file:   CMSIS\RTOS\TencentOS_tiny\SRC\core\tos_event.c
      Source file:   CMSIS\RTOS\TencentOS_tiny\SRC\core\tos_mail_queue.c
      Include file:  CMSIS\RTOS\TencentOS_tiny\SRC\core\include\tos_tick.h
      Source file:   CMSIS\RTOS\TencentOS_tiny\SRC\core\tos_message_queue.c
      Source file:   CMSIS\RTOS\TencentOS_tiny\SRC\core\tos_char_fifo.c
      Source file:   CMSIS\RTOS\TencentOS_tiny\SRC\core\tos_bitmap.c
      Include file:  CMSIS\RTOS\TencentOS_tiny\SRC\core\include\tos_sched.h
      Source file:   CMSIS\RTOS\TencentOS_tiny\SRC\core\tos_mmblk.c
      Source file:   CMSIS\RTOS\TencentOS_tiny\SRC\core\tos_mmheap.c
      Source file:   CMSIS\RTOS\TencentOS_tiny\SRC\core\tos_global.c
      Include file:  CMSIS\RTOS\TencentOS_tiny\SRC\core\include\tos_priority_mail_queue.h
      Include file:  CMSIS\RTOS\TencentOS_tiny\SRC\core\include\tos_priority_message_queue.h
      Include file:  CMSIS\RTOS\TencentOS_tiny\SRC\core\include\tos_rwlock.h
      Include file:  CMSIS\RTOS\TencentOS_tiny\SRC\core\include\tos_task.h
      Include file:  CMSIS\RTOS\TencentOS_tiny\SRC\core\include\tos_timer.h
      Include file:  CMSIS\RTOS\TencentOS_tiny\SRC\core\include\tos_mutex.h
      Include file:  CMSIS\RTOS\TencentOS_tiny\SRC\core\include\tos_time.h
      Include file:  CMSIS\RTOS\TencentOS_tiny\SRC\core\include\tos_sem.h
      Include file:  CMSIS\RTOS\TencentOS_tiny\SRC\core\include\tos_slist.h
      Include file:  CMSIS\RTOS\TencentOS_tiny\SRC\core\include\tos_mmheap.h
      Include file:  CMSIS\RTOS\TencentOS_tiny\SRC\core\include\tos_stopwatch.h
      Include file:  CMSIS\RTOS\TencentOS_tiny\SRC\core\include\tos_version.h
      Include file:  CMSIS\RTOS\TencentOS_tiny\SRC\core\include\tos_robin.h
      Source file:   CMSIS\RTOS\TencentOS_tiny\SRC\core\tos_barrier.c
      Source file:   CMSIS\RTOS\TencentOS_tiny\SRC\core\tos_binary_heap.c
      Include file:  CMSIS\RTOS\TencentOS_tiny\INC\cmsis_os.h
      Include file:  CMSIS\RTOS\TencentOS_tiny\SRC\TOS_CONFIG\tos_config.h
      Source file:   CMSIS\RTOS\TencentOS_tiny\UserCodeTemplates\main.c
      Source file:   CMSIS\RTOS\TencentOS_tiny\UserCodeTemplates\MailQueue.c
      Source file:   CMSIS\RTOS\TencentOS_tiny\UserCodeTemplates\MemPool.c
      Source file:   CMSIS\RTOS\TencentOS_tiny\UserCodeTemplates\MsgQueue.c
      Source file:   CMSIS\RTOS\TencentOS_tiny\UserCodeTemplates\Mutex.c
      Include file:  CMSIS\RTOS\TencentOS_tiny\LIB\arm-v7m\common\include\tos_cpu_types.h
      Include file:  CMSIS\RTOS\TencentOS_tiny\LIB\arm-v7m\common\include\tos_cpu_def.h
      Include file:  CMSIS\RTOS\TencentOS_tiny\LIB\arm-v7m\common\include\tos_cpu.h
      Source file:   CMSIS\RTOS\TencentOS_tiny\LIB\arm-v7m\common\tos_cpu.c
      Source file:   CMSIS\RTOS\TencentOS_tiny\UserCodeTemplates\Timer.c
      Include file:  CMSIS\RTOS\TencentOS_tiny\LIB\arm-v7m\common\include\tos_fault.h
      Source file:   CMSIS\RTOS\TencentOS_tiny\UserCodeTemplates\Thread.c
      Source file:   CMSIS\RTOS\TencentOS_tiny\LIB\arm-v7m\common\tos_fault.c
      Source file:   CMSIS\RTOS\TencentOS_tiny\UserCodeTemplates\Semaphore.c
      Include file:  CMSIS\RTOS\TencentOS_tiny\LIB\arm-v7m\cortex-m4\armcc\port.h
      Source file:   CMSIS\RTOS\TencentOS_tiny\LIB\arm-v7m\cortex-m4\armcc\port_c.c
      Source file:   CMSIS\RTOS\TencentOS_tiny\LIB\arm-v7m\cortex-m4\armcc\port_s.S
      Include file:  CMSIS\RTOS\TencentOS_tiny\LIB\arm-v7m\cortex-m4\armcc\port_config.h
      Include file:  CMSIS\RTOS\TencentOS_tiny\SRC\core\include\tos_global.h
      Include file:  CMSIS\RTOS\TencentOS_tiny\SRC\core\include\tos_compiler.h
      Include file:  CMSIS\RTOS\TencentOS_tiny\SRC\core\include\tos_bitmap.h
      Include file:  CMSIS\RTOS\TencentOS_tiny\SRC\core\include\tos_binary_heap.h
      Include file:  CMSIS\RTOS\TencentOS_tiny\SRC\core\include\tos_config_default.h
      Include file:  CMSIS\RTOS\TencentOS_tiny\SRC\core\include\tos_k.h
      Include file:  CMSIS\RTOS\TencentOS_tiny\SRC\core\include\tos_klib.h
      Include file:  CMSIS\RTOS\TencentOS_tiny\SRC\core\include\tos_config_check.h
      Include file:  CMSIS\RTOS\TencentOS_tiny\SRC\core\include\tos_ktypes.h
      Include file:  CMSIS\RTOS\TencentOS_tiny\SRC\core\include\tos_countdownlatch.h
      Include file:  CMSIS\RTOS\TencentOS_tiny\SRC\core\include\tos_kerr.h
      Include file:  CMSIS\RTOS\TencentOS_tiny\SRC\core\include\tos_completion.h
      Include file:  CMSIS\RTOS\TencentOS_tiny\SRC\core\include\tos_char_fifo.h
      Include file:  CMSIS\RTOS\TencentOS_tiny\SRC\core\include\tos_barrier.h
      Include file:  CMSIS\RTOS\TencentOS_tiny\SRC\core\include\tos_event.h
      Include file:  CMSIS\RTOS\TencentOS_tiny\SRC\core\include\tos_message_queue.h
      Include file:  CMSIS\RTOS\TencentOS_tiny\SRC\core\include\tos_mmblk.h
      Include file:  CMSIS\RTOS\TencentOS_tiny\SRC\core\include\tos_list.h
      Include file:  CMSIS\RTOS\TencentOS_tiny\SRC\core\include\tos_mail_queue.h
      Source file:   CMSIS\RTOS\TencentOS_tiny\SRC\core\tos_mutex.c
      Source file:   CMSIS\RTOS\TencentOS_tiny\SRC\core\tos_priority_message_queue.c
      Source file:   CMSIS\RTOS\TencentOS_tiny\SRC\core\tos_time.c
      Source file:   CMSIS\RTOS\TencentOS_tiny\SRC\core\tos_task.c
      Source file:   CMSIS\RTOS\TencentOS_tiny\SRC\core\tos_pend.c
      Source file:   CMSIS\RTOS\TencentOS_tiny\SRC\core\tos_priority_mail_queue.c
      Source file:   CMSIS\RTOS\TencentOS_tiny\SRC\core\tos_priority_queue.c
      Source file:   CMSIS\RTOS\TencentOS_tiny\SRC\core\tos_sys.c
      Source file:   CMSIS\RTOS\TencentOS_tiny\SRC\core\cmsis_os.c
      Source file:   CMSIS\RTOS\TencentOS_tiny\SRC\core\tos_tick.c
      Source file:   CMSIS\RTOS\TencentOS_tiny\SRC\core\tos_ring_queue.c
      Source file:   CMSIS\RTOS\TencentOS_tiny\SRC\core\tos_robin.c
      Source file:   CMSIS\RTOS\TencentOS_tiny\SRC\core\tos_timer.c
      Source file:   CMSIS\RTOS\TencentOS_tiny\SRC\core\tos_rwlock.c
      Source file:   CMSIS\RTOS\TencentOS_tiny\SRC\core\tos_sem.c
      Source file:   CMSIS\RTOS\TencentOS_tiny\SRC\core\tos_stopwatch.c
      Source file:   CMSIS\RTOS\TencentOS_tiny\SRC\core\tos_sched.c
Build Time Elapsed:  00:01:14
</pre>
</body>
</html>
