<!doctype html public "-//w3c//dtd html 4.0 transitional//en">
<html><head>
<title>Static Call Graph - [.\Objects\cortex_m33.axf]</title></head>
<body><HR>
<H1>Static Call Graph for image .\Objects\cortex_m33.axf</H1><HR>
<BR><P>#&#060CALLGRAPH&#062# ARM Linker, 6140002: Last Updated: Wed Sep  8 10:25:07 2021
<BR><P>
<H3>Maximum Stack Usage =        128 bytes + Unknown(Functions without stacksize, Cycles, Untraceable Function Pointers)</H3><H3>
Call chain for Maximum Stack Depth:</H3>
main &rArr; tos_knl_init &rArr; mmheap_init_with_pool &rArr; tos_mmheap_pool_add &rArr; blk_insert &rArr; mapping_insert &rArr; __fls &rArr; generic_fls
<P>
<H3>
Functions with no stack information
</H3><UL>
 <LI><a href="#[6e]">port_int_disable</a>
 <LI><a href="#[6f]">port_int_enable</a>
 <LI><a href="#[59]">port_cpsr_save</a>
 <LI><a href="#[58]">port_cpsr_restore</a>
 <LI><a href="#[57]">port_clz</a>
 <LI><a href="#[31]">port_sched_start</a>
 <LI><a href="#[2d]">port_context_switch</a>
 <LI><a href="#[70]">port_irq_context_switch</a>
 <LI><a href="#[9]">PendSV_Handler</a>
</UL>
</UL>
<P>
<H3>
Mutually Recursive functions
</H3> <LI><a href="#[2]">HardFault_Handler</a>&nbsp;&nbsp;&nbsp;&rArr;&nbsp;&nbsp;&nbsp;<a href="#[2]">HardFault_Handler</a><BR>
 <LI><a href="#[1]">NMI_Handler</a>&nbsp;&nbsp;&nbsp;&rArr;&nbsp;&nbsp;&nbsp;<a href="#[1]">NMI_Handler</a><BR>
 <LI><a href="#[3]">MemManage_Handler</a>&nbsp;&nbsp;&nbsp;&rArr;&nbsp;&nbsp;&nbsp;<a href="#[3]">MemManage_Handler</a><BR>
 <LI><a href="#[4]">BusFault_Handler</a>&nbsp;&nbsp;&nbsp;&rArr;&nbsp;&nbsp;&nbsp;<a href="#[4]">BusFault_Handler</a><BR>
 <LI><a href="#[5]">UsageFault_Handler</a>&nbsp;&nbsp;&nbsp;&rArr;&nbsp;&nbsp;&nbsp;<a href="#[5]">UsageFault_Handler</a><BR>
 <LI><a href="#[6]">SecureFault_Handler</a>&nbsp;&nbsp;&nbsp;&rArr;&nbsp;&nbsp;&nbsp;<a href="#[6]">SecureFault_Handler</a><BR>
 <LI><a href="#[7]">SVC_Handler</a>&nbsp;&nbsp;&nbsp;&rArr;&nbsp;&nbsp;&nbsp;<a href="#[7]">SVC_Handler</a><BR>
 <LI><a href="#[8]">DebugMon_Handler</a>&nbsp;&nbsp;&nbsp;&rArr;&nbsp;&nbsp;&nbsp;<a href="#[8]">DebugMon_Handler</a><BR>
 <LI><a href="#[a]">SysTick_Handler</a>&nbsp;&nbsp;&nbsp;&rArr;&nbsp;&nbsp;&nbsp;<a href="#[a]">SysTick_Handler</a><BR>
 <LI><a href="#[b]">Interrupt0_Handler</a>&nbsp;&nbsp;&nbsp;&rArr;&nbsp;&nbsp;&nbsp;<a href="#[b]">Interrupt0_Handler</a><BR>
 <LI><a href="#[c]">Interrupt1_Handler</a>&nbsp;&nbsp;&nbsp;&rArr;&nbsp;&nbsp;&nbsp;<a href="#[c]">Interrupt1_Handler</a><BR>
 <LI><a href="#[d]">Interrupt2_Handler</a>&nbsp;&nbsp;&nbsp;&rArr;&nbsp;&nbsp;&nbsp;<a href="#[d]">Interrupt2_Handler</a><BR>
 <LI><a href="#[e]">Interrupt3_Handler</a>&nbsp;&nbsp;&nbsp;&rArr;&nbsp;&nbsp;&nbsp;<a href="#[e]">Interrupt3_Handler</a><BR>
 <LI><a href="#[f]">Interrupt4_Handler</a>&nbsp;&nbsp;&nbsp;&rArr;&nbsp;&nbsp;&nbsp;<a href="#[f]">Interrupt4_Handler</a><BR>
 <LI><a href="#[10]">Interrupt5_Handler</a>&nbsp;&nbsp;&nbsp;&rArr;&nbsp;&nbsp;&nbsp;<a href="#[10]">Interrupt5_Handler</a><BR>
 <LI><a href="#[11]">Interrupt6_Handler</a>&nbsp;&nbsp;&nbsp;&rArr;&nbsp;&nbsp;&nbsp;<a href="#[11]">Interrupt6_Handler</a><BR>
 <LI><a href="#[12]">Interrupt7_Handler</a>&nbsp;&nbsp;&nbsp;&rArr;&nbsp;&nbsp;&nbsp;<a href="#[12]">Interrupt7_Handler</a><BR>
 <LI><a href="#[13]">Interrupt8_Handler</a>&nbsp;&nbsp;&nbsp;&rArr;&nbsp;&nbsp;&nbsp;<a href="#[13]">Interrupt8_Handler</a><BR>
 <LI><a href="#[14]">Interrupt9_Handler</a>&nbsp;&nbsp;&nbsp;&rArr;&nbsp;&nbsp;&nbsp;<a href="#[14]">Interrupt9_Handler</a><BR>
 <LI><a href="#[1a]">knl_idle_entry</a>&nbsp;&nbsp;&nbsp;&rArr;&nbsp;&nbsp;&nbsp;<a href="#[1a]">knl_idle_entry</a><BR>
</UL>
<P>
<H3>
Function Pointers
</H3><UL>
 <LI><a href="#[4]">BusFault_Handler</a> from startup_armcm33.o(.text) referenced from startup_armcm33.o(RESET)
 <LI><a href="#[8]">DebugMon_Handler</a> from startup_armcm33.o(.text) referenced from startup_armcm33.o(RESET)
 <LI><a href="#[2]">HardFault_Handler</a> from startup_armcm33.o(.text) referenced from startup_armcm33.o(RESET)
 <LI><a href="#[b]">Interrupt0_Handler</a> from startup_armcm33.o(.text) referenced from startup_armcm33.o(RESET)
 <LI><a href="#[c]">Interrupt1_Handler</a> from startup_armcm33.o(.text) referenced from startup_armcm33.o(RESET)
 <LI><a href="#[d]">Interrupt2_Handler</a> from startup_armcm33.o(.text) referenced from startup_armcm33.o(RESET)
 <LI><a href="#[e]">Interrupt3_Handler</a> from startup_armcm33.o(.text) referenced from startup_armcm33.o(RESET)
 <LI><a href="#[f]">Interrupt4_Handler</a> from startup_armcm33.o(.text) referenced from startup_armcm33.o(RESET)
 <LI><a href="#[10]">Interrupt5_Handler</a> from startup_armcm33.o(.text) referenced from startup_armcm33.o(RESET)
 <LI><a href="#[11]">Interrupt6_Handler</a> from startup_armcm33.o(.text) referenced from startup_armcm33.o(RESET)
 <LI><a href="#[12]">Interrupt7_Handler</a> from startup_armcm33.o(.text) referenced from startup_armcm33.o(RESET)
 <LI><a href="#[13]">Interrupt8_Handler</a> from startup_armcm33.o(.text) referenced from startup_armcm33.o(RESET)
 <LI><a href="#[14]">Interrupt9_Handler</a> from startup_armcm33.o(.text) referenced from startup_armcm33.o(RESET)
 <LI><a href="#[3]">MemManage_Handler</a> from startup_armcm33.o(.text) referenced from startup_armcm33.o(RESET)
 <LI><a href="#[1]">NMI_Handler</a> from startup_armcm33.o(.text) referenced from startup_armcm33.o(RESET)
 <LI><a href="#[9]">PendSV_Handler</a> from port_s.o(.text) referenced from startup_armcm33.o(RESET)
 <LI><a href="#[0]">Reset_Handler</a> from startup_armcm33.o(.text) referenced from startup_armcm33.o(RESET)
 <LI><a href="#[7]">SVC_Handler</a> from startup_armcm33.o(.text) referenced from startup_armcm33.o(RESET)
 <LI><a href="#[6]">SecureFault_Handler</a> from startup_armcm33.o(.text) referenced from startup_armcm33.o(RESET)
 <LI><a href="#[a]">SysTick_Handler</a> from startup_armcm33.o(.text) referenced from startup_armcm33.o(RESET)
 <LI><a href="#[16]">SystemInit</a> from system_armcm33.o(.text.SystemInit) referenced from startup_armcm33.o(.text)
 <LI><a href="#[5]">UsageFault_Handler</a> from startup_armcm33.o(.text) referenced from startup_armcm33.o(RESET)
 <LI><a href="#[17]">__main</a> from entry.o(.ARM.Collect$$$$00000000) referenced from startup_armcm33.o(.text)
 <LI><a href="#[1b]">application_entry</a> from hello_world.o(.text.application_entry) referenced from main.o(.text.main)
 <LI><a href="#[1a]">knl_idle_entry</a> from tos_sys.o(.text.knl_idle_entry) referenced from tos_sys.o(.text.knl_idle_init)
 <LI><a href="#[15]">main</a> from main.o(.text.main) referenced from entry9a.o(.ARM.Collect$$$$0000000B)
 <LI><a href="#[18]">task1_entry</a> from hello_world.o(.text.task1_entry) referenced from hello_world.o(.text.application_entry)
 <LI><a href="#[19]">task2_entry</a> from hello_world.o(.text.task2_entry) referenced from hello_world.o(.text.application_entry)
 <LI><a href="#[1c]">task_exit</a> from tos_task.o(.text.task_exit) referenced from tos_task.o(.text.tos_task_create)
</UL>
<P>
<H3>
Global Symbols
</H3>
<P><STRONG><a name="[17]"></a>__main</STRONG> (Thumb, 0 bytes, Stack size unknown bytes, entry.o(.ARM.Collect$$$$00000000))
<BR>[Address Reference Count : 1]<UL><LI> startup_armcm33.o(.text)
</UL>
<P><STRONG><a name="[68]"></a>_main_stk</STRONG> (Thumb, 0 bytes, Stack size unknown bytes, entry2.o(.ARM.Collect$$$$00000001))

<P><STRONG><a name="[1d]"></a>_main_scatterload</STRONG> (Thumb, 0 bytes, Stack size unknown bytes, entry5.o(.ARM.Collect$$$$00000004))
<BR><BR>[Calls]<UL><LI><a href="#[1e]">&gt;&gt;</a>&nbsp;&nbsp;&nbsp;__scatterload
</UL>

<P><STRONG><a name="[22]"></a>__main_after_scatterload</STRONG> (Thumb, 0 bytes, Stack size unknown bytes, entry5.o(.ARM.Collect$$$$00000004))
<BR><BR>[Called By]<UL><LI><a href="#[1e]">&gt;&gt;</a>&nbsp;&nbsp;&nbsp;__scatterload
</UL>

<P><STRONG><a name="[69]"></a>_main_clock</STRONG> (Thumb, 0 bytes, Stack size unknown bytes, entry7b.o(.ARM.Collect$$$$00000008))

<P><STRONG><a name="[6a]"></a>_main_cpp_init</STRONG> (Thumb, 0 bytes, Stack size unknown bytes, entry8b.o(.ARM.Collect$$$$0000000A))

<P><STRONG><a name="[6b]"></a>_main_init</STRONG> (Thumb, 0 bytes, Stack size unknown bytes, entry9a.o(.ARM.Collect$$$$0000000B))

<P><STRONG><a name="[6c]"></a>__rt_final_cpp</STRONG> (Thumb, 0 bytes, Stack size unknown bytes, entry10a.o(.ARM.Collect$$$$0000000D))

<P><STRONG><a name="[6d]"></a>__rt_final_exit</STRONG> (Thumb, 0 bytes, Stack size unknown bytes, entry11a.o(.ARM.Collect$$$$0000000F))

<P><STRONG><a name="[0]"></a>Reset_Handler</STRONG> (Thumb, 14 bytes, Stack size 0 bytes, startup_armcm33.o(.text))
<BR>[Address Reference Count : 1]<UL><LI> startup_armcm33.o(RESET)
</UL>
<P><STRONG><a name="[2]"></a>HardFault_Handler</STRONG> (Thumb, 2 bytes, Stack size 0 bytes, startup_armcm33.o(.text))
<BR><BR>[Calls]<UL><LI><a href="#[2]">&gt;&gt;</a>&nbsp;&nbsp;&nbsp;HardFault_Handler
</UL>
<BR>[Called By]<UL><LI><a href="#[2]">&gt;&gt;</a>&nbsp;&nbsp;&nbsp;HardFault_Handler
</UL>
<BR>[Address Reference Count : 1]<UL><LI> startup_armcm33.o(RESET)
</UL>
<P><STRONG><a name="[1]"></a>NMI_Handler</STRONG> (Thumb, 2 bytes, Stack size 0 bytes, startup_armcm33.o(.text))
<BR><BR>[Calls]<UL><LI><a href="#[1]">&gt;&gt;</a>&nbsp;&nbsp;&nbsp;NMI_Handler
</UL>
<BR>[Called By]<UL><LI><a href="#[1]">&gt;&gt;</a>&nbsp;&nbsp;&nbsp;NMI_Handler
</UL>
<BR>[Address Reference Count : 1]<UL><LI> startup_armcm33.o(RESET)
</UL>
<P><STRONG><a name="[3]"></a>MemManage_Handler</STRONG> (Thumb, 2 bytes, Stack size 0 bytes, startup_armcm33.o(.text))
<BR><BR>[Calls]<UL><LI><a href="#[3]">&gt;&gt;</a>&nbsp;&nbsp;&nbsp;MemManage_Handler
</UL>
<BR>[Called By]<UL><LI><a href="#[3]">&gt;&gt;</a>&nbsp;&nbsp;&nbsp;MemManage_Handler
</UL>
<BR>[Address Reference Count : 1]<UL><LI> startup_armcm33.o(RESET)
</UL>
<P><STRONG><a name="[4]"></a>BusFault_Handler</STRONG> (Thumb, 2 bytes, Stack size 0 bytes, startup_armcm33.o(.text))
<BR><BR>[Calls]<UL><LI><a href="#[4]">&gt;&gt;</a>&nbsp;&nbsp;&nbsp;BusFault_Handler
</UL>
<BR>[Called By]<UL><LI><a href="#[4]">&gt;&gt;</a>&nbsp;&nbsp;&nbsp;BusFault_Handler
</UL>
<BR>[Address Reference Count : 1]<UL><LI> startup_armcm33.o(RESET)
</UL>
<P><STRONG><a name="[5]"></a>UsageFault_Handler</STRONG> (Thumb, 2 bytes, Stack size 0 bytes, startup_armcm33.o(.text))
<BR><BR>[Calls]<UL><LI><a href="#[5]">&gt;&gt;</a>&nbsp;&nbsp;&nbsp;UsageFault_Handler
</UL>
<BR>[Called By]<UL><LI><a href="#[5]">&gt;&gt;</a>&nbsp;&nbsp;&nbsp;UsageFault_Handler
</UL>
<BR>[Address Reference Count : 1]<UL><LI> startup_armcm33.o(RESET)
</UL>
<P><STRONG><a name="[6]"></a>SecureFault_Handler</STRONG> (Thumb, 2 bytes, Stack size 0 bytes, startup_armcm33.o(.text))
<BR><BR>[Calls]<UL><LI><a href="#[6]">&gt;&gt;</a>&nbsp;&nbsp;&nbsp;SecureFault_Handler
</UL>
<BR>[Called By]<UL><LI><a href="#[6]">&gt;&gt;</a>&nbsp;&nbsp;&nbsp;SecureFault_Handler
</UL>
<BR>[Address Reference Count : 1]<UL><LI> startup_armcm33.o(RESET)
</UL>
<P><STRONG><a name="[7]"></a>SVC_Handler</STRONG> (Thumb, 2 bytes, Stack size 0 bytes, startup_armcm33.o(.text))
<BR><BR>[Calls]<UL><LI><a href="#[7]">&gt;&gt;</a>&nbsp;&nbsp;&nbsp;SVC_Handler
</UL>
<BR>[Called By]<UL><LI><a href="#[7]">&gt;&gt;</a>&nbsp;&nbsp;&nbsp;SVC_Handler
</UL>
<BR>[Address Reference Count : 1]<UL><LI> startup_armcm33.o(RESET)
</UL>
<P><STRONG><a name="[8]"></a>DebugMon_Handler</STRONG> (Thumb, 2 bytes, Stack size 0 bytes, startup_armcm33.o(.text))
<BR><BR>[Calls]<UL><LI><a href="#[8]">&gt;&gt;</a>&nbsp;&nbsp;&nbsp;DebugMon_Handler
</UL>
<BR>[Called By]<UL><LI><a href="#[8]">&gt;&gt;</a>&nbsp;&nbsp;&nbsp;DebugMon_Handler
</UL>
<BR>[Address Reference Count : 1]<UL><LI> startup_armcm33.o(RESET)
</UL>
<P><STRONG><a name="[a]"></a>SysTick_Handler</STRONG> (Thumb, 2 bytes, Stack size 0 bytes, startup_armcm33.o(.text))
<BR><BR>[Calls]<UL><LI><a href="#[a]">&gt;&gt;</a>&nbsp;&nbsp;&nbsp;SysTick_Handler
</UL>
<BR>[Called By]<UL><LI><a href="#[a]">&gt;&gt;</a>&nbsp;&nbsp;&nbsp;SysTick_Handler
</UL>
<BR>[Address Reference Count : 1]<UL><LI> startup_armcm33.o(RESET)
</UL>
<P><STRONG><a name="[b]"></a>Interrupt0_Handler</STRONG> (Thumb, 2 bytes, Stack size 0 bytes, startup_armcm33.o(.text))
<BR><BR>[Calls]<UL><LI><a href="#[b]">&gt;&gt;</a>&nbsp;&nbsp;&nbsp;Interrupt0_Handler
</UL>
<BR>[Called By]<UL><LI><a href="#[b]">&gt;&gt;</a>&nbsp;&nbsp;&nbsp;Interrupt0_Handler
</UL>
<BR>[Address Reference Count : 1]<UL><LI> startup_armcm33.o(RESET)
</UL>
<P><STRONG><a name="[c]"></a>Interrupt1_Handler</STRONG> (Thumb, 2 bytes, Stack size 0 bytes, startup_armcm33.o(.text))
<BR><BR>[Calls]<UL><LI><a href="#[c]">&gt;&gt;</a>&nbsp;&nbsp;&nbsp;Interrupt1_Handler
</UL>
<BR>[Called By]<UL><LI><a href="#[c]">&gt;&gt;</a>&nbsp;&nbsp;&nbsp;Interrupt1_Handler
</UL>
<BR>[Address Reference Count : 1]<UL><LI> startup_armcm33.o(RESET)
</UL>
<P><STRONG><a name="[d]"></a>Interrupt2_Handler</STRONG> (Thumb, 2 bytes, Stack size 0 bytes, startup_armcm33.o(.text))
<BR><BR>[Calls]<UL><LI><a href="#[d]">&gt;&gt;</a>&nbsp;&nbsp;&nbsp;Interrupt2_Handler
</UL>
<BR>[Called By]<UL><LI><a href="#[d]">&gt;&gt;</a>&nbsp;&nbsp;&nbsp;Interrupt2_Handler
</UL>
<BR>[Address Reference Count : 1]<UL><LI> startup_armcm33.o(RESET)
</UL>
<P><STRONG><a name="[e]"></a>Interrupt3_Handler</STRONG> (Thumb, 2 bytes, Stack size 0 bytes, startup_armcm33.o(.text))
<BR><BR>[Calls]<UL><LI><a href="#[e]">&gt;&gt;</a>&nbsp;&nbsp;&nbsp;Interrupt3_Handler
</UL>
<BR>[Called By]<UL><LI><a href="#[e]">&gt;&gt;</a>&nbsp;&nbsp;&nbsp;Interrupt3_Handler
</UL>
<BR>[Address Reference Count : 1]<UL><LI> startup_armcm33.o(RESET)
</UL>
<P><STRONG><a name="[f]"></a>Interrupt4_Handler</STRONG> (Thumb, 2 bytes, Stack size 0 bytes, startup_armcm33.o(.text))
<BR><BR>[Calls]<UL><LI><a href="#[f]">&gt;&gt;</a>&nbsp;&nbsp;&nbsp;Interrupt4_Handler
</UL>
<BR>[Called By]<UL><LI><a href="#[f]">&gt;&gt;</a>&nbsp;&nbsp;&nbsp;Interrupt4_Handler
</UL>
<BR>[Address Reference Count : 1]<UL><LI> startup_armcm33.o(RESET)
</UL>
<P><STRONG><a name="[10]"></a>Interrupt5_Handler</STRONG> (Thumb, 2 bytes, Stack size 0 bytes, startup_armcm33.o(.text))
<BR><BR>[Calls]<UL><LI><a href="#[10]">&gt;&gt;</a>&nbsp;&nbsp;&nbsp;Interrupt5_Handler
</UL>
<BR>[Called By]<UL><LI><a href="#[10]">&gt;&gt;</a>&nbsp;&nbsp;&nbsp;Interrupt5_Handler
</UL>
<BR>[Address Reference Count : 1]<UL><LI> startup_armcm33.o(RESET)
</UL>
<P><STRONG><a name="[11]"></a>Interrupt6_Handler</STRONG> (Thumb, 2 bytes, Stack size 0 bytes, startup_armcm33.o(.text))
<BR><BR>[Calls]<UL><LI><a href="#[11]">&gt;&gt;</a>&nbsp;&nbsp;&nbsp;Interrupt6_Handler
</UL>
<BR>[Called By]<UL><LI><a href="#[11]">&gt;&gt;</a>&nbsp;&nbsp;&nbsp;Interrupt6_Handler
</UL>
<BR>[Address Reference Count : 1]<UL><LI> startup_armcm33.o(RESET)
</UL>
<P><STRONG><a name="[12]"></a>Interrupt7_Handler</STRONG> (Thumb, 2 bytes, Stack size 0 bytes, startup_armcm33.o(.text))
<BR><BR>[Calls]<UL><LI><a href="#[12]">&gt;&gt;</a>&nbsp;&nbsp;&nbsp;Interrupt7_Handler
</UL>
<BR>[Called By]<UL><LI><a href="#[12]">&gt;&gt;</a>&nbsp;&nbsp;&nbsp;Interrupt7_Handler
</UL>
<BR>[Address Reference Count : 1]<UL><LI> startup_armcm33.o(RESET)
</UL>
<P><STRONG><a name="[13]"></a>Interrupt8_Handler</STRONG> (Thumb, 2 bytes, Stack size 0 bytes, startup_armcm33.o(.text))
<BR><BR>[Calls]<UL><LI><a href="#[13]">&gt;&gt;</a>&nbsp;&nbsp;&nbsp;Interrupt8_Handler
</UL>
<BR>[Called By]<UL><LI><a href="#[13]">&gt;&gt;</a>&nbsp;&nbsp;&nbsp;Interrupt8_Handler
</UL>
<BR>[Address Reference Count : 1]<UL><LI> startup_armcm33.o(RESET)
</UL>
<P><STRONG><a name="[14]"></a>Interrupt9_Handler</STRONG> (Thumb, 2 bytes, Stack size 0 bytes, startup_armcm33.o(.text))
<BR><BR>[Calls]<UL><LI><a href="#[14]">&gt;&gt;</a>&nbsp;&nbsp;&nbsp;Interrupt9_Handler
</UL>
<BR>[Called By]<UL><LI><a href="#[14]">&gt;&gt;</a>&nbsp;&nbsp;&nbsp;Interrupt9_Handler
</UL>
<BR>[Address Reference Count : 1]<UL><LI> startup_armcm33.o(RESET)
</UL>
<P><STRONG><a name="[6e]"></a>port_int_disable</STRONG> (Thumb, 0 bytes, Stack size unknown bytes, port_s.o(.text), UNUSED)

<P><STRONG><a name="[6f]"></a>port_int_enable</STRONG> (Thumb, 0 bytes, Stack size unknown bytes, port_s.o(.text), UNUSED)

<P><STRONG><a name="[59]"></a>port_cpsr_save</STRONG> (Thumb, 0 bytes, Stack size unknown bytes, port_s.o(.text))
<BR><BR>[Called By]<UL><LI><a href="#[38]">&gt;&gt;</a>&nbsp;&nbsp;&nbsp;tos_cpu_cpsr_save
</UL>

<P><STRONG><a name="[58]"></a>port_cpsr_restore</STRONG> (Thumb, 0 bytes, Stack size unknown bytes, port_s.o(.text))
<BR><BR>[Called By]<UL><LI><a href="#[3a]">&gt;&gt;</a>&nbsp;&nbsp;&nbsp;tos_cpu_cpsr_restore
</UL>

<P><STRONG><a name="[57]"></a>port_clz</STRONG> (Thumb, 0 bytes, Stack size unknown bytes, port_s.o(.text))
<BR><BR>[Called By]<UL><LI><a href="#[34]">&gt;&gt;</a>&nbsp;&nbsp;&nbsp;tos_cpu_clz
</UL>

<P><STRONG><a name="[31]"></a>port_sched_start</STRONG> (Thumb, 0 bytes, Stack size unknown bytes, port_s.o(.text))
<BR><BR>[Called By]<UL><LI><a href="#[30]">&gt;&gt;</a>&nbsp;&nbsp;&nbsp;cpu_sched_start
</UL>

<P><STRONG><a name="[2d]"></a>port_context_switch</STRONG> (Thumb, 0 bytes, Stack size unknown bytes, port_s.o(.text))
<BR><BR>[Called By]<UL><LI><a href="#[2c]">&gt;&gt;</a>&nbsp;&nbsp;&nbsp;cpu_context_switch
</UL>

<P><STRONG><a name="[70]"></a>port_irq_context_switch</STRONG> (Thumb, 0 bytes, Stack size unknown bytes, port_s.o(.text), UNUSED)

<P><STRONG><a name="[9]"></a>PendSV_Handler</STRONG> (Thumb, 0 bytes, Stack size unknown bytes, port_s.o(.text))
<BR>[Address Reference Count : 1]<UL><LI> startup_armcm33.o(RESET)
</UL>
<P><STRONG><a name="[1f]"></a>__aeabi_uldivmod</STRONG> (Thumb, 98 bytes, Stack size 40 bytes, uldiv.o(.text))
<BR><BR>[Stack]<UL><LI>Max Depth = 40<LI>Call Chain = __aeabi_uldivmod
</UL>
<BR>[Calls]<UL><LI><a href="#[20]">&gt;&gt;</a>&nbsp;&nbsp;&nbsp;__aeabi_llsr
<LI><a href="#[21]">&gt;&gt;</a>&nbsp;&nbsp;&nbsp;__aeabi_llsl
</UL>
<BR>[Called By]<UL><LI><a href="#[2e]">&gt;&gt;</a>&nbsp;&nbsp;&nbsp;cpu_init
</UL>

<P><STRONG><a name="[61]"></a>strncpy</STRONG> (Thumb, 24 bytes, Stack size 8 bytes, strncpy.o(.text))
<BR><BR>[Stack]<UL><LI>Max Depth = 8<LI>Call Chain = strncpy
</UL>
<BR>[Called By]<UL><LI><a href="#[25]">&gt;&gt;</a>&nbsp;&nbsp;&nbsp;tos_task_create
</UL>

<P><STRONG><a name="[21]"></a>__aeabi_llsl</STRONG> (Thumb, 30 bytes, Stack size 0 bytes, llshl.o(.text))
<BR><BR>[Called By]<UL><LI><a href="#[1f]">&gt;&gt;</a>&nbsp;&nbsp;&nbsp;__aeabi_uldivmod
</UL>

<P><STRONG><a name="[71]"></a>_ll_shift_l</STRONG> (Thumb, 0 bytes, Stack size 0 bytes, llshl.o(.text), UNUSED)

<P><STRONG><a name="[20]"></a>__aeabi_llsr</STRONG> (Thumb, 32 bytes, Stack size 0 bytes, llushr.o(.text))
<BR><BR>[Called By]<UL><LI><a href="#[1f]">&gt;&gt;</a>&nbsp;&nbsp;&nbsp;__aeabi_uldivmod
</UL>

<P><STRONG><a name="[72]"></a>_ll_ushift_r</STRONG> (Thumb, 0 bytes, Stack size 0 bytes, llushr.o(.text), UNUSED)

<P><STRONG><a name="[1e]"></a>__scatterload</STRONG> (Thumb, 28 bytes, Stack size 0 bytes, init.o(.text))
<BR><BR>[Calls]<UL><LI><a href="#[22]">&gt;&gt;</a>&nbsp;&nbsp;&nbsp;__main_after_scatterload
</UL>
<BR>[Called By]<UL><LI><a href="#[1d]">&gt;&gt;</a>&nbsp;&nbsp;&nbsp;_main_scatterload
</UL>

<P><STRONG><a name="[73]"></a>__scatterload_rt2</STRONG> (Thumb, 0 bytes, Stack size 0 bytes, init.o(.text), UNUSED)

<P><STRONG><a name="[16]"></a>SystemInit</STRONG> (Thumb, 44 bytes, Stack size 0 bytes, system_armcm33.o(.text.SystemInit))
<BR>[Address Reference Count : 1]<UL><LI> startup_armcm33.o(.text)
</UL>
<P><STRONG><a name="[74]"></a>__I$use$semihosting$fputc</STRONG> (Thumb, 0 bytes, Stack size 0 bytes, iusesemip.o(.text), UNUSED)

<P><STRONG><a name="[75]"></a>__semihosting_library_function</STRONG> (Thumb, 0 bytes, Stack size 0 bytes, semi.o(.text), UNUSED)

<P><STRONG><a name="[1b]"></a>application_entry</STRONG> (Thumb, 96 bytes, Stack size 32 bytes, hello_world.o(.text.application_entry))
<BR><BR>[Stack]<UL><LI>Max Depth = 96 + Unknown Stack Size
<LI>Call Chain = application_entry &rArr; tos_task_create &rArr; readyqueue_add_tail &rArr; readyqueue_prio_mark
</UL>
<BR>[Calls]<UL><LI><a href="#[25]">&gt;&gt;</a>&nbsp;&nbsp;&nbsp;tos_task_create
</UL>
<BR>[Address Reference Count : 1]<UL><LI> main.o(.text.main)
</UL>
<P><STRONG><a name="[2c]"></a>cpu_context_switch</STRONG> (Thumb, 4 bytes, Stack size 0 bytes, tos_cpu.o(.text.cpu_context_switch))
<BR><BR>[Calls]<UL><LI><a href="#[2d]">&gt;&gt;</a>&nbsp;&nbsp;&nbsp;port_context_switch
</UL>
<BR>[Called By]<UL><LI><a href="#[37]">&gt;&gt;</a>&nbsp;&nbsp;&nbsp;knl_sched
</UL>

<P><STRONG><a name="[2e]"></a>cpu_init</STRONG> (Thumb, 40 bytes, Stack size 8 bytes, tos_cpu.o(.text.cpu_init))
<BR><BR>[Stack]<UL><LI>Max Depth = 48<LI>Call Chain = cpu_init &rArr; __aeabi_uldivmod
</UL>
<BR>[Calls]<UL><LI><a href="#[2f]">&gt;&gt;</a>&nbsp;&nbsp;&nbsp;cpu_systick_init
<LI><a href="#[1f]">&gt;&gt;</a>&nbsp;&nbsp;&nbsp;__aeabi_uldivmod
</UL>
<BR>[Called By]<UL><LI><a href="#[3c]">&gt;&gt;</a>&nbsp;&nbsp;&nbsp;tos_knl_init
</UL>

<P><STRONG><a name="[30]"></a>cpu_sched_start</STRONG> (Thumb, 4 bytes, Stack size 0 bytes, tos_cpu.o(.text.cpu_sched_start))
<BR><BR>[Calls]<UL><LI><a href="#[31]">&gt;&gt;</a>&nbsp;&nbsp;&nbsp;port_sched_start
</UL>
<BR>[Called By]<UL><LI><a href="#[3d]">&gt;&gt;</a>&nbsp;&nbsp;&nbsp;tos_knl_start
</UL>

<P><STRONG><a name="[2f]"></a>cpu_systick_init</STRONG> (Thumb, 20 bytes, Stack size 8 bytes, tos_cpu.o(.text.cpu_systick_init))
<BR><BR>[Stack]<UL><LI>Max Depth = 8<LI>Call Chain = cpu_systick_init
</UL>
<BR>[Calls]<UL><LI><a href="#[32]">&gt;&gt;</a>&nbsp;&nbsp;&nbsp;port_systick_priority_set
<LI><a href="#[33]">&gt;&gt;</a>&nbsp;&nbsp;&nbsp;port_systick_config
</UL>
<BR>[Called By]<UL><LI><a href="#[2e]">&gt;&gt;</a>&nbsp;&nbsp;&nbsp;cpu_init
</UL>

<P><STRONG><a name="[60]"></a>cpu_task_stk_init</STRONG> (Thumb, 122 bytes, Stack size 20 bytes, tos_cpu.o(.text.cpu_task_stk_init))
<BR><BR>[Stack]<UL><LI>Max Depth = 20<LI>Call Chain = cpu_task_stk_init
</UL>
<BR>[Called By]<UL><LI><a href="#[25]">&gt;&gt;</a>&nbsp;&nbsp;&nbsp;tos_task_create
</UL>

<P><STRONG><a name="[36]"></a>knl_idle_init</STRONG> (Thumb, 64 bytes, Stack size 24 bytes, tos_sys.o(.text.knl_idle_init))
<BR><BR>[Stack]<UL><LI>Max Depth = 88 + Unknown Stack Size
<LI>Call Chain = knl_idle_init &rArr; tos_task_create &rArr; readyqueue_add_tail &rArr; readyqueue_prio_mark
</UL>
<BR>[Calls]<UL><LI><a href="#[25]">&gt;&gt;</a>&nbsp;&nbsp;&nbsp;tos_task_create
</UL>
<BR>[Called By]<UL><LI><a href="#[3c]">&gt;&gt;</a>&nbsp;&nbsp;&nbsp;tos_knl_init
</UL>

<P><STRONG><a name="[51]"></a>knl_is_idle</STRONG> (Thumb, 16 bytes, Stack size 0 bytes, tos_sys.o(.text.knl_is_idle))
<BR><BR>[Called By]<UL><LI><a href="#[25]">&gt;&gt;</a>&nbsp;&nbsp;&nbsp;tos_task_create
<LI><a href="#[50]">&gt;&gt;</a>&nbsp;&nbsp;&nbsp;task_do_destroy
</UL>

<P><STRONG><a name="[5f]"></a>knl_is_inirq</STRONG> (Thumb, 12 bytes, Stack size 0 bytes, tos_sys.o(.text.knl_is_inirq))
<BR><BR>[Called By]<UL><LI><a href="#[42]">&gt;&gt;</a>&nbsp;&nbsp;&nbsp;tos_task_prio_change
<LI><a href="#[25]">&gt;&gt;</a>&nbsp;&nbsp;&nbsp;tos_task_create
<LI><a href="#[64]">&gt;&gt;</a>&nbsp;&nbsp;&nbsp;tos_task_yield
<LI><a href="#[53]">&gt;&gt;</a>&nbsp;&nbsp;&nbsp;tos_task_destroy
<LI><a href="#[4f]">&gt;&gt;</a>&nbsp;&nbsp;&nbsp;tos_task_delay
</UL>

<P><STRONG><a name="[63]"></a>knl_is_sched_locked</STRONG> (Thumb, 12 bytes, Stack size 0 bytes, tos_sys.o(.text.knl_is_sched_locked))
<BR><BR>[Called By]<UL><LI><a href="#[53]">&gt;&gt;</a>&nbsp;&nbsp;&nbsp;tos_task_destroy
<LI><a href="#[4f]">&gt;&gt;</a>&nbsp;&nbsp;&nbsp;tos_task_delay
</UL>

<P><STRONG><a name="[65]"></a>knl_is_self</STRONG> (Thumb, 16 bytes, Stack size 0 bytes, tos_sys.o(.text.knl_is_self))
<BR><BR>[Called By]<UL><LI><a href="#[42]">&gt;&gt;</a>&nbsp;&nbsp;&nbsp;tos_task_prio_change
<LI><a href="#[53]">&gt;&gt;</a>&nbsp;&nbsp;&nbsp;tos_task_destroy
</UL>

<P><STRONG><a name="[37]"></a>knl_sched</STRONG> (Thumb, 76 bytes, Stack size 8 bytes, tos_sys.o(.text.knl_sched))
<BR><BR>[Stack]<UL><LI>Max Depth = 8 + Unknown Stack Size
<LI>Call Chain = knl_sched
</UL>
<BR>[Calls]<UL><LI><a href="#[38]">&gt;&gt;</a>&nbsp;&nbsp;&nbsp;tos_cpu_cpsr_save
<LI><a href="#[3a]">&gt;&gt;</a>&nbsp;&nbsp;&nbsp;tos_cpu_cpsr_restore
<LI><a href="#[2c]">&gt;&gt;</a>&nbsp;&nbsp;&nbsp;cpu_context_switch
<LI><a href="#[39]">&gt;&gt;</a>&nbsp;&nbsp;&nbsp;readyqueue_highest_ready_task_get
</UL>
<BR>[Called By]<UL><LI><a href="#[42]">&gt;&gt;</a>&nbsp;&nbsp;&nbsp;tos_task_prio_change
<LI><a href="#[25]">&gt;&gt;</a>&nbsp;&nbsp;&nbsp;tos_task_create
<LI><a href="#[5c]">&gt;&gt;</a>&nbsp;&nbsp;&nbsp;tos_knl_sched_unlock
<LI><a href="#[64]">&gt;&gt;</a>&nbsp;&nbsp;&nbsp;tos_task_yield
<LI><a href="#[4f]">&gt;&gt;</a>&nbsp;&nbsp;&nbsp;tos_task_delay
<LI><a href="#[50]">&gt;&gt;</a>&nbsp;&nbsp;&nbsp;task_do_destroy
</UL>

<P><STRONG><a name="[15]"></a>main</STRONG> (Thumb, 112 bytes, Stack size 24 bytes, main.o(.text.main))
<BR><BR>[Stack]<UL><LI>Max Depth = 128 + Unknown Stack Size
<LI>Call Chain = main &rArr; tos_knl_init &rArr; mmheap_init_with_pool &rArr; tos_mmheap_pool_add &rArr; blk_insert &rArr; mapping_insert &rArr; __fls &rArr; generic_fls
</UL>
<BR>[Calls]<UL><LI><a href="#[25]">&gt;&gt;</a>&nbsp;&nbsp;&nbsp;tos_task_create
<LI><a href="#[3d]">&gt;&gt;</a>&nbsp;&nbsp;&nbsp;tos_knl_start
<LI><a href="#[3c]">&gt;&gt;</a>&nbsp;&nbsp;&nbsp;tos_knl_init
<LI><a href="#[3b]">&gt;&gt;</a>&nbsp;&nbsp;&nbsp;puts
</UL>
<BR>[Address Reference Count : 1]<UL><LI> entry9a.o(.ARM.Collect$$$$0000000B)
</UL>
<P><STRONG><a name="[3e]"></a>mmheap_init_with_pool</STRONG> (Thumb, 22 bytes, Stack size 16 bytes, tos_mmheap.o(.text.mmheap_init_with_pool))
<BR><BR>[Stack]<UL><LI>Max Depth = 96 + Unknown Stack Size
<LI>Call Chain = mmheap_init_with_pool &rArr; tos_mmheap_pool_add &rArr; blk_insert &rArr; mapping_insert &rArr; __fls &rArr; generic_fls
</UL>
<BR>[Calls]<UL><LI><a href="#[40]">&gt;&gt;</a>&nbsp;&nbsp;&nbsp;tos_mmheap_pool_add
<LI><a href="#[3f]">&gt;&gt;</a>&nbsp;&nbsp;&nbsp;mmheap_ctl_init
</UL>
<BR>[Called By]<UL><LI><a href="#[3c]">&gt;&gt;</a>&nbsp;&nbsp;&nbsp;tos_knl_init
</UL>

<P><STRONG><a name="[43]"></a>mutex_release</STRONG> (Thumb, 20 bytes, Stack size 8 bytes, tos_mutex.o(.text.mutex_release))
<BR><BR>[Stack]<UL><LI>Max Depth = 80 + Unknown Stack Size
<LI>Call Chain = mutex_release &rArr; mutex_old_owner_release &rArr; tos_task_prio_change &rArr; readyqueue_add_tail &rArr; readyqueue_prio_mark
</UL>
<BR>[Calls]<UL><LI><a href="#[44]">&gt;&gt;</a>&nbsp;&nbsp;&nbsp;pend_wakeup_all
<LI><a href="#[41]">&gt;&gt;</a>&nbsp;&nbsp;&nbsp;mutex_old_owner_release
</UL>
<BR>[Called By]<UL><LI><a href="#[50]">&gt;&gt;</a>&nbsp;&nbsp;&nbsp;task_do_destroy
</UL>

<P><STRONG><a name="[66]"></a>pend_highest_pending_prio_get</STRONG> (Thumb, 14 bytes, Stack size 0 bytes, tos_pend.o(.text.pend_highest_pending_prio_get))
<BR><BR>[Called By]<UL><LI><a href="#[42]">&gt;&gt;</a>&nbsp;&nbsp;&nbsp;tos_task_prio_change
</UL>

<P><STRONG><a name="[45]"></a>pend_list_adjust</STRONG> (Thumb, 14 bytes, Stack size 0 bytes, tos_pend.o(.text.pend_list_adjust))
<BR><BR>[Stack]<UL><LI>Max Depth = 8<LI>Call Chain = pend_list_adjust &rArr; pend_list_add
</UL>
<BR>[Calls]<UL><LI><a href="#[46]">&gt;&gt;</a>&nbsp;&nbsp;&nbsp;pend_list_add
</UL>
<BR>[Called By]<UL><LI><a href="#[42]">&gt;&gt;</a>&nbsp;&nbsp;&nbsp;tos_task_prio_change
</UL>

<P><STRONG><a name="[48]"></a>pend_list_remove</STRONG> (Thumb, 26 bytes, Stack size 0 bytes, tos_pend.o(.text.pend_list_remove))
<BR><BR>[Called By]<UL><LI><a href="#[47]">&gt;&gt;</a>&nbsp;&nbsp;&nbsp;pend_task_wakeup
<LI><a href="#[50]">&gt;&gt;</a>&nbsp;&nbsp;&nbsp;task_do_destroy
</UL>

<P><STRONG><a name="[47]"></a>pend_task_wakeup</STRONG> (Thumb, 56 bytes, Stack size 8 bytes, tos_pend.o(.text.pend_task_wakeup))
<BR><BR>[Stack]<UL><LI>Max Depth = 32 + Unknown Stack Size
<LI>Call Chain = pend_task_wakeup &rArr; tick_list_remove
</UL>
<BR>[Calls]<UL><LI><a href="#[49]">&gt;&gt;</a>&nbsp;&nbsp;&nbsp;tick_list_remove
<LI><a href="#[4a]">&gt;&gt;</a>&nbsp;&nbsp;&nbsp;readyqueue_add
<LI><a href="#[48]">&gt;&gt;</a>&nbsp;&nbsp;&nbsp;pend_list_remove
</UL>
<BR>[Called By]<UL><LI><a href="#[44]">&gt;&gt;</a>&nbsp;&nbsp;&nbsp;pend_wakeup_all
</UL>

<P><STRONG><a name="[44]"></a>pend_wakeup_all</STRONG> (Thumb, 28 bytes, Stack size 16 bytes, tos_pend.o(.text.pend_wakeup_all))
<BR><BR>[Stack]<UL><LI>Max Depth = 48 + Unknown Stack Size
<LI>Call Chain = pend_wakeup_all &rArr; pend_task_wakeup &rArr; tick_list_remove
</UL>
<BR>[Calls]<UL><LI><a href="#[47]">&gt;&gt;</a>&nbsp;&nbsp;&nbsp;pend_task_wakeup
</UL>
<BR>[Called By]<UL><LI><a href="#[43]">&gt;&gt;</a>&nbsp;&nbsp;&nbsp;mutex_release
</UL>

<P><STRONG><a name="[33]"></a>port_systick_config</STRONG> (Thumb, 32 bytes, Stack size 0 bytes, port_c.o(.text.port_systick_config))
<BR><BR>[Called By]<UL><LI><a href="#[2f]">&gt;&gt;</a>&nbsp;&nbsp;&nbsp;cpu_systick_init
</UL>

<P><STRONG><a name="[32]"></a>port_systick_priority_set</STRONG> (Thumb, 12 bytes, Stack size 0 bytes, port_c.o(.text.port_systick_priority_set))
<BR><BR>[Called By]<UL><LI><a href="#[2f]">&gt;&gt;</a>&nbsp;&nbsp;&nbsp;cpu_systick_init
</UL>

<P><STRONG><a name="[4a]"></a>readyqueue_add</STRONG> (Thumb, 28 bytes, Stack size 0 bytes, tos_sched.o(.text.readyqueue_add))
<BR><BR>[Stack]<UL><LI>Max Depth = 24<LI>Call Chain = readyqueue_add &rArr; readyqueue_add_tail &rArr; readyqueue_prio_mark
</UL>
<BR>[Calls]<UL><LI><a href="#[4c]">&gt;&gt;</a>&nbsp;&nbsp;&nbsp;readyqueue_add_tail
<LI><a href="#[4b]">&gt;&gt;</a>&nbsp;&nbsp;&nbsp;readyqueue_add_head
</UL>
<BR>[Called By]<UL><LI><a href="#[47]">&gt;&gt;</a>&nbsp;&nbsp;&nbsp;pend_task_wakeup
</UL>

<P><STRONG><a name="[4b]"></a>readyqueue_add_head</STRONG> (Thumb, 40 bytes, Stack size 16 bytes, tos_sched.o(.text.readyqueue_add_head))
<BR><BR>[Stack]<UL><LI>Max Depth = 24<LI>Call Chain = readyqueue_add_head &rArr; readyqueue_prio_mark
</UL>
<BR>[Calls]<UL><LI><a href="#[4d]">&gt;&gt;</a>&nbsp;&nbsp;&nbsp;readyqueue_prio_mark
</UL>
<BR>[Called By]<UL><LI><a href="#[4a]">&gt;&gt;</a>&nbsp;&nbsp;&nbsp;readyqueue_add
<LI><a href="#[42]">&gt;&gt;</a>&nbsp;&nbsp;&nbsp;tos_task_prio_change
</UL>

<P><STRONG><a name="[4c]"></a>readyqueue_add_tail</STRONG> (Thumb, 40 bytes, Stack size 16 bytes, tos_sched.o(.text.readyqueue_add_tail))
<BR><BR>[Stack]<UL><LI>Max Depth = 24<LI>Call Chain = readyqueue_add_tail &rArr; readyqueue_prio_mark
</UL>
<BR>[Calls]<UL><LI><a href="#[4d]">&gt;&gt;</a>&nbsp;&nbsp;&nbsp;readyqueue_prio_mark
</UL>
<BR>[Called By]<UL><LI><a href="#[4a]">&gt;&gt;</a>&nbsp;&nbsp;&nbsp;readyqueue_add
<LI><a href="#[42]">&gt;&gt;</a>&nbsp;&nbsp;&nbsp;tos_task_prio_change
<LI><a href="#[25]">&gt;&gt;</a>&nbsp;&nbsp;&nbsp;tos_task_create
<LI><a href="#[64]">&gt;&gt;</a>&nbsp;&nbsp;&nbsp;tos_task_yield
</UL>

<P><STRONG><a name="[39]"></a>readyqueue_highest_ready_task_get</STRONG> (Thumb, 16 bytes, Stack size 0 bytes, tos_sched.o(.text.readyqueue_highest_ready_task_get))
<BR><BR>[Called By]<UL><LI><a href="#[37]">&gt;&gt;</a>&nbsp;&nbsp;&nbsp;knl_sched
<LI><a href="#[3d]">&gt;&gt;</a>&nbsp;&nbsp;&nbsp;tos_knl_start
</UL>

<P><STRONG><a name="[5a]"></a>readyqueue_init</STRONG> (Thumb, 32 bytes, Stack size 0 bytes, tos_sched.o(.text.readyqueue_init))
<BR><BR>[Called By]<UL><LI><a href="#[3c]">&gt;&gt;</a>&nbsp;&nbsp;&nbsp;tos_knl_init
</UL>

<P><STRONG><a name="[4e]"></a>readyqueue_remove</STRONG> (Thumb, 100 bytes, Stack size 16 bytes, tos_sched.o(.text.readyqueue_remove))
<BR><BR>[Stack]<UL><LI>Max Depth = 16 + Unknown Stack Size
<LI>Call Chain = readyqueue_remove
</UL>
<BR>[Calls]<UL><LI><a href="#[34]">&gt;&gt;</a>&nbsp;&nbsp;&nbsp;tos_cpu_clz
</UL>
<BR>[Called By]<UL><LI><a href="#[42]">&gt;&gt;</a>&nbsp;&nbsp;&nbsp;tos_task_prio_change
<LI><a href="#[64]">&gt;&gt;</a>&nbsp;&nbsp;&nbsp;tos_task_yield
<LI><a href="#[4f]">&gt;&gt;</a>&nbsp;&nbsp;&nbsp;tos_task_delay
<LI><a href="#[50]">&gt;&gt;</a>&nbsp;&nbsp;&nbsp;task_do_destroy
</UL>

<P><STRONG><a name="[18]"></a>task1_entry</STRONG> (Thumb, 36 bytes, Stack size 0 bytes, hello_world.o(.text.task1_entry))
<BR><BR>[Stack]<UL><LI>Max Depth = 64 + Unknown Stack Size
<LI>Call Chain = task1_entry &rArr; tos_task_delay &rArr; tick_list_add
</UL>
<BR>[Calls]<UL><LI><a href="#[4f]">&gt;&gt;</a>&nbsp;&nbsp;&nbsp;tos_task_delay
<LI><a href="#[3b]">&gt;&gt;</a>&nbsp;&nbsp;&nbsp;puts
</UL>
<BR>[Address Reference Count : 1]<UL><LI> hello_world.o(.text.application_entry)
</UL>
<P><STRONG><a name="[19]"></a>task2_entry</STRONG> (Thumb, 36 bytes, Stack size 0 bytes, hello_world.o(.text.task2_entry))
<BR><BR>[Stack]<UL><LI>Max Depth = 64 + Unknown Stack Size
<LI>Call Chain = task2_entry &rArr; tos_task_delay &rArr; tick_list_add
</UL>
<BR>[Calls]<UL><LI><a href="#[4f]">&gt;&gt;</a>&nbsp;&nbsp;&nbsp;tos_task_delay
<LI><a href="#[3b]">&gt;&gt;</a>&nbsp;&nbsp;&nbsp;puts
</UL>
<BR>[Address Reference Count : 1]<UL><LI> hello_world.o(.text.application_entry)
</UL>
<P><STRONG><a name="[35]"></a>task_free_all</STRONG> (Thumb, 48 bytes, Stack size 16 bytes, tos_task.o(.text.task_free_all))
<BR><BR>[Stack]<UL><LI>Max Depth = 104 + Unknown Stack Size
<LI>Call Chain = task_free_all &rArr; task_free &rArr; tos_mmheap_free &rArr; blk_merge_next &rArr; blk_remove &rArr; mapping_insert &rArr; __fls &rArr; generic_fls
</UL>
<BR>[Calls]<UL><LI><a href="#[38]">&gt;&gt;</a>&nbsp;&nbsp;&nbsp;tos_cpu_cpsr_save
<LI><a href="#[3a]">&gt;&gt;</a>&nbsp;&nbsp;&nbsp;tos_cpu_cpsr_restore
<LI><a href="#[54]">&gt;&gt;</a>&nbsp;&nbsp;&nbsp;task_free
</UL>
<BR>[Called By]<UL><LI><a href="#[1a]">&gt;&gt;</a>&nbsp;&nbsp;&nbsp;knl_idle_entry
</UL>

<P><STRONG><a name="[56]"></a>tick_list_add</STRONG> (Thumb, 172 bytes, Stack size 40 bytes, tos_tick.o(.text.tick_list_add))
<BR><BR>[Stack]<UL><LI>Max Depth = 40 + Unknown Stack Size
<LI>Call Chain = tick_list_add
</UL>
<BR>[Calls]<UL><LI><a href="#[38]">&gt;&gt;</a>&nbsp;&nbsp;&nbsp;tos_cpu_cpsr_save
<LI><a href="#[3a]">&gt;&gt;</a>&nbsp;&nbsp;&nbsp;tos_cpu_cpsr_restore
</UL>
<BR>[Called By]<UL><LI><a href="#[4f]">&gt;&gt;</a>&nbsp;&nbsp;&nbsp;tos_task_delay
</UL>

<P><STRONG><a name="[49]"></a>tick_list_remove</STRONG> (Thumb, 120 bytes, Stack size 24 bytes, tos_tick.o(.text.tick_list_remove))
<BR><BR>[Stack]<UL><LI>Max Depth = 24 + Unknown Stack Size
<LI>Call Chain = tick_list_remove
</UL>
<BR>[Calls]<UL><LI><a href="#[38]">&gt;&gt;</a>&nbsp;&nbsp;&nbsp;tos_cpu_cpsr_save
<LI><a href="#[3a]">&gt;&gt;</a>&nbsp;&nbsp;&nbsp;tos_cpu_cpsr_restore
</UL>
<BR>[Called By]<UL><LI><a href="#[47]">&gt;&gt;</a>&nbsp;&nbsp;&nbsp;pend_task_wakeup
<LI><a href="#[50]">&gt;&gt;</a>&nbsp;&nbsp;&nbsp;task_do_destroy
</UL>

<P><STRONG><a name="[34]"></a>tos_cpu_clz</STRONG> (Thumb, 4 bytes, Stack size 0 bytes, tos_cpu.o(.text.tos_cpu_clz))
<BR><BR>[Calls]<UL><LI><a href="#[57]">&gt;&gt;</a>&nbsp;&nbsp;&nbsp;port_clz
</UL>
<BR>[Called By]<UL><LI><a href="#[4e]">&gt;&gt;</a>&nbsp;&nbsp;&nbsp;readyqueue_remove
<LI><a href="#[24]">&gt;&gt;</a>&nbsp;&nbsp;&nbsp;generic_fls
</UL>

<P><STRONG><a name="[3a]"></a>tos_cpu_cpsr_restore</STRONG> (Thumb, 4 bytes, Stack size 0 bytes, tos_cpu.o(.text.tos_cpu_cpsr_restore))
<BR><BR>[Calls]<UL><LI><a href="#[58]">&gt;&gt;</a>&nbsp;&nbsp;&nbsp;port_cpsr_restore
</UL>
<BR>[Called By]<UL><LI><a href="#[37]">&gt;&gt;</a>&nbsp;&nbsp;&nbsp;knl_sched
<LI><a href="#[49]">&gt;&gt;</a>&nbsp;&nbsp;&nbsp;tick_list_remove
<LI><a href="#[56]">&gt;&gt;</a>&nbsp;&nbsp;&nbsp;tick_list_add
<LI><a href="#[42]">&gt;&gt;</a>&nbsp;&nbsp;&nbsp;tos_task_prio_change
<LI><a href="#[5b]">&gt;&gt;</a>&nbsp;&nbsp;&nbsp;tos_knl_sched_lock
<LI><a href="#[25]">&gt;&gt;</a>&nbsp;&nbsp;&nbsp;tos_task_create
<LI><a href="#[5c]">&gt;&gt;</a>&nbsp;&nbsp;&nbsp;tos_knl_sched_unlock
<LI><a href="#[35]">&gt;&gt;</a>&nbsp;&nbsp;&nbsp;task_free_all
<LI><a href="#[64]">&gt;&gt;</a>&nbsp;&nbsp;&nbsp;tos_task_yield
<LI><a href="#[4f]">&gt;&gt;</a>&nbsp;&nbsp;&nbsp;tos_task_delay
<LI><a href="#[50]">&gt;&gt;</a>&nbsp;&nbsp;&nbsp;task_do_destroy
</UL>

<P><STRONG><a name="[38]"></a>tos_cpu_cpsr_save</STRONG> (Thumb, 4 bytes, Stack size 0 bytes, tos_cpu.o(.text.tos_cpu_cpsr_save))
<BR><BR>[Calls]<UL><LI><a href="#[59]">&gt;&gt;</a>&nbsp;&nbsp;&nbsp;port_cpsr_save
</UL>
<BR>[Called By]<UL><LI><a href="#[37]">&gt;&gt;</a>&nbsp;&nbsp;&nbsp;knl_sched
<LI><a href="#[49]">&gt;&gt;</a>&nbsp;&nbsp;&nbsp;tick_list_remove
<LI><a href="#[56]">&gt;&gt;</a>&nbsp;&nbsp;&nbsp;tick_list_add
<LI><a href="#[42]">&gt;&gt;</a>&nbsp;&nbsp;&nbsp;tos_task_prio_change
<LI><a href="#[5b]">&gt;&gt;</a>&nbsp;&nbsp;&nbsp;tos_knl_sched_lock
<LI><a href="#[25]">&gt;&gt;</a>&nbsp;&nbsp;&nbsp;tos_task_create
<LI><a href="#[5c]">&gt;&gt;</a>&nbsp;&nbsp;&nbsp;tos_knl_sched_unlock
<LI><a href="#[35]">&gt;&gt;</a>&nbsp;&nbsp;&nbsp;task_free_all
<LI><a href="#[64]">&gt;&gt;</a>&nbsp;&nbsp;&nbsp;tos_task_yield
<LI><a href="#[4f]">&gt;&gt;</a>&nbsp;&nbsp;&nbsp;tos_task_delay
<LI><a href="#[50]">&gt;&gt;</a>&nbsp;&nbsp;&nbsp;task_do_destroy
</UL>

<P><STRONG><a name="[3c]"></a>tos_knl_init</STRONG> (Thumb, 36 bytes, Stack size 8 bytes, tos_sys.o(.text.tos_knl_init))
<BR><BR>[Stack]<UL><LI>Max Depth = 104 + Unknown Stack Size
<LI>Call Chain = tos_knl_init &rArr; mmheap_init_with_pool &rArr; tos_mmheap_pool_add &rArr; blk_insert &rArr; mapping_insert &rArr; __fls &rArr; generic_fls
</UL>
<BR>[Calls]<UL><LI><a href="#[2e]">&gt;&gt;</a>&nbsp;&nbsp;&nbsp;cpu_init
<LI><a href="#[3e]">&gt;&gt;</a>&nbsp;&nbsp;&nbsp;mmheap_init_with_pool
<LI><a href="#[36]">&gt;&gt;</a>&nbsp;&nbsp;&nbsp;knl_idle_init
<LI><a href="#[5a]">&gt;&gt;</a>&nbsp;&nbsp;&nbsp;readyqueue_init
</UL>
<BR>[Called By]<UL><LI><a href="#[15]">&gt;&gt;</a>&nbsp;&nbsp;&nbsp;main
</UL>

<P><STRONG><a name="[62]"></a>tos_knl_is_running</STRONG> (Thumb, 16 bytes, Stack size 0 bytes, tos_sys.o(.text.tos_knl_is_running))
<BR><BR>[Called By]<UL><LI><a href="#[25]">&gt;&gt;</a>&nbsp;&nbsp;&nbsp;tos_task_create
</UL>

<P><STRONG><a name="[5b]"></a>tos_knl_sched_lock</STRONG> (Thumb, 60 bytes, Stack size 8 bytes, tos_sys.o(.text.tos_knl_sched_lock))
<BR><BR>[Stack]<UL><LI>Max Depth = 8 + Unknown Stack Size
<LI>Call Chain = tos_knl_sched_lock
</UL>
<BR>[Calls]<UL><LI><a href="#[38]">&gt;&gt;</a>&nbsp;&nbsp;&nbsp;tos_cpu_cpsr_save
<LI><a href="#[3a]">&gt;&gt;</a>&nbsp;&nbsp;&nbsp;tos_cpu_cpsr_restore
</UL>
<BR>[Called By]<UL><LI><a href="#[53]">&gt;&gt;</a>&nbsp;&nbsp;&nbsp;tos_task_destroy
</UL>

<P><STRONG><a name="[5c]"></a>tos_knl_sched_unlock</STRONG> (Thumb, 72 bytes, Stack size 8 bytes, tos_sys.o(.text.tos_knl_sched_unlock))
<BR><BR>[Stack]<UL><LI>Max Depth = 16 + Unknown Stack Size
<LI>Call Chain = tos_knl_sched_unlock &rArr; knl_sched
</UL>
<BR>[Calls]<UL><LI><a href="#[38]">&gt;&gt;</a>&nbsp;&nbsp;&nbsp;tos_cpu_cpsr_save
<LI><a href="#[3a]">&gt;&gt;</a>&nbsp;&nbsp;&nbsp;tos_cpu_cpsr_restore
<LI><a href="#[37]">&gt;&gt;</a>&nbsp;&nbsp;&nbsp;knl_sched
</UL>
<BR>[Called By]<UL><LI><a href="#[53]">&gt;&gt;</a>&nbsp;&nbsp;&nbsp;tos_task_destroy
</UL>

<P><STRONG><a name="[3d]"></a>tos_knl_start</STRONG> (Thumb, 48 bytes, Stack size 8 bytes, tos_sys.o(.text.tos_knl_start))
<BR><BR>[Stack]<UL><LI>Max Depth = 8 + Unknown Stack Size
<LI>Call Chain = tos_knl_start
</UL>
<BR>[Calls]<UL><LI><a href="#[30]">&gt;&gt;</a>&nbsp;&nbsp;&nbsp;cpu_sched_start
<LI><a href="#[39]">&gt;&gt;</a>&nbsp;&nbsp;&nbsp;readyqueue_highest_ready_task_get
</UL>
<BR>[Called By]<UL><LI><a href="#[15]">&gt;&gt;</a>&nbsp;&nbsp;&nbsp;main
</UL>

<P><STRONG><a name="[55]"></a>tos_mmheap_free</STRONG> (Thumb, 58 bytes, Stack size 16 bytes, tos_mmheap.o(.text.tos_mmheap_free))
<BR><BR>[Stack]<UL><LI>Max Depth = 80 + Unknown Stack Size
<LI>Call Chain = tos_mmheap_free &rArr; blk_merge_next &rArr; blk_remove &rArr; mapping_insert &rArr; __fls &rArr; generic_fls
</UL>
<BR>[Calls]<UL><LI><a href="#[29]">&gt;&gt;</a>&nbsp;&nbsp;&nbsp;blk_remove
<LI><a href="#[28]">&gt;&gt;</a>&nbsp;&nbsp;&nbsp;blk_merge_next
<LI><a href="#[5d]">&gt;&gt;</a>&nbsp;&nbsp;&nbsp;blk_mark_as_free
<LI><a href="#[26]">&gt;&gt;</a>&nbsp;&nbsp;&nbsp;blk_insert
<LI><a href="#[2a]">&gt;&gt;</a>&nbsp;&nbsp;&nbsp;blk_absorb
</UL>
<BR>[Called By]<UL><LI><a href="#[54]">&gt;&gt;</a>&nbsp;&nbsp;&nbsp;task_free
</UL>

<P><STRONG><a name="[40]"></a>tos_mmheap_pool_add</STRONG> (Thumb, 128 bytes, Stack size 16 bytes, tos_mmheap.o(.text.tos_mmheap_pool_add))
<BR><BR>[Stack]<UL><LI>Max Depth = 80 + Unknown Stack Size
<LI>Call Chain = tos_mmheap_pool_add &rArr; blk_insert &rArr; mapping_insert &rArr; __fls &rArr; generic_fls
</UL>
<BR>[Calls]<UL><LI><a href="#[5e]">&gt;&gt;</a>&nbsp;&nbsp;&nbsp;mmheap_pool_is_exist
<LI><a href="#[26]">&gt;&gt;</a>&nbsp;&nbsp;&nbsp;blk_insert
</UL>
<BR>[Called By]<UL><LI><a href="#[3e]">&gt;&gt;</a>&nbsp;&nbsp;&nbsp;mmheap_init_with_pool
</UL>

<P><STRONG><a name="[25]"></a>tos_task_create</STRONG> (Thumb, 228 bytes, Stack size 40 bytes, tos_task.o(.text.tos_task_create))
<BR><BR>[Stack]<UL><LI>Max Depth = 64 + Unknown Stack Size
<LI>Call Chain = tos_task_create &rArr; readyqueue_add_tail &rArr; readyqueue_prio_mark
</UL>
<BR>[Calls]<UL><LI><a href="#[38]">&gt;&gt;</a>&nbsp;&nbsp;&nbsp;tos_cpu_cpsr_save
<LI><a href="#[3a]">&gt;&gt;</a>&nbsp;&nbsp;&nbsp;tos_cpu_cpsr_restore
<LI><a href="#[60]">&gt;&gt;</a>&nbsp;&nbsp;&nbsp;cpu_task_stk_init
<LI><a href="#[37]">&gt;&gt;</a>&nbsp;&nbsp;&nbsp;knl_sched
<LI><a href="#[5f]">&gt;&gt;</a>&nbsp;&nbsp;&nbsp;knl_is_inirq
<LI><a href="#[62]">&gt;&gt;</a>&nbsp;&nbsp;&nbsp;tos_knl_is_running
<LI><a href="#[51]">&gt;&gt;</a>&nbsp;&nbsp;&nbsp;knl_is_idle
<LI><a href="#[4c]">&gt;&gt;</a>&nbsp;&nbsp;&nbsp;readyqueue_add_tail
<LI><a href="#[52]">&gt;&gt;</a>&nbsp;&nbsp;&nbsp;task_reset
<LI><a href="#[61]">&gt;&gt;</a>&nbsp;&nbsp;&nbsp;strncpy
</UL>
<BR>[Called By]<UL><LI><a href="#[36]">&gt;&gt;</a>&nbsp;&nbsp;&nbsp;knl_idle_init
<LI><a href="#[1b]">&gt;&gt;</a>&nbsp;&nbsp;&nbsp;application_entry
<LI><a href="#[15]">&gt;&gt;</a>&nbsp;&nbsp;&nbsp;main
</UL>

<P><STRONG><a name="[4f]"></a>tos_task_delay</STRONG> (Thumb, 92 bytes, Stack size 24 bytes, tos_task.o(.text.tos_task_delay))
<BR><BR>[Stack]<UL><LI>Max Depth = 64 + Unknown Stack Size
<LI>Call Chain = tos_task_delay &rArr; tick_list_add
</UL>
<BR>[Calls]<UL><LI><a href="#[38]">&gt;&gt;</a>&nbsp;&nbsp;&nbsp;tos_cpu_cpsr_save
<LI><a href="#[3a]">&gt;&gt;</a>&nbsp;&nbsp;&nbsp;tos_cpu_cpsr_restore
<LI><a href="#[37]">&gt;&gt;</a>&nbsp;&nbsp;&nbsp;knl_sched
<LI><a href="#[63]">&gt;&gt;</a>&nbsp;&nbsp;&nbsp;knl_is_sched_locked
<LI><a href="#[5f]">&gt;&gt;</a>&nbsp;&nbsp;&nbsp;knl_is_inirq
<LI><a href="#[56]">&gt;&gt;</a>&nbsp;&nbsp;&nbsp;tick_list_add
<LI><a href="#[4e]">&gt;&gt;</a>&nbsp;&nbsp;&nbsp;readyqueue_remove
<LI><a href="#[64]">&gt;&gt;</a>&nbsp;&nbsp;&nbsp;tos_task_yield
</UL>
<BR>[Called By]<UL><LI><a href="#[19]">&gt;&gt;</a>&nbsp;&nbsp;&nbsp;task2_entry
<LI><a href="#[18]">&gt;&gt;</a>&nbsp;&nbsp;&nbsp;task1_entry
</UL>

<P><STRONG><a name="[53]"></a>tos_task_destroy</STRONG> (Thumb, 156 bytes, Stack size 16 bytes, tos_task.o(.text.tos_task_destroy))
<BR><BR>[Stack]<UL><LI>Max Depth = 120 + Unknown Stack Size
<LI>Call Chain = tos_task_destroy &rArr; task_do_destroy &rArr; mutex_release &rArr; mutex_old_owner_release &rArr; tos_task_prio_change &rArr; readyqueue_add_tail &rArr; readyqueue_prio_mark
</UL>
<BR>[Calls]<UL><LI><a href="#[63]">&gt;&gt;</a>&nbsp;&nbsp;&nbsp;knl_is_sched_locked
<LI><a href="#[5f]">&gt;&gt;</a>&nbsp;&nbsp;&nbsp;knl_is_inirq
<LI><a href="#[65]">&gt;&gt;</a>&nbsp;&nbsp;&nbsp;knl_is_self
<LI><a href="#[5b]">&gt;&gt;</a>&nbsp;&nbsp;&nbsp;tos_knl_sched_lock
<LI><a href="#[5c]">&gt;&gt;</a>&nbsp;&nbsp;&nbsp;tos_knl_sched_unlock
<LI><a href="#[54]">&gt;&gt;</a>&nbsp;&nbsp;&nbsp;task_free
<LI><a href="#[50]">&gt;&gt;</a>&nbsp;&nbsp;&nbsp;task_do_destroy
</UL>
<BR>[Called By]<UL><LI><a href="#[1c]">&gt;&gt;</a>&nbsp;&nbsp;&nbsp;task_exit
</UL>

<P><STRONG><a name="[42]"></a>tos_task_prio_change</STRONG> (Thumb, 208 bytes, Stack size 32 bytes, tos_task.o(.text.tos_task_prio_change))
<BR><BR>[Stack]<UL><LI>Max Depth = 56 + Unknown Stack Size
<LI>Call Chain = tos_task_prio_change &rArr; readyqueue_add_tail &rArr; readyqueue_prio_mark
</UL>
<BR>[Calls]<UL><LI><a href="#[38]">&gt;&gt;</a>&nbsp;&nbsp;&nbsp;tos_cpu_cpsr_save
<LI><a href="#[3a]">&gt;&gt;</a>&nbsp;&nbsp;&nbsp;tos_cpu_cpsr_restore
<LI><a href="#[37]">&gt;&gt;</a>&nbsp;&nbsp;&nbsp;knl_sched
<LI><a href="#[5f]">&gt;&gt;</a>&nbsp;&nbsp;&nbsp;knl_is_inirq
<LI><a href="#[4e]">&gt;&gt;</a>&nbsp;&nbsp;&nbsp;readyqueue_remove
<LI><a href="#[45]">&gt;&gt;</a>&nbsp;&nbsp;&nbsp;pend_list_adjust
<LI><a href="#[66]">&gt;&gt;</a>&nbsp;&nbsp;&nbsp;pend_highest_pending_prio_get
<LI><a href="#[65]">&gt;&gt;</a>&nbsp;&nbsp;&nbsp;knl_is_self
<LI><a href="#[4c]">&gt;&gt;</a>&nbsp;&nbsp;&nbsp;readyqueue_add_tail
<LI><a href="#[4b]">&gt;&gt;</a>&nbsp;&nbsp;&nbsp;readyqueue_add_head
</UL>
<BR>[Called By]<UL><LI><a href="#[41]">&gt;&gt;</a>&nbsp;&nbsp;&nbsp;mutex_old_owner_release
</UL>

<P><STRONG><a name="[64]"></a>tos_task_yield</STRONG> (Thumb, 48 bytes, Stack size 16 bytes, tos_task.o(.text.tos_task_yield))
<BR><BR>[Stack]<UL><LI>Max Depth = 40 + Unknown Stack Size
<LI>Call Chain = tos_task_yield &rArr; readyqueue_add_tail &rArr; readyqueue_prio_mark
</UL>
<BR>[Calls]<UL><LI><a href="#[38]">&gt;&gt;</a>&nbsp;&nbsp;&nbsp;tos_cpu_cpsr_save
<LI><a href="#[3a]">&gt;&gt;</a>&nbsp;&nbsp;&nbsp;tos_cpu_cpsr_restore
<LI><a href="#[37]">&gt;&gt;</a>&nbsp;&nbsp;&nbsp;knl_sched
<LI><a href="#[5f]">&gt;&gt;</a>&nbsp;&nbsp;&nbsp;knl_is_inirq
<LI><a href="#[4e]">&gt;&gt;</a>&nbsp;&nbsp;&nbsp;readyqueue_remove
<LI><a href="#[4c]">&gt;&gt;</a>&nbsp;&nbsp;&nbsp;readyqueue_add_tail
</UL>
<BR>[Called By]<UL><LI><a href="#[4f]">&gt;&gt;</a>&nbsp;&nbsp;&nbsp;tos_task_delay
</UL>

<P><STRONG><a name="[76]"></a>__scatterload_copy</STRONG> (Thumb, 14 bytes, Stack size unknown bytes, handlers.o(i.__scatterload_copy), UNUSED)

<P><STRONG><a name="[77]"></a>__scatterload_null</STRONG> (Thumb, 2 bytes, Stack size unknown bytes, handlers.o(i.__scatterload_null), UNUSED)

<P><STRONG><a name="[78]"></a>__scatterload_zeroinit</STRONG> (Thumb, 14 bytes, Stack size unknown bytes, handlers.o(i.__scatterload_zeroinit), UNUSED)

<P><STRONG><a name="[67]"></a>fputc</STRONG> (Thumb, 18 bytes, Stack size 16 bytes, fputc.o(i.fputc))
<BR><BR>[Stack]<UL><LI>Max Depth = 16<LI>Call Chain = fputc
</UL>
<BR>[Called By]<UL><LI><a href="#[3b]">&gt;&gt;</a>&nbsp;&nbsp;&nbsp;puts
</UL>

<P><STRONG><a name="[3b]"></a>puts</STRONG> (Thumb, 30 bytes, Stack size 8 bytes, puts.o(i.puts))
<BR><BR>[Stack]<UL><LI>Max Depth = 24<LI>Call Chain = puts &rArr; fputc
</UL>
<BR>[Calls]<UL><LI><a href="#[67]">&gt;&gt;</a>&nbsp;&nbsp;&nbsp;fputc
</UL>
<BR>[Called By]<UL><LI><a href="#[19]">&gt;&gt;</a>&nbsp;&nbsp;&nbsp;task2_entry
<LI><a href="#[18]">&gt;&gt;</a>&nbsp;&nbsp;&nbsp;task1_entry
<LI><a href="#[15]">&gt;&gt;</a>&nbsp;&nbsp;&nbsp;main
</UL>
<P>
<H3>
Local Symbols
</H3>
<P><STRONG><a name="[23]"></a>__fls</STRONG> (Thumb, 10 bytes, Stack size 8 bytes, tos_mmheap.o(.text.__fls))
<BR><BR>[Stack]<UL><LI>Max Depth = 16 + Unknown Stack Size
<LI>Call Chain = __fls &rArr; generic_fls
</UL>
<BR>[Calls]<UL><LI><a href="#[24]">&gt;&gt;</a>&nbsp;&nbsp;&nbsp;generic_fls
</UL>
<BR>[Called By]<UL><LI><a href="#[27]">&gt;&gt;</a>&nbsp;&nbsp;&nbsp;mapping_insert
</UL>

<P><STRONG><a name="[2a]"></a>blk_absorb</STRONG> (Thumb, 26 bytes, Stack size 0 bytes, tos_mmheap.o(.text.blk_absorb))
<BR><BR>[Called By]<UL><LI><a href="#[55]">&gt;&gt;</a>&nbsp;&nbsp;&nbsp;tos_mmheap_free
<LI><a href="#[28]">&gt;&gt;</a>&nbsp;&nbsp;&nbsp;blk_merge_next
</UL>

<P><STRONG><a name="[26]"></a>blk_insert</STRONG> (Thumb, 80 bytes, Stack size 32 bytes, tos_mmheap.o(.text.blk_insert))
<BR><BR>[Stack]<UL><LI>Max Depth = 64 + Unknown Stack Size
<LI>Call Chain = blk_insert &rArr; mapping_insert &rArr; __fls &rArr; generic_fls
</UL>
<BR>[Calls]<UL><LI><a href="#[27]">&gt;&gt;</a>&nbsp;&nbsp;&nbsp;mapping_insert
</UL>
<BR>[Called By]<UL><LI><a href="#[55]">&gt;&gt;</a>&nbsp;&nbsp;&nbsp;tos_mmheap_free
<LI><a href="#[40]">&gt;&gt;</a>&nbsp;&nbsp;&nbsp;tos_mmheap_pool_add
</UL>

<P><STRONG><a name="[5d]"></a>blk_mark_as_free</STRONG> (Thumb, 30 bytes, Stack size 0 bytes, tos_mmheap.o(.text.blk_mark_as_free))
<BR><BR>[Called By]<UL><LI><a href="#[55]">&gt;&gt;</a>&nbsp;&nbsp;&nbsp;tos_mmheap_free
</UL>

<P><STRONG><a name="[28]"></a>blk_merge_next</STRONG> (Thumb, 42 bytes, Stack size 16 bytes, tos_mmheap.o(.text.blk_merge_next))
<BR><BR>[Stack]<UL><LI>Max Depth = 64 + Unknown Stack Size
<LI>Call Chain = blk_merge_next &rArr; blk_remove &rArr; mapping_insert &rArr; __fls &rArr; generic_fls
</UL>
<BR>[Calls]<UL><LI><a href="#[29]">&gt;&gt;</a>&nbsp;&nbsp;&nbsp;blk_remove
<LI><a href="#[2a]">&gt;&gt;</a>&nbsp;&nbsp;&nbsp;blk_absorb
</UL>
<BR>[Called By]<UL><LI><a href="#[55]">&gt;&gt;</a>&nbsp;&nbsp;&nbsp;tos_mmheap_free
</UL>

<P><STRONG><a name="[29]"></a>blk_remove</STRONG> (Thumb, 34 bytes, Stack size 16 bytes, tos_mmheap.o(.text.blk_remove))
<BR><BR>[Stack]<UL><LI>Max Depth = 48 + Unknown Stack Size
<LI>Call Chain = blk_remove &rArr; mapping_insert &rArr; __fls &rArr; generic_fls
</UL>
<BR>[Calls]<UL><LI><a href="#[2b]">&gt;&gt;</a>&nbsp;&nbsp;&nbsp;remove_free_block
<LI><a href="#[27]">&gt;&gt;</a>&nbsp;&nbsp;&nbsp;mapping_insert
</UL>
<BR>[Called By]<UL><LI><a href="#[55]">&gt;&gt;</a>&nbsp;&nbsp;&nbsp;tos_mmheap_free
<LI><a href="#[28]">&gt;&gt;</a>&nbsp;&nbsp;&nbsp;blk_merge_next
</UL>

<P><STRONG><a name="[24]"></a>generic_fls</STRONG> (Thumb, 12 bytes, Stack size 8 bytes, tos_mmheap.o(.text.generic_fls))
<BR><BR>[Stack]<UL><LI>Max Depth = 8 + Unknown Stack Size
<LI>Call Chain = generic_fls
</UL>
<BR>[Calls]<UL><LI><a href="#[34]">&gt;&gt;</a>&nbsp;&nbsp;&nbsp;tos_cpu_clz
</UL>
<BR>[Called By]<UL><LI><a href="#[23]">&gt;&gt;</a>&nbsp;&nbsp;&nbsp;__fls
</UL>

<P><STRONG><a name="[27]"></a>mapping_insert</STRONG> (Thumb, 42 bytes, Stack size 16 bytes, tos_mmheap.o(.text.mapping_insert))
<BR><BR>[Stack]<UL><LI>Max Depth = 32 + Unknown Stack Size
<LI>Call Chain = mapping_insert &rArr; __fls &rArr; generic_fls
</UL>
<BR>[Calls]<UL><LI><a href="#[23]">&gt;&gt;</a>&nbsp;&nbsp;&nbsp;__fls
</UL>
<BR>[Called By]<UL><LI><a href="#[29]">&gt;&gt;</a>&nbsp;&nbsp;&nbsp;blk_remove
<LI><a href="#[26]">&gt;&gt;</a>&nbsp;&nbsp;&nbsp;blk_insert
</UL>

<P><STRONG><a name="[3f]"></a>mmheap_ctl_init</STRONG> (Thumb, 72 bytes, Stack size 16 bytes, tos_mmheap.o(.text.mmheap_ctl_init))
<BR><BR>[Stack]<UL><LI>Max Depth = 16<LI>Call Chain = mmheap_ctl_init
</UL>
<BR>[Called By]<UL><LI><a href="#[3e]">&gt;&gt;</a>&nbsp;&nbsp;&nbsp;mmheap_init_with_pool
</UL>

<P><STRONG><a name="[5e]"></a>mmheap_pool_is_exist</STRONG> (Thumb, 40 bytes, Stack size 8 bytes, tos_mmheap.o(.text.mmheap_pool_is_exist))
<BR><BR>[Stack]<UL><LI>Max Depth = 8<LI>Call Chain = mmheap_pool_is_exist
</UL>
<BR>[Called By]<UL><LI><a href="#[40]">&gt;&gt;</a>&nbsp;&nbsp;&nbsp;tos_mmheap_pool_add
</UL>

<P><STRONG><a name="[2b]"></a>remove_free_block</STRONG> (Thumb, 80 bytes, Stack size 16 bytes, tos_mmheap.o(.text.remove_free_block))
<BR><BR>[Stack]<UL><LI>Max Depth = 16<LI>Call Chain = remove_free_block
</UL>
<BR>[Called By]<UL><LI><a href="#[29]">&gt;&gt;</a>&nbsp;&nbsp;&nbsp;blk_remove
</UL>

<P><STRONG><a name="[41]"></a>mutex_old_owner_release</STRONG> (Thumb, 64 bytes, Stack size 16 bytes, tos_mutex.o(.text.mutex_old_owner_release))
<BR><BR>[Stack]<UL><LI>Max Depth = 72 + Unknown Stack Size
<LI>Call Chain = mutex_old_owner_release &rArr; tos_task_prio_change &rArr; readyqueue_add_tail &rArr; readyqueue_prio_mark
</UL>
<BR>[Calls]<UL><LI><a href="#[42]">&gt;&gt;</a>&nbsp;&nbsp;&nbsp;tos_task_prio_change
</UL>
<BR>[Called By]<UL><LI><a href="#[43]">&gt;&gt;</a>&nbsp;&nbsp;&nbsp;mutex_release
</UL>

<P><STRONG><a name="[46]"></a>pend_list_add</STRONG> (Thumb, 50 bytes, Stack size 8 bytes, tos_pend.o(.text.pend_list_add))
<BR><BR>[Stack]<UL><LI>Max Depth = 8<LI>Call Chain = pend_list_add
</UL>
<BR>[Called By]<UL><LI><a href="#[45]">&gt;&gt;</a>&nbsp;&nbsp;&nbsp;pend_list_adjust
</UL>

<P><STRONG><a name="[4d]"></a>readyqueue_prio_mark</STRONG> (Thumb, 40 bytes, Stack size 8 bytes, tos_sched.o(.text.readyqueue_prio_mark))
<BR><BR>[Stack]<UL><LI>Max Depth = 8<LI>Call Chain = readyqueue_prio_mark
</UL>
<BR>[Called By]<UL><LI><a href="#[4c]">&gt;&gt;</a>&nbsp;&nbsp;&nbsp;readyqueue_add_tail
<LI><a href="#[4b]">&gt;&gt;</a>&nbsp;&nbsp;&nbsp;readyqueue_add_head
</UL>

<P><STRONG><a name="[1a]"></a>knl_idle_entry</STRONG> (Thumb, 6 bytes, Stack size 0 bytes, tos_sys.o(.text.knl_idle_entry))
<BR><BR>[Stack]<UL><LI>Max Depth = 104 + Unknown Stack Size
 + In Cycle
<LI>Call Chain = knl_idle_entry &rArr;  knl_idle_entry (Cycle)
</UL>
<BR>[Calls]<UL><LI><a href="#[35]">&gt;&gt;</a>&nbsp;&nbsp;&nbsp;task_free_all
<LI><a href="#[1a]">&gt;&gt;</a>&nbsp;&nbsp;&nbsp;knl_idle_entry
</UL>
<BR>[Called By]<UL><LI><a href="#[1a]">&gt;&gt;</a>&nbsp;&nbsp;&nbsp;knl_idle_entry
</UL>
<BR>[Address Reference Count : 1]<UL><LI> tos_sys.o(.text.knl_idle_init)
</UL>
<P><STRONG><a name="[50]"></a>task_do_destroy</STRONG> (Thumb, 122 bytes, Stack size 24 bytes, tos_task.o(.text.task_do_destroy))
<BR><BR>[Stack]<UL><LI>Max Depth = 104 + Unknown Stack Size
<LI>Call Chain = task_do_destroy &rArr; mutex_release &rArr; mutex_old_owner_release &rArr; tos_task_prio_change &rArr; readyqueue_add_tail &rArr; readyqueue_prio_mark
</UL>
<BR>[Calls]<UL><LI><a href="#[38]">&gt;&gt;</a>&nbsp;&nbsp;&nbsp;tos_cpu_cpsr_save
<LI><a href="#[3a]">&gt;&gt;</a>&nbsp;&nbsp;&nbsp;tos_cpu_cpsr_restore
<LI><a href="#[37]">&gt;&gt;</a>&nbsp;&nbsp;&nbsp;knl_sched
<LI><a href="#[49]">&gt;&gt;</a>&nbsp;&nbsp;&nbsp;tick_list_remove
<LI><a href="#[4e]">&gt;&gt;</a>&nbsp;&nbsp;&nbsp;readyqueue_remove
<LI><a href="#[48]">&gt;&gt;</a>&nbsp;&nbsp;&nbsp;pend_list_remove
<LI><a href="#[43]">&gt;&gt;</a>&nbsp;&nbsp;&nbsp;mutex_release
<LI><a href="#[51]">&gt;&gt;</a>&nbsp;&nbsp;&nbsp;knl_is_idle
<LI><a href="#[52]">&gt;&gt;</a>&nbsp;&nbsp;&nbsp;task_reset
</UL>
<BR>[Called By]<UL><LI><a href="#[53]">&gt;&gt;</a>&nbsp;&nbsp;&nbsp;tos_task_destroy
</UL>

<P><STRONG><a name="[1c]"></a>task_exit</STRONG> (Thumb, 6 bytes, Stack size 0 bytes, tos_task.o(.text.task_exit))
<BR><BR>[Stack]<UL><LI>Max Depth = 120 + Unknown Stack Size
<LI>Call Chain = task_exit &rArr; tos_task_destroy &rArr; task_do_destroy &rArr; mutex_release &rArr; mutex_old_owner_release &rArr; tos_task_prio_change &rArr; readyqueue_add_tail &rArr; readyqueue_prio_mark
</UL>
<BR>[Calls]<UL><LI><a href="#[53]">&gt;&gt;</a>&nbsp;&nbsp;&nbsp;tos_task_destroy
</UL>
<BR>[Address Reference Count : 1]<UL><LI> tos_task.o(.text.tos_task_create)
</UL>
<P><STRONG><a name="[54]"></a>task_free</STRONG> (Thumb, 20 bytes, Stack size 8 bytes, tos_task.o(.text.task_free))
<BR><BR>[Stack]<UL><LI>Max Depth = 88 + Unknown Stack Size
<LI>Call Chain = task_free &rArr; tos_mmheap_free &rArr; blk_merge_next &rArr; blk_remove &rArr; mapping_insert &rArr; __fls &rArr; generic_fls
</UL>
<BR>[Calls]<UL><LI><a href="#[55]">&gt;&gt;</a>&nbsp;&nbsp;&nbsp;tos_mmheap_free
</UL>
<BR>[Called By]<UL><LI><a href="#[35]">&gt;&gt;</a>&nbsp;&nbsp;&nbsp;task_free_all
<LI><a href="#[53]">&gt;&gt;</a>&nbsp;&nbsp;&nbsp;tos_task_destroy
</UL>

<P><STRONG><a name="[52]"></a>task_reset</STRONG> (Thumb, 66 bytes, Stack size 0 bytes, tos_task.o(.text.task_reset))
<BR><BR>[Called By]<UL><LI><a href="#[25]">&gt;&gt;</a>&nbsp;&nbsp;&nbsp;tos_task_create
<LI><a href="#[50]">&gt;&gt;</a>&nbsp;&nbsp;&nbsp;task_do_destroy
</UL>
<P>
<H3>
Undefined Global Symbols
</H3><HR></body></html>
