Component: ARM Compiler 5.06 update 6 (build 750) Tool: armlink [4d35ed]

==============================================================================

Section Cross References

    startup_armcm4.o(STACK) refers (Special) to heapauxi.o(.text) for __use_two_region_memory
    startup_armcm4.o(HEAP) refers (Special) to heapauxi.o(.text) for __use_two_region_memory
    startup_armcm4.o(RESET) refers (Special) to heapauxi.o(.text) for __use_two_region_memory
    startup_armcm4.o(RESET) refers to startup_armcm4.o(STACK) for __initial_sp
    startup_armcm4.o(RESET) refers to startup_armcm4.o(.text) for Reset_Handler
    startup_armcm4.o(RESET) refers to port_s.o(.text) for PendSV_Handler
    startup_armcm4.o(RESET) refers to mcu_it.o(i.SysTick_Handler) for SysTick_Handler
    startup_armcm4.o(.text) refers (Special) to heapauxi.o(.text) for __use_two_region_memory
    startup_armcm4.o(.text) refers to system_armcm4.o(i.SystemInit) for SystemInit
    startup_armcm4.o(.text) refers to __main.o(!!!main) for __main
    system_armcm4.o(i.SystemCoreClockUpdate) refers to system_armcm4.o(.data) for SystemCoreClock
    system_armcm4.o(i.SystemInit) refers to startup_armcm4.o(RESET) for __Vectors
    system_armcm4.o(i.SystemInit) refers to system_armcm4.o(.data) for SystemCoreClock
    tos_cpu.o(i.cpu_context_switch) refers to port_s.o(.text) for port_context_switch
    tos_cpu.o(i.cpu_init) refers to lludivv7m.o(.text) for __aeabi_uldivmod
    tos_cpu.o(i.cpu_init) refers to tos_cpu.o(i.cpu_systick_init) for cpu_systick_init
    tos_cpu.o(i.cpu_init) refers to tos_global.o(.data) for k_cpu_tick_per_second
    tos_cpu.o(i.cpu_irq_context_switch) refers to port_s.o(.text) for port_irq_context_switch
    tos_cpu.o(i.cpu_reset) refers to port_c.o(i.port_cpu_reset) for port_cpu_reset
    tos_cpu.o(i.cpu_sched_start) refers to port_s.o(.text) for port_sched_start
    tos_cpu.o(i.cpu_systick_init) refers to port_c.o(i.port_systick_priority_set) for port_systick_priority_set
    tos_cpu.o(i.cpu_systick_init) refers to port_c.o(i.port_systick_config) for port_systick_config
    tos_cpu.o(i.tos_cpu_clz) refers to port_s.o(.text) for port_clz
    tos_cpu.o(i.tos_cpu_cpsr_restore) refers to port_s.o(.text) for port_cpsr_restore
    tos_cpu.o(i.tos_cpu_cpsr_save) refers to port_s.o(.text) for port_cpsr_save
    tos_cpu.o(i.tos_cpu_int_disable) refers to port_s.o(.text) for port_int_disable
    tos_cpu.o(i.tos_cpu_int_enable) refers to port_s.o(.text) for port_int_enable
    port_c.o(i.port_systick_config) refers to port_c.o(i.__NVIC_SetPriority) for __NVIC_SetPriority
    port_c.o(i.port_systick_priority_set) refers to port_c.o(i.__NVIC_SetPriority) for __NVIC_SetPriority
    port_s.o(.text) refers to tos_global.o(.data) for k_curr_task
    tos_binary_heap.o(i.bin_heap_do_percolate_up) refers to rt_memcpy_v6.o(.text) for __aeabi_memcpy
    tos_binary_heap.o(i.bin_heap_percolate_down) refers to rt_memcpy_v6.o(.text) for __aeabi_memcpy
    tos_binary_heap.o(i.bin_heap_percolate_down) refers to tos_binary_heap.o(i.bin_heap_do_percolate_up) for bin_heap_do_percolate_up
    tos_binary_heap.o(i.bin_heap_percolate_up) refers to tos_binary_heap.o(i.bin_heap_do_percolate_up) for bin_heap_do_percolate_up
    tos_binary_heap.o(i.tos_bin_heap_create) refers to tos_binary_heap.o(i.knl_object_init) for knl_object_init
    tos_binary_heap.o(i.tos_bin_heap_create_dyn) refers to tos_mmheap.o(i.tos_mmheap_alloc) for tos_mmheap_alloc
    tos_binary_heap.o(i.tos_bin_heap_create_dyn) refers to tos_binary_heap.o(i.knl_object_init) for knl_object_init
    tos_binary_heap.o(i.tos_bin_heap_destroy) refers to tos_binary_heap.o(i.knl_object_verify) for knl_object_verify
    tos_binary_heap.o(i.tos_bin_heap_destroy_dyn) refers to tos_binary_heap.o(i.knl_object_verify) for knl_object_verify
    tos_binary_heap.o(i.tos_bin_heap_destroy_dyn) refers to tos_mmheap.o(i.tos_mmheap_free) for tos_mmheap_free
    tos_binary_heap.o(i.tos_bin_heap_flush) refers to tos_binary_heap.o(i.knl_object_verify) for knl_object_verify
    tos_binary_heap.o(i.tos_bin_heap_flush) refers to tos_cpu.o(i.tos_cpu_cpsr_save) for tos_cpu_cpsr_save
    tos_binary_heap.o(i.tos_bin_heap_flush) refers to tos_cpu.o(i.tos_cpu_cpsr_restore) for tos_cpu_cpsr_restore
    tos_binary_heap.o(i.tos_bin_heap_is_empty) refers to tos_binary_heap.o(i.knl_object_verify) for knl_object_verify
    tos_binary_heap.o(i.tos_bin_heap_is_empty) refers to tos_cpu.o(i.tos_cpu_cpsr_save) for tos_cpu_cpsr_save
    tos_binary_heap.o(i.tos_bin_heap_is_empty) refers to tos_cpu.o(i.tos_cpu_cpsr_restore) for tos_cpu_cpsr_restore
    tos_binary_heap.o(i.tos_bin_heap_is_full) refers to tos_binary_heap.o(i.knl_object_verify) for knl_object_verify
    tos_binary_heap.o(i.tos_bin_heap_is_full) refers to tos_cpu.o(i.tos_cpu_cpsr_save) for tos_cpu_cpsr_save
    tos_binary_heap.o(i.tos_bin_heap_is_full) refers to tos_cpu.o(i.tos_cpu_cpsr_restore) for tos_cpu_cpsr_restore
[...]
    D:\\Keil_v5\\Packs\\Tencent\\TencentOS-tiny\\1.0.0\\kernel\\core\\tos_mutex.c 0x00000000   Number         0  tos_mutex.o ABSOLUTE
    D:\\Keil_v5\\Packs\\Tencent\\TencentOS-tiny\\1.0.0\\kernel\\core\\tos_pend.c 0x00000000   Number         0  tos_pend.o ABSOLUTE
    D:\\Keil_v5\\Packs\\Tencent\\TencentOS-tiny\\1.0.0\\kernel\\core\\tos_priority_mail_queue.c 0x00000000   Number         0  tos_priority_mail_queue.o ABSOLUTE
    D:\\Keil_v5\\Packs\\Tencent\\TencentOS-tiny\\1.0.0\\kernel\\core\\tos_priority_message_queue.c 0x00000000   Number         0  tos_priority_message_queue.o ABSOLUTE
    D:\\Keil_v5\\Packs\\Tencent\\TencentOS-tiny\\1.0.0\\kernel\\core\\tos_priority_queue.c 0x00000000   Number         0  tos_priority_queue.o ABSOLUTE
    D:\\Keil_v5\\Packs\\Tencent\\TencentOS-tiny\\1.0.0\\kernel\\core\\tos_ring_queue.c 0x00000000   Number         0  tos_ring_queue.o ABSOLUTE
    D:\\Keil_v5\\Packs\\Tencent\\TencentOS-tiny\\1.0.0\\kernel\\core\\tos_robin.c 0x00000000   Number         0  tos_robin.o ABSOLUTE
    D:\\Keil_v5\\Packs\\Tencent\\TencentOS-tiny\\1.0.0\\kernel\\core\\tos_rwlock.c 0x00000000   Number         0  tos_rwlock.o ABSOLUTE
    D:\\Keil_v5\\Packs\\Tencent\\TencentOS-tiny\\1.0.0\\kernel\\core\\tos_sched.c 0x00000000   Number         0  tos_sched.o ABSOLUTE
    D:\\Keil_v5\\Packs\\Tencent\\TencentOS-tiny\\1.0.0\\kernel\\core\\tos_sem.c 0x00000000   Number         0  tos_sem.o ABSOLUTE
    D:\\Keil_v5\\Packs\\Tencent\\TencentOS-tiny\\1.0.0\\kernel\\core\\tos_stopwatch.c 0x00000000   Number         0  tos_stopwatch.o ABSOLUTE
    D:\\Keil_v5\\Packs\\Tencent\\TencentOS-tiny\\1.0.0\\kernel\\core\\tos_sys.c 0x00000000   Number         0  tos_sys.o ABSOLUTE
    D:\\Keil_v5\\Packs\\Tencent\\TencentOS-tiny\\1.0.0\\kernel\\core\\tos_task.c 0x00000000   Number         0  tos_task.o ABSOLUTE
    D:\\Keil_v5\\Packs\\Tencent\\TencentOS-tiny\\1.0.0\\kernel\\core\\tos_tick.c 0x00000000   Number         0  tos_tick.o ABSOLUTE
    D:\\Keil_v5\\Packs\\Tencent\\TencentOS-tiny\\1.0.0\\kernel\\core\\tos_time.c 0x00000000   Number         0  tos_time.o ABSOLUTE
    D:\\Keil_v5\\Packs\\Tencent\\TencentOS-tiny\\1.0.0\\kernel\\core\\tos_timer.c 0x00000000   Number         0  tos_timer.o ABSOLUTE
    D:\\Keil_v5\\Packs\\Tencent\\TencentOS-tiny\\1.0.0\\osal\\cmsis_os\\cmsis_os.c 0x00000000   Number         0  cmsis_os.o ABSOLUTE
    RTE\Device\ARMCM4\startup_ARMCM4.s       0x00000000   Number         0  startup_armcm4.o ABSOLUTE
    RTE\Device\ARMCM4\system_ARMCM4.c        0x00000000   Number         0  system_armcm4.o ABSOLUTE
    RTE\TencentOS_tiny\hello_world.c         0x00000000   Number         0  hello_world.o ABSOLUTE
    RTE\TencentOS_tiny\main.c                0x00000000   Number         0  main.o ABSOLUTE
    RTE\TencentOS_tiny\mcu_it.c              0x00000000   Number         0  mcu_it.o ABSOLUTE
    RTE\\Device\\ARMCM4\\system_ARMCM4.c     0x00000000   Number         0  system_armcm4.o ABSOLUTE
    RTE\\TencentOS_tiny\\hello_world.c       0x00000000   Number         0  hello_world.o ABSOLUTE
    RTE\\TencentOS_tiny\\main.c              0x00000000   Number         0  main.o ABSOLUTE
    RTE\\TencentOS_tiny\\mcu_it.c            0x00000000   Number         0  mcu_it.o ABSOLUTE
    dc.s                                     0x00000000   Number         0  dc.o ABSOLUTE
    !!!main                                  0x000003c0   Section        8  __main.o(!!!main)
    !!!scatter                               0x000003c8   Section       52  __scatter.o(!!!scatter)
    !!handler_copy                           0x000003fc   Section       26  __scatter_copy.o(!!handler_copy)
    !!handler_zi                             0x00000418   Section       28  __scatter_zi.o(!!handler_zi)
    .ARM.Collect$$_printf_percent$$00000000  0x00000434   Section        0  _printf_percent.o(.ARM.Collect$$_printf_percent$$00000000)
    .ARM.Collect$$_printf_percent$$00000017  0x00000434   Section        4  _printf_percent_end.o(.ARM.Collect$$_printf_percent$$00000017)
    .ARM.Collect$$libinit$$00000000          0x00000438   Section        2  libinit.o(.ARM.Collect$$libinit$$00000000)
    .ARM.Collect$$libinit$$00000002          0x0000043a   Section        0  libinit2.o(.ARM.Collect$$libinit$$00000002)
    .ARM.Collect$$libinit$$00000004          0x0000043a   Section        0  libinit2.o(.ARM.Collect$$libinit$$00000004)
    .ARM.Collect$$libinit$$00000006          0x0000043a   Section        8  libinit3.o(.ARM.Collect$$libinit$$00000006)
    .ARM.Collect$$libinit$$0000000A          0x00000442   Section        0  libinit2.o(.ARM.Collect$$libinit$$0000000A)
    .ARM.Collect$$libinit$$0000000C          0x00000442   Section        0  libinit2.o(.ARM.Collect$$libinit$$0000000C)
    .ARM.Collect$$libinit$$0000000E          0x00000442   Section        0  libinit2.o(.ARM.Collect$$libinit$$0000000E)
    .ARM.Collect$$libinit$$00000011          0x00000442   Section        0  libinit2.o(.ARM.Collect$$libinit$$00000011)
    .ARM.Collect$$libinit$$00000013          0x00000442   Section        0  libinit2.o(.ARM.Collect$$libinit$$00000013)
    .ARM.Collect$$libinit$$00000015          0x00000442   Section        0  libinit2.o(.ARM.Collect$$libinit$$00000015)
    .ARM.Collect$$libinit$$00000017          0x00000442   Section        0  libinit2.o(.ARM.Collect$$libinit$$00000017)
    .ARM.Collect$$libinit$$00000019          0x00000442   Section        0  libinit2.o(.ARM.Collect$$libinit$$00000019)
    .ARM.Collect$$libinit$$0000001B          0x00000442   Section        0  libinit2.o(.ARM.Collect$$libinit$$0000001B)
    .ARM.Collect$$libinit$$0000001D          0x00000442   Section        0  libinit2.o(.ARM.Collect$$libinit$$0000001D)
    .ARM.Collect$$libinit$$0000001F          0x00000442   Section        0  libinit2.o(.ARM.Collect$$libinit$$0000001F)
    .ARM.Collect$$libinit$$00000021          0x00000442   Section        0  libinit2.o(.ARM.Collect$$libinit$$00000021)
    .ARM.Collect$$libinit$$00000023          0x00000442   Section        0  libinit2.o(.ARM.Collect$$libinit$$00000023)
    .ARM.Collect$$libinit$$00000024          0x00000442   Section        4  libinit2.o(.ARM.Collect$$libinit$$00000024)
    .ARM.Collect$$libinit$$00000025          0x00000446   Section        0  libinit2.o(.ARM.Collect$$libinit$$00000025)
    .ARM.Collect$$libinit$$0000002C          0x00000446   Section        0  libinit2.o(.ARM.Collect$$libinit$$0000002C)
    .ARM.Collect$$libinit$$0000002E          0x00000446   Section        0  libinit2.o(.ARM.Collect$$libinit$$0000002E)
    .ARM.Collect$$libinit$$00000030          0x00000446   Section        0  libinit2.o(.ARM.Collect$$libinit$$00000030)
    .ARM.Collect$$libinit$$00000032          0x00000446   Section        0  libinit2.o(.ARM.Collect$$libinit$$00000032)
    .ARM.Collect$$libinit$$00000033          0x00000446   Section        2  libinit2.o(.ARM.Collect$$libinit$$00000033)
    .ARM.Collect$$libinit$$00002717          0x00000448   Section        8  libinit3.o(.ARM.Collect$$libinit$$00002717)
    __lit__00000000                          0x00000448   Data           4  libinit3.o(.ARM.Collect$$libinit$$00002717)
    __lit__00000001                          0x0000044c   Data           4  libinit3.o(.ARM.Collect$$libinit$$00002717)
    .ARM.Collect$$libshutdown$$00000000      0x00000450   Section        2  libshutdown.o(.ARM.Collect$$libshutdown$$00000000)
    .ARM.Collect$$libshutdown$$00000002      0x00000452   Section        0  libshutdown2.o(.ARM.Collect$$libshutdown$$00000002)
    .ARM.Collect$$libshutdown$$00000003      0x00000452   Section        4  libshutdown2.o(.ARM.Collect$$libshutdown$$00000003)
    .ARM.Collect$$libshutdown$$00000004      0x00000456   Section        0  libshutdown2.o(.ARM.Collect$$libshutdown$$00000004)
    .ARM.Collect$$libshutdown$$00000007      0x00000456   Section        0  libshutdown2.o(.ARM.Collect$$libshutdown$$00000007)
    .ARM.Collect$$libshutdown$$0000000A      0x00000456   Section        0  libshutdown2.o(.ARM.Collect$$libshutdown$$0000000A)
    .ARM.Collect$$libshutdown$$0000000C      0x00000456   Section        0  libshutdown2.o(.ARM.Collect$$libshutdown$$0000000C)
    .ARM.Collect$$libshutdown$$0000000F      0x00000456   Section        0  libshutdown2.o(.ARM.Collect$$libshutdown$$0000000F)
    .ARM.Collect$$libshutdown$$00000010      0x00000456   Section        2  libshutdown2.o(.ARM.Collect$$libshutdown$$00000010)
    .ARM.Collect$$rtentry$$00000000          0x00000458   Section        0  __rtentry.o(.ARM.Collect$$rtentry$$00000000)
    .ARM.Collect$$rtentry$$00000002          0x00000458   Section        0  __rtentry2.o(.ARM.Collect$$rtentry$$00000002)
    .ARM.Collect$$rtentry$$00000005          0x00000458   Section        4  __rtentry5.o(.ARM.Collect$$rtentry$$00000005)
    .ARM.Collect$$rtentry$$00000009          0x0000045c   Section        0  __rtentry2.o(.ARM.Collect$$rtentry$$00000009)
    .ARM.Collect$$rtentry$$0000000A          0x0000045c   Section        4  __rtentry2.o(.ARM.Collect$$rtentry$$0000000A)
    .ARM.Collect$$rtentry$$0000000C          0x00000460   Section        0  __rtentry2.o(.ARM.Collect$$rtentry$$0000000C)
    .ARM.Collect$$rtentry$$0000000D          0x00000460   Section        8  __rtentry2.o(.ARM.Collect$$rtentry$$0000000D)
    .ARM.Collect$$rtentry$$00002716          0x00000468   Section        4  __rtentry5.o(.ARM.Collect$$rtentry$$00002716)
    __lit__00000000                          0x00000468   Data           4  __rtentry5.o(.ARM.Collect$$rtentry$$00002716)
    .ARM.Collect$$rtexit$$00000000           0x0000046c   Section        2  rtexit.o(.ARM.Collect$$rtexit$$00000000)
    .ARM.Collect$$rtexit$$00000002           0x0000046e   Section        0  rtexit2.o(.ARM.Collect$$rtexit$$00000002)
    .ARM.Collect$$rtexit$$00000003           0x0000046e   Section        4  rtexit2.o(.ARM.Collect$$rtexit$$00000003)
    .ARM.Collect$$rtexit$$00000004           0x00000472   Section        6  rtexit2.o(.ARM.Collect$$rtexit$$00000004)
    .emb_text                                0x00000478   Section        0  maybetermalloc1.o(.emb_text)
    .text                                    0x00000478   Section       56  startup_armcm4.o(.text)
    .text                                    0x000004b0   Section      192  port_s.o(.text)
    .text                                    0x00000570   Section      238  lludivv7m.o(.text)
    .text                                    0x00000660   Section        0  noretval__2printf.o(.text)
    .text                                    0x00000678   Section        0  __printf.o(.text)
    .text                                    0x000006e0   Section       68  rt_memclr.o(.text)
    .text                                    0x00000724   Section       86  strncpy.o(.text)
    .text                                    0x0000077a   Section        0  heapauxi.o(.text)
    .text                                    0x00000780   Section        0  _printf_char_file.o(.text)
    .text                                    0x000007a4   Section       78  rt_memclr_w.o(.text)
    .text                                    0x000007f4   Section        0  _printf_char_common.o(.text)
    _printf_input_char                       0x000007f5   Thumb Code    10  _printf_char_common.o(.text)
    .text                                    0x00000824   Section        0  ferror.o(.text)
    .text                                    0x0000082c   Section        0  initio.o(.text)
    .text                                    0x00000964   Section        0  sys_io.o(.text)
    .text                                    0x000009ca   Section        0  h1_free.o(.text)
    .text                                    0x00000a18   Section        0  flsbuf.o(.text)
    .text                                    0x00000bee   Section        0  setvbuf.o(.text)
    .text                                    0x00000c34   Section        0  fopen.o(.text)
    _freopen_locked                          0x00000c35   Thumb Code     0  fopen.o(.text)
    .text                                    0x00000d20   Section        0  fclose.o(.text)
    .text                                    0x00000d6c   Section        0  exit.o(.text)
    .text                                    0x00000d7e   Section        0  defsig_rtred_outer.o(.text)
    .text                                    0x00000d8c   Section        2  use_no_semi.o(.text)
    .text                                    0x00000d8e   Section        0  indicate_semi.o(.text)
    .text                                    0x00000d90   Section        8  rt_heap_descriptor_intlibspace.o(.text)
    .text                                    0x00000d98   Section        0  hguard.o(.text)
    .text                                    0x00000d9c   Section        0  init_alloc.o(.text)
    .text                                    0x00000e26   Section        0  h1_alloc.o(.text)
    .text                                    0x00000e84   Section        0  fseek.o(.text)
    .text                                    0x00000f7c   Section        0  stdio.o(.text)
    .text                                    0x0000106c   Section        0  defsig_exit.o(.text)
    .text                                    0x00001078   Section        0  defsig_rtred_inner.o(.text)
    .text                                    0x000010ac   Section        0  strlen.o(.text)
    .text                                    0x000010ec   Section        0  sys_exit.o(.text)
    .text                                    0x000010f8   Section        0  h1_init.o(.text)
    .text                                    0x00001106   Section        0  h1_extend.o(.text)
    .text                                    0x0000113a   Section        0  ftell.o(.text)
    .text                                    0x0000117c   Section        0  defsig_general.o(.text)
    .text                                    0x000011ae   Section        0  defsig_rtmem_outer.o(.text)
    .text                                    0x000011bc   Section        0  sys_wrch.o(.text)
    .text                                    0x000011cc   Section        8  rt_errno_addr_intlibspace.o(.text)
    .text                                    0x000011d4   Section        0  defsig_rtmem_inner.o(.text)
    i.SysTick_Handler                        0x00001224   Section        0  mcu_it.o(i.SysTick_Handler)
    i.SystemInit                             0x0000123c   Section        0  system_armcm4.o(i.SystemInit)
    i.__NVIC_SetPriority                     0x0000125c   Section        0  port_c.o(i.__NVIC_SetPriority)
    __NVIC_SetPriority                       0x0000125d   Thumb Code    32  port_c.o(i.__NVIC_SetPriority)
    i.__fls                                  0x00001284   Section        0  tos_mmheap.o(i.__fls)
    __fls                                    0x00001285   Thumb Code    14  tos_mmheap.o(i.__fls)
    i._list_add                              0x00001292   Section        0  tos_sched.o(i._list_add)
    _list_add                                0x00001293   Thumb Code    10  tos_sched.o(i._list_add)
    i._list_del                              0x0000129c   Section        0  tos_sched.o(i._list_del)
    _list_del                                0x0000129d   Thumb Code     6  tos_sched.o(i._list_del)
    i.application_entry                      0x000012a4   Section        0  hello_world.o(i.application_entry)
    i.blk_insert                             0x00001310   Section        0  tos_mmheap.o(i.blk_insert)
    blk_insert                               0x00001311   Thumb Code    32  tos_mmheap.o(i.blk_insert)
    i.blk_link_next                          0x00001330   Section        0  tos_mmheap.o(i.blk_link_next)
    blk_link_next                            0x00001331   Thumb Code    18  tos_mmheap.o(i.blk_link_next)
    i.blk_next                               0x00001342   Section        0  tos_mmheap.o(i.blk_next)
    blk_next                                 0x00001343   Thumb Code    36  tos_mmheap.o(i.blk_next)
    i.blk_set_free                           0x00001366   Section        0  tos_mmheap.o(i.blk_set_free)
    blk_set_free                             0x00001367   Thumb Code    10  tos_mmheap.o(i.blk_set_free)
    i.blk_set_prev_free                      0x00001370   Section        0  tos_mmheap.o(i.blk_set_prev_free)
    blk_set_prev_free                        0x00001371   Thumb Code    10  tos_mmheap.o(i.blk_set_prev_free)
    i.blk_set_prev_used                      0x0000137a   Section        0  tos_mmheap.o(i.blk_set_prev_used)
    blk_set_prev_used                        0x0000137b   Thumb Code    10  tos_mmheap.o(i.blk_set_prev_used)
    i.blk_set_size                           0x00001384   Section        0  tos_mmheap.o(i.blk_set_size)
    blk_set_size                             0x00001385   Thumb Code    12  tos_mmheap.o(i.blk_set_size)
    i.blk_set_used                           0x00001390   Section        0  tos_mmheap.o(i.blk_set_used)
    blk_set_used                             0x00001391   Thumb Code    10  tos_mmheap.o(i.blk_set_used)
    i.blk_size                               0x0000139a   Section        0  tos_mmheap.o(i.blk_size)
    blk_size                                 0x0000139b   Thumb Code    10  tos_mmheap.o(i.blk_size)
    i.blk_to_ptr                             0x000013a4   Section        0  tos_mmheap.o(i.blk_to_ptr)
    blk_to_ptr                               0x000013a5   Thumb Code     8  tos_mmheap.o(i.blk_to_ptr)
    i.cpu_context_switch                     0x000013ac   Section        0  tos_cpu.o(i.cpu_context_switch)
    i.cpu_init                               0x000013b4   Section        0  tos_cpu.o(i.cpu_init)
    i.cpu_irq_context_switch                 0x000013dc   Section        0  tos_cpu.o(i.cpu_irq_context_switch)
    i.cpu_sched_start                        0x000013e4   Section        0  tos_cpu.o(i.cpu_sched_start)
    i.cpu_systick_init                       0x000013e8   Section        0  tos_cpu.o(i.cpu_systick_init)
    i.cpu_task_stk_init                      0x000013fa   Section        0  tos_cpu.o(i.cpu_task_stk_init)
    i.fputc                                  0x0000149a   Section        0  fputc.o(i.fputc)
    i.generic_fls                            0x000014b4   Section        0  tos_mmheap.o(i.generic_fls)
    generic_fls                              0x000014b5   Thumb Code    16  tos_mmheap.o(i.generic_fls)
    i.insert_free_block                      0x000014c4   Section        0  tos_mmheap.o(i.insert_free_block)
    insert_free_block                        0x000014c5   Thumb Code    74  tos_mmheap.o(i.insert_free_block)
    i.knl_idle_entry                         0x00001514   Section        0  tos_sys.o(i.knl_idle_entry)
    knl_idle_entry                           0x00001515   Thumb Code     6  tos_sys.o(i.knl_idle_entry)
    i.knl_idle_init                          0x0000151c   Section        0  tos_sys.o(i.knl_idle_init)
    i.knl_is_idle                            0x0000155c   Section        0  tos_sys.o(i.knl_is_idle)
    i.knl_is_inirq                           0x00001570   Section        0  tos_sys.o(i.knl_is_inirq)
    i.knl_is_sched_locked                    0x00001584   Section        0  tos_sys.o(i.knl_is_sched_locked)
    i.knl_is_self                            0x00001598   Section        0  tos_sys.o(i.knl_is_self)
    i.knl_object_verify                      0x000015b0   Section        0  tos_task.o(i.knl_object_verify)
    knl_object_verify                        0x000015b1   Thumb Code    16  tos_task.o(i.knl_object_verify)
    i.knl_sched                              0x000015c0   Section        0  tos_sys.o(i.knl_sched)
    i.main                                   0x00001624   Section        0  main.o(i.main)
    i.mapping_insert                         0x00001694   Section        0  tos_mmheap.o(i.mapping_insert)
    mapping_insert                           0x00001695   Thumb Code    58  tos_mmheap.o(i.mapping_insert)
    i.mmheap_ctl_init                        0x000016d0   Section        0  tos_mmheap.o(i.mmheap_ctl_init)
    mmheap_ctl_init                          0x000016d1   Thumb Code    88  tos_mmheap.o(i.mmheap_ctl_init)
    i.mmheap_init_with_pool                  0x0000172c   Section        0  tos_mmheap.o(i.mmheap_init_with_pool)
    i.mmheap_pool_is_exist                   0x00001740   Section        0  tos_mmheap.o(i.mmheap_pool_is_exist)
    mmheap_pool_is_exist                     0x00001741   Thumb Code    38  tos_mmheap.o(i.mmheap_pool_is_exist)
    i.mutex_old_owner_release                0x0000176c   Section        0  tos_mutex.o(i.mutex_old_owner_release)
    mutex_old_owner_release                  0x0000176d   Thumb Code    76  tos_mutex.o(i.mutex_old_owner_release)
    i.mutex_release                          0x000017b8   Section        0  tos_mutex.o(i.mutex_release)
    i.offset_to_blk                          0x000017cc   Section        0  tos_mmheap.o(i.offset_to_blk)
    offset_to_blk                            0x000017cd   Thumb Code     6  tos_mmheap.o(i.offset_to_blk)
    i.pend_highest_pending_prio_get          0x000017d2   Section        0  tos_pend.o(i.pend_highest_pending_prio_get)
    i.pend_list_add                          0x000017f4   Section        0  tos_pend.o(i.pend_list_add)
    pend_list_add                            0x000017f5   Thumb Code    84  tos_pend.o(i.pend_list_add)
    i.pend_list_adjust                       0x00001848   Section        0  tos_pend.o(i.pend_list_adjust)
    i.pend_list_remove                       0x0000185e   Section        0  tos_pend.o(i.pend_list_remove)
    i.pend_task_wakeup                       0x00001880   Section        0  tos_pend.o(i.pend_task_wakeup)
    i.pend_wakeup_all                        0x000018c6   Section        0  tos_pend.o(i.pend_wakeup_all)
    i.port_systick_config                    0x000018f8   Section        0  port_c.o(i.port_systick_config)
    i.port_systick_priority_set              0x0000192a   Section        0  port_c.o(i.port_systick_priority_set)
    i.readyqueue_add                         0x0000193c   Section        0  tos_sched.o(i.readyqueue_add)
    i.readyqueue_add_head                    0x00001964   Section        0  tos_sched.o(i.readyqueue_add_head)
    i.readyqueue_add_tail                    0x0000199c   Section        0  tos_sched.o(i.readyqueue_add_tail)
    i.readyqueue_first_task_get              0x000019c8   Section        0  tos_sched.o(i.readyqueue_first_task_get)
    i.readyqueue_highest_ready_task_get      0x000019e8   Section        0  tos_sched.o(i.readyqueue_highest_ready_task_get)
    i.readyqueue_init                        0x00001a00   Section        0  tos_sched.o(i.readyqueue_init)
    i.readyqueue_is_prio_onlyone             0x00001a40   Section        0  tos_sched.o(i.readyqueue_is_prio_onlyone)
    i.readyqueue_move_head_to_tail           0x00001a60   Section        0  tos_sched.o(i.readyqueue_move_head_to_tail)
    i.readyqueue_prio_highest_get            0x00001a94   Section        0  tos_sched.o(i.readyqueue_prio_highest_get)
    readyqueue_prio_highest_get              0x00001a95   Thumb Code    36  tos_sched.o(i.readyqueue_prio_highest_get)
    i.readyqueue_prio_mark                   0x00001abc   Section        0  tos_sched.o(i.readyqueue_prio_mark)
    readyqueue_prio_mark                     0x00001abd   Thumb Code    56  tos_sched.o(i.readyqueue_prio_mark)
    i.readyqueue_remove                      0x00001af8   Section        0  tos_sched.o(i.readyqueue_remove)
    i.robin_sched                            0x00001b5c   Section        0  tos_robin.o(i.robin_sched)
    i.task1_entry                            0x00001c08   Section        0  hello_world.o(i.task1_entry)
    i.task2_entry                            0x00001c2c   Section        0  hello_world.o(i.task2_entry)
    i.task_destroy_static                    0x00001c50   Section        0  tos_task.o(i.task_destroy_static)
    task_destroy_static                      0x00001c51   Thumb Code    12  tos_task.o(i.task_destroy_static)
    i.task_do_destroy                        0x00001c5c   Section        0  tos_task.o(i.task_do_destroy)
    task_do_destroy                          0x00001c5d   Thumb Code   144  tos_task.o(i.task_do_destroy)
    i.task_exit                              0x00001cec   Section        0  tos_task.o(i.task_exit)
    task_exit                                0x00001ced   Thumb Code    10  tos_task.o(i.task_exit)
    i.task_highest_pending_prio_get          0x00001cf6   Section        0  tos_task.o(i.task_highest_pending_prio_get)
    task_highest_pending_prio_get            0x00001cf7   Thumb Code    54  tos_task.o(i.task_highest_pending_prio_get)
    i.task_mutex_release                     0x00001d2c   Section        0  tos_task.o(i.task_mutex_release)
    task_mutex_release                       0x00001d2d   Thumb Code    46  tos_task.o(i.task_mutex_release)
    i.task_reset                             0x00001d5a   Section        0  tos_task.o(i.task_reset)
    task_reset                               0x00001d5b   Thumb Code    58  tos_task.o(i.task_reset)
    i.task_state_is_ready                    0x00001d94   Section        0  tos_task.o(i.task_state_is_ready)
    task_state_is_ready                      0x00001d95   Thumb Code    16  tos_task.o(i.task_state_is_ready)
    i.tick_list_add                          0x00001da4   Section        0  tos_tick.o(i.tick_list_add)
    i.tick_list_remove                       0x00001dc8   Section        0  tos_tick.o(i.tick_list_remove)
    i.tick_task_place                        0x00001de4   Section        0  tos_tick.o(i.tick_task_place)
    tick_task_place                          0x00001de5   Thumb Code   196  tos_tick.o(i.tick_task_place)
    i.tick_task_takeoff                      0x00001eac   Section        0  tos_tick.o(i.tick_task_takeoff)
    tick_task_takeoff                        0x00001ead   Thumb Code   126  tos_tick.o(i.tick_task_takeoff)
    i.tick_update                            0x00001f30   Section        0  tos_tick.o(i.tick_update)
    i.timer_init                             0x00001ff4   Section        0  tos_timer.o(i.timer_init)
    i.timer_place                            0x00001ff8   Section        0  tos_timer.o(i.timer_place)
    timer_place                              0x00001ff9   Thumb Code   136  tos_timer.o(i.timer_place)
    i.timer_takeoff                          0x00002088   Section        0  tos_timer.o(i.timer_takeoff)
    timer_takeoff                            0x00002089   Thumb Code   110  tos_timer.o(i.timer_takeoff)
    i.timer_update                           0x000020fc   Section        0  tos_timer.o(i.timer_update)
    i.tos_cpu_clz                            0x00002184   Section        0  tos_cpu.o(i.tos_cpu_clz)
    i.tos_cpu_cpsr_restore                   0x00002190   Section        0  tos_cpu.o(i.tos_cpu_cpsr_restore)
    i.tos_cpu_cpsr_save                      0x0000219c   Section        0  tos_cpu.o(i.tos_cpu_cpsr_save)
    i.tos_knl_init                           0x000021a4   Section        0  tos_sys.o(i.tos_knl_init)
    i.tos_knl_irq_enter                      0x000021e0   Section        0  tos_sys.o(i.tos_knl_irq_enter)
    i.tos_knl_irq_leave                      0x00002210   Section        0  tos_sys.o(i.tos_knl_irq_leave)
    i.tos_knl_is_running                     0x000022a0   Section        0  tos_sys.o(i.tos_knl_is_running)
    i.tos_knl_sched_lock                     0x000022b4   Section        0  tos_sys.o(i.tos_knl_sched_lock)
    i.tos_knl_sched_unlock                   0x00002310   Section        0  tos_sys.o(i.tos_knl_sched_unlock)
    i.tos_knl_start                          0x00002370   Section        0  tos_sys.o(i.tos_knl_start)
    i.tos_list_add_tail                      0x000023b0   Section        0  tos_sched.o(i.tos_list_add_tail)
    tos_list_add_tail                        0x000023b1   Thumb Code    18  tos_sched.o(i.tos_list_add_tail)
    i.tos_list_del                           0x000023c2   Section        0  tos_pend.o(i.tos_list_del)
    tos_list_del                             0x000023c3   Thumb Code    12  tos_pend.o(i.tos_list_del)
    i.tos_list_empty                         0x000023ce   Section        0  tos_pend.o(i.tos_list_empty)
    tos_list_empty                           0x000023cf   Thumb Code    16  tos_pend.o(i.tos_list_empty)
    i.tos_list_empty                         0x000023de   Section        0  tos_sched.o(i.tos_list_empty)
    tos_list_empty                           0x000023df   Thumb Code    16  tos_sched.o(i.tos_list_empty)
    i.tos_list_empty                         0x000023ee   Section        0  tos_task.o(i.tos_list_empty)
    tos_list_empty                           0x000023ef   Thumb Code    16  tos_task.o(i.tos_list_empty)
    i.tos_list_empty                         0x000023fe   Section        0  tos_tick.o(i.tos_list_empty)
    tos_list_empty                           0x000023ff   Thumb Code    16  tos_tick.o(i.tos_list_empty)
    i.tos_list_init                          0x0000240e   Section        0  tos_task.o(i.tos_list_init)
    tos_list_init                            0x0000240f   Thumb Code     6  tos_task.o(i.tos_list_init)
    i.tos_mmheap_pool_add                    0x00002414   Section        0  tos_mmheap.o(i.tos_mmheap_pool_add)
    i.tos_task_create                        0x000024d0   Section        0  tos_task.o(i.tos_task_create)
    i.tos_task_delay                         0x0000263c   Section        0  tos_task.o(i.tos_task_delay)
    i.tos_task_destroy                       0x000026d4   Section        0  tos_task.o(i.tos_task_destroy)
    i.tos_task_prio_change                   0x00002734   Section        0  tos_task.o(i.tos_task_prio_change)
    i.tos_task_yield                         0x00002838   Section        0  tos_task.o(i.tos_task_yield)
    i.tos_tick_handler                       0x00002874   Section        0  tos_tick.o(i.tos_tick_handler)
    .constdata                               0x000028a8   Section        8  tos_global.o(.constdata)
    .constdata                               0x000028b0   Section        4  sys_io.o(.constdata)
    .constdata                               0x000028b4   Section        4  sys_io.o(.constdata)
    .constdata                               0x000028b8   Section        4  sys_io.o(.constdata)
    .data                                    0x20000000   Section        4  system_armcm4.o(.data)
    .data                                    0x20000008   Section       72  tos_global.o(.data)
    .data                                    0x20000050   Section        4  stdio_streams.o(.data)
    .data                                    0x20000054   Section        4  stdio_streams.o(.data)
    .data                                    0x20000058   Section        4  stdio_streams.o(.data)
    .bss                                     0x20000060   Section     4564  tos_global.o(.bss)
    .bss                                     0x20001238   Section     2288  hello_world.o(.bss)
    .bss                                     0x20001b28   Section     4216  main.o(.bss)
    .bss                                     0x20002ba0   Section       84  stdio_streams.o(.bss)
    .bss                                     0x20002bf4   Section       84  stdio_streams.o(.bss)
    .bss                                     0x20002c48   Section       84  stdio_streams.o(.bss)
    .bss                                     0x20002c9c   Section       96  libspace.o(.bss)
    HEAP                                     0x20002d00   Section     3072  startup_armcm4.o(HEAP)
    STACK                                    0x20003900   Section     1024  startup_armcm4.o(STACK)

    Global Symbols

    Symbol Name                              Value     Ov Type        Size  Object(Section)

    BuildAttributes$$THM_ISAv4$E$P$D$K$B$S$7EM$PE$A:L22UL41UL21$X:L11$S22US41US21$IEEE1$IW$USESV6$~STKCKD$USESV7$~SHL$OTIME$ROPI$EBA8$UX$STANDARDLIB$REQ8$PRES8$EABIv2 0x00000000   Number         0  anon$$obj.o ABSOLUTE
    __ARM_use_no_argv                        0x00000000   Number         0  main.o ABSOLUTE
    __Vectors                                0x00000000   Data           4  startup_armcm4.o(RESET)
    Image$$ZI$$Limit                          - Undefined Weak Reference
    __ARM_exceptions_init                     - Undefined Weak Reference
    __alloca_initialize                       - Undefined Weak Reference
    __arm_preinit_                            - Undefined Weak Reference
    __cpp_initialize__aeabi_                  - Undefined Weak Reference
    __cxa_finalize                            - Undefined Weak Reference
    __rt_locale                               - Undefined Weak Reference
    __sigvec_lookup                           - Undefined Weak Reference
    __user_heap_extent                        - Undefined Weak Reference
    _atexit_init                              - Undefined Weak Reference
    _call_atexit_fns                          - Undefined Weak Reference
    _clock_init                               - Undefined Weak Reference
    _fp_trap_init                             - Undefined Weak Reference
    _fp_trap_shutdown                         - Undefined Weak Reference
    _get_lc_collate                           - Undefined Weak Reference
    _get_lc_ctype                             - Undefined Weak Reference
    _get_lc_monetary                          - Undefined Weak Reference
    _get_lc_numeric                           - Undefined Weak Reference
    _get_lc_time                              - Undefined Weak Reference
    _getenv_init                              - Undefined Weak Reference
    _handle_redirection                       - Undefined Weak Reference
    _mutex_acquire                            - Undefined Weak Reference
    _mutex_free                               - Undefined Weak Reference
    _mutex_release                            - Undefined Weak Reference
    _printf_mbtowc                            - Undefined Weak Reference
    _printf_post_padding                      - Undefined Weak Reference
    _printf_pre_padding                       - Undefined Weak Reference
    _printf_truncate_signed                   - Undefined Weak Reference
    _printf_truncate_unsigned                 - Undefined Weak Reference
    _rand_init                                - Undefined Weak Reference
    _signal_finish                            - Undefined Weak Reference
    _signal_init                              - Undefined Weak Reference
    __Vectors_End                            0x000003c0   Data           0  startup_armcm4.o(RESET)
    __Vectors_Size                           0x000003c0   Number         0  startup_armcm4.o ABSOLUTE
    __main                                   0x000003c1   Thumb Code     8  __main.o(!!!main)
    __scatterload                            0x000003c9   Thumb Code     0  __scatter.o(!!!scatter)
    __scatterload_rt2                        0x000003c9   Thumb Code    44  __scatter.o(!!!scatter)
    __scatterload_rt2_thumb_only             0x000003c9   Thumb Code     0  __scatter.o(!!!scatter)
    __scatterload_null                       0x000003d7   Thumb Code     0  __scatter.o(!!!scatter)
    __scatterload_copy                       0x000003fd   Thumb Code    26  __scatter_copy.o(!!handler_copy)
    __scatterload_zeroinit                   0x00000419   Thumb Code    28  __scatter_zi.o(!!handler_zi)
    _printf_percent                          0x00000435   Thumb Code     0  _printf_percent.o(.ARM.Collect$$_printf_percent$$00000000)
    _printf_percent_end                      0x00000435   Thumb Code     0  _printf_percent_end.o(.ARM.Collect$$_printf_percent$$00000017)
    __rt_lib_init                            0x00000439   Thumb Code     0  libinit.o(.ARM.Collect$$libinit$$00000000)
    __rt_lib_init_fp_1                       0x0000043b   Thumb Code     0  libinit2.o(.ARM.Collect$$libinit$$00000002)
    __rt_lib_init_heap_2                     0x0000043b   Thumb Code     0  libinit3.o(.ARM.Collect$$libinit$$00000006)
    __rt_lib_init_preinit_1                  0x0000043b   Thumb Code     0  libinit2.o(.ARM.Collect$$libinit$$00000004)
    __rt_lib_init_atexit_1                   0x00000443   Thumb Code     0  libinit2.o(.ARM.Collect$$libinit$$0000001B)
    __rt_lib_init_clock_1                    0x00000443   Thumb Code     0  libinit2.o(.ARM.Collect$$libinit$$00000021)
    __rt_lib_init_fp_trap_1                  0x00000443   Thumb Code     0  libinit2.o(.ARM.Collect$$libinit$$0000001F)
    __rt_lib_init_getenv_1                   0x00000443   Thumb Code     0  libinit2.o(.ARM.Collect$$libinit$$00000023)
    __rt_lib_init_heap_1                     0x00000443   Thumb Code     0  libinit2.o(.ARM.Collect$$libinit$$0000000A)
    __rt_lib_init_lc_collate_1               0x00000443   Thumb Code     0  libinit2.o(.ARM.Collect$$libinit$$00000011)
    __rt_lib_init_lc_ctype_1                 0x00000443   Thumb Code     0  libinit2.o(.ARM.Collect$$libinit$$00000013)
    __rt_lib_init_lc_monetary_1              0x00000443   Thumb Code     0  libinit2.o(.ARM.Collect$$libinit$$00000015)
    __rt_lib_init_lc_numeric_1               0x00000443   Thumb Code     0  libinit2.o(.ARM.Collect$$libinit$$00000017)
    __rt_lib_init_lc_time_1                  0x00000443   Thumb Code     0  libinit2.o(.ARM.Collect$$libinit$$00000019)
    __rt_lib_init_rand_1                     0x00000443   Thumb Code     0  libinit2.o(.ARM.Collect$$libinit$$0000000E)
    __rt_lib_init_signal_1                   0x00000443   Thumb Code     0  libinit2.o(.ARM.Collect$$libinit$$0000001D)
    __rt_lib_init_stdio_2                    0x00000443   Thumb Code     0  libinit2.o(.ARM.Collect$$libinit$$00000024)
    __rt_lib_init_user_alloc_1               0x00000443   Thumb Code     0  libinit2.o(.ARM.Collect$$libinit$$0000000C)
    __rt_lib_init_alloca_1                   0x00000447   Thumb Code     0  libinit2.o(.ARM.Collect$$libinit$$0000002E)
    __rt_lib_init_argv_1                     0x00000447   Thumb Code     0  libinit2.o(.ARM.Collect$$libinit$$0000002C)
    __rt_lib_init_cpp_1                      0x00000447   Thumb Code     0  libinit2.o(.ARM.Collect$$libinit$$00000032)
    __rt_lib_init_exceptions_1               0x00000447   Thumb Code     0  libinit2.o(.ARM.Collect$$libinit$$00000030)
    __rt_lib_init_return                     0x00000447   Thumb Code     0  libinit2.o(.ARM.Collect$$libinit$$00000033)
    __rt_lib_init_stdio_1                    0x00000447   Thumb Code     0  libinit2.o(.ARM.Collect$$libinit$$00000025)
    __rt_lib_shutdown                        0x00000451   Thumb Code     0  libshutdown.o(.ARM.Collect$$libshutdown$$00000000)
    __rt_lib_shutdown_cpp_1                  0x00000453   Thumb Code     0  libshutdown2.o(.ARM.Collect$$libshutdown$$00000002)
    __rt_lib_shutdown_stdio_2                0x00000453   Thumb Code     0  libshutdown2.o(.ARM.Collect$$libshutdown$$00000003)
    __rt_lib_shutdown_fp_trap_1              0x00000457   Thumb Code     0  libshutdown2.o(.ARM.Collect$$libshutdown$$00000007)
    __rt_lib_shutdown_heap_1                 0x00000457   Thumb Code     0  libshutdown2.o(.ARM.Collect$$libshutdown$$0000000F)
    __rt_lib_shutdown_return                 0x00000457   Thumb Code     0  libshutdown2.o(.ARM.Collect$$libshutdown$$00000010)
    __rt_lib_shutdown_signal_1               0x00000457   Thumb Code     0  libshutdown2.o(.ARM.Collect$$libshutdown$$0000000A)
    __rt_lib_shutdown_stdio_1                0x00000457   Thumb Code     0  libshutdown2.o(.ARM.Collect$$libshutdown$$00000004)
    __rt_lib_shutdown_user_alloc_1           0x00000457   Thumb Code     0  libshutdown2.o(.ARM.Collect$$libshutdown$$0000000C)
    __rt_entry                               0x00000459   Thumb Code     0  __rtentry.o(.ARM.Collect$$rtentry$$00000000)
    __rt_entry_presh_1                       0x00000459   Thumb Code     0  __rtentry2.o(.ARM.Collect$$rtentry$$00000002)
    __rt_entry_sh                            0x00000459   Thumb Code     0  __rtentry5.o(.ARM.Collect$$rtentry$$00000005)
    __rt_entry_li                            0x0000045d   Thumb Code     0  __rtentry2.o(.ARM.Collect$$rtentry$$0000000A)
    __rt_entry_postsh_1                      0x0000045d   Thumb Code     0  __rtentry2.o(.ARM.Collect$$rtentry$$00000009)
    __rt_entry_main                          0x00000461   Thumb Code     0  __rtentry2.o(.ARM.Collect$$rtentry$$0000000D)
    __rt_entry_postli_1                      0x00000461   Thumb Code     0  __rtentry2.o(.ARM.Collect$$rtentry$$0000000C)
    __rt_exit                                0x0000046d   Thumb Code     0  rtexit.o(.ARM.Collect$$rtexit$$00000000)
    __rt_exit_ls                             0x0000046f   Thumb Code     0  rtexit2.o(.ARM.Collect$$rtexit$$00000003)
    __rt_exit_prels_1                        0x0000046f   Thumb Code     0  rtexit2.o(.ARM.Collect$$rtexit$$00000002)
    __rt_exit_exit                           0x00000473   Thumb Code     0  rtexit2.o(.ARM.Collect$$rtexit$$00000004)
    Reset_Handler                            0x00000479   Thumb Code     8  startup_armcm4.o(.text)
    _maybe_terminate_alloc                   0x00000479   Thumb Code     0  maybetermalloc1.o(.emb_text)
    HardFault_Handler                        0x00000481   Thumb Code     2  startup_armcm4.o(.text)
    NMI_Handler                              0x00000483   Thumb Code     2  startup_armcm4.o(.text)
    MemManage_Handler                        0x00000485   Thumb Code     2  startup_armcm4.o(.text)
    BusFault_Handler                         0x00000487   Thumb Code     2  startup_armcm4.o(.text)
    UsageFault_Handler                       0x00000489   Thumb Code     2  startup_armcm4.o(.text)
    SVC_Handler                              0x0000048b   Thumb Code     2  startup_armcm4.o(.text)
    DebugMon_Handler                         0x0000048d   Thumb Code     2  startup_armcm4.o(.text)
    Interrupt0_Handler                       0x00000493   Thumb Code     2  startup_armcm4.o(.text)
    Interrupt1_Handler                       0x00000495   Thumb Code     2  startup_armcm4.o(.text)
    Interrupt2_Handler                       0x00000497   Thumb Code     2  startup_armcm4.o(.text)
    Interrupt3_Handler                       0x00000499   Thumb Code     2  startup_armcm4.o(.text)
    Interrupt4_Handler                       0x0000049b   Thumb Code     2  startup_armcm4.o(.text)
    Interrupt5_Handler                       0x0000049d   Thumb Code     2  startup_armcm4.o(.text)
    Interrupt6_Handler                       0x0000049f   Thumb Code     2  startup_armcm4.o(.text)
    Interrupt7_Handler                       0x000004a1   Thumb Code     2  startup_armcm4.o(.text)
    Interrupt8_Handler                       0x000004a3   Thumb Code     2  startup_armcm4.o(.text)
    Interrupt9_Handler                       0x000004a5   Thumb Code     2  startup_armcm4.o(.text)
    port_int_disable                         0x000004b1   Thumb Code     0  port_s.o(.text)
    port_int_enable                          0x000004b5   Thumb Code     0  port_s.o(.text)
    port_cpsr_save                           0x000004b9   Thumb Code     0  port_s.o(.text)
    port_cpsr_restore                        0x000004c1   Thumb Code     0  port_s.o(.text)
    port_clz                                 0x000004c7   Thumb Code     0  port_s.o(.text)
    port_sched_start                         0x000004cd   Thumb Code     0  port_s.o(.text)
    port_context_switch                      0x00000525   Thumb Code     0  port_s.o(.text)
    port_irq_context_switch                  0x0000052f   Thumb Code     0  port_s.o(.text)
    PendSV_Handler                           0x00000539   Thumb Code     0  port_s.o(.text)
    __aeabi_uldivmod                         0x00000571   Thumb Code     0  lludivv7m.o(.text)
    _ll_udiv                                 0x00000571   Thumb Code   238  lludivv7m.o(.text)
    __2printf                                0x00000661   Thumb Code    20  noretval__2printf.o(.text)
    __printf                                 0x00000679   Thumb Code   104  __printf.o(.text)
    __aeabi_memclr                           0x000006e1   Thumb Code     0  rt_memclr.o(.text)
    __rt_memclr                              0x000006e1   Thumb Code    68  rt_memclr.o(.text)
    _memset                                  0x000006e5   Thumb Code     0  rt_memclr.o(.text)
    strncpy                                  0x00000725   Thumb Code    86  strncpy.o(.text)
    __use_two_region_memory                  0x0000077b   Thumb Code     2  heapauxi.o(.text)
    __rt_heap_escrow                         0x0000077d   Thumb Code     2  heapauxi.o(.text)
    __rt_heap_expand                         0x0000077f   Thumb Code     2  heapauxi.o(.text)
    _printf_char_file                        0x00000781   Thumb Code    32  _printf_char_file.o(.text)
    __aeabi_memclr4                          0x000007a5   Thumb Code     0  rt_memclr_w.o(.text)
    __aeabi_memclr8                          0x000007a5   Thumb Code     0  rt_memclr_w.o(.text)
    __rt_memclr_w                            0x000007a5   Thumb Code    78  rt_memclr_w.o(.text)
    _memset_w                                0x000007a9   Thumb Code     0  rt_memclr_w.o(.text)
    _printf_char_common                      0x000007ff   Thumb Code    32  _printf_char_common.o(.text)
    ferror                                   0x00000825   Thumb Code     8  ferror.o(.text)
    _initio                                  0x0000082d   Thumb Code   210  initio.o(.text)
    _terminateio                             0x000008ff   Thumb Code    56  initio.o(.text)
    _sys_open                                0x00000965   Thumb Code    20  sys_io.o(.text)
    _sys_close                               0x00000979   Thumb Code    12  sys_io.o(.text)
    _sys_write                               0x00000985   Thumb Code    16  sys_io.o(.text)
    _sys_read                                0x00000995   Thumb Code    14  sys_io.o(.text)
    _sys_istty                               0x000009a3   Thumb Code    12  sys_io.o(.text)
    _sys_seek                                0x000009af   Thumb Code    14  sys_io.o(.text)
    _sys_ensure                              0x000009bd   Thumb Code     2  sys_io.o(.text)
    _sys_flen                                0x000009bf   Thumb Code    12  sys_io.o(.text)
    free                                     0x000009cb   Thumb Code    78  h1_free.o(.text)
    __flsbuf                                 0x00000a19   Thumb Code   470  flsbuf.o(.text)
    __flsbuf_byte                            0x00000a19   Thumb Code     0  flsbuf.o(.text)
    __flsbuf_wide                            0x00000a19   Thumb Code     0  flsbuf.o(.text)
    setvbuf                                  0x00000bef   Thumb Code    70  setvbuf.o(.text)
    freopen                                  0x00000c35   Thumb Code   158  fopen.o(.text)
    fopen                                    0x00000cd3   Thumb Code    74  fopen.o(.text)
    _fclose_internal                         0x00000d21   Thumb Code    76  fclose.o(.text)
    fclose                                   0x00000d21   Thumb Code     0  fclose.o(.text)
    exit                                     0x00000d6d   Thumb Code    18  exit.o(.text)
    __rt_SIGRTRED                            0x00000d7f   Thumb Code    14  defsig_rtred_outer.o(.text)
    __I$use$semihosting                      0x00000d8d   Thumb Code     0  use_no_semi.o(.text)
    __use_no_semihosting_swi                 0x00000d8d   Thumb Code     2  use_no_semi.o(.text)
    __semihosting_library_function           0x00000d8f   Thumb Code     0  indicate_semi.o(.text)
    __rt_heap_descriptor                     0x00000d91   Thumb Code     8  rt_heap_descriptor_intlibspace.o(.text)
    __use_no_heap                            0x00000d99   Thumb Code     2  hguard.o(.text)
    __heap$guard                             0x00000d9b   Thumb Code     2  hguard.o(.text)
    _terminate_user_alloc                    0x00000d9d   Thumb Code     2  init_alloc.o(.text)
    _init_user_alloc                         0x00000d9f   Thumb Code     2  init_alloc.o(.text)
    __Heap_Full                              0x00000da1   Thumb Code    34  init_alloc.o(.text)
    __Heap_Broken                            0x00000dc3   Thumb Code     6  init_alloc.o(.text)
    _init_alloc                              0x00000dc9   Thumb Code    94  init_alloc.o(.text)
    malloc                                   0x00000e27   Thumb Code    94  h1_alloc.o(.text)
    _fseek                                   0x00000e85   Thumb Code   242  fseek.o(.text)
    fseek                                    0x00000e85   Thumb Code     0  fseek.o(.text)
    _seterr                                  0x00000f7d   Thumb Code    20  stdio.o(.text)
    _writebuf                                0x00000f91   Thumb Code    84  stdio.o(.text)
    _fflush                                  0x00000fe5   Thumb Code    70  stdio.o(.text)
    _deferredlazyseek                        0x0000102b   Thumb Code    60  stdio.o(.text)
    __sig_exit                               0x0000106d   Thumb Code    10  defsig_exit.o(.text)
    __rt_SIGRTRED_inner                      0x00001079   Thumb Code    14  defsig_rtred_inner.o(.text)
    strlen                                   0x000010ad   Thumb Code    62  strlen.o(.text)
    _sys_exit                                0x000010ed   Thumb Code     8  sys_exit.o(.text)
    __Heap_Initialize                        0x000010f9   Thumb Code    10  h1_init.o(.text)
    __Heap_DescSize                          0x00001103   Thumb Code     4  h1_init.o(.text)
    __Heap_ProvideMemory                     0x00001107   Thumb Code    52  h1_extend.o(.text)
    _ftell_internal                          0x0000113b   Thumb Code    66  ftell.o(.text)
    ftell                                    0x0000113b   Thumb Code     0  ftell.o(.text)
    __default_signal_display                 0x0000117d   Thumb Code    50  defsig_general.o(.text)
    __rt_SIGRTMEM                            0x000011af   Thumb Code    14  defsig_rtmem_outer.o(.text)
    _ttywrch                                 0x000011bd   Thumb Code    14  sys_wrch.o(.text)
    __aeabi_errno_addr                       0x000011cd   Thumb Code     8  rt_errno_addr_intlibspace.o(.text)
    __errno$intlibspace                      0x000011cd   Thumb Code     0  rt_errno_addr_intlibspace.o(.text)
    __rt_errno_addr$intlibspace              0x000011cd   Thumb Code     0  rt_errno_addr_intlibspace.o(.text)
    __rt_SIGRTMEM_inner                      0x000011d5   Thumb Code    22  defsig_rtmem_inner.o(.text)
    SysTick_Handler                          0x00001225   Thumb Code    22  mcu_it.o(i.SysTick_Handler)
    SystemInit                               0x0000123d   Thumb Code    14  system_armcm4.o(i.SystemInit)
    application_entry                        0x000012a5   Thumb Code    66  hello_world.o(i.application_entry)
    cpu_context_switch                       0x000013ad   Thumb Code     8  tos_cpu.o(i.cpu_context_switch)
    cpu_init                                 0x000013b5   Thumb Code    28  tos_cpu.o(i.cpu_init)
    cpu_irq_context_switch                   0x000013dd   Thumb Code     8  tos_cpu.o(i.cpu_irq_context_switch)
    cpu_sched_start                          0x000013e5   Thumb Code     4  tos_cpu.o(i.cpu_sched_start)
    cpu_systick_init                         0x000013e9   Thumb Code    18  tos_cpu.o(i.cpu_systick_init)
    cpu_task_stk_init                        0x000013fb   Thumb Code   160  tos_cpu.o(i.cpu_task_stk_init)
    fputc                                    0x0000149b   Thumb Code    26  fputc.o(i.fputc)
    knl_idle_init                            0x0000151d   Thumb Code    38  tos_sys.o(i.knl_idle_init)
    knl_is_idle                              0x0000155d   Thumb Code    16  tos_sys.o(i.knl_is_idle)
    knl_is_inirq                             0x00001571   Thumb Code    14  tos_sys.o(i.knl_is_inirq)
    knl_is_sched_locked                      0x00001585   Thumb Code    14  tos_sys.o(i.knl_is_sched_locked)
    knl_is_self                              0x00001599   Thumb Code    18  tos_sys.o(i.knl_is_self)
    knl_sched                                0x000015c1   Thumb Code    94  tos_sys.o(i.knl_sched)
    main                                     0x00001625   Thumb Code    52  main.o(i.main)
    mmheap_init_with_pool                    0x0000172d   Thumb Code    20  tos_mmheap.o(i.mmheap_init_with_pool)
    mutex_release                            0x000017b9   Thumb Code    20  tos_mutex.o(i.mutex_release)
    pend_highest_pending_prio_get            0x000017d3   Thumb Code    34  tos_pend.o(i.pend_highest_pending_prio_get)
    pend_list_adjust                         0x00001849   Thumb Code    22  tos_pend.o(i.pend_list_adjust)
    pend_list_remove                         0x0000185f   Thumb Code    34  tos_pend.o(i.pend_list_remove)
    pend_task_wakeup                         0x00001881   Thumb Code    70  tos_pend.o(i.pend_task_wakeup)
    pend_wakeup_all                          0x000018c7   Thumb Code    50  tos_pend.o(i.pend_wakeup_all)
    port_systick_config                      0x000018f9   Thumb Code    50  port_c.o(i.port_systick_config)
    port_systick_priority_set                0x0000192b   Thumb Code    16  port_c.o(i.port_systick_priority_set)
    readyqueue_add                           0x0000193d   Thumb Code    36  tos_sched.o(i.readyqueue_add)
    readyqueue_add_head                      0x00001965   Thumb Code    50  tos_sched.o(i.readyqueue_add_head)
    readyqueue_add_tail                      0x0000199d   Thumb Code    40  tos_sched.o(i.readyqueue_add_tail)
    readyqueue_first_task_get                0x000019c9   Thumb Code    28  tos_sched.o(i.readyqueue_first_task_get)
    readyqueue_highest_ready_task_get        0x000019e9   Thumb Code    18  tos_sched.o(i.readyqueue_highest_ready_task_get)
    readyqueue_init                          0x00001a01   Thumb Code    60  tos_sched.o(i.readyqueue_init)
    readyqueue_is_prio_onlyone               0x00001a41   Thumb Code    28  tos_sched.o(i.readyqueue_is_prio_onlyone)
    readyqueue_move_head_to_tail             0x00001a61   Thumb Code    46  tos_sched.o(i.readyqueue_move_head_to_tail)
    readyqueue_remove                        0x00001af9   Thumb Code    96  tos_sched.o(i.readyqueue_remove)
    robin_sched                              0x00001b5d   Thumb Code   164  tos_robin.o(i.robin_sched)
    task1_entry                              0x00001c09   Thumb Code    20  hello_world.o(i.task1_entry)
    task2_entry                              0x00001c2d   Thumb Code    20  hello_world.o(i.task2_entry)
    tick_list_add                            0x00001da5   Thumb Code    36  tos_tick.o(i.tick_list_add)
    tick_list_remove                         0x00001dc9   Thumb Code    28  tos_tick.o(i.tick_list_remove)
    tick_update                              0x00001f31   Thumb Code   188  tos_tick.o(i.tick_update)
    timer_init                               0x00001ff5   Thumb Code     4  tos_timer.o(i.timer_init)
    timer_update                             0x000020fd   Thumb Code   128  tos_timer.o(i.timer_update)
    tos_cpu_clz                              0x00002185   Thumb Code    12  tos_cpu.o(i.tos_cpu_clz)
    tos_cpu_cpsr_restore                     0x00002191   Thumb Code    12  tos_cpu.o(i.tos_cpu_cpsr_restore)
    tos_cpu_cpsr_save                        0x0000219d   Thumb Code     8  tos_cpu.o(i.tos_cpu_cpsr_save)
    tos_knl_init                             0x000021a5   Thumb Code    56  tos_sys.o(i.tos_knl_init)
    tos_knl_irq_enter                        0x000021e1   Thumb Code    42  tos_sys.o(i.tos_knl_irq_enter)
    tos_knl_irq_leave                        0x00002211   Thumb Code   134  tos_sys.o(i.tos_knl_irq_leave)
    tos_knl_is_running                       0x000022a1   Thumb Code    14  tos_sys.o(i.tos_knl_is_running)
    tos_knl_sched_lock                       0x000022b5   Thumb Code    88  tos_sys.o(i.tos_knl_sched_lock)
    tos_knl_sched_unlock                     0x00002311   Thumb Code    90  tos_sys.o(i.tos_knl_sched_unlock)
    tos_knl_start                            0x00002371   Thumb Code    52  tos_sys.o(i.tos_knl_start)
    tos_mmheap_pool_add                      0x00002415   Thumb Code   182  tos_mmheap.o(i.tos_mmheap_pool_add)
    tos_task_create                          0x000024d1   Thumb Code   352  tos_task.o(i.tos_task_create)
    tos_task_delay                           0x0000263d   Thumb Code   146  tos_task.o(i.tos_task_delay)
    tos_task_destroy                         0x000026d5   Thumb Code    92  tos_task.o(i.tos_task_destroy)
    tos_task_prio_change                     0x00002735   Thumb Code   260  tos_task.o(i.tos_task_prio_change)
    tos_task_yield                           0x00002839   Thumb Code    56  tos_task.o(i.tos_task_yield)
    tos_tick_handler                         0x00002875   Thumb Code    46  tos_tick.o(i.tos_tick_handler)
    k_idle_task_stk_addr                     0x000028a8   Data           4  tos_global.o(.constdata)
    k_idle_task_stk_size                     0x000028ac   Data           4  tos_global.o(.constdata)
    __stdin_name                             0x000028b0   Data           4  sys_io.o(.constdata)
    __stdout_name                            0x000028b4   Data           4  sys_io.o(.constdata)
    __stderr_name                            0x000028b8   Data           4  sys_io.o(.constdata)
    Region$$Table$$Base                      0x000028bc   Number         0  anon$$obj.o(Region$$Table)
    Region$$Table$$Limit                     0x000028dc   Number         0  anon$$obj.o(Region$$Table)
    SystemCoreClock                          0x20000000   Data           4  system_armcm4.o(.data)
    k_irq_nest_cnt                           0x20000008   Data           1  tos_global.o(.data)
    k_sched_lock_nest_cnt                    0x20000009   Data           1  tos_global.o(.data)
    k_knl_state                              0x2000000a   Data           1  tos_global.o(.data)
    k_tick_count                             0x20000010   Data           8  tos_global.o(.data)
    k_curr_task                              0x20000018   Data           4  tos_global.o(.data)
    k_next_task                              0x2000001c   Data           4  tos_global.o(.data)
    k_cpu_tick_per_second                    0x20000020   Data           8  tos_global.o(.data)
    k_cpu_cycle_per_tick                     0x20000028   Data           4  tos_global.o(.data)
    k_stat_list                              0x2000002c   Data           8  tos_global.o(.data)
    k_tick_list                              0x20000034   Data           8  tos_global.o(.data)
    k_robin_default_timeslice                0x2000003c   Data           4  tos_global.o(.data)
    k_timer_ctl                              0x20000040   Data          16  tos_global.o(.data)
    __aeabi_stdin                            0x20000050   Data           4  stdio_streams.o(.data)
    __aeabi_stdout                           0x20000054   Data           4  stdio_streams.o(.data)
    __aeabi_stderr                           0x20000058   Data           4  stdio_streams.o(.data)
    k_rdyq                                   0x20000060   Data          88  tos_global.o(.bss)
    k_idle_task                              0x200000b8   Data         120  tos_global.o(.bss)
    k_idle_task_stk                          0x20000130   Data         128  tos_global.o(.bss)
    k_mmheap_default_pool                    0x200001b0   Data        1024  tos_global.o(.bss)
    k_mmheap_ctl                             0x200005b0   Data        3204  tos_global.o(.bss)
    task1                                    0x20001238   Data         120  hello_world.o(.bss)
    task1_stk                                0x200012b0   Data        1024  hello_world.o(.bss)
    task2                                    0x200016b0   Data         120  hello_world.o(.bss)
    task2_stk                                0x20001728   Data        1024  hello_world.o(.bss)
    application_task                         0x20001b28   Data         120  main.o(.bss)
    application_task_stk                     0x20001ba0   Data        4096  main.o(.bss)
    __stdin                                  0x20002ba0   Data          84  stdio_streams.o(.bss)
    __stdout                                 0x20002bf4   Data          84  stdio_streams.o(.bss)
    __stderr                                 0x20002c48   Data          84  stdio_streams.o(.bss)
    __libspace_start                         0x20002c9c   Data          96  libspace.o(.bss)
    __temporary_stack_top$libspace           0x20002cfc   Data           0  libspace.o(.bss)
    __heap_base                              0x20002d00   Data           0  startup_armcm4.o(HEAP)
    __heap_limit                             0x20003900   Data           0  startup_armcm4.o(HEAP)
    __stack_limit                            0x20003900   Data           0  startup_armcm4.o(STACK)
    __initial_sp                             0x20003d00   Data           0  startup_armcm4.o(STACK)



==============================================================================

Memory Map of the image

  Image Entry point : 0x000003c1

  Load Region LR_IROM1 (Base: 0x00000000, Size: 0x00002938, Max: 0x00040000, ABSOLUTE)

    Execution Region ER_IROM1 (Exec base: 0x00000000, Load base: 0x00000000, Size: 0x000028dc, Max: 0x00040000, ABSOLUTE)

    Exec Addr    Load Addr    Size         Type   Attr      Idx    E Section Name        Object

    0x00000000   0x00000000   0x000003c0   Data   RO            3    RESET               startup_armcm4.o
    0x000003c0   0x000003c0   0x00000008   Code   RO         3342  * !!!main             c_w.l(__main.o)
    0x000003c8   0x000003c8   0x00000034   Code   RO         3714    !!!scatter          c_w.l(__scatter.o)
    0x000003fc   0x000003fc   0x0000001a   Code   RO         3716    !!handler_copy      c_w.l(__scatter_copy.o)
    0x00000416   0x00000416   0x00000002   PAD
    0x00000418   0x00000418   0x0000001c   Code   RO         3718    !!handler_zi        c_w.l(__scatter_zi.o)
    0x00000434   0x00000434   0x00000000   Code   RO         3333    .ARM.Collect$$_printf_percent$$00000000  c_w.l(_printf_percent.o)
    0x00000434   0x00000434   0x00000004   Code   RO         3355    .ARM.Collect$$_printf_percent$$00000017  c_w.l(_printf_percent_end.o)
    0x00000438   0x00000438   0x00000002   Code   RO         3499    .ARM.Collect$$libinit$$00000000  c_w.l(libinit.o)
    0x0000043a   0x0000043a   0x00000000   Code   RO         3501    .ARM.Collect$$libinit$$00000002  c_w.l(libinit2.o)
    0x0000043a   0x0000043a   0x00000000   Code   RO         3503    .ARM.Collect$$libinit$$00000004  c_w.l(libinit2.o)
    0x0000043a   0x0000043a   0x00000008   Code   RO         3624    .ARM.Collect$$libinit$$00000006  c_w.l(libinit3.o)
    0x00000442   0x00000442   0x00000000   Code   RO         3506    .ARM.Collect$$libinit$$0000000A  c_w.l(libinit2.o)
    0x00000442   0x00000442   0x00000000   Code   RO         3508    .ARM.Collect$$libinit$$0000000C  c_w.l(libinit2.o)
    0x00000442   0x00000442   0x00000000   Code   RO         3510    .ARM.Collect$$libinit$$0000000E  c_w.l(libinit2.o)
    0x00000442   0x00000442   0x00000000   Code   RO         3513    .ARM.Collect$$libinit$$00000011  c_w.l(libinit2.o)
    0x00000442   0x00000442   0x00000000   Code   RO         3515    .ARM.Collect$$libinit$$00000013  c_w.l(libinit2.o)
    0x00000442   0x00000442   0x00000000   Code   RO         3517    .ARM.Collect$$libinit$$00000015  c_w.l(libinit2.o)
    0x00000442   0x00000442   0x00000000   Code   RO         3519    .ARM.Collect$$libinit$$00000017  c_w.l(libinit2.o)
    0x00000442   0x00000442   0x00000000   Code   RO         3521    .ARM.Collect$$libinit$$00000019  c_w.l(libinit2.o)
    0x00000442   0x00000442   0x00000000   Code   RO         3523    .ARM.Collect$$libinit$$0000001B  c_w.l(libinit2.o)
    0x00000442   0x00000442   0x00000000   Code   RO         3525    .ARM.Collect$$libinit$$0000001D  c_w.l(libinit2.o)
    0x00000442   0x00000442   0x00000000   Code   RO         3527    .ARM.Collect$$libinit$$0000001F  c_w.l(libinit2.o)
    0x00000442   0x00000442   0x00000000   Code   RO         3529    .ARM.Collect$$libinit$$00000021  c_w.l(libinit2.o)
    0x00000442   0x00000442   0x00000000   Code   RO         3531    .ARM.Collect$$libinit$$00000023  c_w.l(libinit2.o)
    0x00000442   0x00000442   0x00000004   Code   RO         3532    .ARM.Collect$$libinit$$00000024  c_w.l(libinit2.o)
    0x00000446   0x00000446   0x00000000   Code   RO         3533    .ARM.Collect$$libinit$$00000025  c_w.l(libinit2.o)
    0x00000446   0x00000446   0x00000000   Code   RO         3537    .ARM.Collect$$libinit$$0000002C  c_w.l(libinit2.o)
    0x00000446   0x00000446   0x00000000   Code   RO         3539    .ARM.Collect$$libinit$$0000002E  c_w.l(libinit2.o)
    0x00000446   0x00000446   0x00000000   Code   RO         3541    .ARM.Collect$$libinit$$00000030  c_w.l(libinit2.o)
    0x00000446   0x00000446   0x00000000   Code   RO         3543    .ARM.Collect$$libinit$$00000032  c_w.l(libinit2.o)
    0x00000446   0x00000446   0x00000002   Code   RO         3544    .ARM.Collect$$libinit$$00000033  c_w.l(libinit2.o)
    0x00000448   0x00000448   0x00000008   Code   RO         3625    .ARM.Collect$$libinit$$00002717  c_w.l(libinit3.o)
    0x00000450   0x00000450   0x00000002   Code   RO         3695    .ARM.Collect$$libshutdown$$00000000  c_w.l(libshutdown.o)
    0x00000452   0x00000452   0x00000000   Code   RO         3546    .ARM.Collect$$libshutdown$$00000002  c_w.l(libshutdown2.o)
    0x00000452   0x00000452   0x00000004   Code   RO         3547    .ARM.Collect$$libshutdown$$00000003  c_w.l(libshutdown2.o)
    0x00000456   0x00000456   0x00000000   Code   RO         3548    .ARM.Collect$$libshutdown$$00000004  c_w.l(libshutdown2.o)
    0x00000456   0x00000456   0x00000000   Code   RO         3551    .ARM.Collect$$libshutdown$$00000007  c_w.l(libshutdown2.o)
    0x00000456   0x00000456   0x00000000   Code   RO         3554    .ARM.Collect$$libshutdown$$0000000A  c_w.l(libshutdown2.o)
    0x00000456   0x00000456   0x00000000   Code   RO         3556    .ARM.Collect$$libshutdown$$0000000C  c_w.l(libshutdown2.o)
    0x00000456   0x00000456   0x00000000   Code   RO         3559    .ARM.Collect$$libshutdown$$0000000F  c_w.l(libshutdown2.o)
    0x00000456   0x00000456   0x00000002   Code   RO         3560    .ARM.Collect$$libshutdown$$00000010  c_w.l(libshutdown2.o)
    0x00000458   0x00000458   0x00000000   Code   RO         3344    .ARM.Collect$$rtentry$$00000000  c_w.l(__rtentry.o)
    0x00000458   0x00000458   0x00000000   Code   RO         3367    .ARM.Collect$$rtentry$$00000002  c_w.l(__rtentry2.o)
    0x00000458   0x00000458   0x00000004   Code   RO         3381    .ARM.Collect$$rtentry$$00000005  c_w.l(__rtentry5.o)
    0x0000045c   0x0000045c   0x00000000   Code   RO         3369    .ARM.Collect$$rtentry$$00000009  c_w.l(__rtentry2.o)
    0x0000045c   0x0000045c   0x00000004   Code   RO         3370    .ARM.Collect$$rtentry$$0000000A  c_w.l(__rtentry2.o)
    0x00000460   0x00000460   0x00000000   Code   RO         3372    .ARM.Collect$$rtentry$$0000000C  c_w.l(__rtentry2.o)
    0x00000460   0x00000460   0x00000008   Code   RO         3373    .ARM.Collect$$rtentry$$0000000D  c_w.l(__rtentry2.o)
    0x00000468   0x00000468   0x00000004   Code   RO         3382    .ARM.Collect$$rtentry$$00002716  c_w.l(__rtentry5.o)
    0x0000046c   0x0000046c   0x00000002   Code   RO         3571    .ARM.Collect$$rtexit$$00000000  c_w.l(rtexit.o)
    0x0000046e   0x0000046e   0x00000000   Code   RO         3633    .ARM.Collect$$rtexit$$00000002  c_w.l(rtexit2.o)
    0x0000046e   0x0000046e   0x00000004   Code   RO         3634    .ARM.Collect$$rtexit$$00000003  c_w.l(rtexit2.o)
    0x00000472   0x00000472   0x00000006   Code   RO         3635    .ARM.Collect$$rtexit$$00000004  c_w.l(rtexit2.o)
    0x00000478   0x00000478   0x00000000   Code   RO         3639    .emb_text           c_w.l(maybetermalloc1.o)
    0x00000478   0x00000478   0x00000038   Code   RO            4    .text               startup_armcm4.o
    0x000004b0   0x000004b0   0x000000c0   Code   RO          382    .text               port_s.o
    0x00000570   0x00000570   0x000000ee   Code   RO         3277    .text               c_w.l(lludivv7m.o)
    0x0000065e   0x0000065e   0x00000002   PAD
    0x00000660   0x00000660   0x00000018   Code   RO         3281    .text               c_w.l(noretval__2printf.o)
    0x00000678   0x00000678   0x00000068   Code   RO         3283    .text               c_w.l(__printf.o)
    0x000006e0   0x000006e0   0x00000044   Code   RO         3336    .text               c_w.l(rt_memclr.o)
    0x00000724   0x00000724   0x00000056   Code   RO         3338    .text               c_w.l(strncpy.o)
    0x0000077a   0x0000077a   0x00000006   Code   RO         3340    .text               c_w.l(heapauxi.o)
    0x00000780   0x00000780   0x00000024   Code   RO         3353    .text               c_w.l(_printf_char_file.o)
    0x000007a4   0x000007a4   0x0000004e   Code   RO         3364    .text               c_w.l(rt_memclr_w.o)
    0x000007f2   0x000007f2   0x00000002   PAD
    0x000007f4   0x000007f4   0x00000030   Code   RO         3388    .text               c_w.l(_printf_char_common.o)
    0x00000824   0x00000824   0x00000008   Code   RO         3390    .text               c_w.l(ferror.o)
    0x0000082c   0x0000082c   0x00000138   Code   RO         3396    .text               c_w.l(initio.o)
    0x00000964   0x00000964   0x00000066   Code   RO         3404    .text               c_w.l(sys_io.o)
    0x000009ca   0x000009ca   0x0000004e   Code   RO         3415    .text               c_w.l(h1_free.o)
    0x00000a18   0x00000a18   0x000001d6   Code   RO         3471    .text               c_w.l(flsbuf.o)
    0x00000bee   0x00000bee   0x00000046   Code   RO         3473    .text               c_w.l(setvbuf.o)
    0x00000c34   0x00000c34   0x000000ec   Code   RO         3476    .text               c_w.l(fopen.o)
    0x00000d20   0x00000d20   0x0000004c   Code   RO         3478    .text               c_w.l(fclose.o)
    0x00000d6c   0x00000d6c   0x00000012   Code   RO         3484    .text               c_w.l(exit.o)
    0x00000d7e   0x00000d7e   0x0000000e   Code   RO         3490    .text               c_w.l(defsig_rtred_outer.o)
    0x00000d8c   0x00000d8c   0x00000002   Code   RO         3566    .text               c_w.l(use_no_semi.o)
    0x00000d8e   0x00000d8e   0x00000000   Code   RO         3568    .text               c_w.l(indicate_semi.o)
    0x00000d8e   0x00000d8e   0x00000002   PAD
    0x00000d90   0x00000d90   0x00000008   Code   RO         3578    .text               c_w.l(rt_heap_descriptor_intlibspace.o)
    0x00000d98   0x00000d98   0x00000004   Code   RO         3580    .text               c_w.l(hguard.o)
    0x00000d9c   0x00000d9c   0x0000008a   Code   RO         3582    .text               c_w.l(init_alloc.o)
    0x00000e26   0x00000e26   0x0000005e   Code   RO         3588    .text               c_w.l(h1_alloc.o)
    0x00000e84   0x00000e84   0x000000f8   Code   RO         3604    .text               c_w.l(fseek.o)
    0x00000f7c   0x00000f7c   0x000000f0   Code   RO         3606    .text               c_w.l(stdio.o)
    0x0000106c   0x0000106c   0x0000000a   Code   RO         3612    .text               c_w.l(defsig_exit.o)
    0x00001076   0x00001076   0x00000002   PAD
    0x00001078   0x00001078   0x00000034   Code   RO         3616    .text               c_w.l(defsig_rtred_inner.o)
    0x000010ac   0x000010ac   0x0000003e   Code   RO         3620    .text               c_w.l(strlen.o)
    0x000010ea   0x000010ea   0x00000002   PAD
    0x000010ec   0x000010ec   0x0000000c   Code   RO         3630    .text               c_w.l(sys_exit.o)
    0x000010f8   0x000010f8   0x0000000e   Code   RO         3641    .text               c_w.l(h1_init.o)
    0x00001106   0x00001106   0x00000034   Code   RO         3643    .text               c_w.l(h1_extend.o)
    0x0000113a   0x0000113a   0x00000042   Code   RO         3653    .text               c_w.l(ftell.o)
    0x0000117c   0x0000117c   0x00000032   Code   RO         3661    .text               c_w.l(defsig_general.o)
    0x000011ae   0x000011ae   0x0000000e   Code   RO         3663    .text               c_w.l(defsig_rtmem_outer.o)
    0x000011bc   0x000011bc   0x0000000e   Code   RO         3676    .text               c_w.l(sys_wrch.o)
    0x000011ca   0x000011ca   0x00000002   PAD
    0x000011cc   0x000011cc   0x00000008   Code   RO         3683    .text               c_w.l(rt_errno_addr_intlibspace.o)
    0x000011d4   0x000011d4   0x00000050   Code   RO         3689    .text               c_w.l(defsig_rtmem_inner.o)
    0x00001224   0x00001224   0x00000016   Code   RO         3254    i.SysTick_Handler   mcu_it.o
    0x0000123a   0x0000123a   0x00000002   PAD
    0x0000123c   0x0000123c   0x00000020   Code   RO           14    i.SystemInit        system_armcm4.o
    0x0000125c   0x0000125c   0x00000028   Code   RO          340    i.__NVIC_SetPriority  port_c.o
    0x00001284   0x00001284   0x0000000e   Code   RO         1055    i.__fls             tos_mmheap.o
    0x00001292   0x00001292   0x0000000a   Code   RO         2008    i._list_add         tos_sched.o
    0x0000129c   0x0000129c   0x00000006   Code   RO         2009    i._list_del         tos_sched.o
    0x000012a2   0x000012a2   0x00000002   PAD
    0x000012a4   0x000012a4   0x0000006c   Code   RO         3188    i.application_entry  hello_world.o
    0x00001310   0x00001310   0x00000020   Code   RO         1060    i.blk_insert        tos_mmheap.o
    0x00001330   0x00001330   0x00000012   Code   RO         1061    i.blk_link_next     tos_mmheap.o
    0x00001342   0x00001342   0x00000024   Code   RO         1067    i.blk_next          tos_mmheap.o
    0x00001366   0x00001366   0x0000000a   Code   RO         1071    i.blk_set_free      tos_mmheap.o
    0x00001370   0x00001370   0x0000000a   Code   RO         1072    i.blk_set_prev_free  tos_mmheap.o
    0x0000137a   0x0000137a   0x0000000a   Code   RO         1073    i.blk_set_prev_used  tos_mmheap.o
    0x00001384   0x00001384   0x0000000c   Code   RO         1074    i.blk_set_size      tos_mmheap.o
    0x00001390   0x00001390   0x0000000a   Code   RO         1075    i.blk_set_used      tos_mmheap.o
    0x0000139a   0x0000139a   0x0000000a   Code   RO         1076    i.blk_size          tos_mmheap.o
    0x000013a4   0x000013a4   0x00000008   Code   RO         1078    i.blk_to_ptr        tos_mmheap.o
    0x000013ac   0x000013ac   0x00000008   Code   RO           73    i.cpu_context_switch  tos_cpu.o
    0x000013b4   0x000013b4   0x00000028   Code   RO           74    i.cpu_init          tos_cpu.o
    0x000013dc   0x000013dc   0x00000008   Code   RO           75    i.cpu_irq_context_switch  tos_cpu.o
    0x000013e4   0x000013e4   0x00000004   Code   RO           77    i.cpu_sched_start   tos_cpu.o
    0x000013e8   0x000013e8   0x00000012   Code   RO           78    i.cpu_systick_init  tos_cpu.o
    0x000013fa   0x000013fa   0x000000a0   Code   RO           79    i.cpu_task_stk_init  tos_cpu.o
    0x0000149a   0x0000149a   0x0000001a   Code   RO         3393    i.fputc             c_w.l(fputc.o)
    0x000014b4   0x000014b4   0x00000010   Code   RO         1082    i.generic_fls       tos_mmheap.o
    0x000014c4   0x000014c4   0x00000050   Code   RO         1083    i.insert_free_block  tos_mmheap.o
    0x00001514   0x00001514   0x00000006   Code   RO         2360    i.knl_idle_entry    tos_sys.o
    0x0000151a   0x0000151a   0x00000002   PAD
    0x0000151c   0x0000151c   0x00000040   Code   RO         2361    i.knl_idle_init     tos_sys.o
    0x0000155c   0x0000155c   0x00000014   Code   RO         2362    i.knl_is_idle       tos_sys.o
    0x00001570   0x00001570   0x00000014   Code   RO         2363    i.knl_is_inirq      tos_sys.o
    0x00001584   0x00001584   0x00000014   Code   RO         2364    i.knl_is_sched_locked  tos_sys.o
    0x00001598   0x00001598   0x00000018   Code   RO         2365    i.knl_is_self       tos_sys.o
    0x000015b0   0x000015b0   0x00000010   Code   RO         2461    i.knl_object_verify  tos_task.o
    0x000015c0   0x000015c0   0x00000064   Code   RO         2366    i.knl_sched         tos_sys.o
    0x00001624   0x00001624   0x00000070   Code   RO         3227    i.main              main.o
    0x00001694   0x00001694   0x0000003a   Code   RO         1084    i.mapping_insert    tos_mmheap.o
    0x000016ce   0x000016ce   0x00000002   PAD
    0x000016d0   0x000016d0   0x0000005c   Code   RO         1086    i.mmheap_ctl_init   tos_mmheap.o
    0x0000172c   0x0000172c   0x00000014   Code   RO         1088    i.mmheap_init_with_pool  tos_mmheap.o
    0x00001740   0x00001740   0x0000002c   Code   RO         1089    i.mmheap_pool_is_exist  tos_mmheap.o
    0x0000176c   0x0000176c   0x0000004c   Code   RO         1326    i.mutex_old_owner_release  tos_mutex.o
    0x000017b8   0x000017b8   0x00000014   Code   RO         1327    i.mutex_release     tos_mutex.o
    0x000017cc   0x000017cc   0x00000006   Code   RO         1091    i.offset_to_blk     tos_mmheap.o
    0x000017d2   0x000017d2   0x00000022   Code   RO         1466    i.pend_highest_pending_prio_get  tos_pend.o
    0x000017f4   0x000017f4   0x00000054   Code   RO         1469    i.pend_list_add     tos_pend.o
    0x00001848   0x00001848   0x00000016   Code   RO         1470    i.pend_list_adjust  tos_pend.o
    0x0000185e   0x0000185e   0x00000022   Code   RO         1471    i.pend_list_remove  tos_pend.o
    0x00001880   0x00001880   0x00000046   Code   RO         1476    i.pend_task_wakeup  tos_pend.o
    0x000018c6   0x000018c6   0x00000032   Code   RO         1478    i.pend_wakeup_all   tos_pend.o
    0x000018f8   0x000018f8   0x00000032   Code   RO          342    i.port_systick_config  port_c.o
    0x0000192a   0x0000192a   0x00000010   Code   RO          343    i.port_systick_priority_set  port_c.o
    0x0000193a   0x0000193a   0x00000002   PAD
    0x0000193c   0x0000193c   0x00000028   Code   RO         2010    i.readyqueue_add    tos_sched.o
    0x00001964   0x00001964   0x00000038   Code   RO         2011    i.readyqueue_add_head  tos_sched.o
    0x0000199c   0x0000199c   0x0000002c   Code   RO         2012    i.readyqueue_add_tail  tos_sched.o
    0x000019c8   0x000019c8   0x00000020   Code   RO         2013    i.readyqueue_first_task_get  tos_sched.o
    0x000019e8   0x000019e8   0x00000018   Code   RO         2014    i.readyqueue_highest_ready_task_get  tos_sched.o
    0x00001a00   0x00001a00   0x00000040   Code   RO         2015    i.readyqueue_init   tos_sched.o
    0x00001a40   0x00001a40   0x00000020   Code   RO         2016    i.readyqueue_is_prio_onlyone  tos_sched.o
    0x00001a60   0x00001a60   0x00000034   Code   RO         2017    i.readyqueue_move_head_to_tail  tos_sched.o
    0x00001a94   0x00001a94   0x00000028   Code   RO         2018    i.readyqueue_prio_highest_get  tos_sched.o
    0x00001abc   0x00001abc   0x0000003c   Code   RO         2019    i.readyqueue_prio_mark  tos_sched.o
    0x00001af8   0x00001af8   0x00000064   Code   RO         2020    i.readyqueue_remove  tos_sched.o
    0x00001b5c   0x00001b5c   0x000000ac   Code   RO         1883    i.robin_sched       tos_robin.o
    0x00001c08   0x00001c08   0x00000024   Code   RO         3189    i.task1_entry       hello_world.o
    0x00001c2c   0x00001c2c   0x00000024   Code   RO         3190    i.task2_entry       hello_world.o
    0x00001c50   0x00001c50   0x0000000c   Code   RO         2463    i.task_destroy_static  tos_task.o
    0x00001c5c   0x00001c5c   0x00000090   Code   RO         2464    i.task_do_destroy   tos_task.o
    0x00001cec   0x00001cec   0x0000000a   Code   RO         2465    i.task_exit         tos_task.o
    0x00001cf6   0x00001cf6   0x00000036   Code   RO         2466    i.task_highest_pending_prio_get  tos_task.o
    0x00001d2c   0x00001d2c   0x0000002e   Code   RO         2467    i.task_mutex_release  tos_task.o
    0x00001d5a   0x00001d5a   0x0000003a   Code   RO         2468    i.task_reset        tos_task.o
    0x00001d94   0x00001d94   0x00000010   Code   RO         2469    i.task_state_is_ready  tos_task.o
    0x00001da4   0x00001da4   0x00000024   Code   RO         2640    i.tick_list_add     tos_tick.o
    0x00001dc8   0x00001dc8   0x0000001c   Code   RO         2641    i.tick_list_remove  tos_tick.o
    0x00001de4   0x00001de4   0x000000c8   Code   RO         2643    i.tick_task_place   tos_tick.o
    0x00001eac   0x00001eac   0x00000084   Code   RO         2644    i.tick_task_takeoff  tos_tick.o
    0x00001f30   0x00001f30   0x000000c4   Code   RO         2645    i.tick_update       tos_tick.o
    0x00001ff4   0x00001ff4   0x00000004   Code   RO         2799    i.timer_init        tos_timer.o
    0x00001ff8   0x00001ff8   0x00000090   Code   RO         2801    i.timer_place       tos_timer.o
    0x00002088   0x00002088   0x00000074   Code   RO         2802    i.timer_takeoff     tos_timer.o
    0x000020fc   0x000020fc   0x00000088   Code   RO         2803    i.timer_update      tos_timer.o
    0x00002184   0x00002184   0x0000000c   Code   RO           80    i.tos_cpu_clz       tos_cpu.o
    0x00002190   0x00002190   0x0000000c   Code   RO           81    i.tos_cpu_cpsr_restore  tos_cpu.o
    0x0000219c   0x0000219c   0x00000008   Code   RO           82    i.tos_cpu_cpsr_save  tos_cpu.o
    0x000021a4   0x000021a4   0x0000003c   Code   RO         2367    i.tos_knl_init      tos_sys.o
    0x000021e0   0x000021e0   0x00000030   Code   RO         2368    i.tos_knl_irq_enter  tos_sys.o
    0x00002210   0x00002210   0x00000090   Code   RO         2369    i.tos_knl_irq_leave  tos_sys.o
    0x000022a0   0x000022a0   0x00000014   Code   RO         2370    i.tos_knl_is_running  tos_sys.o
    0x000022b4   0x000022b4   0x0000005c   Code   RO         2371    i.tos_knl_sched_lock  tos_sys.o
    0x00002310   0x00002310   0x00000060   Code   RO         2372    i.tos_knl_sched_unlock  tos_sys.o
    0x00002370   0x00002370   0x00000040   Code   RO         2373    i.tos_knl_start     tos_sys.o
    0x000023b0   0x000023b0   0x00000012   Code   RO         2021    i.tos_list_add_tail  tos_sched.o
    0x000023c2   0x000023c2   0x0000000c   Code   RO         1480    i.tos_list_del      tos_pend.o
    0x000023ce   0x000023ce   0x00000010   Code   RO         1481    i.tos_list_empty    tos_pend.o
    0x000023de   0x000023de   0x00000010   Code   RO         2022    i.tos_list_empty    tos_sched.o
    0x000023ee   0x000023ee   0x00000010   Code   RO         2470    i.tos_list_empty    tos_task.o
    0x000023fe   0x000023fe   0x00000010   Code   RO         2646    i.tos_list_empty    tos_tick.o
    0x0000240e   0x0000240e   0x00000006   Code   RO         2471    i.tos_list_init     tos_task.o
    0x00002414   0x00002414   0x000000bc   Code   RO         1098    i.tos_mmheap_pool_add  tos_mmheap.o
    0x000024d0   0x000024d0   0x0000016c   Code   RO         2472    i.tos_task_create   tos_task.o
    0x0000263c   0x0000263c   0x00000098   Code   RO         2474    i.tos_task_delay    tos_task.o
    0x000026d4   0x000026d4   0x00000060   Code   RO         2476    i.tos_task_destroy  tos_task.o
    0x00002734   0x00002734   0x00000104   Code   RO         2478    i.tos_task_prio_change  tos_task.o
    0x00002838   0x00002838   0x0000003c   Code   RO         2482    i.tos_task_yield    tos_task.o
    0x00002874   0x00002874   0x00000034   Code   RO         2647    i.tos_tick_handler  tos_tick.o
    0x000028a8   0x000028a8   0x00000008   Data   RO          877    .constdata          tos_global.o
    0x000028b0   0x000028b0   0x00000004   Data   RO         3405    .constdata          c_w.l(sys_io.o)
    0x000028b4   0x000028b4   0x00000004   Data   RO         3406    .constdata          c_w.l(sys_io.o)
    0x000028b8   0x000028b8   0x00000004   Data   RO         3407    .constdata          c_w.l(sys_io.o)
    0x000028bc   0x000028bc   0x00000020   Data   RO         3712    Region$$Table       anon$$obj.o


    Execution Region RW_IRAM1 (Exec base: 0x20000000, Load base: 0x000028dc, Size: 0x00003d00, Max: 0x00020000, ABSOLUTE)

    Exec Addr    Load Addr    Size         Type   Attr      Idx    E Section Name        Object

    0x20000000   0x000028dc   0x00000004   Data   RW           15    .data               system_armcm4.o
    0x20000004   0x000028e0   0x00000004   PAD
    0x20000008   0x000028e4   0x00000048   Data   RW          878    .data               tos_global.o
    0x20000050   0x0000292c   0x00000004   Data   RW         3359    .data               c_w.l(stdio_streams.o)
    0x20000054   0x00002930   0x00000004   Data   RW         3360    .data               c_w.l(stdio_streams.o)
    0x20000058   0x00002934   0x00000004   Data   RW         3361    .data               c_w.l(stdio_streams.o)
    0x2000005c   0x00002938   0x00000004   PAD
    0x20000060        -       0x000011d4   Zero   RW          876    .bss                tos_global.o
    0x20001234   0x00002938   0x00000004   PAD
    0x20001238        -       0x000008f0   Zero   RW         3191    .bss                hello_world.o
    0x20001b28        -       0x00001078   Zero   RW         3228    .bss                main.o
    0x20002ba0        -       0x00000054   Zero   RW         3356    .bss                c_w.l(stdio_streams.o)
    0x20002bf4        -       0x00000054   Zero   RW         3357    .bss                c_w.l(stdio_streams.o)
    0x20002c48        -       0x00000054   Zero   RW         3358    .bss                c_w.l(stdio_streams.o)
    0x20002c9c        -       0x00000060   Zero   RW         3564    .bss                c_w.l(libspace.o)
    0x20002cfc   0x00002938   0x00000004   PAD
    0x20002d00        -       0x00000c00   Zero   RW            2    HEAP                startup_armcm4.o
    0x20003900        -       0x00000400   Zero   RW            1    STACK               startup_armcm4.o


==============================================================================

Image component sizes


      Code (inc. data)   RO Data    RW Data    ZI Data      Debug   Object Name

       180         74          0          0       2288       2514   hello_world.o
       112         60          0          0       4216       1323   main.o
        22          0          0          0          0        518   mcu_it.o
       106          8          0          0          0      31861   port_c.o
       192          8          0          0          0        476   port_s.o
        56         10        960          0       4096       1248   startup_armcm4.o
        32         18          0          4          0       6171   system_armcm4.o
         0          0          0          0          0       1764   tos_bitmap.o
       270         12          0          0          0      20379   tos_cpu.o
         0          0          8         72       4564       1513   tos_global.o
       674         22          0          0          0      11622   tos_mmheap.o
        96          0          0          0          0      10200   tos_mutex.o
       322          0          0          0          0      11891   tos_pend.o
       172          8          0          0          0       1082   tos_robin.o
       594         50          0          0          0      15819   tos_sched.o
       778        102          0          0          0       8121   tos_sys.o
      1310         26          0          0          0      17234   tos_task.o
       660         24          0          0          0      11560   tos_tick.o
       400         22          0          0          0       7268   tos_timer.o

    ----------------------------------------------------------------------
      5986        444       1000         80      15168     162564   Object Totals
         0          0         32          0          0          0   (incl. Generated)
        10          0          0          4          4          0   (incl. Padding)

    ----------------------------------------------------------------------

      Code (inc. data)   RO Data    RW Data    ZI Data      Debug   Library Member Name

         8          0          0          0          0         68   __main.o
       104          0          0          0          0         84   __printf.o
         0          0          0          0          0          0   __rtentry.o
        12          0          0          0          0          0   __rtentry2.o
         8          4          0          0          0          0   __rtentry5.o
        52          8          0          0          0          0   __scatter.o
        26          0          0          0          0          0   __scatter_copy.o
        28          0          0          0          0          0   __scatter_zi.o
        48          6          0          0          0         96   _printf_char_common.o
        36          4          0          0          0         80   _printf_char_file.o
         0          0          0          0          0          0   _printf_percent.o
         4          0          0          0          0          0   _printf_percent_end.o
        10          0          0          0          0         68   defsig_exit.o
        50          0          0          0          0         88   defsig_general.o
        80         58          0          0          0         76   defsig_rtmem_inner.o
        14          0          0          0          0         80   defsig_rtmem_outer.o
        52         38          0          0          0         76   defsig_rtred_inner.o
        14          0          0          0          0         80   defsig_rtred_outer.o
        18          0          0          0          0         80   exit.o
        76          0          0          0          0         88   fclose.o
         8          0          0          0          0         68   ferror.o
       470          0          0          0          0         88   flsbuf.o
       236          4          0          0          0        128   fopen.o
        26          0          0          0          0         68   fputc.o
       248          6          0          0          0         84   fseek.o
        66          0          0          0          0         76   ftell.o
        94          0          0          0          0         80   h1_alloc.o
        52          0          0          0          0         68   h1_extend.o
        78          0          0          0          0         80   h1_free.o
        14          0          0          0          0         84   h1_init.o
         6          0          0          0          0        152   heapauxi.o
         4          0          0          0          0        136   hguard.o
         0          0          0          0          0          0   indicate_semi.o
       138          0          0          0          0        168   init_alloc.o
       312         46          0          0          0        112   initio.o
         2          0          0          0          0          0   libinit.o
         6          0          0          0          0          0   libinit2.o
        16          8          0          0          0          0   libinit3.o
         2          0          0          0          0          0   libshutdown.o
         6          0          0          0          0          0   libshutdown2.o
         0          0          0          0         96          0   libspace.o
       238          0          0          0          0        100   lludivv7m.o
         0          0          0          0          0          0   maybetermalloc1.o
        24          4          0          0          0         84   noretval__2printf.o
         8          4          0          0          0         68   rt_errno_addr_intlibspace.o
         8          4          0          0          0         68   rt_heap_descriptor_intlibspace.o
        68          0          0          0          0         68   rt_memclr.o
        78          0          0          0          0         80   rt_memclr_w.o
         2          0          0          0          0          0   rtexit.o
        10          0          0          0          0          0   rtexit2.o
        70          0          0          0          0         80   setvbuf.o
       240          6          0          0          0        156   stdio.o
         0          0          0         12        252          0   stdio_streams.o
        62          0          0          0          0         76   strlen.o
        86          0          0          0          0         76   strncpy.o
        12          4          0          0          0         68   sys_exit.o
       102          0         12          0          0        240   sys_io.o
        14          0          0          0          0         76   sys_wrch.o
         2          0          0          0          0         68   use_no_semi.o

    ----------------------------------------------------------------------
      3462        204         12         12        356       3664   Library Totals
        14          0          0          0          8          0   (incl. Padding)

    ----------------------------------------------------------------------

      Code (inc. data)   RO Data    RW Data    ZI Data      Debug   Library Name

      3448        204         12         12        348       3664   c_w.l

    ----------------------------------------------------------------------
      3462        204         12         12        356       3664   Library Totals

    ----------------------------------------------------------------------

==============================================================================


      Code (inc. data)   RO Data    RW Data    ZI Data      Debug   

      9448        648       1012         92      15524     159152   Grand Totals
      9448        648       1012         92      15524     159152   ELF Image Totals
      9448        648       1012         92          0          0   ROM Totals

==============================================================================

    Total RO  Size (Code + RO Data)                10460 (  10.21kB)
    Total RW  Size (RW Data + ZI Data)             15616 (  15.25kB)
    Total ROM Size (Code + RO Data + RW Data)      10552 (  10.30kB)

==============================================================================

