<!doctype html public "-//w3c//dtd html 4.0 transitional//en">
<html><head>
<title>Static Call Graph - [.\Objects\cortex_m4.axf]</title></head>
<body><HR>
<H1>Static Call Graph for image .\Objects\cortex_m4.axf</H1><HR>
<BR><P>#&#060CALLGRAPH&#062# ARM Linker, 5060960: Last Updated: Wed Sep 08 16:10:58 2021
<BR><P>
<H3>Maximum Stack Usage =        152 bytes + Unknown(Functions without stacksize, Cycles, Untraceable Function Pointers)</H3><H3>
Call chain for Maximum Stack Depth:</H3>
__rt_entry_main &rArr; main &rArr; __2printf &rArr; _printf_char_file &rArr; _printf_char_common &rArr; __printf
<P>
<H3>
Functions with no stack information
</H3><UL>
 <LI><a href="#[e8]">port_int_disable</a>
 <LI><a href="#[e9]">port_int_enable</a>
 <LI><a href="#[b5]">port_cpsr_save</a>
 <LI><a href="#[b4]">port_cpsr_restore</a>
 <LI><a href="#[b3]">port_clz</a>
 <LI><a href="#[7a]">port_sched_start</a>
 <LI><a href="#[75]">port_context_switch</a>
 <LI><a href="#[ea]">port_irq_context_switch</a>
 <LI><a href="#[13]">PendSV_Handler</a>
</UL>
</UL>
<P>
<H3>
Mutually Recursive functions
</H3> <LI><a href="#[d]">HardFault_Handler</a>&nbsp;&nbsp;&nbsp;&rArr;&nbsp;&nbsp;&nbsp;<a href="#[d]">HardFault_Handler</a><BR>
 <LI><a href="#[c]">NMI_Handler</a>&nbsp;&nbsp;&nbsp;&rArr;&nbsp;&nbsp;&nbsp;<a href="#[c]">NMI_Handler</a><BR>
 <LI><a href="#[e]">MemManage_Handler</a>&nbsp;&nbsp;&nbsp;&rArr;&nbsp;&nbsp;&nbsp;<a href="#[e]">MemManage_Handler</a><BR>
 <LI><a href="#[f]">BusFault_Handler</a>&nbsp;&nbsp;&nbsp;&rArr;&nbsp;&nbsp;&nbsp;<a href="#[f]">BusFault_Handler</a><BR>
 <LI><a href="#[10]">UsageFault_Handler</a>&nbsp;&nbsp;&nbsp;&rArr;&nbsp;&nbsp;&nbsp;<a href="#[10]">UsageFault_Handler</a><BR>
 <LI><a href="#[11]">SVC_Handler</a>&nbsp;&nbsp;&nbsp;&rArr;&nbsp;&nbsp;&nbsp;<a href="#[11]">SVC_Handler</a><BR>
 <LI><a href="#[12]">DebugMon_Handler</a>&nbsp;&nbsp;&nbsp;&rArr;&nbsp;&nbsp;&nbsp;<a href="#[12]">DebugMon_Handler</a><BR>
 <LI><a href="#[14]">SysTick_Handler</a>&nbsp;&nbsp;&nbsp;&rArr;&nbsp;&nbsp;&nbsp;<a href="#[14]">SysTick_Handler</a><BR>
 <LI><a href="#[15]">Interrupt0_Handler</a>&nbsp;&nbsp;&nbsp;&rArr;&nbsp;&nbsp;&nbsp;<a href="#[15]">Interrupt0_Handler</a><BR>
 <LI><a href="#[16]">Interrupt1_Handler</a>&nbsp;&nbsp;&nbsp;&rArr;&nbsp;&nbsp;&nbsp;<a href="#[16]">Interrupt1_Handler</a><BR>
 <LI><a href="#[17]">Interrupt2_Handler</a>&nbsp;&nbsp;&nbsp;&rArr;&nbsp;&nbsp;&nbsp;<a href="#[17]">Interrupt2_Handler</a><BR>
 <LI><a href="#[18]">Interrupt3_Handler</a>&nbsp;&nbsp;&nbsp;&rArr;&nbsp;&nbsp;&nbsp;<a href="#[18]">Interrupt3_Handler</a><BR>
 <LI><a href="#[19]">Interrupt4_Handler</a>&nbsp;&nbsp;&nbsp;&rArr;&nbsp;&nbsp;&nbsp;<a href="#[19]">Interrupt4_Handler</a><BR>
 <LI><a href="#[1a]">Interrupt5_Handler</a>&nbsp;&nbsp;&nbsp;&rArr;&nbsp;&nbsp;&nbsp;<a href="#[1a]">Interrupt5_Handler</a><BR>
 <LI><a href="#[1b]">Interrupt6_Handler</a>&nbsp;&nbsp;&nbsp;&rArr;&nbsp;&nbsp;&nbsp;<a href="#[1b]">Interrupt6_Handler</a><BR>
 <LI><a href="#[1c]">Interrupt7_Handler</a>&nbsp;&nbsp;&nbsp;&rArr;&nbsp;&nbsp;&nbsp;<a href="#[1c]">Interrupt7_Handler</a><BR>
 <LI><a href="#[1d]">Interrupt8_Handler</a>&nbsp;&nbsp;&nbsp;&rArr;&nbsp;&nbsp;&nbsp;<a href="#[1d]">Interrupt8_Handler</a><BR>
 <LI><a href="#[1e]">Interrupt9_Handler</a>&nbsp;&nbsp;&nbsp;&rArr;&nbsp;&nbsp;&nbsp;<a href="#[1e]">Interrupt9_Handler</a><BR>
</UL>
<P>
<H3>
Function Pointers
</H3><UL>
 <LI><a href="#[f]">BusFault_Handler</a> from startup_armcm4.o(.text) referenced from startup_armcm4.o(RESET)
 <LI><a href="#[12]">DebugMon_Handler</a> from startup_armcm4.o(.text) referenced from startup_armcm4.o(RESET)
 <LI><a href="#[d]">HardFault_Handler</a> from startup_armcm4.o(.text) referenced from startup_armcm4.o(RESET)
 <LI><a href="#[15]">Interrupt0_Handler</a> from startup_armcm4.o(.text) referenced from startup_armcm4.o(RESET)
 <LI><a href="#[16]">Interrupt1_Handler</a> from startup_armcm4.o(.text) referenced from startup_armcm4.o(RESET)
 <LI><a href="#[17]">Interrupt2_Handler</a> from startup_armcm4.o(.text) referenced from startup_armcm4.o(RESET)
 <LI><a href="#[18]">Interrupt3_Handler</a> from startup_armcm4.o(.text) referenced from startup_armcm4.o(RESET)
 <LI><a href="#[19]">Interrupt4_Handler</a> from startup_armcm4.o(.text) referenced from startup_armcm4.o(RESET)
 <LI><a href="#[1a]">Interrupt5_Handler</a> from startup_armcm4.o(.text) referenced from startup_armcm4.o(RESET)
 <LI><a href="#[1b]">Interrupt6_Handler</a> from startup_armcm4.o(.text) referenced from startup_armcm4.o(RESET)
 <LI><a href="#[1c]">Interrupt7_Handler</a> from startup_armcm4.o(.text) referenced from startup_armcm4.o(RESET)
 <LI><a href="#[1d]">Interrupt8_Handler</a> from startup_armcm4.o(.text) referenced from startup_armcm4.o(RESET)
 <LI><a href="#[1e]">Interrupt9_Handler</a> from startup_armcm4.o(.text) referenced from startup_armcm4.o(RESET)
 <LI><a href="#[e]">MemManage_Handler</a> from startup_armcm4.o(.text) referenced from startup_armcm4.o(RESET)
 <LI><a href="#[c]">NMI_Handler</a> from startup_armcm4.o(.text) referenced from startup_armcm4.o(RESET)
 <LI><a href="#[13]">PendSV_Handler</a> from port_s.o(.text) referenced from startup_armcm4.o(RESET)
 <LI><a href="#[b]">Reset_Handler</a> from startup_armcm4.o(.text) referenced from startup_armcm4.o(RESET)
 <LI><a href="#[11]">SVC_Handler</a> from startup_armcm4.o(.text) referenced from startup_armcm4.o(RESET)
 <LI><a href="#[14]">SysTick_Handler</a> from startup_armcm4.o(.text) referenced from startup_armcm4.o(RESET)
 <LI><a href="#[1f]">SystemInit</a> from system_armcm4.o(i.SystemInit) referenced from startup_armcm4.o(.text)
 <LI><a href="#[10]">UsageFault_Handler</a> from startup_armcm4.o(.text) referenced from startup_armcm4.o(RESET)
 <LI><a href="#[28]">__main</a> from __main.o(!!!main) referenced from startup_armcm4.o(.text)
 <LI><a href="#[22]">_printf_input_char</a> from _printf_char_common.o(.text) referenced from _printf_char_common.o(.text)
 <LI><a href="#[26]">application_entry</a> from hello_world.o(i.application_entry) referenced from main.o(i.main)
 <LI><a href="#[21]">fputc</a> from fputc.o(i.fputc) referenced from _printf_char_file.o(.text)
 <LI><a href="#[25]">knl_idle_entry</a> from tos_sys.o(i.knl_idle_entry) referenced from tos_sys.o(i.knl_idle_init)
 <LI><a href="#[23]">task1_entry</a> from hello_world.o(i.task1_entry) referenced from hello_world.o(i.application_entry)
 <LI><a href="#[24]">task2_entry</a> from hello_world.o(i.task2_entry) referenced from hello_world.o(i.application_entry)
 <LI><a href="#[27]">task_exit</a> from tos_task.o(i.task_exit) referenced from tos_task.o(i.tos_task_create)
</UL>
<P>
<H3>
Global Symbols
</H3>
<P><STRONG><a name="[28]"></a>__main</STRONG> (Thumb, 8 bytes, Stack size 0 bytes, __main.o(!!!main))
<BR><BR>[Calls]<UL><LI><a href="#[2a]">&gt;&gt;</a>&nbsp;&nbsp;&nbsp;__rt_entry
<LI><a href="#[29]">&gt;&gt;</a>&nbsp;&nbsp;&nbsp;__scatterload
</UL>

<P><STRONG><a name="[29]"></a>__scatterload</STRONG> (Thumb, 0 bytes, Stack size unknown bytes, __scatter.o(!!!scatter))
<BR><BR>[Called By]<UL><LI><a href="#[28]">&gt;&gt;</a>&nbsp;&nbsp;&nbsp;__main
</UL>

<P><STRONG><a name="[2b]"></a>__scatterload_rt2</STRONG> (Thumb, 44 bytes, Stack size unknown bytes, __scatter.o(!!!scatter), UNUSED)
<BR><BR>[Calls]<UL><LI><a href="#[2a]">&gt;&gt;</a>&nbsp;&nbsp;&nbsp;__rt_entry
</UL>

<P><STRONG><a name="[c1]"></a>__scatterload_rt2_thumb_only</STRONG> (Thumb, 0 bytes, Stack size unknown bytes, __scatter.o(!!!scatter), UNUSED)

<P><STRONG><a name="[c2]"></a>__scatterload_null</STRONG> (Thumb, 0 bytes, Stack size unknown bytes, __scatter.o(!!!scatter), UNUSED)

<P><STRONG><a name="[2c]"></a>__scatterload_copy</STRONG> (Thumb, 26 bytes, Stack size unknown bytes, __scatter_copy.o(!!handler_copy), UNUSED)
<BR><BR>[Calls]<UL><LI><a href="#[2c]">&gt;&gt;</a>&nbsp;&nbsp;&nbsp;__scatterload_copy
</UL>
<BR>[Called By]<UL><LI><a href="#[2c]">&gt;&gt;</a>&nbsp;&nbsp;&nbsp;__scatterload_copy
</UL>

<P><STRONG><a name="[c3]"></a>__scatterload_zeroinit</STRONG> (Thumb, 28 bytes, Stack size unknown bytes, __scatter_zi.o(!!handler_zi), UNUSED)

<P><STRONG><a name="[3f]"></a>_printf_percent</STRONG> (Thumb, 0 bytes, Stack size unknown bytes, _printf_percent.o(.ARM.Collect$$_printf_percent$$00000000))
<BR><BR>[Called By]<UL><LI><a href="#[3e]">&gt;&gt;</a>&nbsp;&nbsp;&nbsp;__printf
</UL>

<P><STRONG><a name="[c4]"></a>_printf_percent_end</STRONG> (Thumb, 0 bytes, Stack size unknown bytes, _printf_percent_end.o(.ARM.Collect$$_printf_percent$$00000017))

<P><STRONG><a name="[34]"></a>__rt_lib_init</STRONG> (Thumb, 0 bytes, Stack size unknown bytes, libinit.o(.ARM.Collect$$libinit$$00000000))
<BR><BR>[Called By]<UL><LI><a href="#[33]">&gt;&gt;</a>&nbsp;&nbsp;&nbsp;__rt_entry_li
</UL>

<P><STRONG><a name="[c5]"></a>__rt_lib_init_fp_1</STRONG> (Thumb, 0 bytes, Stack size unknown bytes, libinit2.o(.ARM.Collect$$libinit$$00000002))

<P><STRONG><a name="[2d]"></a>__rt_lib_init_heap_2</STRONG> (Thumb, 0 bytes, Stack size unknown bytes, libinit3.o(.ARM.Collect$$libinit$$00000006))
<BR><BR>[Stack]<UL><LI>Max Depth = 64 + Unknown Stack Size
<LI>Call Chain = __rt_lib_init_heap_2 &rArr; _init_alloc &rArr; __rt_SIGRTMEM &rArr; __rt_SIGRTMEM_inner &rArr; __default_signal_display &rArr; _ttywrch
</UL>
<BR>[Calls]<UL><LI><a href="#[2e]">&gt;&gt;</a>&nbsp;&nbsp;&nbsp;_init_alloc
</UL>

<P><STRONG><a name="[c6]"></a>__rt_lib_init_preinit_1</STRONG> (Thumb, 0 bytes, Stack size unknown bytes, libinit2.o(.ARM.Collect$$libinit$$00000004))

<P><STRONG><a name="[c7]"></a>__rt_lib_init_atexit_1</STRONG> (Thumb, 0 bytes, Stack size unknown bytes, libinit2.o(.ARM.Collect$$libinit$$0000001B))

<P><STRONG><a name="[c8]"></a>__rt_lib_init_clock_1</STRONG> (Thumb, 0 bytes, Stack size unknown bytes, libinit2.o(.ARM.Collect$$libinit$$00000021))

<P><STRONG><a name="[c9]"></a>__rt_lib_init_fp_trap_1</STRONG> (Thumb, 0 bytes, Stack size unknown bytes, libinit2.o(.ARM.Collect$$libinit$$0000001F))

<P><STRONG><a name="[ca]"></a>__rt_lib_init_getenv_1</STRONG> (Thumb, 0 bytes, Stack size unknown bytes, libinit2.o(.ARM.Collect$$libinit$$00000023))

<P><STRONG><a name="[cb]"></a>__rt_lib_init_heap_1</STRONG> (Thumb, 0 bytes, Stack size unknown bytes, libinit2.o(.ARM.Collect$$libinit$$0000000A))

<P><STRONG><a name="[cc]"></a>__rt_lib_init_lc_collate_1</STRONG> (Thumb, 0 bytes, Stack size unknown bytes, libinit2.o(.ARM.Collect$$libinit$$00000011))

<P><STRONG><a name="[cd]"></a>__rt_lib_init_lc_ctype_1</STRONG> (Thumb, 0 bytes, Stack size unknown bytes, libinit2.o(.ARM.Collect$$libinit$$00000013))

<P><STRONG><a name="[ce]"></a>__rt_lib_init_lc_monetary_1</STRONG> (Thumb, 0 bytes, Stack size unknown bytes, libinit2.o(.ARM.Collect$$libinit$$00000015))

<P><STRONG><a name="[cf]"></a>__rt_lib_init_lc_numeric_1</STRONG> (Thumb, 0 bytes, Stack size unknown bytes, libinit2.o(.ARM.Collect$$libinit$$00000017))

<P><STRONG><a name="[d0]"></a>__rt_lib_init_lc_time_1</STRONG> (Thumb, 0 bytes, Stack size unknown bytes, libinit2.o(.ARM.Collect$$libinit$$00000019))

<P><STRONG><a name="[d1]"></a>__rt_lib_init_rand_1</STRONG> (Thumb, 0 bytes, Stack size unknown bytes, libinit2.o(.ARM.Collect$$libinit$$0000000E))

<P><STRONG><a name="[d2]"></a>__rt_lib_init_signal_1</STRONG> (Thumb, 0 bytes, Stack size unknown bytes, libinit2.o(.ARM.Collect$$libinit$$0000001D))

<P><STRONG><a name="[2f]"></a>__rt_lib_init_stdio_2</STRONG> (Thumb, 0 bytes, Stack size unknown bytes, libinit2.o(.ARM.Collect$$libinit$$00000024))
<BR><BR>[Stack]<UL><LI>Max Depth = 136 + Unknown Stack Size
<LI>Call Chain = __rt_lib_init_stdio_2 &rArr; _initio &rArr; freopen &rArr; _fclose_internal &rArr; _fflush &rArr; _writebuf &rArr; _sys_write
</UL>
<BR>[Calls]<UL><LI><a href="#[30]">&gt;&gt;</a>&nbsp;&nbsp;&nbsp;_initio
</UL>

<P><STRONG><a name="[d3]"></a>__rt_lib_init_user_alloc_1</STRONG> (Thumb, 0 bytes, Stack size unknown bytes, libinit2.o(.ARM.Collect$$libinit$$0000000C))

<P><STRONG><a name="[d4]"></a>__rt_lib_init_alloca_1</STRONG> (Thumb, 0 bytes, Stack size unknown bytes, libinit2.o(.ARM.Collect$$libinit$$0000002E))

<P><STRONG><a name="[d5]"></a>__rt_lib_init_argv_1</STRONG> (Thumb, 0 bytes, Stack size unknown bytes, libinit2.o(.ARM.Collect$$libinit$$0000002C))

<P><STRONG><a name="[d6]"></a>__rt_lib_init_cpp_1</STRONG> (Thumb, 0 bytes, Stack size unknown bytes, libinit2.o(.ARM.Collect$$libinit$$00000032))

<P><STRONG><a name="[d7]"></a>__rt_lib_init_exceptions_1</STRONG> (Thumb, 0 bytes, Stack size unknown bytes, libinit2.o(.ARM.Collect$$libinit$$00000030))

<P><STRONG><a name="[d8]"></a>__rt_lib_init_return</STRONG> (Thumb, 0 bytes, Stack size unknown bytes, libinit2.o(.ARM.Collect$$libinit$$00000033))

<P><STRONG><a name="[d9]"></a>__rt_lib_init_stdio_1</STRONG> (Thumb, 0 bytes, Stack size unknown bytes, libinit2.o(.ARM.Collect$$libinit$$00000025))

<P><STRONG><a name="[39]"></a>__rt_lib_shutdown</STRONG> (Thumb, 0 bytes, Stack size unknown bytes, libshutdown.o(.ARM.Collect$$libshutdown$$00000000))
<BR><BR>[Called By]<UL><LI><a href="#[38]">&gt;&gt;</a>&nbsp;&nbsp;&nbsp;__rt_exit_ls
</UL>

<P><STRONG><a name="[da]"></a>__rt_lib_shutdown_cpp_1</STRONG> (Thumb, 0 bytes, Stack size unknown bytes, libshutdown2.o(.ARM.Collect$$libshutdown$$00000004))

<P><STRONG><a name="[db]"></a>__rt_lib_shutdown_fini_1</STRONG> (Thumb, 0 bytes, Stack size unknown bytes, libshutdown2.o(.ARM.Collect$$libshutdown$$00000002))

<P><STRONG><a name="[31]"></a>__rt_lib_shutdown_stdio_2</STRONG> (Thumb, 0 bytes, Stack size unknown bytes, libshutdown2.o(.ARM.Collect$$libshutdown$$00000005))
<BR><BR>[Stack]<UL><LI>Max Depth = 120 + Unknown Stack Size
<LI>Call Chain = __rt_lib_shutdown_stdio_2 &rArr; _terminateio &rArr; _fclose_internal &rArr; _fflush &rArr; _writebuf &rArr; _sys_write
</UL>
<BR>[Calls]<UL><LI><a href="#[32]">&gt;&gt;</a>&nbsp;&nbsp;&nbsp;_terminateio
</UL>

<P><STRONG><a name="[dc]"></a>__rt_lib_shutdown_fp_trap_1</STRONG> (Thumb, 0 bytes, Stack size unknown bytes, libshutdown2.o(.ARM.Collect$$libshutdown$$00000009))

<P><STRONG><a name="[dd]"></a>__rt_lib_shutdown_heap_1</STRONG> (Thumb, 0 bytes, Stack size unknown bytes, libshutdown2.o(.ARM.Collect$$libshutdown$$00000011))

<P><STRONG><a name="[de]"></a>__rt_lib_shutdown_return</STRONG> (Thumb, 0 bytes, Stack size unknown bytes, libshutdown2.o(.ARM.Collect$$libshutdown$$00000012))

<P><STRONG><a name="[df]"></a>__rt_lib_shutdown_signal_1</STRONG> (Thumb, 0 bytes, Stack size unknown bytes, libshutdown2.o(.ARM.Collect$$libshutdown$$0000000C))

<P><STRONG><a name="[e0]"></a>__rt_lib_shutdown_stdio_1</STRONG> (Thumb, 0 bytes, Stack size unknown bytes, libshutdown2.o(.ARM.Collect$$libshutdown$$00000006))

<P><STRONG><a name="[e1]"></a>__rt_lib_shutdown_user_alloc_1</STRONG> (Thumb, 0 bytes, Stack size unknown bytes, libshutdown2.o(.ARM.Collect$$libshutdown$$0000000E))

<P><STRONG><a name="[2a]"></a>__rt_entry</STRONG> (Thumb, 0 bytes, Stack size unknown bytes, __rtentry.o(.ARM.Collect$$rtentry$$00000000))
<BR><BR>[Called By]<UL><LI><a href="#[28]">&gt;&gt;</a>&nbsp;&nbsp;&nbsp;__main
<LI><a href="#[2b]">&gt;&gt;</a>&nbsp;&nbsp;&nbsp;__scatterload_rt2
</UL>

<P><STRONG><a name="[e2]"></a>__rt_entry_presh_1</STRONG> (Thumb, 0 bytes, Stack size unknown bytes, __rtentry2.o(.ARM.Collect$$rtentry$$00000002))

<P><STRONG><a name="[e3]"></a>__rt_entry_sh</STRONG> (Thumb, 0 bytes, Stack size unknown bytes, __rtentry5.o(.ARM.Collect$$rtentry$$00000005))

<P><STRONG><a name="[33]"></a>__rt_entry_li</STRONG> (Thumb, 0 bytes, Stack size unknown bytes, __rtentry2.o(.ARM.Collect$$rtentry$$0000000A))
<BR><BR>[Calls]<UL><LI><a href="#[34]">&gt;&gt;</a>&nbsp;&nbsp;&nbsp;__rt_lib_init
</UL>

<P><STRONG><a name="[e4]"></a>__rt_entry_postsh_1</STRONG> (Thumb, 0 bytes, Stack size unknown bytes, __rtentry2.o(.ARM.Collect$$rtentry$$00000009))

<P><STRONG><a name="[35]"></a>__rt_entry_main</STRONG> (Thumb, 0 bytes, Stack size unknown bytes, __rtentry2.o(.ARM.Collect$$rtentry$$0000000D))
<BR><BR>[Stack]<UL><LI>Max Depth = 152 + Unknown Stack Size
<LI>Call Chain = __rt_entry_main &rArr; main &rArr; __2printf &rArr; _printf_char_file &rArr; _printf_char_common &rArr; __printf
</UL>
<BR>[Calls]<UL><LI><a href="#[37]">&gt;&gt;</a>&nbsp;&nbsp;&nbsp;exit
<LI><a href="#[36]">&gt;&gt;</a>&nbsp;&nbsp;&nbsp;main
</UL>

<P><STRONG><a name="[e5]"></a>__rt_entry_postli_1</STRONG> (Thumb, 0 bytes, Stack size unknown bytes, __rtentry2.o(.ARM.Collect$$rtentry$$0000000C))

<P><STRONG><a name="[5a]"></a>__rt_exit</STRONG> (Thumb, 0 bytes, Stack size unknown bytes, rtexit.o(.ARM.Collect$$rtexit$$00000000))
<BR><BR>[Called By]<UL><LI><a href="#[37]">&gt;&gt;</a>&nbsp;&nbsp;&nbsp;exit
</UL>

<P><STRONG><a name="[38]"></a>__rt_exit_ls</STRONG> (Thumb, 0 bytes, Stack size unknown bytes, rtexit2.o(.ARM.Collect$$rtexit$$00000003))
<BR><BR>[Calls]<UL><LI><a href="#[39]">&gt;&gt;</a>&nbsp;&nbsp;&nbsp;__rt_lib_shutdown
</UL>

<P><STRONG><a name="[e6]"></a>__rt_exit_prels_1</STRONG> (Thumb, 0 bytes, Stack size unknown bytes, rtexit2.o(.ARM.Collect$$rtexit$$00000002))

<P><STRONG><a name="[3a]"></a>__rt_exit_exit</STRONG> (Thumb, 0 bytes, Stack size unknown bytes, rtexit2.o(.ARM.Collect$$rtexit$$00000004))
<BR><BR>[Calls]<UL><LI><a href="#[3b]">&gt;&gt;</a>&nbsp;&nbsp;&nbsp;_sys_exit
</UL>

<P><STRONG><a name="[b]"></a>Reset_Handler</STRONG> (Thumb, 8 bytes, Stack size 0 bytes, startup_armcm4.o(.text))
<BR>[Address Reference Count : 1]<UL><LI> startup_armcm4.o(RESET)
</UL>
<P><STRONG><a name="[e7]"></a>_maybe_terminate_alloc</STRONG> (Thumb, 0 bytes, Stack size 0 bytes, maybetermalloc1.o(.emb_text), UNUSED)

<P><STRONG><a name="[d]"></a>HardFault_Handler</STRONG> (Thumb, 2 bytes, Stack size 0 bytes, startup_armcm4.o(.text))
<BR><BR>[Calls]<UL><LI><a href="#[d]">&gt;&gt;</a>&nbsp;&nbsp;&nbsp;HardFault_Handler
</UL>
<BR>[Called By]<UL><LI><a href="#[d]">&gt;&gt;</a>&nbsp;&nbsp;&nbsp;HardFault_Handler
</UL>
<BR>[Address Reference Count : 1]<UL><LI> startup_armcm4.o(RESET)
</UL>
<P><STRONG><a name="[c]"></a>NMI_Handler</STRONG> (Thumb, 2 bytes, Stack size 0 bytes, startup_armcm4.o(.text))
<BR><BR>[Calls]<UL><LI><a href="#[c]">&gt;&gt;</a>&nbsp;&nbsp;&nbsp;NMI_Handler
</UL>
<BR>[Called By]<UL><LI><a href="#[c]">&gt;&gt;</a>&nbsp;&nbsp;&nbsp;NMI_Handler
</UL>
<BR>[Address Reference Count : 1]<UL><LI> startup_armcm4.o(RESET)
</UL>
<P><STRONG><a name="[e]"></a>MemManage_Handler</STRONG> (Thumb, 2 bytes, Stack size 0 bytes, startup_armcm4.o(.text))
<BR><BR>[Calls]<UL><LI><a href="#[e]">&gt;&gt;</a>&nbsp;&nbsp;&nbsp;MemManage_Handler
</UL>
<BR>[Called By]<UL><LI><a href="#[e]">&gt;&gt;</a>&nbsp;&nbsp;&nbsp;MemManage_Handler
</UL>
<BR>[Address Reference Count : 1]<UL><LI> startup_armcm4.o(RESET)
</UL>
<P><STRONG><a name="[f]"></a>BusFault_Handler</STRONG> (Thumb, 2 bytes, Stack size 0 bytes, startup_armcm4.o(.text))
<BR><BR>[Calls]<UL><LI><a href="#[f]">&gt;&gt;</a>&nbsp;&nbsp;&nbsp;BusFault_Handler
</UL>
<BR>[Called By]<UL><LI><a href="#[f]">&gt;&gt;</a>&nbsp;&nbsp;&nbsp;BusFault_Handler
</UL>
<BR>[Address Reference Count : 1]<UL><LI> startup_armcm4.o(RESET)
</UL>
<P><STRONG><a name="[10]"></a>UsageFault_Handler</STRONG> (Thumb, 2 bytes, Stack size 0 bytes, startup_armcm4.o(.text))
<BR><BR>[Calls]<UL><LI><a href="#[10]">&gt;&gt;</a>&nbsp;&nbsp;&nbsp;UsageFault_Handler
</UL>
<BR>[Called By]<UL><LI><a href="#[10]">&gt;&gt;</a>&nbsp;&nbsp;&nbsp;UsageFault_Handler
</UL>
<BR>[Address Reference Count : 1]<UL><LI> startup_armcm4.o(RESET)
</UL>
<P><STRONG><a name="[11]"></a>SVC_Handler</STRONG> (Thumb, 2 bytes, Stack size 0 bytes, startup_armcm4.o(.text))
<BR><BR>[Calls]<UL><LI><a href="#[11]">&gt;&gt;</a>&nbsp;&nbsp;&nbsp;SVC_Handler
</UL>
<BR>[Called By]<UL><LI><a href="#[11]">&gt;&gt;</a>&nbsp;&nbsp;&nbsp;SVC_Handler
</UL>
<BR>[Address Reference Count : 1]<UL><LI> startup_armcm4.o(RESET)
</UL>
<P><STRONG><a name="[12]"></a>DebugMon_Handler</STRONG> (Thumb, 2 bytes, Stack size 0 bytes, startup_armcm4.o(.text))
<BR><BR>[Calls]<UL><LI><a href="#[12]">&gt;&gt;</a>&nbsp;&nbsp;&nbsp;DebugMon_Handler
</UL>
<BR>[Called By]<UL><LI><a href="#[12]">&gt;&gt;</a>&nbsp;&nbsp;&nbsp;DebugMon_Handler
</UL>
<BR>[Address Reference Count : 1]<UL><LI> startup_armcm4.o(RESET)
</UL>
<P><STRONG><a name="[14]"></a>SysTick_Handler</STRONG> (Thumb, 2 bytes, Stack size 0 bytes, startup_armcm4.o(.text))
<BR><BR>[Calls]<UL><LI><a href="#[14]">&gt;&gt;</a>&nbsp;&nbsp;&nbsp;SysTick_Handler
</UL>
<BR>[Called By]<UL><LI><a href="#[14]">&gt;&gt;</a>&nbsp;&nbsp;&nbsp;SysTick_Handler
</UL>
<BR>[Address Reference Count : 1]<UL><LI> startup_armcm4.o(RESET)
</UL>
<P><STRONG><a name="[15]"></a>Interrupt0_Handler</STRONG> (Thumb, 2 bytes, Stack size 0 bytes, startup_armcm4.o(.text))
<BR><BR>[Calls]<UL><LI><a href="#[15]">&gt;&gt;</a>&nbsp;&nbsp;&nbsp;Interrupt0_Handler
</UL>
<BR>[Called By]<UL><LI><a href="#[15]">&gt;&gt;</a>&nbsp;&nbsp;&nbsp;Interrupt0_Handler
</UL>
<BR>[Address Reference Count : 1]<UL><LI> startup_armcm4.o(RESET)
</UL>
<P><STRONG><a name="[16]"></a>Interrupt1_Handler</STRONG> (Thumb, 2 bytes, Stack size 0 bytes, startup_armcm4.o(.text))
<BR><BR>[Calls]<UL><LI><a href="#[16]">&gt;&gt;</a>&nbsp;&nbsp;&nbsp;Interrupt1_Handler
</UL>
<BR>[Called By]<UL><LI><a href="#[16]">&gt;&gt;</a>&nbsp;&nbsp;&nbsp;Interrupt1_Handler
</UL>
<BR>[Address Reference Count : 1]<UL><LI> startup_armcm4.o(RESET)
</UL>
<P><STRONG><a name="[17]"></a>Interrupt2_Handler</STRONG> (Thumb, 2 bytes, Stack size 0 bytes, startup_armcm4.o(.text))
<BR><BR>[Calls]<UL><LI><a href="#[17]">&gt;&gt;</a>&nbsp;&nbsp;&nbsp;Interrupt2_Handler
</UL>
<BR>[Called By]<UL><LI><a href="#[17]">&gt;&gt;</a>&nbsp;&nbsp;&nbsp;Interrupt2_Handler
</UL>
<BR>[Address Reference Count : 1]<UL><LI> startup_armcm4.o(RESET)
</UL>
<P><STRONG><a name="[18]"></a>Interrupt3_Handler</STRONG> (Thumb, 2 bytes, Stack size 0 bytes, startup_armcm4.o(.text))
<BR><BR>[Calls]<UL><LI><a href="#[18]">&gt;&gt;</a>&nbsp;&nbsp;&nbsp;Interrupt3_Handler
</UL>
<BR>[Called By]<UL><LI><a href="#[18]">&gt;&gt;</a>&nbsp;&nbsp;&nbsp;Interrupt3_Handler
</UL>
<BR>[Address Reference Count : 1]<UL><LI> startup_armcm4.o(RESET)
</UL>
<P><STRONG><a name="[19]"></a>Interrupt4_Handler</STRONG> (Thumb, 2 bytes, Stack size 0 bytes, startup_armcm4.o(.text))
<BR><BR>[Calls]<UL><LI><a href="#[19]">&gt;&gt;</a>&nbsp;&nbsp;&nbsp;Interrupt4_Handler
</UL>
<BR>[Called By]<UL><LI><a href="#[19]">&gt;&gt;</a>&nbsp;&nbsp;&nbsp;Interrupt4_Handler
</UL>
<BR>[Address Reference Count : 1]<UL><LI> startup_armcm4.o(RESET)
</UL>
<P><STRONG><a name="[1a]"></a>Interrupt5_Handler</STRONG> (Thumb, 2 bytes, Stack size 0 bytes, startup_armcm4.o(.text))
<BR><BR>[Calls]<UL><LI><a href="#[1a]">&gt;&gt;</a>&nbsp;&nbsp;&nbsp;Interrupt5_Handler
</UL>
<BR>[Called By]<UL><LI><a href="#[1a]">&gt;&gt;</a>&nbsp;&nbsp;&nbsp;Interrupt5_Handler
</UL>
<BR>[Address Reference Count : 1]<UL><LI> startup_armcm4.o(RESET)
</UL>
<P><STRONG><a name="[1b]"></a>Interrupt6_Handler</STRONG> (Thumb, 2 bytes, Stack size 0 bytes, startup_armcm4.o(.text))
<BR><BR>[Calls]<UL><LI><a href="#[1b]">&gt;&gt;</a>&nbsp;&nbsp;&nbsp;Interrupt6_Handler
</UL>
<BR>[Called By]<UL><LI><a href="#[1b]">&gt;&gt;</a>&nbsp;&nbsp;&nbsp;Interrupt6_Handler
</UL>
<BR>[Address Reference Count : 1]<UL><LI> startup_armcm4.o(RESET)
</UL>
<P><STRONG><a name="[1c]"></a>Interrupt7_Handler</STRONG> (Thumb, 2 bytes, Stack size 0 bytes, startup_armcm4.o(.text))
<BR><BR>[Calls]<UL><LI><a href="#[1c]">&gt;&gt;</a>&nbsp;&nbsp;&nbsp;Interrupt7_Handler
</UL>
<BR>[Called By]<UL><LI><a href="#[1c]">&gt;&gt;</a>&nbsp;&nbsp;&nbsp;Interrupt7_Handler
</UL>
<BR>[Address Reference Count : 1]<UL><LI> startup_armcm4.o(RESET)
</UL>
<P><STRONG><a name="[1d]"></a>Interrupt8_Handler</STRONG> (Thumb, 2 bytes, Stack size 0 bytes, startup_armcm4.o(.text))
<BR><BR>[Calls]<UL><LI><a href="#[1d]">&gt;&gt;</a>&nbsp;&nbsp;&nbsp;Interrupt8_Handler
</UL>
<BR>[Called By]<UL><LI><a href="#[1d]">&gt;&gt;</a>&nbsp;&nbsp;&nbsp;Interrupt8_Handler
</UL>
<BR>[Address Reference Count : 1]<UL><LI> startup_armcm4.o(RESET)
</UL>
<P><STRONG><a name="[1e]"></a>Interrupt9_Handler</STRONG> (Thumb, 2 bytes, Stack size 0 bytes, startup_armcm4.o(.text))
<BR><BR>[Calls]<UL><LI><a href="#[1e]">&gt;&gt;</a>&nbsp;&nbsp;&nbsp;Interrupt9_Handler
</UL>
<BR>[Called By]<UL><LI><a href="#[1e]">&gt;&gt;</a>&nbsp;&nbsp;&nbsp;Interrupt9_Handler
</UL>
<BR>[Address Reference Count : 1]<UL><LI> startup_armcm4.o(RESET)
</UL>
<P><STRONG><a name="[e8]"></a>port_int_disable</STRONG> (Thumb, 0 bytes, Stack size unknown bytes, port_s.o(.text), UNUSED)

<P><STRONG><a name="[e9]"></a>port_int_enable</STRONG> (Thumb, 0 bytes, Stack size unknown bytes, port_s.o(.text), UNUSED)

<P><STRONG><a name="[b5]"></a>port_cpsr_save</STRONG> (Thumb, 0 bytes, Stack size unknown bytes, port_s.o(.text))
<BR><BR>[Called By]<UL><LI><a href="#[84]">&gt;&gt;</a>&nbsp;&nbsp;&nbsp;tos_cpu_cpsr_save
</UL>

<P><STRONG><a name="[b4]"></a>port_cpsr_restore</STRONG> (Thumb, 0 bytes, Stack size unknown bytes, port_s.o(.text))
<BR><BR>[Called By]<UL><LI><a href="#[87]">&gt;&gt;</a>&nbsp;&nbsp;&nbsp;tos_cpu_cpsr_restore
</UL>

<P><STRONG><a name="[b3]"></a>port_clz</STRONG> (Thumb, 0 bytes, Stack size unknown bytes, port_s.o(.text))
<BR><BR>[Called By]<UL><LI><a href="#[7e]">&gt;&gt;</a>&nbsp;&nbsp;&nbsp;tos_cpu_clz
</UL>

<P><STRONG><a name="[7a]"></a>port_sched_start</STRONG> (Thumb, 0 bytes, Stack size unknown bytes, port_s.o(.text))
<BR><BR>[Called By]<UL><LI><a href="#[79]">&gt;&gt;</a>&nbsp;&nbsp;&nbsp;cpu_sched_start
</UL>

<P><STRONG><a name="[75]"></a>port_context_switch</STRONG> (Thumb, 0 bytes, Stack size unknown bytes, port_s.o(.text))
<BR><BR>[Called By]<UL><LI><a href="#[74]">&gt;&gt;</a>&nbsp;&nbsp;&nbsp;cpu_context_switch
</UL>

<P><STRONG><a name="[ea]"></a>port_irq_context_switch</STRONG> (Thumb, 0 bytes, Stack size unknown bytes, port_s.o(.text), UNUSED)

<P><STRONG><a name="[13]"></a>PendSV_Handler</STRONG> (Thumb, 0 bytes, Stack size unknown bytes, port_s.o(.text))
<BR>[Address Reference Count : 1]<UL><LI> startup_armcm4.o(RESET)
</UL>
<P><STRONG><a name="[77]"></a>__aeabi_uldivmod</STRONG> (Thumb, 0 bytes, Stack size 48 bytes, lludivv7m.o(.text))
<BR><BR>[Stack]<UL><LI>Max Depth = 48<LI>Call Chain = __aeabi_uldivmod
</UL>
<BR>[Called By]<UL><LI><a href="#[76]">&gt;&gt;</a>&nbsp;&nbsp;&nbsp;cpu_init
</UL>

<P><STRONG><a name="[eb]"></a>_ll_udiv</STRONG> (Thumb, 238 bytes, Stack size 48 bytes, lludivv7m.o(.text), UNUSED)

<P><STRONG><a name="[3c]"></a>__2printf</STRONG> (Thumb, 20 bytes, Stack size 24 bytes, noretval__2printf.o(.text))
<BR><BR>[Stack]<UL><LI>Max Depth = 128 + Unknown Stack Size
<LI>Call Chain = __2printf &rArr; _printf_char_file &rArr; _printf_char_common &rArr; __printf
</UL>
<BR>[Calls]<UL><LI><a href="#[3d]">&gt;&gt;</a>&nbsp;&nbsp;&nbsp;_printf_char_file
</UL>
<BR>[Called By]<UL><LI><a href="#[36]">&gt;&gt;</a>&nbsp;&nbsp;&nbsp;main
<LI><a href="#[24]">&gt;&gt;</a>&nbsp;&nbsp;&nbsp;task2_entry
<LI><a href="#[23]">&gt;&gt;</a>&nbsp;&nbsp;&nbsp;task1_entry
</UL>

<P><STRONG><a name="[3e]"></a>__printf</STRONG> (Thumb, 104 bytes, Stack size 24 bytes, __printf.o(.text))
<BR><BR>[Stack]<UL><LI>Max Depth = 24 + Unknown Stack Size
<LI>Call Chain = __printf
</UL>
<BR>[Calls]<UL><LI><a href="#[3f]">&gt;&gt;</a>&nbsp;&nbsp;&nbsp;_printf_percent
</UL>
<BR>[Called By]<UL><LI><a href="#[44]">&gt;&gt;</a>&nbsp;&nbsp;&nbsp;_printf_char_common
</UL>

<P><STRONG><a name="[43]"></a>__aeabi_memclr</STRONG> (Thumb, 0 bytes, Stack size 0 bytes, rt_memclr.o(.text))
<BR><BR>[Called By]<UL><LI><a href="#[42]">&gt;&gt;</a>&nbsp;&nbsp;&nbsp;strncpy
</UL>

<P><STRONG><a name="[40]"></a>__rt_memclr</STRONG> (Thumb, 68 bytes, Stack size 0 bytes, rt_memclr.o(.text), UNUSED)
<BR><BR>[Calls]<UL><LI><a href="#[41]">&gt;&gt;</a>&nbsp;&nbsp;&nbsp;_memset_w
</UL>

<P><STRONG><a name="[ec]"></a>_memset</STRONG> (Thumb, 0 bytes, Stack size unknown bytes, rt_memclr.o(.text), UNUSED)

<P><STRONG><a name="[42]"></a>strncpy</STRONG> (Thumb, 86 bytes, Stack size 8 bytes, strncpy.o(.text))
<BR><BR>[Stack]<UL><LI>Max Depth = 8<LI>Call Chain = strncpy
</UL>
<BR>[Calls]<UL><LI><a href="#[43]">&gt;&gt;</a>&nbsp;&nbsp;&nbsp;__aeabi_memclr
</UL>
<BR>[Called By]<UL><LI><a href="#[6b]">&gt;&gt;</a>&nbsp;&nbsp;&nbsp;tos_task_create
</UL>

<P><STRONG><a name="[ed]"></a>__use_two_region_memory</STRONG> (Thumb, 2 bytes, Stack size 0 bytes, heapauxi.o(.text), UNUSED)

<P><STRONG><a name="[8]"></a>__rt_heap_escrow</STRONG> (Thumb, 2 bytes, Stack size 0 bytes, heapauxi.o(.text), UNUSED)

<P><STRONG><a name="[7]"></a>__rt_heap_expand</STRONG> (Thumb, 2 bytes, Stack size 0 bytes, heapauxi.o(.text), UNUSED)

<P><STRONG><a name="[3d]"></a>_printf_char_file</STRONG> (Thumb, 32 bytes, Stack size 16 bytes, _printf_char_file.o(.text))
<BR><BR>[Stack]<UL><LI>Max Depth = 104 + Unknown Stack Size
<LI>Call Chain = _printf_char_file &rArr; _printf_char_common &rArr; __printf
</UL>
<BR>[Calls]<UL><LI><a href="#[45]">&gt;&gt;</a>&nbsp;&nbsp;&nbsp;ferror
<LI><a href="#[44]">&gt;&gt;</a>&nbsp;&nbsp;&nbsp;_printf_char_common
</UL>
<BR>[Called By]<UL><LI><a href="#[3c]">&gt;&gt;</a>&nbsp;&nbsp;&nbsp;__2printf
</UL>

<P><STRONG><a name="[46]"></a>__aeabi_memclr4</STRONG> (Thumb, 0 bytes, Stack size 4 bytes, rt_memclr_w.o(.text))
<BR><BR>[Stack]<UL><LI>Max Depth = 4<LI>Call Chain = __aeabi_memclr4
</UL>
<BR>[Called By]<UL><LI><a href="#[4a]">&gt;&gt;</a>&nbsp;&nbsp;&nbsp;_fclose_internal
<LI><a href="#[57]">&gt;&gt;</a>&nbsp;&nbsp;&nbsp;fopen
<LI><a href="#[30]">&gt;&gt;</a>&nbsp;&nbsp;&nbsp;_initio
</UL>

<P><STRONG><a name="[ee]"></a>__aeabi_memclr8</STRONG> (Thumb, 0 bytes, Stack size 4 bytes, rt_memclr_w.o(.text), UNUSED)

<P><STRONG><a name="[ef]"></a>__rt_memclr_w</STRONG> (Thumb, 78 bytes, Stack size 4 bytes, rt_memclr_w.o(.text), UNUSED)

<P><STRONG><a name="[41]"></a>_memset_w</STRONG> (Thumb, 0 bytes, Stack size unknown bytes, rt_memclr_w.o(.text), UNUSED)
<BR><BR>[Called By]<UL><LI><a href="#[40]">&gt;&gt;</a>&nbsp;&nbsp;&nbsp;__rt_memclr
</UL>

<P><STRONG><a name="[44]"></a>_printf_char_common</STRONG> (Thumb, 32 bytes, Stack size 64 bytes, _printf_char_common.o(.text))
<BR><BR>[Stack]<UL><LI>Max Depth = 88 + Unknown Stack Size
<LI>Call Chain = _printf_char_common &rArr; __printf
</UL>
<BR>[Calls]<UL><LI><a href="#[3e]">&gt;&gt;</a>&nbsp;&nbsp;&nbsp;__printf
</UL>
<BR>[Called By]<UL><LI><a href="#[3d]">&gt;&gt;</a>&nbsp;&nbsp;&nbsp;_printf_char_file
</UL>

<P><STRONG><a name="[45]"></a>ferror</STRONG> (Thumb, 8 bytes, Stack size 0 bytes, ferror.o(.text))
<BR><BR>[Called By]<UL><LI><a href="#[3d]">&gt;&gt;</a>&nbsp;&nbsp;&nbsp;_printf_char_file
</UL>

<P><STRONG><a name="[30]"></a>_initio</STRONG> (Thumb, 210 bytes, Stack size 8 bytes, initio.o(.text))
<BR><BR>[Stack]<UL><LI>Max Depth = 136<LI>Call Chain = _initio &rArr; freopen &rArr; _fclose_internal &rArr; _fflush &rArr; _writebuf &rArr; _sys_write
</UL>
<BR>[Calls]<UL><LI><a href="#[48]">&gt;&gt;</a>&nbsp;&nbsp;&nbsp;__rt_SIGRTRED
<LI><a href="#[47]">&gt;&gt;</a>&nbsp;&nbsp;&nbsp;freopen
<LI><a href="#[49]">&gt;&gt;</a>&nbsp;&nbsp;&nbsp;setvbuf
<LI><a href="#[46]">&gt;&gt;</a>&nbsp;&nbsp;&nbsp;__aeabi_memclr4
</UL>
<BR>[Called By]<UL><LI><a href="#[2f]">&gt;&gt;</a>&nbsp;&nbsp;&nbsp;__rt_lib_init_stdio_2
</UL>

<P><STRONG><a name="[32]"></a>_terminateio</STRONG> (Thumb, 56 bytes, Stack size 16 bytes, initio.o(.text))
<BR><BR>[Stack]<UL><LI>Max Depth = 120<LI>Call Chain = _terminateio &rArr; _fclose_internal &rArr; _fflush &rArr; _writebuf &rArr; _sys_write
</UL>
<BR>[Calls]<UL><LI><a href="#[4a]">&gt;&gt;</a>&nbsp;&nbsp;&nbsp;_fclose_internal
<LI><a href="#[4b]">&gt;&gt;</a>&nbsp;&nbsp;&nbsp;free
</UL>
<BR>[Called By]<UL><LI><a href="#[31]">&gt;&gt;</a>&nbsp;&nbsp;&nbsp;__rt_lib_shutdown_stdio_2
</UL>

<P><STRONG><a name="[4c]"></a>_sys_open</STRONG> (Thumb, 20 bytes, Stack size 16 bytes, sys_io.o(.text))
<BR><BR>[Stack]<UL><LI>Max Depth = 24<LI>Call Chain = _sys_open &rArr; strlen
</UL>
<BR>[Calls]<UL><LI><a href="#[4d]">&gt;&gt;</a>&nbsp;&nbsp;&nbsp;strlen
</UL>
<BR>[Called By]<UL><LI><a href="#[47]">&gt;&gt;</a>&nbsp;&nbsp;&nbsp;freopen
</UL>

<P><STRONG><a name="[59]"></a>_sys_close</STRONG> (Thumb, 12 bytes, Stack size 8 bytes, sys_io.o(.text))
<BR><BR>[Stack]<UL><LI>Max Depth = 8<LI>Call Chain = _sys_close
</UL>
<BR>[Called By]<UL><LI><a href="#[4a]">&gt;&gt;</a>&nbsp;&nbsp;&nbsp;_fclose_internal
</UL>

<P><STRONG><a name="[64]"></a>_sys_write</STRONG> (Thumb, 16 bytes, Stack size 24 bytes, sys_io.o(.text))
<BR><BR>[Stack]<UL><LI>Max Depth = 24<LI>Call Chain = _sys_write
</UL>
<BR>[Called By]<UL><LI><a href="#[55]">&gt;&gt;</a>&nbsp;&nbsp;&nbsp;_writebuf
</UL>

<P><STRONG><a name="[f0]"></a>_sys_read</STRONG> (Thumb, 14 bytes, Stack size 24 bytes, sys_io.o(.text), UNUSED)

<P><STRONG><a name="[53]"></a>_sys_istty</STRONG> (Thumb, 12 bytes, Stack size 8 bytes, sys_io.o(.text))
<BR><BR>[Stack]<UL><LI>Max Depth = 8<LI>Call Chain = _sys_istty
</UL>
<BR>[Called By]<UL><LI><a href="#[56]">&gt;&gt;</a>&nbsp;&nbsp;&nbsp;_fseek
<LI><a href="#[4f]">&gt;&gt;</a>&nbsp;&nbsp;&nbsp;__flsbuf
</UL>

<P><STRONG><a name="[63]"></a>_sys_seek</STRONG> (Thumb, 14 bytes, Stack size 16 bytes, sys_io.o(.text))
<BR><BR>[Stack]<UL><LI>Max Depth = 16<LI>Call Chain = _sys_seek
</UL>
<BR>[Called By]<UL><LI><a href="#[55]">&gt;&gt;</a>&nbsp;&nbsp;&nbsp;_writebuf
</UL>

<P><STRONG><a name="[f1]"></a>_sys_ensure</STRONG> (Thumb, 2 bytes, Stack size 0 bytes, sys_io.o(.text), UNUSED)

<P><STRONG><a name="[52]"></a>_sys_flen</STRONG> (Thumb, 12 bytes, Stack size 8 bytes, sys_io.o(.text))
<BR><BR>[Stack]<UL><LI>Max Depth = 8<LI>Call Chain = _sys_flen
</UL>
<BR>[Called By]<UL><LI><a href="#[56]">&gt;&gt;</a>&nbsp;&nbsp;&nbsp;_fseek
<LI><a href="#[4f]">&gt;&gt;</a>&nbsp;&nbsp;&nbsp;__flsbuf
</UL>

<P><STRONG><a name="[4b]"></a>free</STRONG> (Thumb, 78 bytes, Stack size 16 bytes, h1_free.o(.text))
<BR><BR>[Stack]<UL><LI>Max Depth = 16<LI>Call Chain = free
</UL>
<BR>[Calls]<UL><LI><a href="#[4e]">&gt;&gt;</a>&nbsp;&nbsp;&nbsp;__rt_heap_descriptor
</UL>
<BR>[Called By]<UL><LI><a href="#[4a]">&gt;&gt;</a>&nbsp;&nbsp;&nbsp;_fclose_internal
<LI><a href="#[32]">&gt;&gt;</a>&nbsp;&nbsp;&nbsp;_terminateio
<LI><a href="#[5e]">&gt;&gt;</a>&nbsp;&nbsp;&nbsp;__Heap_ProvideMemory
</UL>

<P><STRONG><a name="[4f]"></a>__flsbuf</STRONG> (Thumb, 470 bytes, Stack size 32 bytes, flsbuf.o(.text), UNUSED)
<BR><BR>[Calls]<UL><LI><a href="#[50]">&gt;&gt;</a>&nbsp;&nbsp;&nbsp;_deferredlazyseek
<LI><a href="#[55]">&gt;&gt;</a>&nbsp;&nbsp;&nbsp;_writebuf
<LI><a href="#[51]">&gt;&gt;</a>&nbsp;&nbsp;&nbsp;_seterr
<LI><a href="#[54]">&gt;&gt;</a>&nbsp;&nbsp;&nbsp;malloc
<LI><a href="#[52]">&gt;&gt;</a>&nbsp;&nbsp;&nbsp;_sys_flen
<LI><a href="#[53]">&gt;&gt;</a>&nbsp;&nbsp;&nbsp;_sys_istty
</UL>

<P><STRONG><a name="[7d]"></a>__flsbuf_byte</STRONG> (Thumb, 0 bytes, Stack size 32 bytes, flsbuf.o(.text))
<BR><BR>[Stack]<UL><LI>Max Depth = 32<LI>Call Chain = __flsbuf_byte
</UL>
<BR>[Called By]<UL><LI><a href="#[21]">&gt;&gt;</a>&nbsp;&nbsp;&nbsp;fputc
</UL>

<P><STRONG><a name="[f2]"></a>__flsbuf_wide</STRONG> (Thumb, 0 bytes, Stack size 32 bytes, flsbuf.o(.text), UNUSED)

<P><STRONG><a name="[49]"></a>setvbuf</STRONG> (Thumb, 70 bytes, Stack size 16 bytes, setvbuf.o(.text))
<BR><BR>[Stack]<UL><LI>Max Depth = 16<LI>Call Chain = setvbuf
</UL>
<BR>[Called By]<UL><LI><a href="#[30]">&gt;&gt;</a>&nbsp;&nbsp;&nbsp;_initio
</UL>

<P><STRONG><a name="[47]"></a>freopen</STRONG> (Thumb, 158 bytes, Stack size 24 bytes, fopen.o(.text))
<BR><BR>[Stack]<UL><LI>Max Depth = 128<LI>Call Chain = freopen &rArr; _fclose_internal &rArr; _fflush &rArr; _writebuf &rArr; _sys_write
</UL>
<BR>[Calls]<UL><LI><a href="#[56]">&gt;&gt;</a>&nbsp;&nbsp;&nbsp;_fseek
<LI><a href="#[4a]">&gt;&gt;</a>&nbsp;&nbsp;&nbsp;_fclose_internal
<LI><a href="#[4c]">&gt;&gt;</a>&nbsp;&nbsp;&nbsp;_sys_open
</UL>
<BR>[Called By]<UL><LI><a href="#[57]">&gt;&gt;</a>&nbsp;&nbsp;&nbsp;fopen
<LI><a href="#[30]">&gt;&gt;</a>&nbsp;&nbsp;&nbsp;_initio
</UL>

<P><STRONG><a name="[57]"></a>fopen</STRONG> (Thumb, 74 bytes, Stack size 24 bytes, fopen.o(.text), UNUSED)
<BR><BR>[Calls]<UL><LI><a href="#[54]">&gt;&gt;</a>&nbsp;&nbsp;&nbsp;malloc
<LI><a href="#[47]">&gt;&gt;</a>&nbsp;&nbsp;&nbsp;freopen
<LI><a href="#[46]">&gt;&gt;</a>&nbsp;&nbsp;&nbsp;__aeabi_memclr4
</UL>

<P><STRONG><a name="[4a]"></a>_fclose_internal</STRONG> (Thumb, 76 bytes, Stack size 32 bytes, fclose.o(.text))
<BR><BR>[Stack]<UL><LI>Max Depth = 104<LI>Call Chain = _fclose_internal &rArr; _fflush &rArr; _writebuf &rArr; _sys_write
</UL>
<BR>[Calls]<UL><LI><a href="#[58]">&gt;&gt;</a>&nbsp;&nbsp;&nbsp;_fflush
<LI><a href="#[4b]">&gt;&gt;</a>&nbsp;&nbsp;&nbsp;free
<LI><a href="#[59]">&gt;&gt;</a>&nbsp;&nbsp;&nbsp;_sys_close
<LI><a href="#[46]">&gt;&gt;</a>&nbsp;&nbsp;&nbsp;__aeabi_memclr4
</UL>
<BR>[Called By]<UL><LI><a href="#[47]">&gt;&gt;</a>&nbsp;&nbsp;&nbsp;freopen
<LI><a href="#[32]">&gt;&gt;</a>&nbsp;&nbsp;&nbsp;_terminateio
</UL>

<P><STRONG><a name="[f3]"></a>fclose</STRONG> (Thumb, 0 bytes, Stack size 32 bytes, fclose.o(.text), UNUSED)

<P><STRONG><a name="[37]"></a>exit</STRONG> (Thumb, 18 bytes, Stack size 8 bytes, exit.o(.text))
<BR><BR>[Stack]<UL><LI>Max Depth = 8 + Unknown Stack Size
<LI>Call Chain = exit
</UL>
<BR>[Calls]<UL><LI><a href="#[5a]">&gt;&gt;</a>&nbsp;&nbsp;&nbsp;__rt_exit
</UL>
<BR>[Called By]<UL><LI><a href="#[35]">&gt;&gt;</a>&nbsp;&nbsp;&nbsp;__rt_entry_main
</UL>

<P><STRONG><a name="[48]"></a>__rt_SIGRTRED</STRONG> (Thumb, 14 bytes, Stack size 8 bytes, defsig_rtred_outer.o(.text))
<BR><BR>[Stack]<UL><LI>Max Depth = 40<LI>Call Chain = __rt_SIGRTRED &rArr; __rt_SIGRTRED_inner &rArr; __default_signal_display &rArr; _ttywrch
</UL>
<BR>[Calls]<UL><LI><a href="#[5c]">&gt;&gt;</a>&nbsp;&nbsp;&nbsp;__sig_exit
<LI><a href="#[5b]">&gt;&gt;</a>&nbsp;&nbsp;&nbsp;__rt_SIGRTRED_inner
</UL>
<BR>[Called By]<UL><LI><a href="#[30]">&gt;&gt;</a>&nbsp;&nbsp;&nbsp;_initio
</UL>

<P><STRONG><a name="[f4]"></a>__I$use$semihosting</STRONG> (Thumb, 0 bytes, Stack size 0 bytes, use_no_semi.o(.text), UNUSED)

<P><STRONG><a name="[f5]"></a>__use_no_semihosting_swi</STRONG> (Thumb, 2 bytes, Stack size 0 bytes, use_no_semi.o(.text), UNUSED)

<P><STRONG><a name="[f6]"></a>__semihosting_library_function</STRONG> (Thumb, 0 bytes, Stack size unknown bytes, indicate_semi.o(.text), UNUSED)

<P><STRONG><a name="[4e]"></a>__rt_heap_descriptor</STRONG> (Thumb, 8 bytes, Stack size 0 bytes, rt_heap_descriptor_intlibspace.o(.text))
<BR><BR>[Called By]<UL><LI><a href="#[54]">&gt;&gt;</a>&nbsp;&nbsp;&nbsp;malloc
<LI><a href="#[2e]">&gt;&gt;</a>&nbsp;&nbsp;&nbsp;_init_alloc
<LI><a href="#[4b]">&gt;&gt;</a>&nbsp;&nbsp;&nbsp;free
</UL>

<P><STRONG><a name="[f7]"></a>__use_no_heap</STRONG> (Thumb, 2 bytes, Stack size 0 bytes, hguard.o(.text), UNUSED)

<P><STRONG><a name="[f8]"></a>__heap$guard</STRONG> (Thumb, 2 bytes, Stack size 0 bytes, hguard.o(.text), UNUSED)

<P><STRONG><a name="[6]"></a>_terminate_user_alloc</STRONG> (Thumb, 2 bytes, Stack size 0 bytes, init_alloc.o(.text), UNUSED)

<P><STRONG><a name="[5]"></a>_init_user_alloc</STRONG> (Thumb, 2 bytes, Stack size 0 bytes, init_alloc.o(.text), UNUSED)

<P><STRONG><a name="[5d]"></a>__Heap_Full</STRONG> (Thumb, 34 bytes, Stack size 16 bytes, init_alloc.o(.text), UNUSED)
<BR><BR>[Calls]<UL><LI><a href="#[5e]">&gt;&gt;</a>&nbsp;&nbsp;&nbsp;__Heap_ProvideMemory
</UL>
<BR>[Called By]<UL><LI><a href="#[54]">&gt;&gt;</a>&nbsp;&nbsp;&nbsp;malloc
</UL>

<P><STRONG><a name="[5f]"></a>__Heap_Broken</STRONG> (Thumb, 6 bytes, Stack size 0 bytes, init_alloc.o(.text), UNUSED)
<BR><BR>[Calls]<UL><LI><a href="#[60]">&gt;&gt;</a>&nbsp;&nbsp;&nbsp;__rt_SIGRTMEM
</UL>

<P><STRONG><a name="[2e]"></a>_init_alloc</STRONG> (Thumb, 94 bytes, Stack size 24 bytes, init_alloc.o(.text))
<BR><BR>[Stack]<UL><LI>Max Depth = 64<LI>Call Chain = _init_alloc &rArr; __rt_SIGRTMEM &rArr; __rt_SIGRTMEM_inner &rArr; __default_signal_display &rArr; _ttywrch
</UL>
<BR>[Calls]<UL><LI><a href="#[4e]">&gt;&gt;</a>&nbsp;&nbsp;&nbsp;__rt_heap_descriptor
<LI><a href="#[60]">&gt;&gt;</a>&nbsp;&nbsp;&nbsp;__rt_SIGRTMEM
<LI><a href="#[5e]">&gt;&gt;</a>&nbsp;&nbsp;&nbsp;__Heap_ProvideMemory
<LI><a href="#[61]">&gt;&gt;</a>&nbsp;&nbsp;&nbsp;__Heap_Initialize
</UL>
<BR>[Called By]<UL><LI><a href="#[2d]">&gt;&gt;</a>&nbsp;&nbsp;&nbsp;__rt_lib_init_heap_2
</UL>

<P><STRONG><a name="[54]"></a>malloc</STRONG> (Thumb, 94 bytes, Stack size 16 bytes, h1_alloc.o(.text), UNUSED)
<BR><BR>[Calls]<UL><LI><a href="#[5d]">&gt;&gt;</a>&nbsp;&nbsp;&nbsp;__Heap_Full
<LI><a href="#[4e]">&gt;&gt;</a>&nbsp;&nbsp;&nbsp;__rt_heap_descriptor
</UL>
<BR>[Called By]<UL><LI><a href="#[57]">&gt;&gt;</a>&nbsp;&nbsp;&nbsp;fopen
<LI><a href="#[4f]">&gt;&gt;</a>&nbsp;&nbsp;&nbsp;__flsbuf
</UL>

<P><STRONG><a name="[56]"></a>_fseek</STRONG> (Thumb, 242 bytes, Stack size 24 bytes, fseek.o(.text))
<BR><BR>[Stack]<UL><LI>Max Depth = 32<LI>Call Chain = _fseek &rArr; _sys_flen
</UL>
<BR>[Calls]<UL><LI><a href="#[51]">&gt;&gt;</a>&nbsp;&nbsp;&nbsp;_seterr
<LI><a href="#[52]">&gt;&gt;</a>&nbsp;&nbsp;&nbsp;_sys_flen
<LI><a href="#[53]">&gt;&gt;</a>&nbsp;&nbsp;&nbsp;_sys_istty
<LI><a href="#[62]">&gt;&gt;</a>&nbsp;&nbsp;&nbsp;_ftell_internal
</UL>
<BR>[Called By]<UL><LI><a href="#[47]">&gt;&gt;</a>&nbsp;&nbsp;&nbsp;freopen
</UL>

<P><STRONG><a name="[f9]"></a>fseek</STRONG> (Thumb, 0 bytes, Stack size 24 bytes, fseek.o(.text), UNUSED)

<P><STRONG><a name="[51]"></a>_seterr</STRONG> (Thumb, 20 bytes, Stack size 0 bytes, stdio.o(.text))
<BR><BR>[Called By]<UL><LI><a href="#[55]">&gt;&gt;</a>&nbsp;&nbsp;&nbsp;_writebuf
<LI><a href="#[56]">&gt;&gt;</a>&nbsp;&nbsp;&nbsp;_fseek
<LI><a href="#[4f]">&gt;&gt;</a>&nbsp;&nbsp;&nbsp;__flsbuf
</UL>

<P><STRONG><a name="[55]"></a>_writebuf</STRONG> (Thumb, 84 bytes, Stack size 32 bytes, stdio.o(.text))
<BR><BR>[Stack]<UL><LI>Max Depth = 56<LI>Call Chain = _writebuf &rArr; _sys_write
</UL>
<BR>[Calls]<UL><LI><a href="#[51]">&gt;&gt;</a>&nbsp;&nbsp;&nbsp;_seterr
<LI><a href="#[63]">&gt;&gt;</a>&nbsp;&nbsp;&nbsp;_sys_seek
<LI><a href="#[64]">&gt;&gt;</a>&nbsp;&nbsp;&nbsp;_sys_write
</UL>
<BR>[Called By]<UL><LI><a href="#[58]">&gt;&gt;</a>&nbsp;&nbsp;&nbsp;_fflush
<LI><a href="#[4f]">&gt;&gt;</a>&nbsp;&nbsp;&nbsp;__flsbuf
</UL>

<P><STRONG><a name="[58]"></a>_fflush</STRONG> (Thumb, 70 bytes, Stack size 16 bytes, stdio.o(.text))
<BR><BR>[Stack]<UL><LI>Max Depth = 72<LI>Call Chain = _fflush &rArr; _writebuf &rArr; _sys_write
</UL>
<BR>[Calls]<UL><LI><a href="#[55]">&gt;&gt;</a>&nbsp;&nbsp;&nbsp;_writebuf
</UL>
<BR>[Called By]<UL><LI><a href="#[50]">&gt;&gt;</a>&nbsp;&nbsp;&nbsp;_deferredlazyseek
<LI><a href="#[4a]">&gt;&gt;</a>&nbsp;&nbsp;&nbsp;_fclose_internal
</UL>

<P><STRONG><a name="[50]"></a>_deferredlazyseek</STRONG> (Thumb, 60 bytes, Stack size 8 bytes, stdio.o(.text), UNUSED)
<BR><BR>[Calls]<UL><LI><a href="#[58]">&gt;&gt;</a>&nbsp;&nbsp;&nbsp;_fflush
</UL>
<BR>[Called By]<UL><LI><a href="#[4f]">&gt;&gt;</a>&nbsp;&nbsp;&nbsp;__flsbuf
</UL>

<P><STRONG><a name="[5c]"></a>__sig_exit</STRONG> (Thumb, 10 bytes, Stack size 0 bytes, defsig_exit.o(.text))
<BR><BR>[Calls]<UL><LI><a href="#[3b]">&gt;&gt;</a>&nbsp;&nbsp;&nbsp;_sys_exit
</UL>
<BR>[Called By]<UL><LI><a href="#[48]">&gt;&gt;</a>&nbsp;&nbsp;&nbsp;__rt_SIGRTRED
<LI><a href="#[60]">&gt;&gt;</a>&nbsp;&nbsp;&nbsp;__rt_SIGRTMEM
</UL>

<P><STRONG><a name="[5b]"></a>__rt_SIGRTRED_inner</STRONG> (Thumb, 14 bytes, Stack size 8 bytes, defsig_rtred_inner.o(.text))
<BR><BR>[Stack]<UL><LI>Max Depth = 32<LI>Call Chain = __rt_SIGRTRED_inner &rArr; __default_signal_display &rArr; _ttywrch
</UL>
<BR>[Calls]<UL><LI><a href="#[65]">&gt;&gt;</a>&nbsp;&nbsp;&nbsp;__default_signal_display
</UL>
<BR>[Called By]<UL><LI><a href="#[48]">&gt;&gt;</a>&nbsp;&nbsp;&nbsp;__rt_SIGRTRED
</UL>

<P><STRONG><a name="[4d]"></a>strlen</STRONG> (Thumb, 62 bytes, Stack size 8 bytes, strlen.o(.text))
<BR><BR>[Stack]<UL><LI>Max Depth = 8<LI>Call Chain = strlen
</UL>
<BR>[Called By]<UL><LI><a href="#[4c]">&gt;&gt;</a>&nbsp;&nbsp;&nbsp;_sys_open
</UL>

<P><STRONG><a name="[3b]"></a>_sys_exit</STRONG> (Thumb, 8 bytes, Stack size 0 bytes, sys_exit.o(.text))
<BR><BR>[Called By]<UL><LI><a href="#[5c]">&gt;&gt;</a>&nbsp;&nbsp;&nbsp;__sig_exit
<LI><a href="#[3a]">&gt;&gt;</a>&nbsp;&nbsp;&nbsp;__rt_exit_exit
</UL>

<P><STRONG><a name="[61]"></a>__Heap_Initialize</STRONG> (Thumb, 10 bytes, Stack size 0 bytes, h1_init.o(.text))
<BR><BR>[Called By]<UL><LI><a href="#[2e]">&gt;&gt;</a>&nbsp;&nbsp;&nbsp;_init_alloc
</UL>

<P><STRONG><a name="[9]"></a>__Heap_DescSize</STRONG> (Thumb, 4 bytes, Stack size 0 bytes, h1_init.o(.text), UNUSED)

<P><STRONG><a name="[5e]"></a>__Heap_ProvideMemory</STRONG> (Thumb, 52 bytes, Stack size 0 bytes, h1_extend.o(.text))
<BR><BR>[Stack]<UL><LI>Max Depth = 16<LI>Call Chain = __Heap_ProvideMemory &rArr; free
</UL>
<BR>[Calls]<UL><LI><a href="#[4b]">&gt;&gt;</a>&nbsp;&nbsp;&nbsp;free
</UL>
<BR>[Called By]<UL><LI><a href="#[2e]">&gt;&gt;</a>&nbsp;&nbsp;&nbsp;_init_alloc
<LI><a href="#[5d]">&gt;&gt;</a>&nbsp;&nbsp;&nbsp;__Heap_Full
</UL>

<P><STRONG><a name="[62]"></a>_ftell_internal</STRONG> (Thumb, 66 bytes, Stack size 8 bytes, ftell.o(.text))
<BR><BR>[Stack]<UL><LI>Max Depth = 8<LI>Call Chain = _ftell_internal
</UL>
<BR>[Calls]<UL><LI><a href="#[66]">&gt;&gt;</a>&nbsp;&nbsp;&nbsp;__aeabi_errno_addr
</UL>
<BR>[Called By]<UL><LI><a href="#[56]">&gt;&gt;</a>&nbsp;&nbsp;&nbsp;_fseek
</UL>

<P><STRONG><a name="[fa]"></a>ftell</STRONG> (Thumb, 0 bytes, Stack size 8 bytes, ftell.o(.text), UNUSED)

<P><STRONG><a name="[65]"></a>__default_signal_display</STRONG> (Thumb, 50 bytes, Stack size 16 bytes, defsig_general.o(.text))
<BR><BR>[Stack]<UL><LI>Max Depth = 24<LI>Call Chain = __default_signal_display &rArr; _ttywrch
</UL>
<BR>[Calls]<UL><LI><a href="#[67]">&gt;&gt;</a>&nbsp;&nbsp;&nbsp;_ttywrch
</UL>
<BR>[Called By]<UL><LI><a href="#[68]">&gt;&gt;</a>&nbsp;&nbsp;&nbsp;__rt_SIGRTMEM_inner
<LI><a href="#[5b]">&gt;&gt;</a>&nbsp;&nbsp;&nbsp;__rt_SIGRTRED_inner
</UL>

<P><STRONG><a name="[60]"></a>__rt_SIGRTMEM</STRONG> (Thumb, 14 bytes, Stack size 8 bytes, defsig_rtmem_outer.o(.text))
<BR><BR>[Stack]<UL><LI>Max Depth = 40<LI>Call Chain = __rt_SIGRTMEM &rArr; __rt_SIGRTMEM_inner &rArr; __default_signal_display &rArr; _ttywrch
</UL>
<BR>[Calls]<UL><LI><a href="#[5c]">&gt;&gt;</a>&nbsp;&nbsp;&nbsp;__sig_exit
<LI><a href="#[68]">&gt;&gt;</a>&nbsp;&nbsp;&nbsp;__rt_SIGRTMEM_inner
</UL>
<BR>[Called By]<UL><LI><a href="#[2e]">&gt;&gt;</a>&nbsp;&nbsp;&nbsp;_init_alloc
<LI><a href="#[5f]">&gt;&gt;</a>&nbsp;&nbsp;&nbsp;__Heap_Broken
</UL>

<P><STRONG><a name="[67]"></a>_ttywrch</STRONG> (Thumb, 14 bytes, Stack size 8 bytes, sys_wrch.o(.text))
<BR><BR>[Stack]<UL><LI>Max Depth = 8<LI>Call Chain = _ttywrch
</UL>
<BR>[Called By]<UL><LI><a href="#[65]">&gt;&gt;</a>&nbsp;&nbsp;&nbsp;__default_signal_display
</UL>

<P><STRONG><a name="[66]"></a>__aeabi_errno_addr</STRONG> (Thumb, 8 bytes, Stack size 0 bytes, rt_errno_addr_intlibspace.o(.text))
<BR><BR>[Called By]<UL><LI><a href="#[62]">&gt;&gt;</a>&nbsp;&nbsp;&nbsp;_ftell_internal
</UL>

<P><STRONG><a name="[fb]"></a>__errno$intlibspace</STRONG> (Thumb, 0 bytes, Stack size 0 bytes, rt_errno_addr_intlibspace.o(.text), UNUSED)

<P><STRONG><a name="[fc]"></a>__rt_errno_addr$intlibspace</STRONG> (Thumb, 0 bytes, Stack size 0 bytes, rt_errno_addr_intlibspace.o(.text), UNUSED)

<P><STRONG><a name="[68]"></a>__rt_SIGRTMEM_inner</STRONG> (Thumb, 22 bytes, Stack size 8 bytes, defsig_rtmem_inner.o(.text))
<BR><BR>[Stack]<UL><LI>Max Depth = 32<LI>Call Chain = __rt_SIGRTMEM_inner &rArr; __default_signal_display &rArr; _ttywrch
</UL>
<BR>[Calls]<UL><LI><a href="#[65]">&gt;&gt;</a>&nbsp;&nbsp;&nbsp;__default_signal_display
</UL>
<BR>[Called By]<UL><LI><a href="#[60]">&gt;&gt;</a>&nbsp;&nbsp;&nbsp;__rt_SIGRTMEM
</UL>

<P><STRONG><a name="[1f]"></a>SystemInit</STRONG> (Thumb, 14 bytes, Stack size 0 bytes, system_armcm4.o(i.SystemInit))
<BR>[Address Reference Count : 1]<UL><LI> startup_armcm4.o(.text)
</UL>
<P><STRONG><a name="[26]"></a>application_entry</STRONG> (Thumb, 66 bytes, Stack size 24 bytes, hello_world.o(i.application_entry))
<BR><BR>[Stack]<UL><LI>Max Depth = 104 + Unknown Stack Size
<LI>Call Chain = application_entry &rArr; tos_task_create &rArr; readyqueue_add_tail &rArr; tos_list_add_tail
</UL>
<BR>[Calls]<UL><LI><a href="#[6b]">&gt;&gt;</a>&nbsp;&nbsp;&nbsp;tos_task_create
</UL>
<BR>[Address Reference Count : 1]<UL><LI> main.o(i.main)
</UL>
<P><STRONG><a name="[74]"></a>cpu_context_switch</STRONG> (Thumb, 8 bytes, Stack size 8 bytes, tos_cpu.o(i.cpu_context_switch))
<BR><BR>[Stack]<UL><LI>Max Depth = 8 + Unknown Stack Size
<LI>Call Chain = cpu_context_switch
</UL>
<BR>[Calls]<UL><LI><a href="#[75]">&gt;&gt;</a>&nbsp;&nbsp;&nbsp;port_context_switch
</UL>
<BR>[Called By]<UL><LI><a href="#[80]">&gt;&gt;</a>&nbsp;&nbsp;&nbsp;knl_sched
</UL>

<P><STRONG><a name="[76]"></a>cpu_init</STRONG> (Thumb, 28 bytes, Stack size 8 bytes, tos_cpu.o(i.cpu_init))
<BR><BR>[Stack]<UL><LI>Max Depth = 56<LI>Call Chain = cpu_init &rArr; __aeabi_uldivmod
</UL>
<BR>[Calls]<UL><LI><a href="#[78]">&gt;&gt;</a>&nbsp;&nbsp;&nbsp;cpu_systick_init
<LI><a href="#[77]">&gt;&gt;</a>&nbsp;&nbsp;&nbsp;__aeabi_uldivmod
</UL>
<BR>[Called By]<UL><LI><a href="#[88]">&gt;&gt;</a>&nbsp;&nbsp;&nbsp;tos_knl_init
</UL>

<P><STRONG><a name="[79]"></a>cpu_sched_start</STRONG> (Thumb, 4 bytes, Stack size 0 bytes, tos_cpu.o(i.cpu_sched_start))
<BR><BR>[Calls]<UL><LI><a href="#[7a]">&gt;&gt;</a>&nbsp;&nbsp;&nbsp;port_sched_start
</UL>
<BR>[Called By]<UL><LI><a href="#[89]">&gt;&gt;</a>&nbsp;&nbsp;&nbsp;tos_knl_start
</UL>

<P><STRONG><a name="[78]"></a>cpu_systick_init</STRONG> (Thumb, 18 bytes, Stack size 8 bytes, tos_cpu.o(i.cpu_systick_init))
<BR><BR>[Stack]<UL><LI>Max Depth = 32<LI>Call Chain = cpu_systick_init &rArr; port_systick_config &rArr; __NVIC_SetPriority
</UL>
<BR>[Calls]<UL><LI><a href="#[7b]">&gt;&gt;</a>&nbsp;&nbsp;&nbsp;port_systick_priority_set
<LI><a href="#[7c]">&gt;&gt;</a>&nbsp;&nbsp;&nbsp;port_systick_config
</UL>
<BR>[Called By]<UL><LI><a href="#[76]">&gt;&gt;</a>&nbsp;&nbsp;&nbsp;cpu_init
</UL>

<P><STRONG><a name="[bf]"></a>cpu_task_stk_init</STRONG> (Thumb, 160 bytes, Stack size 20 bytes, tos_cpu.o(i.cpu_task_stk_init))
<BR><BR>[Stack]<UL><LI>Max Depth = 20<LI>Call Chain = cpu_task_stk_init
</UL>
<BR>[Called By]<UL><LI><a href="#[6b]">&gt;&gt;</a>&nbsp;&nbsp;&nbsp;tos_task_create
</UL>

<P><STRONG><a name="[21]"></a>fputc</STRONG> (Thumb, 26 bytes, Stack size 0 bytes, fputc.o(i.fputc))
<BR><BR>[Stack]<UL><LI>Max Depth = 32<LI>Call Chain = fputc &rArr; __flsbuf_byte
</UL>
<BR>[Calls]<UL><LI><a href="#[7d]">&gt;&gt;</a>&nbsp;&nbsp;&nbsp;__flsbuf_byte
</UL>
<BR>[Address Reference Count : 1]<UL><LI> _printf_char_file.o(.text)
</UL>
<P><STRONG><a name="[7f]"></a>knl_idle_init</STRONG> (Thumb, 38 bytes, Stack size 24 bytes, tos_sys.o(i.knl_idle_init))
<BR><BR>[Stack]<UL><LI>Max Depth = 104 + Unknown Stack Size
<LI>Call Chain = knl_idle_init &rArr; tos_task_create &rArr; readyqueue_add_tail &rArr; tos_list_add_tail
</UL>
<BR>[Calls]<UL><LI><a href="#[6b]">&gt;&gt;</a>&nbsp;&nbsp;&nbsp;tos_task_create
</UL>
<BR>[Called By]<UL><LI><a href="#[88]">&gt;&gt;</a>&nbsp;&nbsp;&nbsp;tos_knl_init
</UL>

<P><STRONG><a name="[a7]"></a>knl_is_idle</STRONG> (Thumb, 16 bytes, Stack size 0 bytes, tos_sys.o(i.knl_is_idle))
<BR><BR>[Called By]<UL><LI><a href="#[a6]">&gt;&gt;</a>&nbsp;&nbsp;&nbsp;task_do_destroy
<LI><a href="#[6b]">&gt;&gt;</a>&nbsp;&nbsp;&nbsp;tos_task_create
</UL>

<P><STRONG><a name="[82]"></a>knl_is_inirq</STRONG> (Thumb, 14 bytes, Stack size 0 bytes, tos_sys.o(i.knl_is_inirq))
<BR><BR>[Called By]<UL><LI><a href="#[8e]">&gt;&gt;</a>&nbsp;&nbsp;&nbsp;tos_task_prio_change
<LI><a href="#[80]">&gt;&gt;</a>&nbsp;&nbsp;&nbsp;knl_sched
<LI><a href="#[c0]">&gt;&gt;</a>&nbsp;&nbsp;&nbsp;tos_task_yield
<LI><a href="#[ac]">&gt;&gt;</a>&nbsp;&nbsp;&nbsp;tos_task_destroy
<LI><a href="#[a4]">&gt;&gt;</a>&nbsp;&nbsp;&nbsp;tos_task_delay
<LI><a href="#[6b]">&gt;&gt;</a>&nbsp;&nbsp;&nbsp;tos_task_create
</UL>

<P><STRONG><a name="[83]"></a>knl_is_sched_locked</STRONG> (Thumb, 14 bytes, Stack size 0 bytes, tos_sys.o(i.knl_is_sched_locked))
<BR><BR>[Called By]<UL><LI><a href="#[80]">&gt;&gt;</a>&nbsp;&nbsp;&nbsp;knl_sched
<LI><a href="#[ac]">&gt;&gt;</a>&nbsp;&nbsp;&nbsp;tos_task_destroy
<LI><a href="#[a4]">&gt;&gt;</a>&nbsp;&nbsp;&nbsp;tos_task_delay
</UL>

<P><STRONG><a name="[86]"></a>knl_is_self</STRONG> (Thumb, 18 bytes, Stack size 0 bytes, tos_sys.o(i.knl_is_self))
<BR><BR>[Called By]<UL><LI><a href="#[8e]">&gt;&gt;</a>&nbsp;&nbsp;&nbsp;tos_task_prio_change
<LI><a href="#[80]">&gt;&gt;</a>&nbsp;&nbsp;&nbsp;knl_sched
<LI><a href="#[ac]">&gt;&gt;</a>&nbsp;&nbsp;&nbsp;tos_task_destroy
</UL>

<P><STRONG><a name="[80]"></a>knl_sched</STRONG> (Thumb, 94 bytes, Stack size 8 bytes, tos_sys.o(i.knl_sched))
<BR><BR>[Stack]<UL><LI>Max Depth = 16 + Unknown Stack Size
<LI>Call Chain = knl_sched &rArr; tos_cpu_cpsr_save
</UL>
<BR>[Calls]<UL><LI><a href="#[84]">&gt;&gt;</a>&nbsp;&nbsp;&nbsp;tos_cpu_cpsr_save
<LI><a href="#[87]">&gt;&gt;</a>&nbsp;&nbsp;&nbsp;tos_cpu_cpsr_restore
<LI><a href="#[74]">&gt;&gt;</a>&nbsp;&nbsp;&nbsp;cpu_context_switch
<LI><a href="#[86]">&gt;&gt;</a>&nbsp;&nbsp;&nbsp;knl_is_self
<LI><a href="#[83]">&gt;&gt;</a>&nbsp;&nbsp;&nbsp;knl_is_sched_locked
<LI><a href="#[82]">&gt;&gt;</a>&nbsp;&nbsp;&nbsp;knl_is_inirq
<LI><a href="#[85]">&gt;&gt;</a>&nbsp;&nbsp;&nbsp;readyqueue_highest_ready_task_get
<LI><a href="#[81]">&gt;&gt;</a>&nbsp;&nbsp;&nbsp;tos_knl_is_running
</UL>
<BR>[Called By]<UL><LI><a href="#[8e]">&gt;&gt;</a>&nbsp;&nbsp;&nbsp;tos_task_prio_change
<LI><a href="#[c0]">&gt;&gt;</a>&nbsp;&nbsp;&nbsp;tos_task_yield
<LI><a href="#[a4]">&gt;&gt;</a>&nbsp;&nbsp;&nbsp;tos_task_delay
<LI><a href="#[a6]">&gt;&gt;</a>&nbsp;&nbsp;&nbsp;task_do_destroy
<LI><a href="#[6b]">&gt;&gt;</a>&nbsp;&nbsp;&nbsp;tos_task_create
</UL>

<P><STRONG><a name="[36]"></a>main</STRONG> (Thumb, 52 bytes, Stack size 24 bytes, main.o(i.main))
<BR><BR>[Stack]<UL><LI>Max Depth = 152 + Unknown Stack Size
<LI>Call Chain = main &rArr; __2printf &rArr; _printf_char_file &rArr; _printf_char_common &rArr; __printf
</UL>
<BR>[Calls]<UL><LI><a href="#[6b]">&gt;&gt;</a>&nbsp;&nbsp;&nbsp;tos_task_create
<LI><a href="#[89]">&gt;&gt;</a>&nbsp;&nbsp;&nbsp;tos_knl_start
<LI><a href="#[88]">&gt;&gt;</a>&nbsp;&nbsp;&nbsp;tos_knl_init
<LI><a href="#[3c]">&gt;&gt;</a>&nbsp;&nbsp;&nbsp;__2printf
</UL>
<BR>[Called By]<UL><LI><a href="#[35]">&gt;&gt;</a>&nbsp;&nbsp;&nbsp;__rt_entry_main
</UL>

<P><STRONG><a name="[8a]"></a>mmheap_init_with_pool</STRONG> (Thumb, 20 bytes, Stack size 16 bytes, tos_mmheap.o(i.mmheap_init_with_pool))
<BR><BR>[Stack]<UL><LI>Max Depth = 112 + Unknown Stack Size
<LI>Call Chain = mmheap_init_with_pool &rArr; tos_mmheap_pool_add &rArr; blk_insert &rArr; mapping_insert &rArr; __fls &rArr; generic_fls &rArr; tos_cpu_clz
</UL>
<BR>[Calls]<UL><LI><a href="#[8c]">&gt;&gt;</a>&nbsp;&nbsp;&nbsp;tos_mmheap_pool_add
<LI><a href="#[8b]">&gt;&gt;</a>&nbsp;&nbsp;&nbsp;mmheap_ctl_init
</UL>
<BR>[Called By]<UL><LI><a href="#[88]">&gt;&gt;</a>&nbsp;&nbsp;&nbsp;tos_knl_init
</UL>

<P><STRONG><a name="[8f]"></a>mutex_release</STRONG> (Thumb, 20 bytes, Stack size 8 bytes, tos_mutex.o(i.mutex_release))
<BR><BR>[Stack]<UL><LI>Max Depth = 88 + Unknown Stack Size
<LI>Call Chain = mutex_release &rArr; mutex_old_owner_release &rArr; tos_task_prio_change &rArr; readyqueue_remove &rArr; readyqueue_prio_highest_get &rArr; tos_cpu_clz
</UL>
<BR>[Calls]<UL><LI><a href="#[8d]">&gt;&gt;</a>&nbsp;&nbsp;&nbsp;mutex_old_owner_release
<LI><a href="#[90]">&gt;&gt;</a>&nbsp;&nbsp;&nbsp;pend_wakeup_all
</UL>
<BR>[Called By]<UL><LI><a href="#[a9]">&gt;&gt;</a>&nbsp;&nbsp;&nbsp;task_mutex_release
</UL>

<P><STRONG><a name="[91]"></a>pend_highest_pending_prio_get</STRONG> (Thumb, 34 bytes, Stack size 16 bytes, tos_pend.o(i.pend_highest_pending_prio_get))
<BR><BR>[Stack]<UL><LI>Max Depth = 16<LI>Call Chain = pend_highest_pending_prio_get
</UL>
<BR>[Calls]<UL><LI><a href="#[92]">&gt;&gt;</a>&nbsp;&nbsp;&nbsp;tos_list_empty
</UL>
<BR>[Called By]<UL><LI><a href="#[ad]">&gt;&gt;</a>&nbsp;&nbsp;&nbsp;task_highest_pending_prio_get
</UL>

<P><STRONG><a name="[93]"></a>pend_list_adjust</STRONG> (Thumb, 22 bytes, Stack size 8 bytes, tos_pend.o(i.pend_list_adjust))
<BR><BR>[Stack]<UL><LI>Max Depth = 20<LI>Call Chain = pend_list_adjust &rArr; pend_list_add
</UL>
<BR>[Calls]<UL><LI><a href="#[94]">&gt;&gt;</a>&nbsp;&nbsp;&nbsp;tos_list_del
<LI><a href="#[95]">&gt;&gt;</a>&nbsp;&nbsp;&nbsp;pend_list_add
</UL>
<BR>[Called By]<UL><LI><a href="#[8e]">&gt;&gt;</a>&nbsp;&nbsp;&nbsp;tos_task_prio_change
</UL>

<P><STRONG><a name="[96]"></a>pend_list_remove</STRONG> (Thumb, 34 bytes, Stack size 8 bytes, tos_pend.o(i.pend_list_remove))
<BR><BR>[Stack]<UL><LI>Max Depth = 8<LI>Call Chain = pend_list_remove
</UL>
<BR>[Calls]<UL><LI><a href="#[94]">&gt;&gt;</a>&nbsp;&nbsp;&nbsp;tos_list_del
</UL>
<BR>[Called By]<UL><LI><a href="#[97]">&gt;&gt;</a>&nbsp;&nbsp;&nbsp;pend_task_wakeup
<LI><a href="#[a6]">&gt;&gt;</a>&nbsp;&nbsp;&nbsp;task_do_destroy
</UL>

<P><STRONG><a name="[97]"></a>pend_task_wakeup</STRONG> (Thumb, 70 bytes, Stack size 16 bytes, tos_pend.o(i.pend_task_wakeup))
<BR><BR>[Stack]<UL><LI>Max Depth = 56 + Unknown Stack Size
<LI>Call Chain = pend_task_wakeup &rArr; readyqueue_add &rArr; readyqueue_add_tail &rArr; tos_list_add_tail
</UL>
<BR>[Calls]<UL><LI><a href="#[98]">&gt;&gt;</a>&nbsp;&nbsp;&nbsp;tick_list_remove
<LI><a href="#[99]">&gt;&gt;</a>&nbsp;&nbsp;&nbsp;readyqueue_add
<LI><a href="#[96]">&gt;&gt;</a>&nbsp;&nbsp;&nbsp;pend_list_remove
</UL>
<BR>[Called By]<UL><LI><a href="#[90]">&gt;&gt;</a>&nbsp;&nbsp;&nbsp;pend_wakeup_all
</UL>

<P><STRONG><a name="[90]"></a>pend_wakeup_all</STRONG> (Thumb, 50 bytes, Stack size 24 bytes, tos_pend.o(i.pend_wakeup_all))
<BR><BR>[Stack]<UL><LI>Max Depth = 80 + Unknown Stack Size
<LI>Call Chain = pend_wakeup_all &rArr; pend_task_wakeup &rArr; readyqueue_add &rArr; readyqueue_add_tail &rArr; tos_list_add_tail
</UL>
<BR>[Calls]<UL><LI><a href="#[97]">&gt;&gt;</a>&nbsp;&nbsp;&nbsp;pend_task_wakeup
</UL>
<BR>[Called By]<UL><LI><a href="#[8f]">&gt;&gt;</a>&nbsp;&nbsp;&nbsp;mutex_release
</UL>

<P><STRONG><a name="[7c]"></a>port_systick_config</STRONG> (Thumb, 50 bytes, Stack size 16 bytes, port_c.o(i.port_systick_config))
<BR><BR>[Stack]<UL><LI>Max Depth = 24<LI>Call Chain = port_systick_config &rArr; __NVIC_SetPriority
</UL>
<BR>[Calls]<UL><LI><a href="#[9a]">&gt;&gt;</a>&nbsp;&nbsp;&nbsp;__NVIC_SetPriority
</UL>
<BR>[Called By]<UL><LI><a href="#[78]">&gt;&gt;</a>&nbsp;&nbsp;&nbsp;cpu_systick_init
</UL>

<P><STRONG><a name="[7b]"></a>port_systick_priority_set</STRONG> (Thumb, 16 bytes, Stack size 8 bytes, port_c.o(i.port_systick_priority_set))
<BR><BR>[Stack]<UL><LI>Max Depth = 16<LI>Call Chain = port_systick_priority_set &rArr; __NVIC_SetPriority
</UL>
<BR>[Calls]<UL><LI><a href="#[9a]">&gt;&gt;</a>&nbsp;&nbsp;&nbsp;__NVIC_SetPriority
</UL>
<BR>[Called By]<UL><LI><a href="#[78]">&gt;&gt;</a>&nbsp;&nbsp;&nbsp;cpu_systick_init
</UL>

<P><STRONG><a name="[99]"></a>readyqueue_add</STRONG> (Thumb, 36 bytes, Stack size 8 bytes, tos_sched.o(i.readyqueue_add))
<BR><BR>[Stack]<UL><LI>Max Depth = 40<LI>Call Chain = readyqueue_add &rArr; readyqueue_add_tail &rArr; tos_list_add_tail
</UL>
<BR>[Calls]<UL><LI><a href="#[9b]">&gt;&gt;</a>&nbsp;&nbsp;&nbsp;readyqueue_add_tail
<LI><a href="#[9c]">&gt;&gt;</a>&nbsp;&nbsp;&nbsp;readyqueue_add_head
</UL>
<BR>[Called By]<UL><LI><a href="#[97]">&gt;&gt;</a>&nbsp;&nbsp;&nbsp;pend_task_wakeup
</UL>

<P><STRONG><a name="[9c]"></a>readyqueue_add_head</STRONG> (Thumb, 50 bytes, Stack size 24 bytes, tos_sched.o(i.readyqueue_add_head))
<BR><BR>[Stack]<UL><LI>Max Depth = 24<LI>Call Chain = readyqueue_add_head
</UL>
<BR>[Calls]<UL><LI><a href="#[9d]">&gt;&gt;</a>&nbsp;&nbsp;&nbsp;tos_list_empty
<LI><a href="#[9e]">&gt;&gt;</a>&nbsp;&nbsp;&nbsp;readyqueue_prio_mark
<LI><a href="#[9f]">&gt;&gt;</a>&nbsp;&nbsp;&nbsp;_list_add
</UL>
<BR>[Called By]<UL><LI><a href="#[8e]">&gt;&gt;</a>&nbsp;&nbsp;&nbsp;tos_task_prio_change
<LI><a href="#[99]">&gt;&gt;</a>&nbsp;&nbsp;&nbsp;readyqueue_add
</UL>

<P><STRONG><a name="[9b]"></a>readyqueue_add_tail</STRONG> (Thumb, 40 bytes, Stack size 16 bytes, tos_sched.o(i.readyqueue_add_tail))
<BR><BR>[Stack]<UL><LI>Max Depth = 32<LI>Call Chain = readyqueue_add_tail &rArr; tos_list_add_tail
</UL>
<BR>[Calls]<UL><LI><a href="#[9d]">&gt;&gt;</a>&nbsp;&nbsp;&nbsp;tos_list_empty
<LI><a href="#[a0]">&gt;&gt;</a>&nbsp;&nbsp;&nbsp;tos_list_add_tail
<LI><a href="#[9e]">&gt;&gt;</a>&nbsp;&nbsp;&nbsp;readyqueue_prio_mark
</UL>
<BR>[Called By]<UL><LI><a href="#[8e]">&gt;&gt;</a>&nbsp;&nbsp;&nbsp;tos_task_prio_change
<LI><a href="#[99]">&gt;&gt;</a>&nbsp;&nbsp;&nbsp;readyqueue_add
<LI><a href="#[c0]">&gt;&gt;</a>&nbsp;&nbsp;&nbsp;tos_task_yield
<LI><a href="#[6b]">&gt;&gt;</a>&nbsp;&nbsp;&nbsp;tos_task_create
</UL>

<P><STRONG><a name="[85]"></a>readyqueue_highest_ready_task_get</STRONG> (Thumb, 18 bytes, Stack size 0 bytes, tos_sched.o(i.readyqueue_highest_ready_task_get))
<BR><BR>[Called By]<UL><LI><a href="#[80]">&gt;&gt;</a>&nbsp;&nbsp;&nbsp;knl_sched
<LI><a href="#[89]">&gt;&gt;</a>&nbsp;&nbsp;&nbsp;tos_knl_start
</UL>

<P><STRONG><a name="[b6]"></a>readyqueue_init</STRONG> (Thumb, 60 bytes, Stack size 0 bytes, tos_sched.o(i.readyqueue_init))
<BR><BR>[Called By]<UL><LI><a href="#[88]">&gt;&gt;</a>&nbsp;&nbsp;&nbsp;tos_knl_init
</UL>

<P><STRONG><a name="[a2]"></a>readyqueue_remove</STRONG> (Thumb, 96 bytes, Stack size 16 bytes, tos_sched.o(i.readyqueue_remove))
<BR><BR>[Stack]<UL><LI>Max Depth = 40 + Unknown Stack Size
<LI>Call Chain = readyqueue_remove &rArr; readyqueue_prio_highest_get &rArr; tos_cpu_clz
</UL>
<BR>[Calls]<UL><LI><a href="#[9d]">&gt;&gt;</a>&nbsp;&nbsp;&nbsp;tos_list_empty
<LI><a href="#[a1]">&gt;&gt;</a>&nbsp;&nbsp;&nbsp;readyqueue_prio_highest_get
<LI><a href="#[a3]">&gt;&gt;</a>&nbsp;&nbsp;&nbsp;_list_del
</UL>
<BR>[Called By]<UL><LI><a href="#[8e]">&gt;&gt;</a>&nbsp;&nbsp;&nbsp;tos_task_prio_change
<LI><a href="#[c0]">&gt;&gt;</a>&nbsp;&nbsp;&nbsp;tos_task_yield
<LI><a href="#[a4]">&gt;&gt;</a>&nbsp;&nbsp;&nbsp;tos_task_delay
<LI><a href="#[a6]">&gt;&gt;</a>&nbsp;&nbsp;&nbsp;task_do_destroy
</UL>

<P><STRONG><a name="[23]"></a>task1_entry</STRONG> (Thumb, 20 bytes, Stack size 0 bytes, hello_world.o(i.task1_entry))
<BR><BR>[Stack]<UL><LI>Max Depth = 128 + Unknown Stack Size
<LI>Call Chain = task1_entry &rArr; __2printf &rArr; _printf_char_file &rArr; _printf_char_common &rArr; __printf
</UL>
<BR>[Calls]<UL><LI><a href="#[a4]">&gt;&gt;</a>&nbsp;&nbsp;&nbsp;tos_task_delay
<LI><a href="#[3c]">&gt;&gt;</a>&nbsp;&nbsp;&nbsp;__2printf
</UL>
<BR>[Address Reference Count : 1]<UL><LI> hello_world.o(i.application_entry)
</UL>
<P><STRONG><a name="[24]"></a>task2_entry</STRONG> (Thumb, 20 bytes, Stack size 0 bytes, hello_world.o(i.task2_entry))
<BR><BR>[Stack]<UL><LI>Max Depth = 128 + Unknown Stack Size
<LI>Call Chain = task2_entry &rArr; __2printf &rArr; _printf_char_file &rArr; _printf_char_common &rArr; __printf
</UL>
<BR>[Calls]<UL><LI><a href="#[a4]">&gt;&gt;</a>&nbsp;&nbsp;&nbsp;tos_task_delay
<LI><a href="#[3c]">&gt;&gt;</a>&nbsp;&nbsp;&nbsp;__2printf
</UL>
<BR>[Address Reference Count : 1]<UL><LI> hello_world.o(i.application_entry)
</UL>
<P><STRONG><a name="[af]"></a>tick_list_add</STRONG> (Thumb, 36 bytes, Stack size 16 bytes, tos_tick.o(i.tick_list_add))
<BR><BR>[Stack]<UL><LI>Max Depth = 64 + Unknown Stack Size
<LI>Call Chain = tick_list_add &rArr; tick_task_place &rArr; tos_cpu_cpsr_save
</UL>
<BR>[Calls]<UL><LI><a href="#[b0]">&gt;&gt;</a>&nbsp;&nbsp;&nbsp;tick_task_place
</UL>
<BR>[Called By]<UL><LI><a href="#[a4]">&gt;&gt;</a>&nbsp;&nbsp;&nbsp;tos_task_delay
</UL>

<P><STRONG><a name="[98]"></a>tick_list_remove</STRONG> (Thumb, 28 bytes, Stack size 8 bytes, tos_tick.o(i.tick_list_remove))
<BR><BR>[Stack]<UL><LI>Max Depth = 32 + Unknown Stack Size
<LI>Call Chain = tick_list_remove &rArr; tick_task_takeoff &rArr; tos_cpu_cpsr_save
</UL>
<BR>[Calls]<UL><LI><a href="#[b1]">&gt;&gt;</a>&nbsp;&nbsp;&nbsp;tick_task_takeoff
</UL>
<BR>[Called By]<UL><LI><a href="#[97]">&gt;&gt;</a>&nbsp;&nbsp;&nbsp;pend_task_wakeup
<LI><a href="#[a6]">&gt;&gt;</a>&nbsp;&nbsp;&nbsp;task_do_destroy
</UL>

<P><STRONG><a name="[b7]"></a>timer_init</STRONG> (Thumb, 4 bytes, Stack size 0 bytes, tos_timer.o(i.timer_init))
<BR><BR>[Called By]<UL><LI><a href="#[88]">&gt;&gt;</a>&nbsp;&nbsp;&nbsp;tos_knl_init
</UL>

<P><STRONG><a name="[7e]"></a>tos_cpu_clz</STRONG> (Thumb, 12 bytes, Stack size 8 bytes, tos_cpu.o(i.tos_cpu_clz))
<BR><BR>[Stack]<UL><LI>Max Depth = 8 + Unknown Stack Size
<LI>Call Chain = tos_cpu_clz
</UL>
<BR>[Calls]<UL><LI><a href="#[b3]">&gt;&gt;</a>&nbsp;&nbsp;&nbsp;port_clz
</UL>
<BR>[Called By]<UL><LI><a href="#[6a]">&gt;&gt;</a>&nbsp;&nbsp;&nbsp;generic_fls
<LI><a href="#[a1]">&gt;&gt;</a>&nbsp;&nbsp;&nbsp;readyqueue_prio_highest_get
</UL>

<P><STRONG><a name="[87]"></a>tos_cpu_cpsr_restore</STRONG> (Thumb, 12 bytes, Stack size 8 bytes, tos_cpu.o(i.tos_cpu_cpsr_restore))
<BR><BR>[Stack]<UL><LI>Max Depth = 8 + Unknown Stack Size
<LI>Call Chain = tos_cpu_cpsr_restore
</UL>
<BR>[Calls]<UL><LI><a href="#[b4]">&gt;&gt;</a>&nbsp;&nbsp;&nbsp;port_cpsr_restore
</UL>
<BR>[Called By]<UL><LI><a href="#[8e]">&gt;&gt;</a>&nbsp;&nbsp;&nbsp;tos_task_prio_change
<LI><a href="#[80]">&gt;&gt;</a>&nbsp;&nbsp;&nbsp;knl_sched
<LI><a href="#[b1]">&gt;&gt;</a>&nbsp;&nbsp;&nbsp;tick_task_takeoff
<LI><a href="#[b0]">&gt;&gt;</a>&nbsp;&nbsp;&nbsp;tick_task_place
<LI><a href="#[c0]">&gt;&gt;</a>&nbsp;&nbsp;&nbsp;tos_task_yield
<LI><a href="#[a4]">&gt;&gt;</a>&nbsp;&nbsp;&nbsp;tos_task_delay
<LI><a href="#[a6]">&gt;&gt;</a>&nbsp;&nbsp;&nbsp;task_do_destroy
<LI><a href="#[6b]">&gt;&gt;</a>&nbsp;&nbsp;&nbsp;tos_task_create
</UL>

<P><STRONG><a name="[84]"></a>tos_cpu_cpsr_save</STRONG> (Thumb, 8 bytes, Stack size 8 bytes, tos_cpu.o(i.tos_cpu_cpsr_save))
<BR><BR>[Stack]<UL><LI>Max Depth = 8 + Unknown Stack Size
<LI>Call Chain = tos_cpu_cpsr_save
</UL>
<BR>[Calls]<UL><LI><a href="#[b5]">&gt;&gt;</a>&nbsp;&nbsp;&nbsp;port_cpsr_save
</UL>
<BR>[Called By]<UL><LI><a href="#[8e]">&gt;&gt;</a>&nbsp;&nbsp;&nbsp;tos_task_prio_change
<LI><a href="#[80]">&gt;&gt;</a>&nbsp;&nbsp;&nbsp;knl_sched
<LI><a href="#[b1]">&gt;&gt;</a>&nbsp;&nbsp;&nbsp;tick_task_takeoff
<LI><a href="#[b0]">&gt;&gt;</a>&nbsp;&nbsp;&nbsp;tick_task_place
<LI><a href="#[c0]">&gt;&gt;</a>&nbsp;&nbsp;&nbsp;tos_task_yield
<LI><a href="#[a4]">&gt;&gt;</a>&nbsp;&nbsp;&nbsp;tos_task_delay
<LI><a href="#[a6]">&gt;&gt;</a>&nbsp;&nbsp;&nbsp;task_do_destroy
<LI><a href="#[6b]">&gt;&gt;</a>&nbsp;&nbsp;&nbsp;tos_task_create
</UL>

<P><STRONG><a name="[88]"></a>tos_knl_init</STRONG> (Thumb, 56 bytes, Stack size 8 bytes, tos_sys.o(i.tos_knl_init))
<BR><BR>[Stack]<UL><LI>Max Depth = 120 + Unknown Stack Size
<LI>Call Chain = tos_knl_init &rArr; mmheap_init_with_pool &rArr; tos_mmheap_pool_add &rArr; blk_insert &rArr; mapping_insert &rArr; __fls &rArr; generic_fls &rArr; tos_cpu_clz
</UL>
<BR>[Calls]<UL><LI><a href="#[76]">&gt;&gt;</a>&nbsp;&nbsp;&nbsp;cpu_init
<LI><a href="#[8a]">&gt;&gt;</a>&nbsp;&nbsp;&nbsp;mmheap_init_with_pool
<LI><a href="#[b6]">&gt;&gt;</a>&nbsp;&nbsp;&nbsp;readyqueue_init
<LI><a href="#[b7]">&gt;&gt;</a>&nbsp;&nbsp;&nbsp;timer_init
<LI><a href="#[7f]">&gt;&gt;</a>&nbsp;&nbsp;&nbsp;knl_idle_init
</UL>
<BR>[Called By]<UL><LI><a href="#[36]">&gt;&gt;</a>&nbsp;&nbsp;&nbsp;main
</UL>

<P><STRONG><a name="[81]"></a>tos_knl_is_running</STRONG> (Thumb, 14 bytes, Stack size 0 bytes, tos_sys.o(i.tos_knl_is_running))
<BR><BR>[Called By]<UL><LI><a href="#[80]">&gt;&gt;</a>&nbsp;&nbsp;&nbsp;knl_sched
<LI><a href="#[6b]">&gt;&gt;</a>&nbsp;&nbsp;&nbsp;tos_task_create
<LI><a href="#[89]">&gt;&gt;</a>&nbsp;&nbsp;&nbsp;tos_knl_start
</UL>

<P><STRONG><a name="[89]"></a>tos_knl_start</STRONG> (Thumb, 52 bytes, Stack size 8 bytes, tos_sys.o(i.tos_knl_start))
<BR><BR>[Stack]<UL><LI>Max Depth = 8 + Unknown Stack Size
<LI>Call Chain = tos_knl_start
</UL>
<BR>[Calls]<UL><LI><a href="#[79]">&gt;&gt;</a>&nbsp;&nbsp;&nbsp;cpu_sched_start
<LI><a href="#[85]">&gt;&gt;</a>&nbsp;&nbsp;&nbsp;readyqueue_highest_ready_task_get
<LI><a href="#[81]">&gt;&gt;</a>&nbsp;&nbsp;&nbsp;tos_knl_is_running
</UL>
<BR>[Called By]<UL><LI><a href="#[36]">&gt;&gt;</a>&nbsp;&nbsp;&nbsp;main
</UL>

<P><STRONG><a name="[8c]"></a>tos_mmheap_pool_add</STRONG> (Thumb, 182 bytes, Stack size 24 bytes, tos_mmheap.o(i.tos_mmheap_pool_add))
<BR><BR>[Stack]<UL><LI>Max Depth = 96 + Unknown Stack Size
<LI>Call Chain = tos_mmheap_pool_add &rArr; blk_insert &rArr; mapping_insert &rArr; __fls &rArr; generic_fls &rArr; tos_cpu_clz
</UL>
<BR>[Calls]<UL><LI><a href="#[73]">&gt;&gt;</a>&nbsp;&nbsp;&nbsp;offset_to_blk
<LI><a href="#[b8]">&gt;&gt;</a>&nbsp;&nbsp;&nbsp;mmheap_pool_is_exist
<LI><a href="#[bc]">&gt;&gt;</a>&nbsp;&nbsp;&nbsp;blk_set_used
<LI><a href="#[b9]">&gt;&gt;</a>&nbsp;&nbsp;&nbsp;blk_set_size
<LI><a href="#[bb]">&gt;&gt;</a>&nbsp;&nbsp;&nbsp;blk_set_prev_used
<LI><a href="#[bd]">&gt;&gt;</a>&nbsp;&nbsp;&nbsp;blk_set_prev_free
<LI><a href="#[ba]">&gt;&gt;</a>&nbsp;&nbsp;&nbsp;blk_set_free
<LI><a href="#[70]">&gt;&gt;</a>&nbsp;&nbsp;&nbsp;blk_link_next
<LI><a href="#[6c]">&gt;&gt;</a>&nbsp;&nbsp;&nbsp;blk_insert
</UL>
<BR>[Called By]<UL><LI><a href="#[8a]">&gt;&gt;</a>&nbsp;&nbsp;&nbsp;mmheap_init_with_pool
</UL>

<P><STRONG><a name="[6b]"></a>tos_task_create</STRONG> (Thumb, 352 bytes, Stack size 48 bytes, tos_task.o(i.tos_task_create))
<BR><BR>[Stack]<UL><LI>Max Depth = 80 + Unknown Stack Size
<LI>Call Chain = tos_task_create &rArr; readyqueue_add_tail &rArr; tos_list_add_tail
</UL>
<BR>[Calls]<UL><LI><a href="#[84]">&gt;&gt;</a>&nbsp;&nbsp;&nbsp;tos_cpu_cpsr_save
<LI><a href="#[87]">&gt;&gt;</a>&nbsp;&nbsp;&nbsp;tos_cpu_cpsr_restore
<LI><a href="#[bf]">&gt;&gt;</a>&nbsp;&nbsp;&nbsp;cpu_task_stk_init
<LI><a href="#[80]">&gt;&gt;</a>&nbsp;&nbsp;&nbsp;knl_sched
<LI><a href="#[82]">&gt;&gt;</a>&nbsp;&nbsp;&nbsp;knl_is_inirq
<LI><a href="#[9b]">&gt;&gt;</a>&nbsp;&nbsp;&nbsp;readyqueue_add_tail
<LI><a href="#[a7]">&gt;&gt;</a>&nbsp;&nbsp;&nbsp;knl_is_idle
<LI><a href="#[ab]">&gt;&gt;</a>&nbsp;&nbsp;&nbsp;task_reset
<LI><a href="#[be]">&gt;&gt;</a>&nbsp;&nbsp;&nbsp;knl_object_verify
<LI><a href="#[81]">&gt;&gt;</a>&nbsp;&nbsp;&nbsp;tos_knl_is_running
<LI><a href="#[42]">&gt;&gt;</a>&nbsp;&nbsp;&nbsp;strncpy
</UL>
<BR>[Called By]<UL><LI><a href="#[7f]">&gt;&gt;</a>&nbsp;&nbsp;&nbsp;knl_idle_init
<LI><a href="#[36]">&gt;&gt;</a>&nbsp;&nbsp;&nbsp;main
<LI><a href="#[26]">&gt;&gt;</a>&nbsp;&nbsp;&nbsp;application_entry
</UL>

<P><STRONG><a name="[a4]"></a>tos_task_delay</STRONG> (Thumb, 146 bytes, Stack size 16 bytes, tos_task.o(i.tos_task_delay))
<BR><BR>[Stack]<UL><LI>Max Depth = 80 + Unknown Stack Size
<LI>Call Chain = tos_task_delay &rArr; tick_list_add &rArr; tick_task_place &rArr; tos_cpu_cpsr_save
</UL>
<BR>[Calls]<UL><LI><a href="#[84]">&gt;&gt;</a>&nbsp;&nbsp;&nbsp;tos_cpu_cpsr_save
<LI><a href="#[87]">&gt;&gt;</a>&nbsp;&nbsp;&nbsp;tos_cpu_cpsr_restore
<LI><a href="#[80]">&gt;&gt;</a>&nbsp;&nbsp;&nbsp;knl_sched
<LI><a href="#[83]">&gt;&gt;</a>&nbsp;&nbsp;&nbsp;knl_is_sched_locked
<LI><a href="#[82]">&gt;&gt;</a>&nbsp;&nbsp;&nbsp;knl_is_inirq
<LI><a href="#[af]">&gt;&gt;</a>&nbsp;&nbsp;&nbsp;tick_list_add
<LI><a href="#[a2]">&gt;&gt;</a>&nbsp;&nbsp;&nbsp;readyqueue_remove
<LI><a href="#[c0]">&gt;&gt;</a>&nbsp;&nbsp;&nbsp;tos_task_yield
</UL>
<BR>[Called By]<UL><LI><a href="#[24]">&gt;&gt;</a>&nbsp;&nbsp;&nbsp;task2_entry
<LI><a href="#[23]">&gt;&gt;</a>&nbsp;&nbsp;&nbsp;task1_entry
</UL>

<P><STRONG><a name="[ac]"></a>tos_task_destroy</STRONG> (Thumb, 92 bytes, Stack size 8 bytes, tos_task.o(i.tos_task_destroy))
<BR><BR>[Stack]<UL><LI>Max Depth = 136 + Unknown Stack Size
<LI>Call Chain = tos_task_destroy &rArr; task_destroy_static &rArr; task_do_destroy &rArr; task_mutex_release &rArr; mutex_release &rArr; mutex_old_owner_release &rArr; tos_task_prio_change &rArr; readyqueue_remove &rArr; readyqueue_prio_highest_get &rArr; tos_cpu_clz
</UL>
<BR>[Calls]<UL><LI><a href="#[86]">&gt;&gt;</a>&nbsp;&nbsp;&nbsp;knl_is_self
<LI><a href="#[83]">&gt;&gt;</a>&nbsp;&nbsp;&nbsp;knl_is_sched_locked
<LI><a href="#[82]">&gt;&gt;</a>&nbsp;&nbsp;&nbsp;knl_is_inirq
<LI><a href="#[a5]">&gt;&gt;</a>&nbsp;&nbsp;&nbsp;task_destroy_static
<LI><a href="#[be]">&gt;&gt;</a>&nbsp;&nbsp;&nbsp;knl_object_verify
</UL>
<BR>[Called By]<UL><LI><a href="#[27]">&gt;&gt;</a>&nbsp;&nbsp;&nbsp;task_exit
</UL>

<P><STRONG><a name="[8e]"></a>tos_task_prio_change</STRONG> (Thumb, 260 bytes, Stack size 24 bytes, tos_task.o(i.tos_task_prio_change))
<BR><BR>[Stack]<UL><LI>Max Depth = 64 + Unknown Stack Size
<LI>Call Chain = tos_task_prio_change &rArr; readyqueue_remove &rArr; readyqueue_prio_highest_get &rArr; tos_cpu_clz
</UL>
<BR>[Calls]<UL><LI><a href="#[84]">&gt;&gt;</a>&nbsp;&nbsp;&nbsp;tos_cpu_cpsr_save
<LI><a href="#[87]">&gt;&gt;</a>&nbsp;&nbsp;&nbsp;tos_cpu_cpsr_restore
<LI><a href="#[86]">&gt;&gt;</a>&nbsp;&nbsp;&nbsp;knl_is_self
<LI><a href="#[80]">&gt;&gt;</a>&nbsp;&nbsp;&nbsp;knl_sched
<LI><a href="#[82]">&gt;&gt;</a>&nbsp;&nbsp;&nbsp;knl_is_inirq
<LI><a href="#[9b]">&gt;&gt;</a>&nbsp;&nbsp;&nbsp;readyqueue_add_tail
<LI><a href="#[9c]">&gt;&gt;</a>&nbsp;&nbsp;&nbsp;readyqueue_add_head
<LI><a href="#[a2]">&gt;&gt;</a>&nbsp;&nbsp;&nbsp;readyqueue_remove
<LI><a href="#[93]">&gt;&gt;</a>&nbsp;&nbsp;&nbsp;pend_list_adjust
<LI><a href="#[a8]">&gt;&gt;</a>&nbsp;&nbsp;&nbsp;tos_list_empty
<LI><a href="#[aa]">&gt;&gt;</a>&nbsp;&nbsp;&nbsp;task_state_is_ready
<LI><a href="#[ad]">&gt;&gt;</a>&nbsp;&nbsp;&nbsp;task_highest_pending_prio_get
<LI><a href="#[be]">&gt;&gt;</a>&nbsp;&nbsp;&nbsp;knl_object_verify
</UL>
<BR>[Called By]<UL><LI><a href="#[8d]">&gt;&gt;</a>&nbsp;&nbsp;&nbsp;mutex_old_owner_release
</UL>

<P><STRONG><a name="[c0]"></a>tos_task_yield</STRONG> (Thumb, 56 bytes, Stack size 8 bytes, tos_task.o(i.tos_task_yield))
<BR><BR>[Stack]<UL><LI>Max Depth = 48 + Unknown Stack Size
<LI>Call Chain = tos_task_yield &rArr; readyqueue_remove &rArr; readyqueue_prio_highest_get &rArr; tos_cpu_clz
</UL>
<BR>[Calls]<UL><LI><a href="#[84]">&gt;&gt;</a>&nbsp;&nbsp;&nbsp;tos_cpu_cpsr_save
<LI><a href="#[87]">&gt;&gt;</a>&nbsp;&nbsp;&nbsp;tos_cpu_cpsr_restore
<LI><a href="#[80]">&gt;&gt;</a>&nbsp;&nbsp;&nbsp;knl_sched
<LI><a href="#[82]">&gt;&gt;</a>&nbsp;&nbsp;&nbsp;knl_is_inirq
<LI><a href="#[9b]">&gt;&gt;</a>&nbsp;&nbsp;&nbsp;readyqueue_add_tail
<LI><a href="#[a2]">&gt;&gt;</a>&nbsp;&nbsp;&nbsp;readyqueue_remove
</UL>
<BR>[Called By]<UL><LI><a href="#[a4]">&gt;&gt;</a>&nbsp;&nbsp;&nbsp;tos_task_delay
</UL>
<P>
<H3>
Local Symbols
</H3>
<P><STRONG><a name="[9a]"></a>__NVIC_SetPriority</STRONG> (Thumb, 32 bytes, Stack size 8 bytes, port_c.o(i.__NVIC_SetPriority))
<BR><BR>[Stack]<UL><LI>Max Depth = 8<LI>Call Chain = __NVIC_SetPriority
</UL>
<BR>[Called By]<UL><LI><a href="#[7b]">&gt;&gt;</a>&nbsp;&nbsp;&nbsp;port_systick_priority_set
<LI><a href="#[7c]">&gt;&gt;</a>&nbsp;&nbsp;&nbsp;port_systick_config
</UL>

<P><STRONG><a name="[69]"></a>__fls</STRONG> (Thumb, 14 bytes, Stack size 8 bytes, tos_mmheap.o(i.__fls))
<BR><BR>[Stack]<UL><LI>Max Depth = 24 + Unknown Stack Size
<LI>Call Chain = __fls &rArr; generic_fls &rArr; tos_cpu_clz
</UL>
<BR>[Calls]<UL><LI><a href="#[6a]">&gt;&gt;</a>&nbsp;&nbsp;&nbsp;generic_fls
</UL>
<BR>[Called By]<UL><LI><a href="#[6e]">&gt;&gt;</a>&nbsp;&nbsp;&nbsp;mapping_insert
</UL>

<P><STRONG><a name="[6c]"></a>blk_insert</STRONG> (Thumb, 32 bytes, Stack size 24 bytes, tos_mmheap.o(i.blk_insert))
<BR><BR>[Stack]<UL><LI>Max Depth = 72 + Unknown Stack Size
<LI>Call Chain = blk_insert &rArr; mapping_insert &rArr; __fls &rArr; generic_fls &rArr; tos_cpu_clz
</UL>
<BR>[Calls]<UL><LI><a href="#[6e]">&gt;&gt;</a>&nbsp;&nbsp;&nbsp;mapping_insert
<LI><a href="#[6f]">&gt;&gt;</a>&nbsp;&nbsp;&nbsp;insert_free_block
<LI><a href="#[6d]">&gt;&gt;</a>&nbsp;&nbsp;&nbsp;blk_size
</UL>
<BR>[Called By]<UL><LI><a href="#[8c]">&gt;&gt;</a>&nbsp;&nbsp;&nbsp;tos_mmheap_pool_add
</UL>

<P><STRONG><a name="[70]"></a>blk_link_next</STRONG> (Thumb, 18 bytes, Stack size 16 bytes, tos_mmheap.o(i.blk_link_next))
<BR><BR>[Stack]<UL><LI>Max Depth = 40<LI>Call Chain = blk_link_next &rArr; blk_next
</UL>
<BR>[Calls]<UL><LI><a href="#[71]">&gt;&gt;</a>&nbsp;&nbsp;&nbsp;blk_next
</UL>
<BR>[Called By]<UL><LI><a href="#[8c]">&gt;&gt;</a>&nbsp;&nbsp;&nbsp;tos_mmheap_pool_add
</UL>

<P><STRONG><a name="[71]"></a>blk_next</STRONG> (Thumb, 36 bytes, Stack size 24 bytes, tos_mmheap.o(i.blk_next))
<BR><BR>[Stack]<UL><LI>Max Depth = 24<LI>Call Chain = blk_next
</UL>
<BR>[Calls]<UL><LI><a href="#[73]">&gt;&gt;</a>&nbsp;&nbsp;&nbsp;offset_to_blk
<LI><a href="#[72]">&gt;&gt;</a>&nbsp;&nbsp;&nbsp;blk_to_ptr
<LI><a href="#[6d]">&gt;&gt;</a>&nbsp;&nbsp;&nbsp;blk_size
</UL>
<BR>[Called By]<UL><LI><a href="#[70]">&gt;&gt;</a>&nbsp;&nbsp;&nbsp;blk_link_next
</UL>

<P><STRONG><a name="[ba]"></a>blk_set_free</STRONG> (Thumb, 10 bytes, Stack size 0 bytes, tos_mmheap.o(i.blk_set_free))
<BR><BR>[Called By]<UL><LI><a href="#[8c]">&gt;&gt;</a>&nbsp;&nbsp;&nbsp;tos_mmheap_pool_add
</UL>

<P><STRONG><a name="[bd]"></a>blk_set_prev_free</STRONG> (Thumb, 10 bytes, Stack size 0 bytes, tos_mmheap.o(i.blk_set_prev_free))
<BR><BR>[Called By]<UL><LI><a href="#[8c]">&gt;&gt;</a>&nbsp;&nbsp;&nbsp;tos_mmheap_pool_add
</UL>

<P><STRONG><a name="[bb]"></a>blk_set_prev_used</STRONG> (Thumb, 10 bytes, Stack size 0 bytes, tos_mmheap.o(i.blk_set_prev_used))
<BR><BR>[Called By]<UL><LI><a href="#[8c]">&gt;&gt;</a>&nbsp;&nbsp;&nbsp;tos_mmheap_pool_add
</UL>

<P><STRONG><a name="[b9]"></a>blk_set_size</STRONG> (Thumb, 12 bytes, Stack size 0 bytes, tos_mmheap.o(i.blk_set_size))
<BR><BR>[Called By]<UL><LI><a href="#[8c]">&gt;&gt;</a>&nbsp;&nbsp;&nbsp;tos_mmheap_pool_add
</UL>

<P><STRONG><a name="[bc]"></a>blk_set_used</STRONG> (Thumb, 10 bytes, Stack size 0 bytes, tos_mmheap.o(i.blk_set_used))
<BR><BR>[Called By]<UL><LI><a href="#[8c]">&gt;&gt;</a>&nbsp;&nbsp;&nbsp;tos_mmheap_pool_add
</UL>

<P><STRONG><a name="[6d]"></a>blk_size</STRONG> (Thumb, 10 bytes, Stack size 0 bytes, tos_mmheap.o(i.blk_size))
<BR><BR>[Called By]<UL><LI><a href="#[71]">&gt;&gt;</a>&nbsp;&nbsp;&nbsp;blk_next
<LI><a href="#[6c]">&gt;&gt;</a>&nbsp;&nbsp;&nbsp;blk_insert
</UL>

<P><STRONG><a name="[72]"></a>blk_to_ptr</STRONG> (Thumb, 8 bytes, Stack size 0 bytes, tos_mmheap.o(i.blk_to_ptr))
<BR><BR>[Called By]<UL><LI><a href="#[71]">&gt;&gt;</a>&nbsp;&nbsp;&nbsp;blk_next
</UL>

<P><STRONG><a name="[6a]"></a>generic_fls</STRONG> (Thumb, 16 bytes, Stack size 8 bytes, tos_mmheap.o(i.generic_fls))
<BR><BR>[Stack]<UL><LI>Max Depth = 16 + Unknown Stack Size
<LI>Call Chain = generic_fls &rArr; tos_cpu_clz
</UL>
<BR>[Calls]<UL><LI><a href="#[7e]">&gt;&gt;</a>&nbsp;&nbsp;&nbsp;tos_cpu_clz
</UL>
<BR>[Called By]<UL><LI><a href="#[69]">&gt;&gt;</a>&nbsp;&nbsp;&nbsp;__fls
</UL>

<P><STRONG><a name="[6f]"></a>insert_free_block</STRONG> (Thumb, 74 bytes, Stack size 12 bytes, tos_mmheap.o(i.insert_free_block))
<BR><BR>[Stack]<UL><LI>Max Depth = 12<LI>Call Chain = insert_free_block
</UL>
<BR>[Called By]<UL><LI><a href="#[6c]">&gt;&gt;</a>&nbsp;&nbsp;&nbsp;blk_insert
</UL>

<P><STRONG><a name="[6e]"></a>mapping_insert</STRONG> (Thumb, 58 bytes, Stack size 24 bytes, tos_mmheap.o(i.mapping_insert))
<BR><BR>[Stack]<UL><LI>Max Depth = 48 + Unknown Stack Size
<LI>Call Chain = mapping_insert &rArr; __fls &rArr; generic_fls &rArr; tos_cpu_clz
</UL>
<BR>[Calls]<UL><LI><a href="#[69]">&gt;&gt;</a>&nbsp;&nbsp;&nbsp;__fls
</UL>
<BR>[Called By]<UL><LI><a href="#[6c]">&gt;&gt;</a>&nbsp;&nbsp;&nbsp;blk_insert
</UL>

<P><STRONG><a name="[8b]"></a>mmheap_ctl_init</STRONG> (Thumb, 88 bytes, Stack size 0 bytes, tos_mmheap.o(i.mmheap_ctl_init))
<BR><BR>[Called By]<UL><LI><a href="#[8a]">&gt;&gt;</a>&nbsp;&nbsp;&nbsp;mmheap_init_with_pool
</UL>

<P><STRONG><a name="[b8]"></a>mmheap_pool_is_exist</STRONG> (Thumb, 38 bytes, Stack size 0 bytes, tos_mmheap.o(i.mmheap_pool_is_exist))
<BR><BR>[Called By]<UL><LI><a href="#[8c]">&gt;&gt;</a>&nbsp;&nbsp;&nbsp;tos_mmheap_pool_add
</UL>

<P><STRONG><a name="[73]"></a>offset_to_blk</STRONG> (Thumb, 6 bytes, Stack size 0 bytes, tos_mmheap.o(i.offset_to_blk))
<BR><BR>[Called By]<UL><LI><a href="#[8c]">&gt;&gt;</a>&nbsp;&nbsp;&nbsp;tos_mmheap_pool_add
<LI><a href="#[71]">&gt;&gt;</a>&nbsp;&nbsp;&nbsp;blk_next
</UL>

<P><STRONG><a name="[8d]"></a>mutex_old_owner_release</STRONG> (Thumb, 76 bytes, Stack size 16 bytes, tos_mutex.o(i.mutex_old_owner_release))
<BR><BR>[Stack]<UL><LI>Max Depth = 80 + Unknown Stack Size
<LI>Call Chain = mutex_old_owner_release &rArr; tos_task_prio_change &rArr; readyqueue_remove &rArr; readyqueue_prio_highest_get &rArr; tos_cpu_clz
</UL>
<BR>[Calls]<UL><LI><a href="#[8e]">&gt;&gt;</a>&nbsp;&nbsp;&nbsp;tos_task_prio_change
</UL>
<BR>[Called By]<UL><LI><a href="#[8f]">&gt;&gt;</a>&nbsp;&nbsp;&nbsp;mutex_release
</UL>

<P><STRONG><a name="[95]"></a>pend_list_add</STRONG> (Thumb, 84 bytes, Stack size 12 bytes, tos_pend.o(i.pend_list_add))
<BR><BR>[Stack]<UL><LI>Max Depth = 12<LI>Call Chain = pend_list_add
</UL>
<BR>[Called By]<UL><LI><a href="#[93]">&gt;&gt;</a>&nbsp;&nbsp;&nbsp;pend_list_adjust
</UL>

<P><STRONG><a name="[94]"></a>tos_list_del</STRONG> (Thumb, 12 bytes, Stack size 0 bytes, tos_pend.o(i.tos_list_del))
<BR><BR>[Called By]<UL><LI><a href="#[96]">&gt;&gt;</a>&nbsp;&nbsp;&nbsp;pend_list_remove
<LI><a href="#[93]">&gt;&gt;</a>&nbsp;&nbsp;&nbsp;pend_list_adjust
</UL>

<P><STRONG><a name="[92]"></a>tos_list_empty</STRONG> (Thumb, 16 bytes, Stack size 0 bytes, tos_pend.o(i.tos_list_empty))
<BR><BR>[Called By]<UL><LI><a href="#[91]">&gt;&gt;</a>&nbsp;&nbsp;&nbsp;pend_highest_pending_prio_get
</UL>

<P><STRONG><a name="[9f]"></a>_list_add</STRONG> (Thumb, 10 bytes, Stack size 0 bytes, tos_sched.o(i._list_add))
<BR><BR>[Called By]<UL><LI><a href="#[9c]">&gt;&gt;</a>&nbsp;&nbsp;&nbsp;readyqueue_add_head
<LI><a href="#[a0]">&gt;&gt;</a>&nbsp;&nbsp;&nbsp;tos_list_add_tail
</UL>

<P><STRONG><a name="[a3]"></a>_list_del</STRONG> (Thumb, 6 bytes, Stack size 0 bytes, tos_sched.o(i._list_del))
<BR><BR>[Called By]<UL><LI><a href="#[a2]">&gt;&gt;</a>&nbsp;&nbsp;&nbsp;readyqueue_remove
</UL>

<P><STRONG><a name="[a1]"></a>readyqueue_prio_highest_get</STRONG> (Thumb, 36 bytes, Stack size 16 bytes, tos_sched.o(i.readyqueue_prio_highest_get))
<BR><BR>[Stack]<UL><LI>Max Depth = 24 + Unknown Stack Size
<LI>Call Chain = readyqueue_prio_highest_get &rArr; tos_cpu_clz
</UL>
<BR>[Calls]<UL><LI><a href="#[7e]">&gt;&gt;</a>&nbsp;&nbsp;&nbsp;tos_cpu_clz
</UL>
<BR>[Called By]<UL><LI><a href="#[a2]">&gt;&gt;</a>&nbsp;&nbsp;&nbsp;readyqueue_remove
</UL>

<P><STRONG><a name="[9e]"></a>readyqueue_prio_mark</STRONG> (Thumb, 56 bytes, Stack size 0 bytes, tos_sched.o(i.readyqueue_prio_mark))
<BR><BR>[Called By]<UL><LI><a href="#[9b]">&gt;&gt;</a>&nbsp;&nbsp;&nbsp;readyqueue_add_tail
<LI><a href="#[9c]">&gt;&gt;</a>&nbsp;&nbsp;&nbsp;readyqueue_add_head
</UL>

<P><STRONG><a name="[a0]"></a>tos_list_add_tail</STRONG> (Thumb, 18 bytes, Stack size 16 bytes, tos_sched.o(i.tos_list_add_tail))
<BR><BR>[Stack]<UL><LI>Max Depth = 16<LI>Call Chain = tos_list_add_tail
</UL>
<BR>[Calls]<UL><LI><a href="#[9f]">&gt;&gt;</a>&nbsp;&nbsp;&nbsp;_list_add
</UL>
<BR>[Called By]<UL><LI><a href="#[9b]">&gt;&gt;</a>&nbsp;&nbsp;&nbsp;readyqueue_add_tail
</UL>

<P><STRONG><a name="[9d]"></a>tos_list_empty</STRONG> (Thumb, 16 bytes, Stack size 0 bytes, tos_sched.o(i.tos_list_empty))
<BR><BR>[Called By]<UL><LI><a href="#[9b]">&gt;&gt;</a>&nbsp;&nbsp;&nbsp;readyqueue_add_tail
<LI><a href="#[9c]">&gt;&gt;</a>&nbsp;&nbsp;&nbsp;readyqueue_add_head
<LI><a href="#[a2]">&gt;&gt;</a>&nbsp;&nbsp;&nbsp;readyqueue_remove
</UL>

<P><STRONG><a name="[25]"></a>knl_idle_entry</STRONG> (Thumb, 6 bytes, Stack size 0 bytes, tos_sys.o(i.knl_idle_entry))
<BR>[Address Reference Count : 1]<UL><LI> tos_sys.o(i.knl_idle_init)
</UL>
<P><STRONG><a name="[be]"></a>knl_object_verify</STRONG> (Thumb, 16 bytes, Stack size 0 bytes, tos_task.o(i.knl_object_verify))
<BR><BR>[Called By]<UL><LI><a href="#[8e]">&gt;&gt;</a>&nbsp;&nbsp;&nbsp;tos_task_prio_change
<LI><a href="#[ac]">&gt;&gt;</a>&nbsp;&nbsp;&nbsp;tos_task_destroy
<LI><a href="#[6b]">&gt;&gt;</a>&nbsp;&nbsp;&nbsp;tos_task_create
</UL>

<P><STRONG><a name="[a5]"></a>task_destroy_static</STRONG> (Thumb, 12 bytes, Stack size 8 bytes, tos_task.o(i.task_destroy_static))
<BR><BR>[Stack]<UL><LI>Max Depth = 128 + Unknown Stack Size
<LI>Call Chain = task_destroy_static &rArr; task_do_destroy &rArr; task_mutex_release &rArr; mutex_release &rArr; mutex_old_owner_release &rArr; tos_task_prio_change &rArr; readyqueue_remove &rArr; readyqueue_prio_highest_get &rArr; tos_cpu_clz
</UL>
<BR>[Calls]<UL><LI><a href="#[a6]">&gt;&gt;</a>&nbsp;&nbsp;&nbsp;task_do_destroy
</UL>
<BR>[Called By]<UL><LI><a href="#[ac]">&gt;&gt;</a>&nbsp;&nbsp;&nbsp;tos_task_destroy
</UL>

<P><STRONG><a name="[a6]"></a>task_do_destroy</STRONG> (Thumb, 144 bytes, Stack size 16 bytes, tos_task.o(i.task_do_destroy))
<BR><BR>[Stack]<UL><LI>Max Depth = 120 + Unknown Stack Size
<LI>Call Chain = task_do_destroy &rArr; task_mutex_release &rArr; mutex_release &rArr; mutex_old_owner_release &rArr; tos_task_prio_change &rArr; readyqueue_remove &rArr; readyqueue_prio_highest_get &rArr; tos_cpu_clz
</UL>
<BR>[Calls]<UL><LI><a href="#[84]">&gt;&gt;</a>&nbsp;&nbsp;&nbsp;tos_cpu_cpsr_save
<LI><a href="#[87]">&gt;&gt;</a>&nbsp;&nbsp;&nbsp;tos_cpu_cpsr_restore
<LI><a href="#[80]">&gt;&gt;</a>&nbsp;&nbsp;&nbsp;knl_sched
<LI><a href="#[a7]">&gt;&gt;</a>&nbsp;&nbsp;&nbsp;knl_is_idle
<LI><a href="#[98]">&gt;&gt;</a>&nbsp;&nbsp;&nbsp;tick_list_remove
<LI><a href="#[a2]">&gt;&gt;</a>&nbsp;&nbsp;&nbsp;readyqueue_remove
<LI><a href="#[96]">&gt;&gt;</a>&nbsp;&nbsp;&nbsp;pend_list_remove
<LI><a href="#[a8]">&gt;&gt;</a>&nbsp;&nbsp;&nbsp;tos_list_empty
<LI><a href="#[aa]">&gt;&gt;</a>&nbsp;&nbsp;&nbsp;task_state_is_ready
<LI><a href="#[ab]">&gt;&gt;</a>&nbsp;&nbsp;&nbsp;task_reset
<LI><a href="#[a9]">&gt;&gt;</a>&nbsp;&nbsp;&nbsp;task_mutex_release
</UL>
<BR>[Called By]<UL><LI><a href="#[a5]">&gt;&gt;</a>&nbsp;&nbsp;&nbsp;task_destroy_static
</UL>

<P><STRONG><a name="[27]"></a>task_exit</STRONG> (Thumb, 10 bytes, Stack size 8 bytes, tos_task.o(i.task_exit))
<BR><BR>[Stack]<UL><LI>Max Depth = 144 + Unknown Stack Size
<LI>Call Chain = task_exit &rArr; tos_task_destroy &rArr; task_destroy_static &rArr; task_do_destroy &rArr; task_mutex_release &rArr; mutex_release &rArr; mutex_old_owner_release &rArr; tos_task_prio_change &rArr; readyqueue_remove &rArr; readyqueue_prio_highest_get &rArr; tos_cpu_clz
</UL>
<BR>[Calls]<UL><LI><a href="#[ac]">&gt;&gt;</a>&nbsp;&nbsp;&nbsp;tos_task_destroy
</UL>
<BR>[Address Reference Count : 1]<UL><LI> tos_task.o(i.tos_task_create)
</UL>
<P><STRONG><a name="[ad]"></a>task_highest_pending_prio_get</STRONG> (Thumb, 54 bytes, Stack size 24 bytes, tos_task.o(i.task_highest_pending_prio_get))
<BR><BR>[Stack]<UL><LI>Max Depth = 40<LI>Call Chain = task_highest_pending_prio_get &rArr; pend_highest_pending_prio_get
</UL>
<BR>[Calls]<UL><LI><a href="#[91]">&gt;&gt;</a>&nbsp;&nbsp;&nbsp;pend_highest_pending_prio_get
</UL>
<BR>[Called By]<UL><LI><a href="#[8e]">&gt;&gt;</a>&nbsp;&nbsp;&nbsp;tos_task_prio_change
</UL>

<P><STRONG><a name="[a9]"></a>task_mutex_release</STRONG> (Thumb, 46 bytes, Stack size 16 bytes, tos_task.o(i.task_mutex_release))
<BR><BR>[Stack]<UL><LI>Max Depth = 104 + Unknown Stack Size
<LI>Call Chain = task_mutex_release &rArr; mutex_release &rArr; mutex_old_owner_release &rArr; tos_task_prio_change &rArr; readyqueue_remove &rArr; readyqueue_prio_highest_get &rArr; tos_cpu_clz
</UL>
<BR>[Calls]<UL><LI><a href="#[8f]">&gt;&gt;</a>&nbsp;&nbsp;&nbsp;mutex_release
</UL>
<BR>[Called By]<UL><LI><a href="#[a6]">&gt;&gt;</a>&nbsp;&nbsp;&nbsp;task_do_destroy
</UL>

<P><STRONG><a name="[ab]"></a>task_reset</STRONG> (Thumb, 58 bytes, Stack size 8 bytes, tos_task.o(i.task_reset))
<BR><BR>[Stack]<UL><LI>Max Depth = 8<LI>Call Chain = task_reset
</UL>
<BR>[Calls]<UL><LI><a href="#[ae]">&gt;&gt;</a>&nbsp;&nbsp;&nbsp;tos_list_init
</UL>
<BR>[Called By]<UL><LI><a href="#[a6]">&gt;&gt;</a>&nbsp;&nbsp;&nbsp;task_do_destroy
<LI><a href="#[6b]">&gt;&gt;</a>&nbsp;&nbsp;&nbsp;tos_task_create
</UL>

<P><STRONG><a name="[aa]"></a>task_state_is_ready</STRONG> (Thumb, 16 bytes, Stack size 0 bytes, tos_task.o(i.task_state_is_ready))
<BR><BR>[Called By]<UL><LI><a href="#[8e]">&gt;&gt;</a>&nbsp;&nbsp;&nbsp;tos_task_prio_change
<LI><a href="#[a6]">&gt;&gt;</a>&nbsp;&nbsp;&nbsp;task_do_destroy
</UL>

<P><STRONG><a name="[a8]"></a>tos_list_empty</STRONG> (Thumb, 16 bytes, Stack size 0 bytes, tos_task.o(i.tos_list_empty))
<BR><BR>[Called By]<UL><LI><a href="#[8e]">&gt;&gt;</a>&nbsp;&nbsp;&nbsp;tos_task_prio_change
<LI><a href="#[a6]">&gt;&gt;</a>&nbsp;&nbsp;&nbsp;task_do_destroy
</UL>

<P><STRONG><a name="[ae]"></a>tos_list_init</STRONG> (Thumb, 6 bytes, Stack size 0 bytes, tos_task.o(i.tos_list_init))
<BR><BR>[Called By]<UL><LI><a href="#[ab]">&gt;&gt;</a>&nbsp;&nbsp;&nbsp;task_reset
</UL>

<P><STRONG><a name="[b0]"></a>tick_task_place</STRONG> (Thumb, 196 bytes, Stack size 40 bytes, tos_tick.o(i.tick_task_place))
<BR><BR>[Stack]<UL><LI>Max Depth = 48 + Unknown Stack Size
<LI>Call Chain = tick_task_place &rArr; tos_cpu_cpsr_save
</UL>
<BR>[Calls]<UL><LI><a href="#[84]">&gt;&gt;</a>&nbsp;&nbsp;&nbsp;tos_cpu_cpsr_save
<LI><a href="#[87]">&gt;&gt;</a>&nbsp;&nbsp;&nbsp;tos_cpu_cpsr_restore
</UL>
<BR>[Called By]<UL><LI><a href="#[af]">&gt;&gt;</a>&nbsp;&nbsp;&nbsp;tick_list_add
</UL>

<P><STRONG><a name="[b1]"></a>tick_task_takeoff</STRONG> (Thumb, 126 bytes, Stack size 16 bytes, tos_tick.o(i.tick_task_takeoff))
<BR><BR>[Stack]<UL><LI>Max Depth = 24 + Unknown Stack Size
<LI>Call Chain = tick_task_takeoff &rArr; tos_cpu_cpsr_save
</UL>
<BR>[Calls]<UL><LI><a href="#[84]">&gt;&gt;</a>&nbsp;&nbsp;&nbsp;tos_cpu_cpsr_save
<LI><a href="#[87]">&gt;&gt;</a>&nbsp;&nbsp;&nbsp;tos_cpu_cpsr_restore
<LI><a href="#[b2]">&gt;&gt;</a>&nbsp;&nbsp;&nbsp;tos_list_empty
</UL>
<BR>[Called By]<UL><LI><a href="#[98]">&gt;&gt;</a>&nbsp;&nbsp;&nbsp;tick_list_remove
</UL>

<P><STRONG><a name="[b2]"></a>tos_list_empty</STRONG> (Thumb, 16 bytes, Stack size 0 bytes, tos_tick.o(i.tos_list_empty))
<BR><BR>[Called By]<UL><LI><a href="#[b1]">&gt;&gt;</a>&nbsp;&nbsp;&nbsp;tick_task_takeoff
</UL>

<P><STRONG><a name="[22]"></a>_printf_input_char</STRONG> (Thumb, 10 bytes, Stack size 0 bytes, _printf_char_common.o(.text))
<BR>[Address Reference Count : 1]<UL><LI> _printf_char_common.o(.text)
</UL><P>
<H3>
Undefined Global Symbols
</H3><HR></body></html>
