<html>
<body>
<pre>
<h1>礦ision Build Log</h1>
<h2>Tool Versions:</h2>
IDE-Version: μVision V5.14.0.0
Copyright (C) 2015 ARM Ltd and ARM Germany GmbH. All rights reserved.
License Information: c lw_cui, c, LIC=TA330-BM6J5-ZD9K6-DUM59-2MW3T-SC93L
 
Tool Versions:
Toolchain:       MDK-ARM Professional  Version: 5.14.0.0
Toolchain Path:  D:\Program Files (x86)\Keil_5\ARM\ARMCC\Bin
C Compiler:      Armcc.exe V5.05 update 1 (build 106)
Assembler:       Armasm.exe V5.05 update 1 (build 106)
Linker/Locator:  ArmLink.exe V5.05 update 1 (build 106)
Library Manager: ArmAr.exe V5.05 update 1 (build 106)
Hex Converter:   FromElf.exe V5.05 update 1 (build 106)
CPU DLL:         SARMCM3.DLL V5.14.0.0
Dialog DLL:      DCM.DLL V1.13.1.0
Target DLL:      STLink\ST-LINKIII-KEIL_SWO.dll V2.0.14.0_KEIL
Dialog DLL:      TCM.DLL V1.14.4.0
 
<h2>Project:</h2>
C:\Users\lw_cui\Desktop\软件包测试\MDK-ARM Version 5.14\ALIENTEK_EXPLORER_STM32F407ZGT6\Template\USER\Template.uvprojx
Project File Date:  09/07/2021

<h2>Output:</h2>
Rebuild target 'Template'
compiling main.c...
compiling stm32f4xx_it.c...
compiling system_stm32f4xx.c...
assembling startup_stm32f40_41xxx.s...
compiling misc.c...
compiling stm32f4xx_adc.c...
compiling stm32f4xx_can.c...
compiling stm32f4xx_crc.c...
compiling stm32f4xx_cryp.c...
compiling stm32f4xx_cryp_aes.c...
compiling stm32f4xx_cryp_des.c...
compiling stm32f4xx_cryp_tdes.c...
compiling stm32f4xx_dac.c...
compiling stm32f4xx_dbgmcu.c...
compiling stm32f4xx_dcmi.c...
compiling stm32f4xx_dma2d.c...
compiling stm32f4xx_dma.c...
compiling stm32f4xx_exti.c...
compiling stm32f4xx_flash.c...
compiling stm32f4xx_flash_ramfunc.c...
compiling stm32f4xx_fsmc.c...
compiling stm32f4xx_gpio.c...
compiling stm32f4xx_hash.c...
compiling stm32f4xx_hash_md5.c...
compiling stm32f4xx_hash_sha1.c...
compiling stm32f4xx_i2c.c...
compiling stm32f4xx_iwdg.c...
compiling stm32f4xx_ltdc.c...
compiling stm32f4xx_pwr.c...
compiling stm32f4xx_rcc.c...
compiling stm32f4xx_rng.c...
compiling stm32f4xx_rtc.c...
compiling stm32f4xx_sai.c...
compiling stm32f4xx_sdio.c...
compiling stm32f4xx_spi.c...
compiling stm32f4xx_syscfg.c...
compiling stm32f4xx_tim.c...
compiling stm32f4xx_usart.c...
compiling stm32f4xx_wwdg.c...
compiling delay.c...
compiling sys.c...
compiling usart.c...
compiling tos_cpu.c...
compiling tos_fault.c...
compiling port_c.c...
assembling port_s.S...
compiling tos_barrier.c...
compiling tos_binary_heap.c...
compiling tos_bitmap.c...
compiling tos_char_fifo.c...
compiling tos_completion.c...
compiling tos_countdownlatch.c...
compiling tos_event.c...
compiling tos_global.c...
compiling tos_mail_queue.c...
compiling tos_message_queue.c...
compiling tos_mmblk.c...
compiling tos_mmheap.c...
compiling tos_mutex.c...
compiling tos_pend.c...
compiling tos_priority_mail_queue.c...
compiling tos_priority_message_queue.c...
compiling tos_priority_queue.c...
compiling tos_ring_queue.c...
compiling tos_robin.c...
compiling tos_rwlock.c...
compiling tos_sched.c...
compiling tos_sem.c...
compiling tos_stopwatch.c...
compiling tos_sys.c...
compiling tos_task.c...
compiling tos_tick.c...
compiling tos_time.c...
compiling tos_timer.c...
linking...
Program Size: Code=30376 RO-data=472 RW-data=120 ZI-data=7920  
FromELF: creating hex file...
"..\OBJ\Template.axf" - 0 Error(s), 0 Warning(s).

<h2>Software Packages used:</h2>

Package Vendor: Tencent
                https://github.com/OpenAtomFoundation/TencentOS-tiny/Tencent.TencentOS-tiny.1.0.0.pack
                Tencent.MDK-ARM::TencentOS tiny:example:mcu_platform.h:1.0.0
                TencentOS tiny for external devices
   * Component: mcu_platform.h Version: 1.0.0
   * Component: core Version: 1.0.0
   * Component: hal Version: 1.0.0
   * Component: arch Version: 1.0.0
   * Component: tos_config Version: 1.0.0

<h2>Collection of Component include folders:</h2>
  C:\Users\lw_cui\Desktop\软件包测试\MDK-ARM Version 5.14\ALIENTEK_EXPLORER_STM32F407ZGT6\Template\USER\RTE
  C:\Users\lw_cui\Desktop\软件包测试\MDK-ARM Version 5.14\ALIENTEK_EXPLORER_STM32F407ZGT6\Template\USER\RTE\TencentOS_tiny
  C:\Users\lw_cui\Desktop\软件包测试\MDK-ARM Version 5.14\ALIENTEK_EXPLORER_STM32F407ZGT6\Template\USER\RTE\TencentOS_tiny\STM32F407ZG
  D:\Program Files (x86)\Keil_5\ARM\PACK\Keil\STM32F4xx_DFP\2.9.0
  D:\Program Files (x86)\Keil_5\ARM\PACK\Tencent\Tencentos-tiny\1.0.0\arch\arm\arm-v7m\common\include
  D:\Program Files (x86)\Keil_5\ARM\PACK\Tencent\Tencentos-tiny\1.0.0\arch\arm\arm-v7m\cortex-m4\armcc
  D:\Program Files (x86)\Keil_5\ARM\PACK\Tencent\Tencentos-tiny\1.0.0\kernel\core\include
  D:\Program Files (x86)\Keil_5\ARM\PACK\Tencent\Tencentos-tiny\1.0.0\kernel\hal\include
  D:\Program Files (x86)\Keil_5\ARM\PACK\Tencent\Tencentos-tiny\1.0.0\kernel\pm\include

<h2>Collection of Component Files used:</h2>

   * Component: Tencent.MDK-ARM::TencentOS tiny:example:mcu_platform.h:1.0.0
      Include file:  examples\mcu_platform.h

   * Component: Tencent.MDK-ARM::TencentOS tiny:kernel:core:1.0.0
      Source file:   kernel\core\tos_barrier.c
      Source file:   kernel\core\tos_priority_queue.c
      Source file:   kernel\core\tos_timer.c
      Source file:   kernel\core\tos_sys.c
      Source file:   kernel\core\tos_char_fifo.c
      Source file:   kernel\core\tos_message_queue.c
      Source file:   kernel\core\tos_binary_heap.c
      Source file:   kernel\core\tos_mail_queue.c
      Source file:   kernel\core\tos_mmblk.c
      Source file:   kernel\core\tos_bitmap.c
      Source file:   kernel\core\tos_mmheap.c
      Source file:   kernel\core\tos_pend.c
      Source file:   kernel\core\tos_rwlock.c
      Source file:   kernel\core\tos_sched.c
      Source file:   kernel\core\tos_robin.c
      Source file:   kernel\core\tos_sem.c
      Source file:   kernel\core\tos_task.c
      Source file:   kernel\core\tos_time.c
      Source file:   kernel\core\tos_countdownlatch.c
      Source file:   kernel\core\tos_mutex.c
      Source file:   kernel\core\tos_priority_message_queue.c
      Source file:   kernel\core\tos_event.c
      Source file:   kernel\core\tos_global.c
      Source file:   kernel\core\tos_priority_mail_queue.c
      Source file:   kernel\core\tos_ring_queue.c
      Source file:   kernel\core\tos_tick.c
      Source file:   kernel\core\tos_completion.c
      Source file:   kernel\core\tos_stopwatch.c

   * Component: Tencent.MDK-ARM::TencentOS tiny:kernel:hal:1.0.0

   * Component: Tencent.MDK-ARM::TencentOS tiny:arch:arch:1.0.0
      Source file:   arch\arm\arm-v7m\common\tos_cpu.c
      Include file:  arch\arm\arm-v7m\cortex-m4\armcc\port.h
      Include file:  arch\arm\arm-v7m\cortex-m4\armcc\port_config.h
      Source file:   arch\arm\arm-v7m\common\tos_fault.c
      Source file:   arch\arm\arm-v7m\cortex-m4\armcc\port_c.c
      Source file:   arch\arm\arm-v7m\cortex-m4\armcc\port_s.S

   * Component: Tencent.MDK-ARM::TencentOS tiny:example:tos_config:1.0.0
      Include file:  examples\tos_config_cortex_m4\tos_config.h
</pre>
</body>
</html>
