Component: ARM Compiler 5.06 update 7 (build 960) Tool: armlink [4d3601]

==============================================================================

Section Cross References

    startup_stm32f10x_hd.o(RESET) refers to startup_stm32f10x_hd.o(STACK) for __initial_sp
    startup_stm32f10x_hd.o(RESET) refers to startup_stm32f10x_hd.o(.text) for Reset_Handler
    startup_stm32f10x_hd.o(RESET) refers to stm32f10x_it.o(.text) for NMI_Handler
    startup_stm32f10x_hd.o(RESET) refers to port_s.o(.text) for PendSV_Handler
    startup_stm32f10x_hd.o(.text) refers to system_stm32f10x.o(.text) for SystemInit
    startup_stm32f10x_hd.o(.text) refers to entry.o(.ARM.Collect$$$$00000000) for __main
    system_stm32f10x.o(.text) refers to system_stm32f10x.o(.data) for SystemCoreClock
    main.o(.text) refers to printf5.o(i.__0printf$5) for __2printf
    main.o(.text) refers to tos_task.o(.text) for tos_task_delay
    main.o(.text) refers to bsp_usart.o(.text) for USART_Config
    main.o(.text) refers to tos_sys.o(.text) for tos_knl_init
    main.o(.text) refers to tos_robin.o(.text) for tos_robin_default_timeslice_config
    main.o(.text) refers to main.o(.bss) for task1
    stm32f10x_it.o(.text) refers to tos_sys.o(.text) for tos_knl_is_running
    stm32f10x_it.o(.text) refers to tos_tick.o(.text) for tos_tick_handler
    stm32f10x_it.o(.text) refers to stm32f10x_usart.o(.text) for USART_GetITStatus
    bsp_usart.o(.text) refers to misc.o(.text) for NVIC_PriorityGroupConfig
    bsp_usart.o(.text) refers to stm32f10x_rcc.o(.text) for RCC_APB2PeriphClockCmd
    bsp_usart.o(.text) refers to stm32f10x_gpio.o(.text) for GPIO_Init
    bsp_usart.o(.text) refers to stm32f10x_usart.o(.text) for USART_Init
    stm32f10x_adc.o(.text) refers to stm32f10x_rcc.o(.text) for RCC_APB2PeriphResetCmd
    stm32f10x_bkp.o(.text) refers to stm32f10x_rcc.o(.text) for RCC_BackupResetCmd
    stm32f10x_can.o(.text) refers to stm32f10x_rcc.o(.text) for RCC_APB1PeriphResetCmd
    stm32f10x_cec.o(.text) refers to stm32f10x_rcc.o(.text) for RCC_APB1PeriphResetCmd
    stm32f10x_dac.o(.text) refers to stm32f10x_rcc.o(.text) for RCC_APB1PeriphResetCmd
    stm32f10x_gpio.o(.text) refers to stm32f10x_rcc.o(.text) for RCC_APB2PeriphResetCmd
    stm32f10x_i2c.o(.text) refers to stm32f10x_rcc.o(.text) for RCC_APB1PeriphResetCmd
    stm32f10x_pwr.o(.text) refers to stm32f10x_rcc.o(.text) for RCC_APB1PeriphResetCmd
    stm32f10x_rcc.o(.text) refers to stm32f10x_rcc.o(.data) for APBAHBPrescTable
    stm32f10x_spi.o(.text) refers to stm32f10x_rcc.o(.text) for RCC_APB2PeriphResetCmd
    stm32f10x_tim.o(.text) refers to stm32f10x_rcc.o(.text) for RCC_APB2PeriphResetCmd
    stm32f10x_usart.o(.text) refers to stm32f10x_rcc.o(.text) for RCC_APB2PeriphResetCmd
    stm32f10x_wwdg.o(.text) refers to stm32f10x_rcc.o(.text) for RCC_APB1PeriphResetCmd
    tos_cpu.o(.text) refers to port_s.o(.text) for port_clz
    tos_cpu.o(.text) refers to port_c.o(.text) for port_systick_priority_set
    tos_cpu.o(.text) refers to uldiv.o(.text) for __aeabi_uldivmod
    tos_cpu.o(.text) refers to tos_global.o(.data) for k_cpu_tick_per_second
    tos_cpu.o(.text) refers to system_stm32f10x.o(.data) for SystemCoreClock
    port_s.o(.text) refers to tos_global.o(.data) for k_curr_task
    tos_binary_heap.o(.text) refers to memcpya.o(.text) for __aeabi_memcpy
    tos_binary_heap.o(.text) refers to tos_mmheap.o(.text) for tos_mmheap_alloc
    tos_binary_heap.o(.text) refers to tos_cpu.o(.text) for tos_cpu_cpsr_save
    tos_bitmap.o(.text) refers to tos_cpu.o(.text) for tos_cpu_clz
    tos_char_fifo.o(.text) refers to tos_ring_queue.o(.text) for tos_ring_q_create
    tos_char_fifo.o(.text) refers to tos_cpu.o(.text) for tos_cpu_cpsr_save
    tos_event.o(.text) refers to tos_pend.o(.text) for pend_object_init
    tos_event.o(.text) refers to tos_cpu.o(.text) for tos_cpu_cpsr_save
    tos_event.o(.text) refers to tos_sys.o(.text) for knl_sched
    tos_event.o(.text) refers to tos_global.o(.data) for k_curr_task
    tos_global.o(.constdata) refers to tos_global.o(.bss) for k_idle_task_stk
    tos_mmblk.o(.text) refers to tos_sys.o(.text) for knl_is_inirq
    tos_mmblk.o(.text) refers to tos_mmheap.o(.text) for tos_mmheap_calloc
    tos_mmblk.o(.text) refers to tos_cpu.o(.text) for tos_cpu_cpsr_save
    tos_mmheap.o(.text) refers to tos_cpu.o(.text) for tos_cpu_clz
    tos_mmheap.o(.text) refers to tos_global.o(.bss) for k_mmheap_ctl
    tos_mmheap.o(.text) refers to memseta.o(.text) for __aeabi_memclr
    tos_mmheap.o(.text) refers to memcpya.o(.text) for __aeabi_memcpy
    tos_mutex.o(.text) refers to tos_task.o(.text) for tos_task_prio_change
    tos_mutex.o(.text) refers to tos_pend.o(.text) for pend_wakeup_all
    tos_mutex.o(.text) refers to tos_sys.o(.text) for knl_is_inirq
    tos_mutex.o(.text) refers to tos_mmheap.o(.text) for tos_mmheap_calloc
    tos_mutex.o(.text) refers to tos_cpu.o(.text) for tos_cpu_cpsr_save
    tos_mutex.o(.text) refers to tos_global.o(.data) for k_curr_task
[...]
    printf0.o(i.__0fprintf$0) refers to printf0.o(i._printf_core) for _printf_core
    printf0.o(i.__0fprintf$0) refers to bsp_usart.o(.text) for fputc
    printf0.o(i.__0printf$0) refers to printf0.o(i._printf_core) for _printf_core
    printf0.o(i.__0printf$0) refers to bsp_usart.o(.text) for fputc
    printf0.o(i.__0printf$0) refers to stdout.o(.data) for __stdout
    printf0.o(i.__0snprintf$0) refers to printf0.o(i._printf_core) for _printf_core
    printf0.o(i.__0snprintf$0) refers to printf0.o(i._snputc) for _snputc
    printf0.o(i.__0sprintf$0) refers to printf0.o(i._printf_core) for _printf_core
    printf0.o(i.__0sprintf$0) refers to printf0.o(i._sputc) for _sputc
    printf0.o(i.__0vfprintf$0) refers to printf0.o(i._printf_core) for _printf_core
    printf0.o(i.__0vfprintf$0) refers to bsp_usart.o(.text) for fputc
    printf0.o(i.__0vprintf$0) refers to printf0.o(i._printf_core) for _printf_core
    printf0.o(i.__0vprintf$0) refers to bsp_usart.o(.text) for fputc
    printf0.o(i.__0vprintf$0) refers to stdout.o(.data) for __stdout
    printf0.o(i.__0vsnprintf$0) refers to printf0.o(i._printf_core) for _printf_core
    printf0.o(i.__0vsnprintf$0) refers to printf0.o(i._snputc) for _snputc
    printf0.o(i.__0vsprintf$0) refers to printf0.o(i._printf_core) for _printf_core
    printf0.o(i.__0vsprintf$0) refers to printf0.o(i._sputc) for _sputc
    printf1.o(i.__0fprintf$1) refers to printf1.o(i._printf_core) for _printf_core
    printf1.o(i.__0fprintf$1) refers to bsp_usart.o(.text) for fputc
    printf1.o(i.__0printf$1) refers to printf1.o(i._printf_core) for _printf_core
    printf1.o(i.__0printf$1) refers to bsp_usart.o(.text) for fputc
    printf1.o(i.__0printf$1) refers to stdout.o(.data) for __stdout
    printf1.o(i.__0snprintf$1) refers to printf1.o(i._printf_core) for _printf_core
    printf1.o(i.__0snprintf$1) refers to printf1.o(i._snputc) for _snputc
    printf1.o(i.__0sprintf$1) refers to printf1.o(i._printf_core) for _printf_core
    printf1.o(i.__0sprintf$1) refers to printf1.o(i._sputc) for _sputc
    printf1.o(i.__0vfprintf$1) refers to printf1.o(i._printf_core) for _printf_core
    printf1.o(i.__0vfprintf$1) refers to bsp_usart.o(.text) for fputc
    printf1.o(i.__0vprintf$1) refers to printf1.o(i._printf_core) for _printf_core
    printf1.o(i.__0vprintf$1) refers to bsp_usart.o(.text) for fputc
    printf1.o(i.__0vprintf$1) refers to stdout.o(.data) for __stdout
    printf1.o(i.__0vsnprintf$1) refers to printf1.o(i._printf_core) for _printf_core
    printf1.o(i.__0vsnprintf$1) refers to printf1.o(i._snputc) for _snputc
    printf1.o(i.__0vsprintf$1) refers to printf1.o(i._printf_core) for _printf_core
    printf1.o(i.__0vsprintf$1) refers to printf1.o(i._sputc) for _sputc
    printf1.o(i._printf_core) refers to uidiv.o(.text) for __aeabi_uidivmod
    printf2.o(i.__0fprintf$2) refers to printf2.o(i._printf_core) for _printf_core
    printf2.o(i.__0fprintf$2) refers to bsp_usart.o(.text) for fputc
    printf2.o(i.__0printf$2) refers to printf2.o(i._printf_core) for _printf_core
    printf2.o(i.__0printf$2) refers to bsp_usart.o(.text) for fputc
    printf2.o(i.__0printf$2) refers to stdout.o(.data) for __stdout
    printf2.o(i.__0snprintf$2) refers to printf2.o(i._printf_core) for _printf_core
    printf2.o(i.__0snprintf$2) refers to printf2.o(i._snputc) for _snputc
    printf2.o(i.__0sprintf$2) refers to printf2.o(i._printf_core) for _printf_core
    printf2.o(i.__0sprintf$2) refers to printf2.o(i._sputc) for _sputc
    printf2.o(i.__0vfprintf$2) refers to printf2.o(i._printf_core) for _printf_core
    printf2.o(i.__0vfprintf$2) refers to bsp_usart.o(.text) for fputc
    printf2.o(i.__0vprintf$2) refers to printf2.o(i._printf_core) for _printf_core
    printf2.o(i.__0vprintf$2) refers to bsp_usart.o(.text) for fputc
    printf2.o(i.__0vprintf$2) refers to stdout.o(.data) for __stdout
    printf2.o(i.__0vsnprintf$2) refers to printf2.o(i._printf_core) for _printf_core
    printf2.o(i.__0vsnprintf$2) refers to printf2.o(i._snputc) for _snputc
    printf2.o(i.__0vsprintf$2) refers to printf2.o(i._printf_core) for _printf_core
    printf2.o(i.__0vsprintf$2) refers to printf2.o(i._sputc) for _sputc
    printf3.o(i.__0fprintf$3) refers to printf3.o(i._printf_core) for _printf_core
    printf3.o(i.__0fprintf$3) refers to bsp_usart.o(.text) for fputc
    printf3.o(i.__0printf$3) refers to printf3.o(i._printf_core) for _printf_core
    printf3.o(i.__0printf$3) refers to bsp_usart.o(.text) for fputc
    printf3.o(i.__0printf$3) refers to stdout.o(.data) for __stdout
    printf3.o(i.__0snprintf$3) refers to printf3.o(i._printf_core) for _printf_core
    printf3.o(i.__0snprintf$3) refers to printf3.o(i._snputc) for _snputc
    printf3.o(i.__0sprintf$3) refers to printf3.o(i._printf_core) for _printf_core
    printf3.o(i.__0sprintf$3) refers to printf3.o(i._sputc) for _sputc
    printf3.o(i.__0vfprintf$3) refers to printf3.o(i._printf_core) for _printf_core
    printf3.o(i.__0vfprintf$3) refers to bsp_usart.o(.text) for fputc
    printf3.o(i.__0vprintf$3) refers to printf3.o(i._printf_core) for _printf_core
    printf3.o(i.__0vprintf$3) refers to bsp_usart.o(.text) for fputc
    printf3.o(i.__0vprintf$3) refers to stdout.o(.data) for __stdout
    printf3.o(i.__0vsnprintf$3) refers to printf3.o(i._printf_core) for _printf_core
    printf3.o(i.__0vsnprintf$3) refers to printf3.o(i._snputc) for _snputc
    printf3.o(i.__0vsprintf$3) refers to printf3.o(i._printf_core) for _printf_core
    printf3.o(i.__0vsprintf$3) refers to printf3.o(i._sputc) for _sputc
    printf3.o(i._printf_core) refers to uidiv.o(.text) for __aeabi_uidivmod
    printf4.o(i.__0fprintf$4) refers to printf4.o(i._printf_core) for _printf_core
    printf4.o(i.__0fprintf$4) refers to bsp_usart.o(.text) for fputc
    printf4.o(i.__0printf$4) refers to printf4.o(i._printf_core) for _printf_core
    printf4.o(i.__0printf$4) refers to bsp_usart.o(.text) for fputc
    printf4.o(i.__0printf$4) refers to stdout.o(.data) for __stdout
    printf4.o(i.__0snprintf$4) refers to printf4.o(i._printf_core) for _printf_core
    printf4.o(i.__0snprintf$4) refers to printf4.o(i._snputc) for _snputc
    printf4.o(i.__0sprintf$4) refers to printf4.o(i._printf_core) for _printf_core
    printf4.o(i.__0sprintf$4) refers to printf4.o(i._sputc) for _sputc
    printf4.o(i.__0vfprintf$4) refers to printf4.o(i._printf_core) for _printf_core
    printf4.o(i.__0vfprintf$4) refers to bsp_usart.o(.text) for fputc
    printf4.o(i.__0vprintf$4) refers to printf4.o(i._printf_core) for _printf_core
    printf4.o(i.__0vprintf$4) refers to bsp_usart.o(.text) for fputc
    printf4.o(i.__0vprintf$4) refers to stdout.o(.data) for __stdout
    printf4.o(i.__0vsnprintf$4) refers to printf4.o(i._printf_core) for _printf_core
    printf4.o(i.__0vsnprintf$4) refers to printf4.o(i._snputc) for _snputc
    printf4.o(i.__0vsprintf$4) refers to printf4.o(i._printf_core) for _printf_core
    printf4.o(i.__0vsprintf$4) refers to printf4.o(i._sputc) for _sputc
    printf4.o(i._printf_core) refers to uldiv.o(.text) for __aeabi_uldivmod
    printf5.o(i.__0fprintf$5) refers to printf5.o(i._printf_core) for _printf_core
    printf5.o(i.__0fprintf$5) refers to bsp_usart.o(.text) for fputc
    printf5.o(i.__0printf$5) refers to printf5.o(i._printf_core) for _printf_core
    printf5.o(i.__0printf$5) refers to bsp_usart.o(.text) for fputc
    printf5.o(i.__0printf$5) refers to stdout.o(.data) for __stdout
    printf5.o(i.__0snprintf$5) refers to printf5.o(i._printf_core) for _printf_core
    printf5.o(i.__0snprintf$5) refers to printf5.o(i._snputc) for _snputc
    printf5.o(i.__0sprintf$5) refers to printf5.o(i._printf_core) for _printf_core
    printf5.o(i.__0sprintf$5) refers to printf5.o(i._sputc) for _sputc
    printf5.o(i.__0vfprintf$5) refers to printf5.o(i._printf_core) for _printf_core
    printf5.o(i.__0vfprintf$5) refers to bsp_usart.o(.text) for fputc
    printf5.o(i.__0vprintf$5) refers to printf5.o(i._printf_core) for _printf_core
    printf5.o(i.__0vprintf$5) refers to bsp_usart.o(.text) for fputc
    printf5.o(i.__0vprintf$5) refers to stdout.o(.data) for __stdout
    printf5.o(i.__0vsnprintf$5) refers to printf5.o(i._printf_core) for _printf_core
    printf5.o(i.__0vsnprintf$5) refers to printf5.o(i._snputc) for _snputc
    printf5.o(i.__0vsprintf$5) refers to printf5.o(i._printf_core) for _printf_core
    printf5.o(i.__0vsprintf$5) refers to printf5.o(i._sputc) for _sputc
    printf5.o(i._printf_core) refers to uldiv.o(.text) for __aeabi_uldivmod
    printf6.o(i.__0fprintf$6) refers to printf6.o(i._printf_core) for _printf_core
    printf6.o(i.__0fprintf$6) refers to bsp_usart.o(.text) for fputc
    printf6.o(i.__0printf$6) refers to printf6.o(i._printf_core) for _printf_core
    printf6.o(i.__0printf$6) refers to bsp_usart.o(.text) for fputc
    printf6.o(i.__0printf$6) refers to stdout.o(.data) for __stdout
    printf6.o(i.__0snprintf$6) refers to printf6.o(i._printf_core) for _printf_core
    printf6.o(i.__0snprintf$6) refers to printf6.o(i._snputc) for _snputc
    printf6.o(i.__0sprintf$6) refers to printf6.o(i._printf_core) for _printf_core
    printf6.o(i.__0sprintf$6) refers to printf6.o(i._sputc) for _sputc
    printf6.o(i.__0vfprintf$6) refers to printf6.o(i._printf_core) for _printf_core
    printf6.o(i.__0vfprintf$6) refers to bsp_usart.o(.text) for fputc
    printf6.o(i.__0vprintf$6) refers to printf6.o(i._printf_core) for _printf_core
    printf6.o(i.__0vprintf$6) refers to bsp_usart.o(.text) for fputc
    printf6.o(i.__0vprintf$6) refers to stdout.o(.data) for __stdout
    printf6.o(i.__0vsnprintf$6) refers to printf6.o(i._printf_core) for _printf_core
    printf6.o(i.__0vsnprintf$6) refers to printf6.o(i._snputc) for _snputc
    printf6.o(i.__0vsprintf$6) refers to printf6.o(i._printf_core) for _printf_core
    printf6.o(i.__0vsprintf$6) refers to printf6.o(i._sputc) for _sputc
    printf6.o(i._printf_core) refers to printf6.o(i._printf_pre_padding) for _printf_pre_padding
    printf6.o(i._printf_core) refers to uidiv.o(.text) for __aeabi_uidivmod
    printf6.o(i._printf_core) refers to printf6.o(i._printf_post_padding) for _printf_post_padding
    printf7.o(i.__0fprintf$7) refers to printf7.o(i._printf_core) for _printf_core
    printf7.o(i.__0fprintf$7) refers to bsp_usart.o(.text) for fputc
    printf7.o(i.__0printf$7) refers to printf7.o(i._printf_core) for _printf_core
    printf7.o(i.__0printf$7) refers to bsp_usart.o(.text) for fputc
    printf7.o(i.__0printf$7) refers to stdout.o(.data) for __stdout
    printf7.o(i.__0snprintf$7) refers to printf7.o(i._printf_core) for _printf_core
    printf7.o(i.__0snprintf$7) refers to printf7.o(i._snputc) for _snputc
    printf7.o(i.__0sprintf$7) refers to printf7.o(i._printf_core) for _printf_core
    printf7.o(i.__0sprintf$7) refers to printf7.o(i._sputc) for _sputc
    printf7.o(i.__0vfprintf$7) refers to printf7.o(i._printf_core) for _printf_core
    printf7.o(i.__0vfprintf$7) refers to bsp_usart.o(.text) for fputc
    printf7.o(i.__0vprintf$7) refers to printf7.o(i._printf_core) for _printf_core
    printf7.o(i.__0vprintf$7) refers to bsp_usart.o(.text) for fputc
    printf7.o(i.__0vprintf$7) refers to stdout.o(.data) for __stdout
    printf7.o(i.__0vsnprintf$7) refers to printf7.o(i._printf_core) for _printf_core
    printf7.o(i.__0vsnprintf$7) refers to printf7.o(i._snputc) for _snputc
    printf7.o(i.__0vsprintf$7) refers to printf7.o(i._printf_core) for _printf_core
    printf7.o(i.__0vsprintf$7) refers to printf7.o(i._sputc) for _sputc
    printf7.o(i._printf_core) refers to printf7.o(i._printf_pre_padding) for _printf_pre_padding
    printf7.o(i._printf_core) refers to uldiv.o(.text) for __aeabi_uldivmod
    printf7.o(i._printf_core) refers to printf7.o(i._printf_post_padding) for _printf_post_padding
    printf8.o(i.__0fprintf$8) refers to printf8.o(i._printf_core) for _printf_core
    printf8.o(i.__0fprintf$8) refers to bsp_usart.o(.text) for fputc
    printf8.o(i.__0printf$8) refers to printf8.o(i._printf_core) for _printf_core
    printf8.o(i.__0printf$8) refers to bsp_usart.o(.text) for fputc
    printf8.o(i.__0printf$8) refers to stdout.o(.data) for __stdout
    printf8.o(i.__0snprintf$8) refers to printf8.o(i._printf_core) for _printf_core
    printf8.o(i.__0snprintf$8) refers to printf8.o(i._snputc) for _snputc
    printf8.o(i.__0sprintf$8) refers to printf8.o(i._printf_core) for _printf_core
    printf8.o(i.__0sprintf$8) refers to printf8.o(i._sputc) for _sputc
    printf8.o(i.__0vfprintf$8) refers to printf8.o(i._printf_core) for _printf_core
    printf8.o(i.__0vfprintf$8) refers to bsp_usart.o(.text) for fputc
    printf8.o(i.__0vprintf$8) refers to printf8.o(i._printf_core) for _printf_core
    printf8.o(i.__0vprintf$8) refers to bsp_usart.o(.text) for fputc
    printf8.o(i.__0vprintf$8) refers to stdout.o(.data) for __stdout
    printf8.o(i.__0vsnprintf$8) refers to printf8.o(i._printf_core) for _printf_core
    printf8.o(i.__0vsnprintf$8) refers to printf8.o(i._snputc) for _snputc
    printf8.o(i.__0vsprintf$8) refers to printf8.o(i._printf_core) for _printf_core
    printf8.o(i.__0vsprintf$8) refers to printf8.o(i._sputc) for _sputc
    printf8.o(i._printf_core) refers to printf8.o(i._printf_pre_padding) for _printf_pre_padding
    printf8.o(i._printf_core) refers to uldiv.o(.text) for __aeabi_uldivmod
    printf8.o(i._printf_core) refers to printf8.o(i._printf_post_padding) for _printf_post_padding
    printfa.o(i.__0fprintf) refers (Special) to iusefp.o(.text) for __I$use$fp
    printfa.o(i.__0fprintf) refers to printfa.o(i._printf_core) for _printf_core
    printfa.o(i.__0fprintf) refers to bsp_usart.o(.text) for fputc
    printfa.o(i.__0printf) refers (Special) to iusefp.o(.text) for __I$use$fp
    printfa.o(i.__0printf) refers to printfa.o(i._printf_core) for _printf_core
    printfa.o(i.__0printf) refers to bsp_usart.o(.text) for fputc
    printfa.o(i.__0printf) refers to stdout.o(.data) for __stdout
    printfa.o(i.__0snprintf) refers (Special) to iusefp.o(.text) for __I$use$fp
    printfa.o(i.__0snprintf) refers to printfa.o(i._printf_core) for _printf_core
    printfa.o(i.__0snprintf) refers to printfa.o(i._snputc) for _snputc
    printfa.o(i.__0sprintf) refers (Special) to iusefp.o(.text) for __I$use$fp
    printfa.o(i.__0sprintf) refers to printfa.o(i._printf_core) for _printf_core
    printfa.o(i.__0sprintf) refers to printfa.o(i._sputc) for _sputc
    printfa.o(i.__0vfprintf) refers (Special) to iusefp.o(.text) for __I$use$fp
    printfa.o(i.__0vfprintf) refers to printfa.o(i._printf_core) for _printf_core
    printfa.o(i.__0vfprintf) refers to bsp_usart.o(.text) for fputc
    printfa.o(i.__0vprintf) refers (Special) to iusefp.o(.text) for __I$use$fp
    printfa.o(i.__0vprintf) refers to printfa.o(i._printf_core) for _printf_core
    printfa.o(i.__0vprintf) refers to bsp_usart.o(.text) for fputc
    printfa.o(i.__0vprintf) refers to stdout.o(.data) for __stdout
    printfa.o(i.__0vsnprintf) refers (Special) to iusefp.o(.text) for __I$use$fp
    printfa.o(i.__0vsnprintf) refers to printfa.o(i._printf_core) for _printf_core
    printfa.o(i.__0vsnprintf) refers to printfa.o(i._snputc) for _snputc
    printfa.o(i.__0vsprintf) refers (Special) to iusefp.o(.text) for __I$use$fp
    printfa.o(i.__0vsprintf) refers to printfa.o(i._printf_core) for _printf_core
    printfa.o(i.__0vsprintf) refers to printfa.o(i._sputc) for _sputc
    printfa.o(i._fp_digits) refers (Special) to iusefp.o(.text) for __I$use$fp
    printfa.o(i._fp_digits) refers to dmul.o(.text) for __aeabi_dmul
    printfa.o(i._fp_digits) refers to ddiv.o(.text) for __aeabi_ddiv
    printfa.o(i._fp_digits) refers to cdrcmple.o(.text) for __aeabi_cdrcmple
    printfa.o(i._fp_digits) refers to dadd.o(.text) for __aeabi_dadd
    printfa.o(i._fp_digits) refers to dfixul.o(.text) for __aeabi_d2ulz
    printfa.o(i._fp_digits) refers to uldiv.o(.text) for __aeabi_uldivmod
    printfa.o(i._printf_core) refers (Special) to iusefp.o(.text) for __I$use$fp
    printfa.o(i._printf_core) refers to printfa.o(i._printf_pre_padding) for _printf_pre_padding
    printfa.o(i._printf_core) refers to uldiv.o(.text) for __aeabi_uldivmod
    printfa.o(i._printf_core) refers to printfa.o(i._printf_post_padding) for _printf_post_padding
    printfa.o(i._printf_core) refers to printfa.o(i._fp_digits) for _fp_digits
    printfa.o(i._printf_core) refers to uidiv.o(.text) for __aeabi_uidivmod
    printfa.o(i._printf_post_padding) refers (Special) to iusefp.o(.text) for __I$use$fp
    printfa.o(i._printf_pre_padding) refers (Special) to iusefp.o(.text) for __I$use$fp
    printfa.o(i._snputc) refers (Special) to iusefp.o(.text) for __I$use$fp
    printfa.o(i._sputc) refers (Special) to iusefp.o(.text) for __I$use$fp
    entry2.o(.ARM.Collect$$$$00000001) refers to entry2.o(.ARM.Collect$$$$00002712) for __lit__00000000
    entry2.o(.ARM.Collect$$$$00002712) refers to startup_stm32f10x_hd.o(STACK) for __initial_sp
    entry2.o(__vectab_stack_and_reset_area) refers to startup_stm32f10x_hd.o(STACK) for __initial_sp
    entry2.o(__vectab_stack_and_reset_area) refers to entry.o(.ARM.Collect$$$$00000000) for __main
    entry5.o(.ARM.Collect$$$$00000004) refers to init.o(.text) for __scatterload
    entry9a.o(.ARM.Collect$$$$0000000B) refers to main.o(.text) for main
    entry9b.o(.ARM.Collect$$$$0000000C) refers to main.o(.text) for main
    dadd.o(.text) refers to llshl.o(.text) for __aeabi_llsl
    dadd.o(.text) refers to llsshr.o(.text) for __aeabi_lasr
    dadd.o(.text) refers to depilogue.o(.text) for _double_epilogue
    dmul.o(.text) refers to depilogue.o(.text) for _double_epilogue
    ddiv.o(.text) refers to depilogue.o(.text) for _double_round
    dfixul.o(.text) refers to llushr.o(.text) for __aeabi_llsr
    dfixul.o(.text) refers to llshl.o(.text) for __aeabi_llsl
    init.o(.text) refers to entry5.o(.ARM.Collect$$$$00000004) for __main_after_scatterload
    depilogue.o(.text) refers to llshl.o(.text) for __aeabi_llsl
    depilogue.o(.text) refers to llushr.o(.text) for __aeabi_llsr


==============================================================================

Removing Unused input sections from the image.

    Removing startup_stm32f10x_hd.o(HEAP), (512 bytes).
    Removing core_cm3.o(.emb_text), (32 bytes).
    Removing stm32f10x_adc.o(.text), (1102 bytes).
    Removing stm32f10x_bkp.o(.text), (196 bytes).
    Removing stm32f10x_can.o(.text), (2544 bytes).
    Removing stm32f10x_cec.o(.text), (288 bytes).
    Removing stm32f10x_crc.o(.text), (72 bytes).
    Removing stm32f10x_dac.o(.text), (396 bytes).
    Removing stm32f10x_dbgmcu.o(.text), (48 bytes).
    Removing stm32f10x_dma.o(.text), (596 bytes).
    Removing stm32f10x_exti.o(.text), (284 bytes).
    Removing stm32f10x_flash.o(.text), (1468 bytes).
    Removing stm32f10x_fsmc.o(.text), (1548 bytes).
    Removing stm32f10x_i2c.o(.text), (1028 bytes).
    Removing stm32f10x_iwdg.o(.text), (64 bytes).
    Removing stm32f10x_pwr.o(.text), (204 bytes).
    Removing stm32f10x_rtc.o(.text), (328 bytes).
    Removing stm32f10x_sdio.o(.text), (468 bytes).
    Removing stm32f10x_spi.o(.text), (780 bytes).
    Removing stm32f10x_tim.o(.text), (3610 bytes).
    Removing stm32f10x_wwdg.o(.text), (136 bytes).
    Removing tos_binary_heap.o(.text), (1352 bytes).
    Removing tos_bitmap.o(.text), (680 bytes).
    Removing tos_char_fifo.o(.text), (888 bytes).
    Removing tos_event.o(.text), (756 bytes).
    Removing tos_mmblk.o(.text), (790 bytes).
    Removing tos_priority_queue.o(.text), (1644 bytes).
    Removing tos_priority_queue.o(.constdata), (77 bytes).
    Removing tos_ring_queue.o(.text), (1010 bytes).
    Removing tos_rwlock.o(.text), (1304 bytes).
    Removing tos_sem.o(.text), (768 bytes).
    Removing tos_stopwatch.o(.text), (596 bytes).
    Removing tos_time.o(.text), (220 bytes).
    Removing dadd.o(.text), (334 bytes).
    Removing dmul.o(.text), (228 bytes).
    Removing ddiv.o(.text), (222 bytes).
    Removing dfixul.o(.text), (48 bytes).
    Removing cdrcmple.o(.text), (48 bytes).
    Removing depilogue.o(.text), (186 bytes).

39 unused section(s) (total 26855 bytes) removed from the image.

==============================================================================

Image Symbol Table

    Local Symbols

    Symbol Name                              Value     Ov Type        Size  Object(Section)

    ../clib/microlib/division.c              0x00000000   Number         0  uidiv.o ABSOLUTE
    ../clib/microlib/division.c              0x00000000   Number         0  uldiv.o ABSOLUTE
    ../clib/microlib/init/entry.s            0x00000000   Number         0  entry2.o ABSOLUTE
    ../clib/microlib/init/entry.s            0x00000000   Number         0  entry8a.o ABSOLUTE
    ../clib/microlib/init/entry.s            0x00000000   Number         0  entry7b.o ABSOLUTE
    ../clib/microlib/init/entry.s            0x00000000   Number         0  entry7a.o ABSOLUTE
    ../clib/microlib/init/entry.s            0x00000000   Number         0  entry5.o ABSOLUTE
    ../clib/microlib/init/entry.s            0x00000000   Number         0  entry10b.o ABSOLUTE
    ../clib/microlib/init/entry.s            0x00000000   Number         0  entry11a.o ABSOLUTE
    ../clib/microlib/init/entry.s            0x00000000   Number         0  entry8b.o ABSOLUTE
    ../clib/microlib/init/entry.s            0x00000000   Number         0  entry11b.o ABSOLUTE
    ../clib/microlib/init/entry.s            0x00000000   Number         0  entry.o ABSOLUTE
    ../clib/microlib/init/entry.s            0x00000000   Number         0  entry9b.o ABSOLUTE
    ../clib/microlib/init/entry.s            0x00000000   Number         0  entry12a.o ABSOLUTE
    ../clib/microlib/init/entry.s            0x00000000   Number         0  entry12b.o ABSOLUTE
    ../clib/microlib/init/entry.s            0x00000000   Number         0  entry10a.o ABSOLUTE
    ../clib/microlib/init/entry.s            0x00000000   Number         0  entry9a.o ABSOLUTE
    ../clib/microlib/longlong.c              0x00000000   Number         0  llshl.o ABSOLUTE
    ../clib/microlib/longlong.c              0x00000000   Number         0  llushr.o ABSOLUTE
    ../clib/microlib/longlong.c              0x00000000   Number         0  llsshr.o ABSOLUTE
    ../clib/microlib/printf/printf.c         0x00000000   Number         0  printf7.o ABSOLUTE
    ../clib/microlib/printf/printf.c         0x00000000   Number         0  printf6.o ABSOLUTE
    ../clib/microlib/printf/printf.c         0x00000000   Number         0  printf5.o ABSOLUTE
    ../clib/microlib/printf/printf.c         0x00000000   Number         0  printf3.o ABSOLUTE
    ../clib/microlib/printf/printf.c         0x00000000   Number         0  printf2.o ABSOLUTE
    ../clib/microlib/printf/printf.c         0x00000000   Number         0  printf1.o ABSOLUTE
    ../clib/microlib/printf/printf.c         0x00000000   Number         0  printf0.o ABSOLUTE
    ../clib/microlib/printf/printf.c         0x00000000   Number         0  printfb.o ABSOLUTE
    ../clib/microlib/printf/printf.c         0x00000000   Number         0  printf4.o ABSOLUTE
    ../clib/microlib/printf/printf.c         0x00000000   Number         0  printfa.o ABSOLUTE
    ../clib/microlib/printf/printf.c         0x00000000   Number         0  printf8.o ABSOLUTE
    ../clib/microlib/printf/stubs.s          0x00000000   Number         0  stubs.o ABSOLUTE
    ../clib/microlib/stdio/streams.c         0x00000000   Number         0  stdout.o ABSOLUTE
    ../clib/microlib/string/memcpy.c         0x00000000   Number         0  memcpya.o ABSOLUTE
    ../clib/microlib/string/memcpy.c         0x00000000   Number         0  memcpyb.o ABSOLUTE
    ../clib/microlib/string/memset.c         0x00000000   Number         0  memseta.o ABSOLUTE
    ../clib/microlib/string/strncpy.c        0x00000000   Number         0  strncpy.o ABSOLUTE
    ../clib/microlib/stubs.s                 0x00000000   Number         0  iusefp.o ABSOLUTE
    ../fplib/microlib/fpadd.c                0x00000000   Number         0  dadd.o ABSOLUTE
    ../fplib/microlib/fpdiv.c                0x00000000   Number         0  ddiv.o ABSOLUTE
    ../fplib/microlib/fpepilogue.c           0x00000000   Number         0  depilogue.o ABSOLUTE
    ../fplib/microlib/fpfix.c                0x00000000   Number         0  dfixul.o ABSOLUTE
    ../fplib/microlib/fpmul.c                0x00000000   Number         0  dmul.o ABSOLUTE
    ..\..\Libraries\CMSIS\core_cm3.c         0x00000000   Number         0  core_cm3.o ABSOLUTE
    ..\..\Libraries\CMSIS\startup\startup_stm32f10x_hd.s 0x00000000   Number         0  startup_stm32f10x_hd.o ABSOLUTE
    ..\..\Libraries\CMSIS\system_stm32f10x.c 0x00000000   Number         0  system_stm32f10x.o ABSOLUTE
    ..\..\Libraries\FWlib\src\misc.c         0x00000000   Number         0  misc.o ABSOLUTE
    ..\..\Libraries\FWlib\src\stm32f10x_adc.c 0x00000000   Number         0  stm32f10x_adc.o ABSOLUTE
    ..\..\Libraries\FWlib\src\stm32f10x_bkp.c 0x00000000   Number         0  stm32f10x_bkp.o ABSOLUTE
    ..\..\Libraries\FWlib\src\stm32f10x_can.c 0x00000000   Number         0  stm32f10x_can.o ABSOLUTE
    ..\..\Libraries\FWlib\src\stm32f10x_cec.c 0x00000000   Number         0  stm32f10x_cec.o ABSOLUTE
    ..\..\Libraries\FWlib\src\stm32f10x_crc.c 0x00000000   Number         0  stm32f10x_crc.o ABSOLUTE
    ..\..\Libraries\FWlib\src\stm32f10x_dac.c 0x00000000   Number         0  stm32f10x_dac.o ABSOLUTE
    ..\..\Libraries\FWlib\src\stm32f10x_dbgmcu.c 0x00000000   Number         0  stm32f10x_dbgmcu.o ABSOLUTE
    ..\..\Libraries\FWlib\src\stm32f10x_dma.c 0x00000000   Number         0  stm32f10x_dma.o ABSOLUTE
    ..\..\Libraries\FWlib\src\stm32f10x_exti.c 0x00000000   Number         0  stm32f10x_exti.o ABSOLUTE
    ..\..\Libraries\FWlib\src\stm32f10x_flash.c 0x00000000   Number         0  stm32f10x_flash.o ABSOLUTE
    ..\..\Libraries\FWlib\src\stm32f10x_fsmc.c 0x00000000   Number         0  stm32f10x_fsmc.o ABSOLUTE
    ..\..\Libraries\FWlib\src\stm32f10x_gpio.c 0x00000000   Number         0  stm32f10x_gpio.o ABSOLUTE
    ..\..\Libraries\FWlib\src\stm32f10x_i2c.c 0x00000000   Number         0  stm32f10x_i2c.o ABSOLUTE
    ..\..\Libraries\FWlib\src\stm32f10x_iwdg.c 0x00000000   Number         0  stm32f10x_iwdg.o ABSOLUTE
    ..\..\Libraries\FWlib\src\stm32f10x_pwr.c 0x00000000   Number         0  stm32f10x_pwr.o ABSOLUTE
    ..\..\Libraries\FWlib\src\stm32f10x_rcc.c 0x00000000   Number         0  stm32f10x_rcc.o ABSOLUTE
    ..\..\Libraries\FWlib\src\stm32f10x_rtc.c 0x00000000   Number         0  stm32f10x_rtc.o ABSOLUTE
    ..\..\Libraries\FWlib\src\stm32f10x_sdio.c 0x00000000   Number         0  stm32f10x_sdio.o ABSOLUTE
    ..\..\Libraries\FWlib\src\stm32f10x_spi.c 0x00000000   Number         0  stm32f10x_spi.o ABSOLUTE
    ..\..\Libraries\FWlib\src\stm32f10x_tim.c 0x00000000   Number         0  stm32f10x_tim.o ABSOLUTE
    ..\..\Libraries\FWlib\src\stm32f10x_usart.c 0x00000000   Number         0  stm32f10x_usart.o ABSOLUTE
    ..\..\Libraries\FWlib\src\stm32f10x_wwdg.c 0x00000000   Number         0  stm32f10x_wwdg.o ABSOLUTE
    ..\..\User\main.c                        0x00000000   Number         0  main.o ABSOLUTE
    ..\..\User\stm32f10x_it.c                0x00000000   Number         0  stm32f10x_it.o ABSOLUTE
    ..\..\User\usart\bsp_usart.c             0x00000000   Number         0  bsp_usart.o ABSOLUTE
    ..\\..\\Libraries\\CMSIS\\core_cm3.c     0x00000000   Number         0  core_cm3.o ABSOLUTE
    D:\Keil_v535\Packs\Tencent\TencentOS-tiny\1.0.0\arch\arm\arm-v7m\common\tos_cpu.c 0x00000000   Number         0  tos_cpu.o ABSOLUTE
    D:\Keil_v535\Packs\Tencent\TencentOS-tiny\1.0.0\arch\arm\arm-v7m\common\tos_fault.c 0x00000000   Number         0  tos_fault.o ABSOLUTE
    D:\Keil_v535\Packs\Tencent\TencentOS-tiny\1.0.0\arch\arm\arm-v7m\cortex-m3\armcc\port_c.c 0x00000000   Number         0  port_c.o ABSOLUTE
    D:\Keil_v535\Packs\Tencent\TencentOS-tiny\1.0.0\arch\arm\arm-v7m\cortex-m3\armcc\port_s.S 0x00000000   Number         0  port_s.o ABSOLUTE
    D:\Keil_v535\Packs\Tencent\TencentOS-tiny\1.0.0\kernel\core\tos_barrier.c 0x00000000   Number         0  tos_barrier.o ABSOLUTE
    D:\Keil_v535\Packs\Tencent\TencentOS-tiny\1.0.0\kernel\core\tos_binary_heap.c 0x00000000   Number         0  tos_binary_heap.o ABSOLUTE
    D:\Keil_v535\Packs\Tencent\TencentOS-tiny\1.0.0\kernel\core\tos_bitmap.c 0x00000000   Number         0  tos_bitmap.o ABSOLUTE
    D:\Keil_v535\Packs\Tencent\TencentOS-tiny\1.0.0\kernel\core\tos_char_fifo.c 0x00000000   Number         0  tos_char_fifo.o ABSOLUTE
    D:\Keil_v535\Packs\Tencent\TencentOS-tiny\1.0.0\kernel\core\tos_completion.c 0x00000000   Number         0  tos_completion.o ABSOLUTE
    D:\Keil_v535\Packs\Tencent\TencentOS-tiny\1.0.0\kernel\core\tos_countdownlatch.c 0x00000000   Number         0  tos_countdownlatch.o ABSOLUTE
    D:\Keil_v535\Packs\Tencent\TencentOS-tiny\1.0.0\kernel\core\tos_event.c 0x00000000   Number         0  tos_event.o ABSOLUTE
    D:\Keil_v535\Packs\Tencent\TencentOS-tiny\1.0.0\kernel\core\tos_global.c 0x00000000   Number         0  tos_global.o ABSOLUTE
    D:\Keil_v535\Packs\Tencent\TencentOS-tiny\1.0.0\kernel\core\tos_mail_queue.c 0x00000000   Number         0  tos_mail_queue.o ABSOLUTE
    D:\Keil_v535\Packs\Tencent\TencentOS-tiny\1.0.0\kernel\core\tos_message_queue.c 0x00000000   Number         0  tos_message_queue.o ABSOLUTE
    D:\Keil_v535\Packs\Tencent\TencentOS-tiny\1.0.0\kernel\core\tos_mmblk.c 0x00000000   Number         0  tos_mmblk.o ABSOLUTE
    D:\Keil_v535\Packs\Tencent\TencentOS-tiny\1.0.0\kernel\core\tos_mmheap.c 0x00000000   Number         0  tos_mmheap.o ABSOLUTE
    D:\Keil_v535\Packs\Tencent\TencentOS-tiny\1.0.0\kernel\core\tos_mutex.c 0x00000000   Number         0  tos_mutex.o ABSOLUTE
    D:\Keil_v535\Packs\Tencent\TencentOS-tiny\1.0.0\kernel\core\tos_pend.c 0x00000000   Number         0  tos_pend.o ABSOLUTE
    D:\Keil_v535\Packs\Tencent\TencentOS-tiny\1.0.0\kernel\core\tos_priority_mail_queue.c 0x00000000   Number         0  tos_priority_mail_queue.o ABSOLUTE
    D:\Keil_v535\Packs\Tencent\TencentOS-tiny\1.0.0\kernel\core\tos_priority_message_queue.c 0x00000000   Number         0  tos_priority_message_queue.o ABSOLUTE
    D:\Keil_v535\Packs\Tencent\TencentOS-tiny\1.0.0\kernel\core\tos_priority_queue.c 0x00000000   Number         0  tos_priority_queue.o ABSOLUTE
    D:\Keil_v535\Packs\Tencent\TencentOS-tiny\1.0.0\kernel\core\tos_ring_queue.c 0x00000000   Number         0  tos_ring_queue.o ABSOLUTE
    D:\Keil_v535\Packs\Tencent\TencentOS-tiny\1.0.0\kernel\core\tos_robin.c 0x00000000   Number         0  tos_robin.o ABSOLUTE
    D:\Keil_v535\Packs\Tencent\TencentOS-tiny\1.0.0\kernel\core\tos_rwlock.c 0x00000000   Number         0  tos_rwlock.o ABSOLUTE
    D:\Keil_v535\Packs\Tencent\TencentOS-tiny\1.0.0\kernel\core\tos_sched.c 0x00000000   Number         0  tos_sched.o ABSOLUTE
    D:\Keil_v535\Packs\Tencent\TencentOS-tiny\1.0.0\kernel\core\tos_sem.c 0x00000000   Number         0  tos_sem.o ABSOLUTE
    D:\Keil_v535\Packs\Tencent\TencentOS-tiny\1.0.0\kernel\core\tos_stopwatch.c 0x00000000   Number         0  tos_stopwatch.o ABSOLUTE
    D:\Keil_v535\Packs\Tencent\TencentOS-tiny\1.0.0\kernel\core\tos_sys.c 0x00000000   Number         0  tos_sys.o ABSOLUTE
    D:\Keil_v535\Packs\Tencent\TencentOS-tiny\1.0.0\kernel\core\tos_task.c 0x00000000   Number         0  tos_task.o ABSOLUTE
    D:\Keil_v535\Packs\Tencent\TencentOS-tiny\1.0.0\kernel\core\tos_tick.c 0x00000000   Number         0  tos_tick.o ABSOLUTE
    D:\Keil_v535\Packs\Tencent\TencentOS-tiny\1.0.0\kernel\core\tos_time.c 0x00000000   Number         0  tos_time.o ABSOLUTE
    D:\Keil_v535\Packs\Tencent\TencentOS-tiny\1.0.0\kernel\core\tos_timer.c 0x00000000   Number         0  tos_timer.o ABSOLUTE
    RTE\TencentOS_tiny\mcu_it.c              0x00000000   Number         0  mcu_it.o ABSOLUTE
    cdrcmple.s                               0x00000000   Number         0  cdrcmple.o ABSOLUTE
    dc.s                                     0x00000000   Number         0  dc.o ABSOLUTE
    handlers.s                               0x00000000   Number         0  handlers.o ABSOLUTE
    init.s                                   0x00000000   Number         0  init.o ABSOLUTE
    RESET                                    0x08000000   Section      304  startup_stm32f10x_hd.o(RESET)
    .ARM.Collect$$$$00000000                 0x08000130   Section        0  entry.o(.ARM.Collect$$$$00000000)
    .ARM.Collect$$$$00000001                 0x08000130   Section        4  entry2.o(.ARM.Collect$$$$00000001)
    .ARM.Collect$$$$00000004                 0x08000134   Section        4  entry5.o(.ARM.Collect$$$$00000004)
    .ARM.Collect$$$$00000008                 0x08000138   Section        0  entry7b.o(.ARM.Collect$$$$00000008)
    .ARM.Collect$$$$0000000A                 0x08000138   Section        0  entry8b.o(.ARM.Collect$$$$0000000A)
    .ARM.Collect$$$$0000000B                 0x08000138   Section        8  entry9a.o(.ARM.Collect$$$$0000000B)
    .ARM.Collect$$$$0000000E                 0x08000140   Section        4  entry12b.o(.ARM.Collect$$$$0000000E)
    .ARM.Collect$$$$0000000F                 0x08000144   Section        0  entry10a.o(.ARM.Collect$$$$0000000F)
    .ARM.Collect$$$$00000011                 0x08000144   Section        0  entry11a.o(.ARM.Collect$$$$00000011)
    .ARM.Collect$$$$00002712                 0x08000144   Section        4  entry2.o(.ARM.Collect$$$$00002712)
    __lit__00000000                          0x08000144   Data           4  entry2.o(.ARM.Collect$$$$00002712)
    .text                                    0x08000148   Section       36  startup_stm32f10x_hd.o(.text)
    .text                                    0x0800016c   Section        0  system_stm32f10x.o(.text)
    SetSysClockTo72                          0x0800016d   Thumb Code   214  system_stm32f10x.o(.text)
    SetSysClock                              0x08000243   Thumb Code     8  system_stm32f10x.o(.text)
    .text                                    0x0800034c   Section        0  main.o(.text)
    .text                                    0x080005d0   Section        0  stm32f10x_it.o(.text)
    .text                                    0x08000620   Section        0  bsp_usart.o(.text)
    NVIC_Configuration                       0x08000621   Thumb Code    38  bsp_usart.o(.text)
    .text                                    0x080007c4   Section        0  misc.o(.text)
    .text                                    0x080008a0   Section        0  stm32f10x_gpio.o(.text)
    .text                                    0x08000bfc   Section        0  stm32f10x_rcc.o(.text)
    .text                                    0x08000fa0   Section        0  stm32f10x_usart.o(.text)
    .text                                    0x080013a8   Section        0  tos_cpu.o(.text)
    .text                                    0x080014d0   Section        0  port_c.o(.text)
    NVIC_SetPriority                         0x080014d1   Thumb Code    32  port_c.o(.text)
    .text                                    0x08001564   Section      140  port_s.o(.text)
    .text                                    0x080015f0   Section        0  tos_mmheap.o(.text)
    generic_fls                              0x080015f1   Thumb Code    16  tos_mmheap.o(.text)
    __ffs                                    0x08001601   Thumb Code    20  tos_mmheap.o(.text)
    __fls                                    0x08001615   Thumb Code    14  tos_mmheap.o(.text)
    mapping_insert                           0x08001623   Thumb Code    58  tos_mmheap.o(.text)
    mapping_search                           0x0800165d   Thumb Code    46  tos_mmheap.o(.text)
    blk_set_prev_used                        0x0800168b   Thumb Code    10  tos_mmheap.o(.text)
    blk_next                                 0x08001695   Thumb Code    36  tos_mmheap.o(.text)
    blk_link_next                            0x080016b9   Thumb Code    18  tos_mmheap.o(.text)
    blk_mark_as_free                         0x080016cb   Thumb Code    26  tos_mmheap.o(.text)
    blk_mark_as_used                         0x080016e5   Thumb Code    26  tos_mmheap.o(.text)
    insert_free_block                        0x080016ff   Thumb Code    74  tos_mmheap.o(.text)
    remove_free_block                        0x08001749   Thumb Code    92  tos_mmheap.o(.text)
    blk_remove                               0x080017a5   Thumb Code    32  tos_mmheap.o(.text)
    blk_insert                               0x080017c5   Thumb Code    32  tos_mmheap.o(.text)
    blk_can_split                            0x080017e5   Thumb Code    28  tos_mmheap.o(.text)
    blk_split                                0x08001801   Thumb Code    62  tos_mmheap.o(.text)
    blk_absorb                               0x0800183f   Thumb Code    30  tos_mmheap.o(.text)
    blk_merge_prev                           0x0800185d   Thumb Code    40  tos_mmheap.o(.text)
    blk_merge_next                           0x08001885   Thumb Code    42  tos_mmheap.o(.text)
    blk_trim_free                            0x080018af   Thumb Code    46  tos_mmheap.o(.text)
    blk_trim_used                            0x080018dd   Thumb Code    48  tos_mmheap.o(.text)
    blk_trim_free_leading                    0x0800190d   Thumb Code    50  tos_mmheap.o(.text)
    blk_search_suitable                      0x0800193f   Thumb Code   106  tos_mmheap.o(.text)
    blk_locate_free                          0x080019a9   Thumb Code    58  tos_mmheap.o(.text)
    adjust_request_size                      0x080019e3   Thumb Code    48  tos_mmheap.o(.text)
    blk_prepare_used                         0x08001a13   Thumb Code    34  tos_mmheap.o(.text)
    mmheap_pool_is_exist                     0x08001a35   Thumb Code    40  tos_mmheap.o(.text)
    mmheap_pool_unrecord                     0x08001a5d   Thumb Code    88  tos_mmheap.o(.text)
    mmheap_ctl_init                          0x08001ab5   Thumb Code    94  tos_mmheap.o(.text)
    blk_size                                 0x08001f05   Thumb Code    10  tos_mmheap.o(.text)
    blk_set_size                             0x08001f0f   Thumb Code    12  tos_mmheap.o(.text)
    blk_set_free                             0x08001f1b   Thumb Code    10  tos_mmheap.o(.text)
    blk_set_used                             0x08001f25   Thumb Code    10  tos_mmheap.o(.text)
    blk_set_prev_free                        0x08001f2f   Thumb Code    10  tos_mmheap.o(.text)
    blk_to_ptr                               0x08001f39   Thumb Code     8  tos_mmheap.o(.text)
    offset_to_blk                            0x08001f41   Thumb Code     6  tos_mmheap.o(.text)
    align_ptr                                0x08001f47   Thumb Code    12  tos_mmheap.o(.text)
    .text                                    0x08001f58   Section        0  tos_mutex.o(.text)
    mutex_old_owner_release                  0x08001f59   Thumb Code    76  tos_mutex.o(.text)
    mutex_fresh_owner_mark                   0x08001fa5   Thumb Code    42  tos_mutex.o(.text)
    tos_list_init                            0x08002379   Thumb Code     6  tos_mutex.o(.text)
    knl_object_verify                        0x0800237f   Thumb Code    16  tos_mutex.o(.text)
    knl_object_init                          0x0800238f   Thumb Code     4  tos_mutex.o(.text)
    .text                                    0x08002398   Section        0  tos_pend.o(.text)
    pend_list_add                            0x08002399   Thumb Code    84  tos_pend.o(.text)
    tos_list_init                            0x08002587   Thumb Code     6  tos_pend.o(.text)
    tos_list_del                             0x0800258d   Thumb Code    12  tos_pend.o(.text)
    tos_list_empty                           0x08002599   Thumb Code    16  tos_pend.o(.text)
    .text                                    0x080025a8   Section        0  tos_robin.o(.text)
    .text                                    0x080026bc   Section        0  tos_sched.o(.text)
    _list_add                                0x080026bd   Thumb Code    10  tos_sched.o(.text)
    readyqueue_prio_highest_get              0x080026c7   Thumb Code    36  tos_sched.o(.text)
    readyqueue_prio_mark                     0x080026eb   Thumb Code    56  tos_sched.o(.text)
    _list_del                                0x080028c7   Thumb Code     6  tos_sched.o(.text)
    tos_list_add_tail                        0x080028cd   Thumb Code    18  tos_sched.o(.text)
    tos_list_empty                           0x080028df   Thumb Code    16  tos_sched.o(.text)
    .text                                    0x080028f8   Section        0  tos_sys.o(.text)
    knl_idle_entry                           0x080028f9   Thumb Code     6  tos_sys.o(.text)
    .text                                    0x08002bcc   Section        0  tos_task.o(.text)
    task_reset                               0x08002bfd   Thumb Code    58  tos_task.o(.text)
    task_mutex_release                       0x08002c37   Thumb Code    46  tos_task.o(.text)
    task_do_destroy                          0x08002c65   Thumb Code   144  tos_task.o(.text)
    task_destroy_static                      0x08002cf5   Thumb Code    12  tos_task.o(.text)
    task_exit                                0x08002d5d   Thumb Code    10  tos_task.o(.text)
    task_highest_pending_prio_get            0x08002d67   Thumb Code    54  tos_task.o(.text)
    tos_list_init                            0x08003305   Thumb Code     6  tos_task.o(.text)
    tos_list_empty                           0x0800330b   Thumb Code    16  tos_task.o(.text)
    knl_object_verify                        0x0800331b   Thumb Code    16  tos_task.o(.text)
    task_state_is_ready                      0x0800332b   Thumb Code    16  tos_task.o(.text)
    task_default_walker                      0x0800333b   Thumb Code   196  tos_task.o(.text)
    .text                                    0x080034d0   Section        0  tos_tick.o(.text)
    tick_task_place                          0x080034d1   Thumb Code   196  tos_tick.o(.text)
    tick_task_takeoff                        0x08003595   Thumb Code   126  tos_tick.o(.text)
    tos_list_empty                           0x08003785   Thumb Code    16  tos_tick.o(.text)
    .text                                    0x080037a0   Section        0  tos_timer.o(.text)
    timer_place                              0x080037a1   Thumb Code   136  tos_timer.o(.text)
    timer_takeoff                            0x08003829   Thumb Code   110  tos_timer.o(.text)
    timer_change                             0x08003afd   Thumb Code   160  tos_timer.o(.text)
    tos_list_init                            0x08003caf   Thumb Code     6  tos_timer.o(.text)
    knl_object_verify                        0x08003cb5   Thumb Code    16  tos_timer.o(.text)
    .text                                    0x08003ccc   Section        0  uldiv.o(.text)
    .text                                    0x08003d2e   Section        0  memcpya.o(.text)
    .text                                    0x08003d52   Section        0  memseta.o(.text)
    .text                                    0x08003d76   Section        0  strncpy.o(.text)
    .text                                    0x08003d8e   Section        0  llshl.o(.text)
    .text                                    0x08003dac   Section        0  llushr.o(.text)
    .text                                    0x08003dcc   Section       36  init.o(.text)
    i.__0printf$5                            0x08003df0   Section        0  printf5.o(i.__0printf$5)
    i.__scatterload_copy                     0x08003e10   Section       14  handlers.o(i.__scatterload_copy)
    i.__scatterload_null                     0x08003e1e   Section        2  handlers.o(i.__scatterload_null)
    i.__scatterload_zeroinit                 0x08003e20   Section       14  handlers.o(i.__scatterload_zeroinit)
    i._printf_core                           0x08003e30   Section        0  printf5.o(i._printf_core)
    _printf_core                             0x08003e31   Thumb Code   660  printf5.o(i._printf_core)
    .constdata                               0x080040f0   Section        8  tos_global.o(.constdata)
    .data                                    0x20000000   Section       20  system_stm32f10x.o(.data)
    .data                                    0x20000014   Section       20  stm32f10x_rcc.o(.data)
    APBAHBPrescTable                         0x20000014   Data          16  stm32f10x_rcc.o(.data)
    ADCPrescTable                            0x20000024   Data           4  stm32f10x_rcc.o(.data)
    .data                                    0x20000028   Section       72  tos_global.o(.data)
    .data                                    0x20000070   Section        4  stdout.o(.data)
    .bss                                     0x20000078   Section     2288  main.o(.bss)
    .bss                                     0x20000968   Section    28068  tos_global.o(.bss)
    STACK                                    0x20007710   Section     1024  startup_stm32f10x_hd.o(STACK)

    Global Symbols

    Symbol Name                              Value     Ov Type        Size  Object(Section)

    BuildAttributes$$THM_ISAv4$P$D$K$B$S$PE$A:L22UL41UL21$X:L11$S22US41US21$IEEE1$IW$USESV6$~STKCKD$USESV7$~SHL$OSPACE$ROPI$EBA8$MICROLIB$REQ8$PRES8$EABIv2 0x00000000   Number         0  anon$$obj.o ABSOLUTE
    __ARM_use_no_argv                        0x00000000   Number         0  main.o ABSOLUTE
    _printf_a                                0x00000000   Number         0  stubs.o ABSOLUTE
    _printf_c                                0x00000000   Number         0  stubs.o ABSOLUTE
    _printf_charcount                        0x00000000   Number         0  stubs.o ABSOLUTE
    _printf_d                                0x00000000   Number         0  stubs.o ABSOLUTE
    _printf_e                                0x00000000   Number         0  stubs.o ABSOLUTE
    _printf_f                                0x00000000   Number         0  stubs.o ABSOLUTE
    _printf_flags                            0x00000000   Number         0  stubs.o ABSOLUTE
    _printf_fp_dec                           0x00000000   Number         0  stubs.o ABSOLUTE
    _printf_fp_hex                           0x00000000   Number         0  stubs.o ABSOLUTE
    _printf_g                                0x00000000   Number         0  stubs.o ABSOLUTE
    _printf_i                                0x00000000   Number         0  stubs.o ABSOLUTE
    _printf_int_dec                          0x00000000   Number         0  stubs.o ABSOLUTE
    _printf_l                                0x00000000   Number         0  stubs.o ABSOLUTE
    _printf_lc                               0x00000000   Number         0  stubs.o ABSOLUTE
    _printf_ll                               0x00000000   Number         0  stubs.o ABSOLUTE
    _printf_lld                              0x00000000   Number         0  stubs.o ABSOLUTE
    _printf_lli                              0x00000000   Number         0  stubs.o ABSOLUTE
    _printf_llo                              0x00000000   Number         0  stubs.o ABSOLUTE
    _printf_llu                              0x00000000   Number         0  stubs.o ABSOLUTE
    _printf_llx                              0x00000000   Number         0  stubs.o ABSOLUTE
    _printf_longlong_dec                     0x00000000   Number         0  stubs.o ABSOLUTE
    _printf_longlong_hex                     0x00000000   Number         0  stubs.o ABSOLUTE
    _printf_longlong_oct                     0x00000000   Number         0  stubs.o ABSOLUTE
    _printf_ls                               0x00000000   Number         0  stubs.o ABSOLUTE
    _printf_mbtowc                           0x00000000   Number         0  stubs.o ABSOLUTE
    _printf_n                                0x00000000   Number         0  stubs.o ABSOLUTE
    _printf_o                                0x00000000   Number         0  stubs.o ABSOLUTE
    _printf_p                                0x00000000   Number         0  stubs.o ABSOLUTE
    _printf_percent                          0x00000000   Number         0  stubs.o ABSOLUTE
    _printf_pre_padding                      0x00000000   Number         0  stubs.o ABSOLUTE
    _printf_return_value                     0x00000000   Number         0  stubs.o ABSOLUTE
    _printf_s                                0x00000000   Number         0  stubs.o ABSOLUTE
    _printf_sizespec                         0x00000000   Number         0  stubs.o ABSOLUTE
    _printf_str                              0x00000000   Number         0  stubs.o ABSOLUTE
    _printf_truncate_signed                  0x00000000   Number         0  stubs.o ABSOLUTE
    _printf_truncate_unsigned                0x00000000   Number         0  stubs.o ABSOLUTE
    _printf_u                                0x00000000   Number         0  stubs.o ABSOLUTE
    _printf_wc                               0x00000000   Number         0  stubs.o ABSOLUTE
    _printf_wctomb                           0x00000000   Number         0  stubs.o ABSOLUTE
    _printf_widthprec                        0x00000000   Number         0  stubs.o ABSOLUTE
    _printf_x                                0x00000000   Number         0  stubs.o ABSOLUTE
    __arm_fini_                               - Undefined Weak Reference
    __cpp_initialize__aeabi_                  - Undefined Weak Reference
    __cxa_finalize                            - Undefined Weak Reference
    __decompress                              - Undefined Weak Reference
    _clock_init                               - Undefined Weak Reference
    _microlib_exit                            - Undefined Weak Reference
    __Vectors_Size                           0x00000130   Number         0  startup_stm32f10x_hd.o ABSOLUTE
    __Vectors                                0x08000000   Data           4  startup_stm32f10x_hd.o(RESET)
    __Vectors_End                            0x08000130   Data           0  startup_stm32f10x_hd.o(RESET)
    __main                                   0x08000131   Thumb Code     0  entry.o(.ARM.Collect$$$$00000000)
    _main_stk                                0x08000131   Thumb Code     0  entry2.o(.ARM.Collect$$$$00000001)
    _main_scatterload                        0x08000135   Thumb Code     0  entry5.o(.ARM.Collect$$$$00000004)
    __main_after_scatterload                 0x08000139   Thumb Code     0  entry5.o(.ARM.Collect$$$$00000004)
    _main_clock                              0x08000139   Thumb Code     0  entry7b.o(.ARM.Collect$$$$00000008)
    _main_cpp_init                           0x08000139   Thumb Code     0  entry8b.o(.ARM.Collect$$$$0000000A)
    _main_init                               0x08000139   Thumb Code     0  entry9a.o(.ARM.Collect$$$$0000000B)
    __rt_lib_shutdown_fini                   0x08000141   Thumb Code     0  entry12b.o(.ARM.Collect$$$$0000000E)
    __rt_final_cpp                           0x08000145   Thumb Code     0  entry10a.o(.ARM.Collect$$$$0000000F)
    __rt_final_exit                          0x08000145   Thumb Code     0  entry11a.o(.ARM.Collect$$$$00000011)
    Reset_Handler                            0x08000149   Thumb Code     8  startup_stm32f10x_hd.o(.text)
    ADC1_2_IRQHandler                        0x08000163   Thumb Code     0  startup_stm32f10x_hd.o(.text)
    ADC3_IRQHandler                          0x08000163   Thumb Code     0  startup_stm32f10x_hd.o(.text)
    CAN1_RX1_IRQHandler                      0x08000163   Thumb Code     0  startup_stm32f10x_hd.o(.text)
    CAN1_SCE_IRQHandler                      0x08000163   Thumb Code     0  startup_stm32f10x_hd.o(.text)
    DMA1_Channel1_IRQHandler                 0x08000163   Thumb Code     0  startup_stm32f10x_hd.o(.text)
    DMA1_Channel2_IRQHandler                 0x08000163   Thumb Code     0  startup_stm32f10x_hd.o(.text)
    DMA1_Channel3_IRQHandler                 0x08000163   Thumb Code     0  startup_stm32f10x_hd.o(.text)
    DMA1_Channel4_IRQHandler                 0x08000163   Thumb Code     0  startup_stm32f10x_hd.o(.text)
    DMA1_Channel5_IRQHandler                 0x08000163   Thumb Code     0  startup_stm32f10x_hd.o(.text)
    DMA1_Channel6_IRQHandler                 0x08000163   Thumb Code     0  startup_stm32f10x_hd.o(.text)
    DMA1_Channel7_IRQHandler                 0x08000163   Thumb Code     0  startup_stm32f10x_hd.o(.text)
    DMA2_Channel1_IRQHandler                 0x08000163   Thumb Code     0  startup_stm32f10x_hd.o(.text)
    DMA2_Channel2_IRQHandler                 0x08000163   Thumb Code     0  startup_stm32f10x_hd.o(.text)
    DMA2_Channel3_IRQHandler                 0x08000163   Thumb Code     0  startup_stm32f10x_hd.o(.text)
    DMA2_Channel4_5_IRQHandler               0x08000163   Thumb Code     0  startup_stm32f10x_hd.o(.text)
    EXTI0_IRQHandler                         0x08000163   Thumb Code     0  startup_stm32f10x_hd.o(.text)
    EXTI15_10_IRQHandler                     0x08000163   Thumb Code     0  startup_stm32f10x_hd.o(.text)
    EXTI1_IRQHandler                         0x08000163   Thumb Code     0  startup_stm32f10x_hd.o(.text)
    EXTI2_IRQHandler                         0x08000163   Thumb Code     0  startup_stm32f10x_hd.o(.text)
    EXTI3_IRQHandler                         0x08000163   Thumb Code     0  startup_stm32f10x_hd.o(.text)
    EXTI4_IRQHandler                         0x08000163   Thumb Code     0  startup_stm32f10x_hd.o(.text)
    EXTI9_5_IRQHandler                       0x08000163   Thumb Code     0  startup_stm32f10x_hd.o(.text)
    FLASH_IRQHandler                         0x08000163   Thumb Code     0  startup_stm32f10x_hd.o(.text)
    FSMC_IRQHandler                          0x08000163   Thumb Code     0  startup_stm32f10x_hd.o(.text)
    I2C1_ER_IRQHandler                       0x08000163   Thumb Code     0  startup_stm32f10x_hd.o(.text)
    I2C1_EV_IRQHandler                       0x08000163   Thumb Code     0  startup_stm32f10x_hd.o(.text)
    I2C2_ER_IRQHandler                       0x08000163   Thumb Code     0  startup_stm32f10x_hd.o(.text)
    I2C2_EV_IRQHandler                       0x08000163   Thumb Code     0  startup_stm32f10x_hd.o(.text)
    PVD_IRQHandler                           0x08000163   Thumb Code     0  startup_stm32f10x_hd.o(.text)
    RCC_IRQHandler                           0x08000163   Thumb Code     0  startup_stm32f10x_hd.o(.text)
    RTCAlarm_IRQHandler                      0x08000163   Thumb Code     0  startup_stm32f10x_hd.o(.text)
    RTC_IRQHandler                           0x08000163   Thumb Code     0  startup_stm32f10x_hd.o(.text)
    SDIO_IRQHandler                          0x08000163   Thumb Code     0  startup_stm32f10x_hd.o(.text)
    SPI1_IRQHandler                          0x08000163   Thumb Code     0  startup_stm32f10x_hd.o(.text)
    SPI2_IRQHandler                          0x08000163   Thumb Code     0  startup_stm32f10x_hd.o(.text)
    SPI3_IRQHandler                          0x08000163   Thumb Code     0  startup_stm32f10x_hd.o(.text)
    TAMPER_IRQHandler                        0x08000163   Thumb Code     0  startup_stm32f10x_hd.o(.text)
    TIM1_BRK_IRQHandler                      0x08000163   Thumb Code     0  startup_stm32f10x_hd.o(.text)
    TIM1_CC_IRQHandler                       0x08000163   Thumb Code     0  startup_stm32f10x_hd.o(.text)
    TIM1_TRG_COM_IRQHandler                  0x08000163   Thumb Code     0  startup_stm32f10x_hd.o(.text)
    TIM1_UP_IRQHandler                       0x08000163   Thumb Code     0  startup_stm32f10x_hd.o(.text)
    TIM2_IRQHandler                          0x08000163   Thumb Code     0  startup_stm32f10x_hd.o(.text)
    TIM3_IRQHandler                          0x08000163   Thumb Code     0  startup_stm32f10x_hd.o(.text)
    TIM4_IRQHandler                          0x08000163   Thumb Code     0  startup_stm32f10x_hd.o(.text)
    TIM5_IRQHandler                          0x08000163   Thumb Code     0  startup_stm32f10x_hd.o(.text)
    TIM6_IRQHandler                          0x08000163   Thumb Code     0  startup_stm32f10x_hd.o(.text)
    TIM7_IRQHandler                          0x08000163   Thumb Code     0  startup_stm32f10x_hd.o(.text)
    TIM8_BRK_IRQHandler                      0x08000163   Thumb Code     0  startup_stm32f10x_hd.o(.text)
    TIM8_CC_IRQHandler                       0x08000163   Thumb Code     0  startup_stm32f10x_hd.o(.text)
    TIM8_TRG_COM_IRQHandler                  0x08000163   Thumb Code     0  startup_stm32f10x_hd.o(.text)
    TIM8_UP_IRQHandler                       0x08000163   Thumb Code     0  startup_stm32f10x_hd.o(.text)
    UART4_IRQHandler                         0x08000163   Thumb Code     0  startup_stm32f10x_hd.o(.text)
    UART5_IRQHandler                         0x08000163   Thumb Code     0  startup_stm32f10x_hd.o(.text)
    USART2_IRQHandler                        0x08000163   Thumb Code     0  startup_stm32f10x_hd.o(.text)
    USART3_IRQHandler                        0x08000163   Thumb Code     0  startup_stm32f10x_hd.o(.text)
    USBWakeUp_IRQHandler                     0x08000163   Thumb Code     0  startup_stm32f10x_hd.o(.text)
    USB_HP_CAN1_TX_IRQHandler                0x08000163   Thumb Code     0  startup_stm32f10x_hd.o(.text)
    USB_LP_CAN1_RX0_IRQHandler               0x08000163   Thumb Code     0  startup_stm32f10x_hd.o(.text)
    WWDG_IRQHandler                          0x08000163   Thumb Code     0  startup_stm32f10x_hd.o(.text)
    SystemInit                               0x0800024b   Thumb Code    78  system_stm32f10x.o(.text)
    SystemCoreClockUpdate                    0x08000299   Thumb Code   142  system_stm32f10x.o(.text)
    test_task1                               0x0800034d   Thumb Code    18  main.o(.text)
    test_task2                               0x0800035f   Thumb Code   128  main.o(.text)
    main                                     0x080003df   Thumb Code   134  main.o(.text)
    NMI_Handler                              0x080005d1   Thumb Code     2  stm32f10x_it.o(.text)
    HardFault_Handler                        0x080005d3   Thumb Code     4  stm32f10x_it.o(.text)
    MemManage_Handler                        0x080005d7   Thumb Code     4  stm32f10x_it.o(.text)
    BusFault_Handler                         0x080005db   Thumb Code     4  stm32f10x_it.o(.text)
    UsageFault_Handler                       0x080005df   Thumb Code     4  stm32f10x_it.o(.text)
    SVC_Handler                              0x080005e3   Thumb Code     2  stm32f10x_it.o(.text)
    DebugMon_Handler                         0x080005e5   Thumb Code     2  stm32f10x_it.o(.text)
    SysTick_Handler                          0x080005e7   Thumb Code    22  stm32f10x_it.o(.text)
    USART1_IRQHandler                        0x080005fd   Thumb Code    32  stm32f10x_it.o(.text)
    USART_Config                             0x08000647   Thumb Code   136  bsp_usart.o(.text)
    Usart_SendByte                           0x080006cf   Thumb Code    30  bsp_usart.o(.text)
    Usart_SendArray                          0x080006ed   Thumb Code    48  bsp_usart.o(.text)
    Usart_SendString                         0x0800071d   Thumb Code    42  bsp_usart.o(.text)
    Usart_SendHalfWord                       0x08000747   Thumb Code    60  bsp_usart.o(.text)
    fputc                                    0x08000783   Thumb Code    32  bsp_usart.o(.text)
    fgetc                                    0x080007a3   Thumb Code    26  bsp_usart.o(.text)
    NVIC_PriorityGroupConfig                 0x080007c5   Thumb Code    10  misc.o(.text)
    NVIC_Init                                0x080007cf   Thumb Code   100  misc.o(.text)
    NVIC_SetVectorTable                      0x08000833   Thumb Code    14  misc.o(.text)
    NVIC_SystemLPConfig                      0x08000841   Thumb Code    34  misc.o(.text)
    SysTick_CLKSourceConfig                  0x08000863   Thumb Code    40  misc.o(.text)
    GPIO_DeInit                              0x080008a1   Thumb Code   172  stm32f10x_gpio.o(.text)
    GPIO_AFIODeInit                          0x0800094d   Thumb Code    20  stm32f10x_gpio.o(.text)
    GPIO_Init                                0x08000961   Thumb Code   278  stm32f10x_gpio.o(.text)
    GPIO_StructInit                          0x08000a77   Thumb Code    16  stm32f10x_gpio.o(.text)
    GPIO_ReadInputDataBit                    0x08000a87   Thumb Code    18  stm32f10x_gpio.o(.text)
    GPIO_ReadInputData                       0x08000a99   Thumb Code     8  stm32f10x_gpio.o(.text)
    GPIO_ReadOutputDataBit                   0x08000aa1   Thumb Code    18  stm32f10x_gpio.o(.text)
    GPIO_ReadOutputData                      0x08000ab3   Thumb Code     8  stm32f10x_gpio.o(.text)
    GPIO_SetBits                             0x08000abb   Thumb Code     4  stm32f10x_gpio.o(.text)
    GPIO_ResetBits                           0x08000abf   Thumb Code     4  stm32f10x_gpio.o(.text)
    GPIO_WriteBit                            0x08000ac3   Thumb Code    10  stm32f10x_gpio.o(.text)
    GPIO_Write                               0x08000acd   Thumb Code     4  stm32f10x_gpio.o(.text)
    GPIO_PinLockConfig                       0x08000ad1   Thumb Code    18  stm32f10x_gpio.o(.text)
    GPIO_EventOutputConfig                   0x08000ae3   Thumb Code    26  stm32f10x_gpio.o(.text)
    GPIO_EventOutputCmd                      0x08000afd   Thumb Code     6  stm32f10x_gpio.o(.text)
    GPIO_PinRemapConfig                      0x08000b03   Thumb Code   138  stm32f10x_gpio.o(.text)
    GPIO_EXTILineConfig                      0x08000b8d   Thumb Code    66  stm32f10x_gpio.o(.text)
    GPIO_ETH_MediaInterfaceConfig            0x08000bcf   Thumb Code     8  stm32f10x_gpio.o(.text)
    RCC_DeInit                               0x08000bfd   Thumb Code    64  stm32f10x_rcc.o(.text)
    RCC_HSEConfig                            0x08000c3d   Thumb Code    70  stm32f10x_rcc.o(.text)
    RCC_GetFlagStatus                        0x08000c83   Thumb Code    56  stm32f10x_rcc.o(.text)
    RCC_WaitForHSEStartUp                    0x08000cbb   Thumb Code    56  stm32f10x_rcc.o(.text)
    RCC_AdjustHSICalibrationValue            0x08000cf3   Thumb Code    20  stm32f10x_rcc.o(.text)
    RCC_HSICmd                               0x08000d07   Thumb Code     6  stm32f10x_rcc.o(.text)
    RCC_PLLConfig                            0x08000d0d   Thumb Code    24  stm32f10x_rcc.o(.text)
    RCC_PLLCmd                               0x08000d25   Thumb Code     6  stm32f10x_rcc.o(.text)
    RCC_SYSCLKConfig                         0x08000d2b   Thumb Code    18  stm32f10x_rcc.o(.text)
    RCC_GetSYSCLKSource                      0x08000d3d   Thumb Code    10  stm32f10x_rcc.o(.text)
    RCC_HCLKConfig                           0x08000d47   Thumb Code    18  stm32f10x_rcc.o(.text)
    RCC_PCLK1Config                          0x08000d59   Thumb Code    18  stm32f10x_rcc.o(.text)
    RCC_PCLK2Config                          0x08000d6b   Thumb Code    20  stm32f10x_rcc.o(.text)
    RCC_ITConfig                             0x08000d7f   Thumb Code    26  stm32f10x_rcc.o(.text)
    RCC_USBCLKConfig                         0x08000d99   Thumb Code     8  stm32f10x_rcc.o(.text)
    RCC_ADCCLKConfig                         0x08000da1   Thumb Code    18  stm32f10x_rcc.o(.text)
    RCC_LSEConfig                            0x08000db3   Thumb Code    50  stm32f10x_rcc.o(.text)
    RCC_LSICmd                               0x08000de5   Thumb Code     6  stm32f10x_rcc.o(.text)
    RCC_RTCCLKConfig                         0x08000deb   Thumb Code    12  stm32f10x_rcc.o(.text)
    RCC_RTCCLKCmd                            0x08000df7   Thumb Code     8  stm32f10x_rcc.o(.text)
    RCC_GetClocksFreq                        0x08000dff   Thumb Code   192  stm32f10x_rcc.o(.text)
    RCC_AHBPeriphClockCmd                    0x08000ebf   Thumb Code    26  stm32f10x_rcc.o(.text)
    RCC_APB2PeriphClockCmd                   0x08000ed9   Thumb Code    26  stm32f10x_rcc.o(.text)
    RCC_APB1PeriphClockCmd                   0x08000ef3   Thumb Code    26  stm32f10x_rcc.o(.text)
    RCC_APB2PeriphResetCmd                   0x08000f0d   Thumb Code    26  stm32f10x_rcc.o(.text)
    RCC_APB1PeriphResetCmd                   0x08000f27   Thumb Code    26  stm32f10x_rcc.o(.text)
    RCC_BackupResetCmd                       0x08000f41   Thumb Code     8  stm32f10x_rcc.o(.text)
    RCC_ClockSecuritySystemCmd               0x08000f49   Thumb Code     6  stm32f10x_rcc.o(.text)
    RCC_MCOConfig                            0x08000f4f   Thumb Code     6  stm32f10x_rcc.o(.text)
    RCC_ClearFlag                            0x08000f55   Thumb Code    14  stm32f10x_rcc.o(.text)
    RCC_GetITStatus                          0x08000f63   Thumb Code    20  stm32f10x_rcc.o(.text)
    RCC_ClearITPendingBit                    0x08000f77   Thumb Code     6  stm32f10x_rcc.o(.text)
    USART_DeInit                             0x08000fa1   Thumb Code   134  stm32f10x_usart.o(.text)
    USART_Init                               0x08001027   Thumb Code   210  stm32f10x_usart.o(.text)
    USART_StructInit                         0x080010f9   Thumb Code    24  stm32f10x_usart.o(.text)
    USART_ClockInit                          0x08001111   Thumb Code    34  stm32f10x_usart.o(.text)
    USART_ClockStructInit                    0x08001133   Thumb Code    12  stm32f10x_usart.o(.text)
    USART_Cmd                                0x0800113f   Thumb Code    24  stm32f10x_usart.o(.text)
    USART_ITConfig                           0x08001157   Thumb Code    74  stm32f10x_usart.o(.text)
    USART_DMACmd                             0x080011a1   Thumb Code    18  stm32f10x_usart.o(.text)
    USART_SetAddress                         0x080011b3   Thumb Code    18  stm32f10x_usart.o(.text)
    USART_WakeUpConfig                       0x080011c5   Thumb Code    18  stm32f10x_usart.o(.text)
    USART_ReceiverWakeUpCmd                  0x080011d7   Thumb Code    24  stm32f10x_usart.o(.text)
    USART_LINBreakDetectLengthConfig         0x080011ef   Thumb Code    18  stm32f10x_usart.o(.text)
    USART_LINCmd                             0x08001201   Thumb Code    24  stm32f10x_usart.o(.text)
    USART_SendData                           0x08001219   Thumb Code     8  stm32f10x_usart.o(.text)
    USART_ReceiveData                        0x08001221   Thumb Code    10  stm32f10x_usart.o(.text)
    USART_SendBreak                          0x0800122b   Thumb Code    10  stm32f10x_usart.o(.text)
    USART_SetGuardTime                       0x08001235   Thumb Code    16  stm32f10x_usart.o(.text)
    USART_SetPrescaler                       0x08001245   Thumb Code    16  stm32f10x_usart.o(.text)
    USART_SmartCardCmd                       0x08001255   Thumb Code    24  stm32f10x_usart.o(.text)
    USART_SmartCardNACKCmd                   0x0800126d   Thumb Code    24  stm32f10x_usart.o(.text)
    USART_HalfDuplexCmd                      0x08001285   Thumb Code    24  stm32f10x_usart.o(.text)
    USART_OverSampling8Cmd                   0x0800129d   Thumb Code    22  stm32f10x_usart.o(.text)
    USART_OneBitMethodCmd                    0x080012b3   Thumb Code    24  stm32f10x_usart.o(.text)
    USART_IrDAConfig                         0x080012cb   Thumb Code    18  stm32f10x_usart.o(.text)
    USART_IrDACmd                            0x080012dd   Thumb Code    24  stm32f10x_usart.o(.text)
    USART_GetFlagStatus                      0x080012f5   Thumb Code    26  stm32f10x_usart.o(.text)
    USART_ClearFlag                          0x0800130f   Thumb Code    18  stm32f10x_usart.o(.text)
    USART_GetITStatus                        0x08001321   Thumb Code    84  stm32f10x_usart.o(.text)
    USART_ClearITPendingBit                  0x08001375   Thumb Code    52  stm32f10x_usart.o(.text)
    tos_cpu_clz                              0x080013a9   Thumb Code    12  tos_cpu.o(.text)
    tos_cpu_int_disable                      0x080013b5   Thumb Code     8  tos_cpu.o(.text)
    tos_cpu_int_enable                       0x080013bd   Thumb Code     8  tos_cpu.o(.text)
    tos_cpu_cpsr_save                        0x080013c5   Thumb Code     8  tos_cpu.o(.text)
    tos_cpu_cpsr_restore                     0x080013cd   Thumb Code    12  tos_cpu.o(.text)
    cpu_systick_init                         0x080013d9   Thumb Code    18  tos_cpu.o(.text)
    cpu_init                                 0x080013eb   Thumb Code    30  tos_cpu.o(.text)
    cpu_reset                                0x08001409   Thumb Code     8  tos_cpu.o(.text)
    cpu_sched_start                          0x08001411   Thumb Code     4  tos_cpu.o(.text)
    cpu_context_switch                       0x08001415   Thumb Code     8  tos_cpu.o(.text)
    cpu_irq_context_switch                   0x0800141d   Thumb Code     8  tos_cpu.o(.text)
    cpu_task_stk_init                        0x08001425   Thumb Code   160  tos_cpu.o(.text)
    port_cpu_reset                           0x080014f1   Thumb Code    34  port_c.o(.text)
    port_systick_config                      0x08001513   Thumb Code    52  port_c.o(.text)
    port_systick_priority_set                0x08001547   Thumb Code    16  port_c.o(.text)
    port_int_disable                         0x08001565   Thumb Code     0  port_s.o(.text)
    port_int_enable                          0x08001569   Thumb Code     0  port_s.o(.text)
    port_cpsr_save                           0x0800156d   Thumb Code     0  port_s.o(.text)
    port_cpsr_restore                        0x08001575   Thumb Code     0  port_s.o(.text)
    port_clz                                 0x0800157b   Thumb Code     0  port_s.o(.text)
    port_sched_start                         0x08001581   Thumb Code     0  port_s.o(.text)
    port_context_switch                      0x0800159b   Thumb Code     0  port_s.o(.text)
    port_irq_context_switch                  0x080015a5   Thumb Code     0  port_s.o(.text)
    PendSV_Handler                           0x080015af   Thumb Code     0  port_s.o(.text)
    mmheap_init                              0x08001b13   Thumb Code    10  tos_mmheap.o(.text)
    tos_mmheap_pool_add                      0x08001b1d   Thumb Code   188  tos_mmheap.o(.text)
    mmheap_init_with_pool                    0x08001bd9   Thumb Code    20  tos_mmheap.o(.text)
    tos_mmheap_alloc                         0x08001bed   Thumb Code    48  tos_mmheap.o(.text)
    tos_mmheap_calloc                        0x08001c1d   Thumb Code    32  tos_mmheap.o(.text)
    tos_mmheap_aligned_alloc                 0x08001c3d   Thumb Code   164  tos_mmheap.o(.text)
    tos_mmheap_free                          0x08001ce1   Thumb Code    48  tos_mmheap.o(.text)
    tos_mmheap_realloc                       0x08001d11   Thumb Code   178  tos_mmheap.o(.text)
    tos_mmheap_pool_rmv                      0x08001dc3   Thumb Code    92  tos_mmheap.o(.text)
    tos_mmheap_pool_check                    0x08001e1f   Thumb Code   138  tos_mmheap.o(.text)
    tos_mmheap_check                         0x08001ea9   Thumb Code    92  tos_mmheap.o(.text)
    mutex_release                            0x08001fcf   Thumb Code    20  tos_mutex.o(.text)
    tos_mutex_create                         0x08001fe3   Thumb Code    86  tos_mutex.o(.text)
    tos_mutex_create_dyn                     0x08002039   Thumb Code   114  tos_mutex.o(.text)
    tos_mutex_destroy                        0x080020ab   Thumb Code   166  tos_mutex.o(.text)
    tos_mutex_pend_timed                     0x08002151   Thumb Code   294  tos_mutex.o(.text)
    tos_mutex_pend                           0x08002277   Thumb Code    18  tos_mutex.o(.text)
    tos_mutex_post                           0x08002289   Thumb Code   240  tos_mutex.o(.text)
    pend_highest_pending_prio_get            0x080023ed   Thumb Code    34  tos_pend.o(.text)
    pend_highest_pending_task_get            0x0800240f   Thumb Code     8  tos_pend.o(.text)
    pend_list_remove                         0x08002417   Thumb Code    34  tos_pend.o(.text)
    pend_object_init                         0x08002439   Thumb Code    12  tos_pend.o(.text)
    pend_object_deinit                       0x08002445   Thumb Code    12  tos_pend.o(.text)
    pend_is_nopending                        0x08002451   Thumb Code    12  tos_pend.o(.text)
    pend_list_adjust                         0x0800245d   Thumb Code    22  tos_pend.o(.text)
    pend_state2errno                         0x08002473   Thumb Code    46  tos_pend.o(.text)
    pend_task_wakeup                         0x080024a1   Thumb Code    70  tos_pend.o(.text)
    pend_task_block                          0x080024e7   Thumb Code    60  tos_pend.o(.text)
    pend_wakeup_one                          0x08002523   Thumb Code    20  tos_pend.o(.text)
    pend_wakeup_all                          0x08002537   Thumb Code    50  tos_pend.o(.text)
    pend_wakeup                              0x08002569   Thumb Code    30  tos_pend.o(.text)
    tos_robin_default_timeslice_config       0x080025a9   Thumb Code    42  tos_robin.o(.text)
    tos_robin_timeslice_set                  0x080025d3   Thumb Code    60  tos_robin.o(.text)
    robin_sched                              0x0800260f   Thumb Code   164  tos_robin.o(.text)
    readyqueue_is_prio_onlyone               0x08002723   Thumb Code    30  tos_sched.o(.text)
    readyqueue_first_task_get                0x08002741   Thumb Code    30  tos_sched.o(.text)
    readyqueue_highest_ready_task_get        0x0800275f   Thumb Code    22  tos_sched.o(.text)
    readyqueue_init                          0x08002775   Thumb Code    62  tos_sched.o(.text)
    readyqueue_add_head                      0x080027b3   Thumb Code    52  tos_sched.o(.text)
    readyqueue_add_tail                      0x080027e7   Thumb Code    42  tos_sched.o(.text)
    readyqueue_add                           0x08002811   Thumb Code    36  tos_sched.o(.text)
    readyqueue_remove                        0x08002835   Thumb Code    98  tos_sched.o(.text)
    readyqueue_move_head_to_tail             0x08002897   Thumb Code    48  tos_sched.o(.text)
    knl_idle_init                            0x080028ff   Thumb Code    38  tos_sys.o(.text)
    tos_knl_init                             0x08002925   Thumb Code    56  tos_sys.o(.text)
    tos_knl_is_running                       0x0800295d   Thumb Code    14  tos_sys.o(.text)
    tos_knl_irq_enter                        0x0800296b   Thumb Code    42  tos_sys.o(.text)
    knl_is_self                              0x08002995   Thumb Code    18  tos_sys.o(.text)
    knl_is_sched_locked                      0x080029a7   Thumb Code    14  tos_sys.o(.text)
    knl_is_inirq                             0x080029b5   Thumb Code    14  tos_sys.o(.text)
    tos_knl_irq_leave                        0x080029c3   Thumb Code   134  tos_sys.o(.text)
    tos_knl_sched_lock                       0x08002a49   Thumb Code    88  tos_sys.o(.text)
    knl_sched                                0x08002aa1   Thumb Code    94  tos_sys.o(.text)
    tos_knl_sched_unlock                     0x08002aff   Thumb Code    90  tos_sys.o(.text)
    tos_knl_start                            0x08002b59   Thumb Code    52  tos_sys.o(.text)
    knl_is_idle                              0x08002b8d   Thumb Code    16  tos_sys.o(.text)
    tos_task_curr_task_get                   0x08002bcd   Thumb Code    48  tos_task.o(.text)
    tos_task_destroy                         0x08002d01   Thumb Code    92  tos_task.o(.text)
    tos_task_create                          0x08002d9d   Thumb Code   352  tos_task.o(.text)
    tos_task_yield                           0x08002efd   Thumb Code    56  tos_task.o(.text)
    tos_task_prio_change                     0x08002f35   Thumb Code   280  tos_task.o(.text)
    tos_task_suspend                         0x0800304d   Thumb Code   142  tos_task.o(.text)
    tos_task_resume                          0x080030db   Thumb Code   158  tos_task.o(.text)
    tos_task_delay                           0x08003179   Thumb Code   146  tos_task.o(.text)
    tos_task_delay_abort                     0x0800320b   Thumb Code   176  tos_task.o(.text)
    tos_task_walkthru                        0x080032bb   Thumb Code    64  tos_task.o(.text)
    tos_task_info_display                    0x080032fb   Thumb Code    10  tos_task.o(.text)
    tick_list_add                            0x08003613   Thumb Code    36  tos_tick.o(.text)
    tick_list_remove                         0x08003637   Thumb Code    28  tos_tick.o(.text)
    tick_update                              0x08003653   Thumb Code   188  tos_tick.o(.text)
    tick_next_expires_get                    0x0800370f   Thumb Code    72  tos_tick.o(.text)
    tos_tick_handler                         0x08003757   Thumb Code    46  tos_tick.o(.text)
    tos_timer_create                         0x08003897   Thumb Code   228  tos_timer.o(.text)
    tos_timer_destroy                        0x0800397b   Thumb Code   122  tos_timer.o(.text)
    tos_timer_start                          0x080039f5   Thumb Code   160  tos_timer.o(.text)
    tos_timer_stop                           0x08003a95   Thumb Code   104  tos_timer.o(.text)
    tos_timer_delay_change                   0x08003b9d   Thumb Code    24  tos_timer.o(.text)
    tos_timer_period_change                  0x08003bb5   Thumb Code    24  tos_timer.o(.text)
    timer_next_expires_get                   0x08003bcd   Thumb Code    94  tos_timer.o(.text)
    timer_update                             0x08003c2b   Thumb Code   128  tos_timer.o(.text)
    timer_init                               0x08003cab   Thumb Code     4  tos_timer.o(.text)
    __aeabi_uldivmod                         0x08003ccd   Thumb Code    98  uldiv.o(.text)
    __aeabi_memcpy                           0x08003d2f   Thumb Code    36  memcpya.o(.text)
    __aeabi_memcpy4                          0x08003d2f   Thumb Code     0  memcpya.o(.text)
    __aeabi_memcpy8                          0x08003d2f   Thumb Code     0  memcpya.o(.text)
    __aeabi_memset                           0x08003d53   Thumb Code    14  memseta.o(.text)
    __aeabi_memset4                          0x08003d53   Thumb Code     0  memseta.o(.text)
    __aeabi_memset8                          0x08003d53   Thumb Code     0  memseta.o(.text)
    __aeabi_memclr                           0x08003d61   Thumb Code     4  memseta.o(.text)
    __aeabi_memclr4                          0x08003d61   Thumb Code     0  memseta.o(.text)
    __aeabi_memclr8                          0x08003d61   Thumb Code     0  memseta.o(.text)
    _memset$wrapper                          0x08003d65   Thumb Code    18  memseta.o(.text)
    strncpy                                  0x08003d77   Thumb Code    24  strncpy.o(.text)
    __aeabi_llsl                             0x08003d8f   Thumb Code    30  llshl.o(.text)
    _ll_shift_l                              0x08003d8f   Thumb Code     0  llshl.o(.text)
    __aeabi_llsr                             0x08003dad   Thumb Code    32  llushr.o(.text)
    _ll_ushift_r                             0x08003dad   Thumb Code     0  llushr.o(.text)
    __scatterload                            0x08003dcd   Thumb Code    28  init.o(.text)
    __scatterload_rt2                        0x08003dcd   Thumb Code     0  init.o(.text)
    __0printf$5                              0x08003df1   Thumb Code    22  printf5.o(i.__0printf$5)
    __1printf$5                              0x08003df1   Thumb Code     0  printf5.o(i.__0printf$5)
    __2printf                                0x08003df1   Thumb Code     0  printf5.o(i.__0printf$5)
    __scatterload_copy                       0x08003e11   Thumb Code    14  handlers.o(i.__scatterload_copy)
    __scatterload_null                       0x08003e1f   Thumb Code     2  handlers.o(i.__scatterload_null)
    __scatterload_zeroinit                   0x08003e21   Thumb Code    14  handlers.o(i.__scatterload_zeroinit)
    k_idle_task_stk_addr                     0x080040f0   Data           4  tos_global.o(.constdata)
    k_idle_task_stk_size                     0x080040f4   Data           4  tos_global.o(.constdata)
    Region$$Table$$Base                      0x080040f8   Number         0  anon$$obj.o(Region$$Table)
    Region$$Table$$Limit                     0x08004118   Number         0  anon$$obj.o(Region$$Table)
    SystemCoreClock                          0x20000000   Data           4  system_stm32f10x.o(.data)
    AHBPrescTable                            0x20000004   Data          16  system_stm32f10x.o(.data)
    k_irq_nest_cnt                           0x20000028   Data           1  tos_global.o(.data)
    k_sched_lock_nest_cnt                    0x20000029   Data           1  tos_global.o(.data)
    k_knl_state                              0x2000002a   Data           1  tos_global.o(.data)
    k_tick_count                             0x20000030   Data           8  tos_global.o(.data)
    k_curr_task                              0x20000038   Data           4  tos_global.o(.data)
    k_next_task                              0x2000003c   Data           4  tos_global.o(.data)
    k_cpu_tick_per_second                    0x20000040   Data           8  tos_global.o(.data)
    k_cpu_cycle_per_tick                     0x20000048   Data           4  tos_global.o(.data)
    k_stat_list                              0x2000004c   Data           8  tos_global.o(.data)
    k_tick_list                              0x20000054   Data           8  tos_global.o(.data)
    k_robin_default_timeslice                0x2000005c   Data           4  tos_global.o(.data)
    k_timer_ctl                              0x20000060   Data          16  tos_global.o(.data)
    __stdout                                 0x20000070   Data           4  stdout.o(.data)
    task1                                    0x20000078   Data         120  main.o(.bss)
    task2                                    0x200000f0   Data         120  main.o(.bss)
    task_stack1                              0x20000168   Data        1024  main.o(.bss)
    task_stack2                              0x20000568   Data        1024  main.o(.bss)
    k_rdyq                                   0x20000968   Data          88  tos_global.o(.bss)
    k_idle_task                              0x200009c0   Data         120  tos_global.o(.bss)
    k_idle_task_stk                          0x20000a38   Data          80  tos_global.o(.bss)
    k_mmheap_default_pool                    0x20000a88   Data       24576  tos_global.o(.bss)
    k_mmheap_ctl                             0x20006a88   Data        3204  tos_global.o(.bss)
    __initial_sp                             0x20007b10   Data           0  startup_stm32f10x_hd.o(STACK)



==============================================================================

Memory Map of the image

  Image Entry point : 0x08000131

  Load Region LR_IROM1 (Base: 0x08000000, Size: 0x0000418c, Max: 0x00080000, ABSOLUTE)

    Execution Region ER_IROM1 (Exec base: 0x08000000, Load base: 0x08000000, Size: 0x00004118, Max: 0x00080000, ABSOLUTE)

    Exec Addr    Load Addr    Size         Type   Attr      Idx    E Section Name        Object

    0x08000000   0x08000000   0x00000130   Data   RO            3    RESET               startup_stm32f10x_hd.o
    0x08000130   0x08000130   0x00000000   Code   RO         1466  * .ARM.Collect$$$$00000000  mc_w.l(entry.o)
    0x08000130   0x08000130   0x00000004   Code   RO         1740    .ARM.Collect$$$$00000001  mc_w.l(entry2.o)
    0x08000134   0x08000134   0x00000004   Code   RO         1743    .ARM.Collect$$$$00000004  mc_w.l(entry5.o)
    0x08000138   0x08000138   0x00000000   Code   RO         1745    .ARM.Collect$$$$00000008  mc_w.l(entry7b.o)
    0x08000138   0x08000138   0x00000000   Code   RO         1747    .ARM.Collect$$$$0000000A  mc_w.l(entry8b.o)
    0x08000138   0x08000138   0x00000008   Code   RO         1748    .ARM.Collect$$$$0000000B  mc_w.l(entry9a.o)
    0x08000140   0x08000140   0x00000004   Code   RO         1755    .ARM.Collect$$$$0000000E  mc_w.l(entry12b.o)
    0x08000144   0x08000144   0x00000000   Code   RO         1750    .ARM.Collect$$$$0000000F  mc_w.l(entry10a.o)
    0x08000144   0x08000144   0x00000000   Code   RO         1752    .ARM.Collect$$$$00000011  mc_w.l(entry11a.o)
    0x08000144   0x08000144   0x00000004   Code   RO         1741    .ARM.Collect$$$$00002712  mc_w.l(entry2.o)
    0x08000148   0x08000148   0x00000024   Code   RO            4    .text               startup_stm32f10x_hd.o
    0x0800016c   0x0800016c   0x000001e0   Code   RO           24    .text               system_stm32f10x.o
    0x0800034c   0x0800034c   0x00000284   Code   RO           52    .text               main.o
    0x080005d0   0x080005d0   0x00000050   Code   RO          226    .text               stm32f10x_it.o
    0x08000620   0x08000620   0x000001a4   Code   RO          244    .text               bsp_usart.o
    0x080007c4   0x080007c4   0x000000dc   Code   RO          269    .text               misc.o
    0x080008a0   0x080008a0   0x0000035c   Code   RO          446    .text               stm32f10x_gpio.o
    0x08000bfc   0x08000bfc   0x000003a4   Code   RO          503    .text               stm32f10x_rcc.o
    0x08000fa0   0x08000fa0   0x00000408   Code   RO          577    .text               stm32f10x_usart.o
    0x080013a8   0x080013a8   0x00000128   Code   RO          604    .text               tos_cpu.o
    0x080014d0   0x080014d0   0x00000094   Code   RO          684    .text               port_c.o
    0x08001564   0x08001564   0x0000008c   Code   RO          700    .text               port_s.o
    0x080015f0   0x080015f0   0x00000968   Code   RO          963    .text               tos_mmheap.o
    0x08001f58   0x08001f58   0x00000440   Code   RO          975    .text               tos_mutex.o
    0x08002398   0x08002398   0x00000210   Code   RO         1045    .text               tos_pend.o
    0x080025a8   0x080025a8   0x00000114   Code   RO         1134    .text               tos_robin.o
    0x080026bc   0x080026bc   0x0000023c   Code   RO         1158    .text               tos_sched.o
    0x080028f8   0x080028f8   0x000002d4   Code   RO         1286    .text               tos_sys.o
    0x08002bcc   0x08002bcc   0x00000904   Code   RO         1298    .text               tos_task.o
    0x080034d0   0x080034d0   0x000002d0   Code   RO         1350    .text               tos_tick.o
    0x080037a0   0x080037a0   0x0000052c   Code   RO         1414    .text               tos_timer.o
    0x08003ccc   0x08003ccc   0x00000062   Code   RO         1469    .text               mc_w.l(uldiv.o)
    0x08003d2e   0x08003d2e   0x00000024   Code   RO         1471    .text               mc_w.l(memcpya.o)
    0x08003d52   0x08003d52   0x00000024   Code   RO         1473    .text               mc_w.l(memseta.o)
    0x08003d76   0x08003d76   0x00000018   Code   RO         1475    .text               mc_w.l(strncpy.o)
    0x08003d8e   0x08003d8e   0x0000001e   Code   RO         1759    .text               mc_w.l(llshl.o)
    0x08003dac   0x08003dac   0x00000020   Code   RO         1761    .text               mc_w.l(llushr.o)
    0x08003dcc   0x08003dcc   0x00000024   Code   RO         1774    .text               mc_w.l(init.o)
    0x08003df0   0x08003df0   0x00000020   Code   RO         1612    i.__0printf$5       mc_w.l(printf5.o)
    0x08003e10   0x08003e10   0x0000000e   Code   RO         1782    i.__scatterload_copy  mc_w.l(handlers.o)
    0x08003e1e   0x08003e1e   0x00000002   Code   RO         1783    i.__scatterload_null  mc_w.l(handlers.o)
    0x08003e20   0x08003e20   0x0000000e   Code   RO         1784    i.__scatterload_zeroinit  mc_w.l(handlers.o)
    0x08003e2e   0x08003e2e   0x00000002   PAD
    0x08003e30   0x08003e30   0x000002c0   Code   RO         1619    i._printf_core      mc_w.l(printf5.o)
    0x080040f0   0x080040f0   0x00000008   Data   RO          874    .constdata          tos_global.o
    0x080040f8   0x080040f8   0x00000020   Data   RO         1780    Region$$Table       anon$$obj.o


    Execution Region RW_IRAM1 (Exec base: 0x20000000, Load base: 0x08004118, Size: 0x00007b10, Max: 0x00010000, ABSOLUTE)

    Exec Addr    Load Addr    Size         Type   Attr      Idx    E Section Name        Object

    0x20000000   0x08004118   0x00000014   Data   RW           25    .data               system_stm32f10x.o
    0x20000014   0x0800412c   0x00000014   Data   RW          504    .data               stm32f10x_rcc.o
    0x20000028   0x08004140   0x00000048   Data   RW          875    .data               tos_global.o
    0x20000070   0x08004188   0x00000004   Data   RW         1756    .data               mc_w.l(stdout.o)
    0x20000074   0x0800418c   0x00000004   PAD
    0x20000078        -       0x000008f0   Zero   RW           53    .bss                main.o
    0x20000968        -       0x00006da4   Zero   RW          873    .bss                tos_global.o
    0x2000770c   0x0800418c   0x00000004   PAD
    0x20007710        -       0x00000400   Zero   RW            1    STACK               startup_stm32f10x_hd.o


==============================================================================

Image component sizes


      Code (inc. data)   RO Data    RW Data    ZI Data      Debug   Object Name

       420          8          0          0          0      23134   bsp_usart.o
         0          0          0          0          0       4508   core_cm3.o
       644        364          0          0       2288      14799   main.o
       220         22          0          0          0       1941   misc.o
       148         14          0          0          0      16390   port_c.o
       140         16          0          0          0        496   port_s.o
        36          8        304          0       1024        924   startup_stm32f10x_hd.o
       860         38          0          0          0       5869   stm32f10x_gpio.o
        80          4          0          0          0       7581   stm32f10x_it.o
       932         36          0         20          0       9108   stm32f10x_rcc.o
      1032         22          0          0          0       8596   stm32f10x_usart.o
       480         38          0         20          0     205235   system_stm32f10x.o
         0          0          0          0          0       1772   tos_bitmap.o
       296         12          0          0          0       9644   tos_cpu.o
         0          0          8         72      28068       1525   tos_global.o
      2408         16          0          0          0      14378   tos_mmheap.o
      1088          6          0          0          0      13043   tos_mutex.o
       528          0          0          0          0      11188   tos_pend.o
       276         10          0          0          0       1657   tos_robin.o
       572         10          0          0          0      10679   tos_sched.o
       724         48          0          0          0       3601   tos_sys.o
      2308        228          0          0          0      14463   tos_task.o
       720         12          0          0          0       9508   tos_tick.o
      1324         16          0          0          0       9270   tos_timer.o

    ----------------------------------------------------------------------
     15236        928        344        112      31384     399309   Object Totals
         0          0         32          0          0          0   (incl. Generated)
         0          0          0          0          4          0   (incl. Padding)

    ----------------------------------------------------------------------

      Code (inc. data)   RO Data    RW Data    ZI Data      Debug   Library Member Name

         0          0          0          0          0          0   entry.o
         0          0          0          0          0          0   entry10a.o
         0          0          0          0          0          0   entry11a.o
         4          0          0          0          0          0   entry12b.o
         8          4          0          0          0          0   entry2.o
         4          0          0          0          0          0   entry5.o
         0          0          0          0          0          0   entry7b.o
         0          0          0          0          0          0   entry8b.o
         8          4          0          0          0          0   entry9a.o
        30          0          0          0          0          0   handlers.o
        36          8          0          0          0         68   init.o
        30          0          0          0          0         68   llshl.o
        32          0          0          0          0         68   llushr.o
        36          0          0          0          0         68   memcpya.o
        36          0          0          0          0        108   memseta.o
       736         54          0          0          0        184   printf5.o
         0          0          0          4          0          0   stdout.o
        24          0          0          0          0         76   strncpy.o
        98          0          0          0          0         92   uldiv.o

    ----------------------------------------------------------------------
      1084         70          0          4          4        732   Library Totals
         2          0          0          0          4          0   (incl. Padding)

    ----------------------------------------------------------------------

      Code (inc. data)   RO Data    RW Data    ZI Data      Debug   Library Name

      1082         70          0          4          0        732   mc_w.l

    ----------------------------------------------------------------------
      1084         70          0          4          4        732   Library Totals

    ----------------------------------------------------------------------

==============================================================================


      Code (inc. data)   RO Data    RW Data    ZI Data      Debug   

     16320        998        344        116      31388     398321   Grand Totals
     16320        998        344        116      31388     398321   ELF Image Totals
     16320        998        344        116          0          0   ROM Totals

==============================================================================

    Total RO  Size (Code + RO Data)                16664 (  16.27kB)
    Total RW  Size (RW Data + ZI Data)             31504 (  30.77kB)
    Total ROM Size (Code + RO Data + RW Data)      16780 (  16.39kB)

==============================================================================

