<html>
<body>
<pre>
<h1>礦ision Build Log</h1>
<h2>Tool Versions:</h2>
IDE-Version: μVision V5.14.0.0
Copyright (C) 2015 ARM Ltd and ARM Germany GmbH. All rights reserved.
License Information: c lw_cui, c, LIC=TA330-BM6J5-ZD9K6-DUM59-2MW3T-SC93L
 
Tool Versions:
Toolchain:       MDK-ARM Professional  Version: 5.14.0.0
Toolchain Path:  D:\Program Files (x86)\Keil_5\ARM\ARMCC\Bin
C Compiler:      Armcc.exe V5.05 update 1 (build 106)
Assembler:       Armasm.exe V5.05 update 1 (build 106)
Linker/Locator:  ArmLink.exe V5.05 update 1 (build 106)
Library Manager: ArmAr.exe V5.05 update 1 (build 106)
Hex Converter:   FromElf.exe V5.05 update 1 (build 106)
CPU DLL:         SARMCM3.DLL V5.14.0.0
Dialog DLL:      DARMCM1.DLL V1.12.0.0
Target DLL:      UL2CM3.DLL V1.155.0.0
Dialog DLL:      TARMCM1.DLL V1.9.0.0
 
<h2>Project:</h2>
C:\Users\lw_cui\Desktop\新版本修改资料\中文版\软件包测试\MDK-ARM Version 5.14\cortex_m0+\cortex_m0+.uvprojx
Project File Date:  09/08/2021

<h2>Output:</h2>
Rebuild target 'Target 1'
assembling startup_ARMCM0plus.s...
compiling system_ARMCM0plus.c...
compiling tos_cpu.c...
compiling tos_fault.c...
compiling port_c.c...
assembling port_s.S...
compiling tos_barrier.c...
compiling tos_binary_heap.c...
compiling tos_bitmap.c...
compiling tos_char_fifo.c...
compiling tos_completion.c...
compiling tos_countdownlatch.c...
compiling tos_event.c...
compiling tos_global.c...
compiling tos_mail_queue.c...
compiling tos_message_queue.c...
compiling tos_mmblk.c...
compiling tos_mmheap.c...
compiling tos_mutex.c...
compiling tos_pend.c...
compiling tos_priority_mail_queue.c...
compiling tos_priority_message_queue.c...
compiling tos_priority_queue.c...
compiling tos_ring_queue.c...
compiling tos_robin.c...
compiling tos_rwlock.c...
compiling tos_sched.c...
compiling tos_sem.c...
compiling tos_stopwatch.c...
compiling tos_sys.c...
compiling tos_task.c...
compiling tos_tick.c...
compiling tos_time.c...
compiling tos_timer.c...
compiling cmsis_os.c...
compiling hello_world.c...
compiling main.c...
compiling mcu_it.c...
linking...
Program Size: Code=10092 RO-data=244 RW-data=92 ZI-data=15524  
".\Objects\cortex_m0+.axf" - 0 Error(s), 0 Warning(s).

<h2>Software Packages used:</h2>

Package Vendor: ARM
                http://www.keil.com/pack/ARM.CMSIS.5.7.0.pack
                ARM::CMSIS:CORE:5.4.0
                CMSIS (Cortex Microcontroller Software Interface Standard)
   * Component: CORE Version: 5.4.0
   * Component: Startup Version: 1.2.2

Package Vendor: Tencent
                https://github.com/OpenAtomFoundation/TencentOS-tiny/Tencent.TencentOS-tiny.1.0.0.pack
                Tencent.MDK-ARM::TencentOS tiny:kernel:tos_config:1.0.0
                TencentOS tiny for external devices
   * Component: tos_config Version: 1.0.0
   * Component: hal Version: 1.0.0
   * Component: mcu_it.c Version: 1.0.0
   * Component: mcu_platform.h Version: 1.0.0
   * Component: core Version: 1.0.0
   * Component: helloworld_main Version: 1.0.0
   * Component: arch Version: 1.0.0
   * Component: cmsis_os Version: 1.0.0

<h2>Collection of Component include folders:</h2>
  C:\Users\lw_cui\Desktop\新版本修改资料\中文版\软件包测试\MDK-ARM Version 5.14\cortex_m0+\RTE
  C:\Users\lw_cui\Desktop\新版本修改资料\中文版\软件包测试\MDK-ARM Version 5.14\cortex_m0+\RTE\TencentOS_tiny
  C:\Users\lw_cui\Desktop\新版本修改资料\中文版\软件包测试\MDK-ARM Version 5.14\cortex_m0+\RTE\TencentOS_tiny\ARMCM0P
  D:\Program Files (x86)\Keil_5\ARM\PACK\ARM\CMSIS\5.7.0
  D:\Program Files (x86)\Keil_5\ARM\PACK\ARM\CMSIS\5.7.0\CMSIS\Core\Include
  D:\Program Files (x86)\Keil_5\ARM\PACK\ARM\CMSIS\5.7.0\Device\ARM\ARMCM0plus\Include
  D:\Program Files (x86)\Keil_5\ARM\PACK\Tencent\Tencentos-tiny\1.0.0\arch\arm\arm-v7m\common\include
  D:\Program Files (x86)\Keil_5\ARM\PACK\Tencent\Tencentos-tiny\1.0.0\arch\arm\arm-v7m\cortex-m0+\armcc
  D:\Program Files (x86)\Keil_5\ARM\PACK\Tencent\Tencentos-tiny\1.0.0\kernel\core\include
  D:\Program Files (x86)\Keil_5\ARM\PACK\Tencent\Tencentos-tiny\1.0.0\kernel\hal\include
  D:\Program Files (x86)\Keil_5\ARM\PACK\Tencent\Tencentos-tiny\1.0.0\kernel\pm\include
  D:\Program Files (x86)\Keil_5\ARM\PACK\Tencent\Tencentos-tiny\1.0.0\osal\cmsis_os

<h2>Collection of Component Files used:</h2>

   * Component: ARM::CMSIS:CORE:5.4.0
      Source file:   CMSIS\Core\Template\ARMv8-M\tz_context.c
      Include file:  CMSIS\Core\Include\tz_context.h
      Source file:   CMSIS\Core\Template\ARMv8-M\main_s.c

   * Component: ARM::Device:Startup:1.2.2
      Include file:  Device\ARM\ARMCM0plus\Include\ARMCM0plus.h
      Source file:   Device\ARM\ARMCM0plus\Source\system_ARMCM0plus.c
      Source file:   Device\ARM\ARMCM0plus\Source\ARM\startup_ARMCM0plus.s

   * Component: Tencent.MDK-ARM::TencentOS tiny:kernel:tos_config:1.0.0
      Include file:  kernel\tos_config\tos_config.h

   * Component: Tencent.MDK-ARM::TencentOS tiny:kernel:hal:1.0.0

   * Component: Tencent.MDK-ARM::TencentOS tiny:example:mcu_it.c:1.0.0
      Source file:   examples\mcu_it.c

   * Component: Tencent.MDK-ARM::TencentOS tiny:example:mcu_platform.h:1.0.0
      Include file:  examples\mcu_platform.h

   * Component: Tencent.MDK-ARM::TencentOS tiny:kernel:core:1.0.0
      Source file:   kernel\core\tos_mmblk.c
      Source file:   kernel\core\tos_bitmap.c
      Source file:   kernel\core\tos_binary_heap.c
      Source file:   kernel\core\tos_global.c
      Source file:   kernel\core\tos_mutex.c
      Source file:   kernel\core\tos_completion.c
      Source file:   kernel\core\tos_barrier.c
      Source file:   kernel\core\tos_char_fifo.c
      Source file:   kernel\core\tos_countdownlatch.c
      Source file:   kernel\core\tos_event.c
      Source file:   kernel\core\tos_mail_queue.c
      Source file:   kernel\core\tos_message_queue.c
      Source file:   kernel\core\tos_mmheap.c
      Source file:   kernel\core\tos_priority_message_queue.c
      Source file:   kernel\core\tos_sys.c
      Source file:   kernel\core\tos_sem.c
      Source file:   kernel\core\tos_priority_mail_queue.c
      Source file:   kernel\core\tos_timer.c
      Source file:   kernel\core\tos_tick.c
      Source file:   kernel\core\tos_time.c
      Source file:   kernel\core\tos_task.c
      Source file:   kernel\core\tos_robin.c
      Source file:   kernel\core\tos_ring_queue.c
      Source file:   kernel\core\tos_pend.c
      Source file:   kernel\core\tos_priority_queue.c
      Source file:   kernel\core\tos_rwlock.c
      Source file:   kernel\core\tos_sched.c
      Source file:   kernel\core\tos_stopwatch.c

   * Component: Tencent.MDK-ARM::TencentOS tiny:example:helloworld_main:1.0.0
      Source file:   examples\main.c
      Source file:   examples\hello_world.c

   * Component: Tencent.MDK-ARM::TencentOS tiny:arch:arch:1.0.0
      Include file:  arch\arm\arm-v7m\cortex-m0+\armcc\port_config.h
      Source file:   arch\arm\arm-v7m\common\tos_cpu.c
      Source file:   arch\arm\arm-v7m\common\tos_fault.c
      Source file:   arch\arm\arm-v7m\cortex-m0+\armcc\port_s.S
      Source file:   arch\arm\arm-v7m\cortex-m0+\armcc\port_c.c
      Include file:  arch\arm\arm-v7m\cortex-m0+\armcc\port.h

   * Component: Tencent.MDK-ARM::TencentOS tiny:cmsis_os:cmsis_os:1.0.0
      Source file:   osal\cmsis_os\cmsis_os.c
</pre>
</body>
</html>
