<html>
<body>
<pre>
<h1>礦ision Build Log</h1>
<h2>Tool Versions:</h2>
IDE-Version: μVision V5.14.0.0
Copyright (C) 2015 ARM Ltd and ARM Germany GmbH. All rights reserved.
License Information: c lw_cui, c, LIC=TA330-BM6J5-ZD9K6-DUM59-2MW3T-SC93L
 
Tool Versions:
Toolchain:       MDK-ARM Professional  Version: 5.14.0.0
Toolchain Path:  D:\Program Files (x86)\Keil_5\ARM\ARMCC\Bin
C Compiler:      Armcc.exe V5.05 update 1 (build 106)
Assembler:       Armasm.exe V5.05 update 1 (build 106)
Linker/Locator:  ArmLink.exe V5.05 update 1 (build 106)
Library Manager: ArmAr.exe V5.05 update 1 (build 106)
Hex Converter:   FromElf.exe V5.05 update 1 (build 106)
CPU DLL:         SARMCM3.DLL V5.14.0.0
Dialog DLL:      DCM.DLL V1.13.1.0
Target DLL:      UL2CM3.DLL V1.155.0.0
Dialog DLL:      TCM.DLL V1.14.4.0
 
<h2>Project:</h2>
C:\Users\lw_cui\Desktop\软件包测试\MDK-ARM Version 5.14\stm32f767igt\stm32f767igt.uvprojx
Project File Date:  09/08/2021

<h2>Output:</h2>
Rebuild target 'Target 1'
assembling startup_stm32f767xx.s...
compiling system_stm32f7xx.c...
compiling tos_cpu.c...
compiling tos_fault.c...
compiling port_c.c...
assembling port_s.S...
compiling tos_barrier.c...
compiling tos_binary_heap.c...
compiling tos_bitmap.c...
compiling tos_char_fifo.c...
compiling tos_completion.c...
compiling tos_countdownlatch.c...
compiling tos_event.c...
compiling tos_global.c...
compiling tos_mail_queue.c...
compiling tos_message_queue.c...
compiling tos_mmblk.c...
compiling tos_mmheap.c...
compiling tos_mutex.c...
compiling tos_pend.c...
compiling tos_priority_mail_queue.c...
compiling tos_priority_message_queue.c...
compiling tos_priority_queue.c...
compiling tos_ring_queue.c...
compiling tos_robin.c...
compiling tos_rwlock.c...
compiling tos_sched.c...
compiling tos_sem.c...
compiling tos_stopwatch.c...
compiling tos_sys.c...
compiling tos_task.c...
compiling tos_tick.c...
compiling tos_time.c...
compiling tos_timer.c...
compiling cmsis_os.c...
compiling hello_world.c...
compiling main.c...
linking...
Program Size: Code=17504 RO-data=2436 RW-data=92 ZI-data=12948  
".\Objects\stm32f767igt.axf" - 0 Error(s), 0 Warning(s).

<h2>Software Packages used:</h2>

Package Vendor: ARM
                http://www.keil.com/pack/ARM.CMSIS.5.7.0.pack
                ARM::CMSIS:CORE:5.4.0
                CMSIS (Cortex Microcontroller Software Interface Standard)
   * Component: CORE Version: 5.4.0

Package Vendor: Keil
                http://www.keil.com/pack/Keil.STM32F7xx_DFP.2.14.0.pack
                Keil::Device:Startup:1.2.5
                STMicroelectronics STM32F7 Series Device Support, Drivers and Examples
   * Component: Startup Version: 1.2.5

Package Vendor: Tencent
                https://github.com/OpenAtomFoundation/TencentOS-tiny/Tencent.TencentOS-tiny.1.0.0.pack
                Tencent.MDK-ARM::TencentOS tiny:kernel:hal:1.0.0
                TencentOS tiny for external devices
   * Component: hal Version: 1.0.0
   * Component: helloworld_main_1 Version: 1.0.0
   * Component: tos_config Version: 1.0.0
   * Component: arch Version: 1.0.0
   * Component: cmsis_os Version: 1.0.0
   * Component: core Version: 1.0.0
   * Component: mcu_platform.h Version: 1.0.0

<h2>Collection of Component include folders:</h2>
  C:\Users\lw_cui\Desktop\软件包测试\MDK-ARM Version 5.14\stm32f767igt\RTE
  C:\Users\lw_cui\Desktop\软件包测试\MDK-ARM Version 5.14\stm32f767igt\RTE\TencentOS_tiny
  C:\Users\lw_cui\Desktop\软件包测试\MDK-ARM Version 5.14\stm32f767igt\RTE\TencentOS_tiny\STM32F767IGTx
  D:\Program Files (x86)\Keil_5\ARM\PACK\ARM\CMSIS\5.7.0\CMSIS\Core\Include
  D:\Program Files (x86)\Keil_5\ARM\PACK\Keil\STM32F7xx_DFP\2.14.0
  D:\Program Files (x86)\Keil_5\ARM\PACK\Keil\STM32F7xx_DFP\2.14.0\Drivers\CMSIS\Device\ST\STM32F7xx\Include
  D:\Program Files (x86)\Keil_5\ARM\PACK\Tencent\Tencentos-tiny\1.0.0\arch\arm\arm-v7m\common\include
  D:\Program Files (x86)\Keil_5\ARM\PACK\Tencent\Tencentos-tiny\1.0.0\arch\arm\arm-v7m\cortex-m7\armcc
  D:\Program Files (x86)\Keil_5\ARM\PACK\Tencent\Tencentos-tiny\1.0.0\kernel\core\include
  D:\Program Files (x86)\Keil_5\ARM\PACK\Tencent\Tencentos-tiny\1.0.0\kernel\hal\include
  D:\Program Files (x86)\Keil_5\ARM\PACK\Tencent\Tencentos-tiny\1.0.0\kernel\pm\include
  D:\Program Files (x86)\Keil_5\ARM\PACK\Tencent\Tencentos-tiny\1.0.0\osal\cmsis_os

<h2>Collection of Component Files used:</h2>

   * Component: ARM::CMSIS:CORE:5.4.0
      Include file:  CMSIS\Core\Include\tz_context.h
      Source file:   CMSIS\Core\Template\ARMv8-M\tz_context.c
      Source file:   CMSIS\Core\Template\ARMv8-M\main_s.c

   * Component: Keil::Device:Startup:1.2.5
      Source file:   MDK\Device\Source\ARM\STM32F76x_77x_OTP.s
      Source file:   MDK\Device\Source\ARM\STM32F76x_77x_OPT.s
      Include file:  Drivers\CMSIS\Device\ST\STM32F7xx\Include\stm32f7xx.h
      Source file:   Drivers\CMSIS\Device\ST\STM32F7xx\Source\Templates\arm\startup_stm32f767xx.s
      Source file:   Drivers\CMSIS\Device\ST\STM32F7xx\Source\Templates\system_stm32f7xx.c

   * Component: Tencent.MDK-ARM::TencentOS tiny:kernel:hal:1.0.0

   * Component: Tencent.MDK-ARM::TencentOS tiny:example:helloworld_main_1:1.0.0
      Source file:   examples\hello_world.c
      Source file:   examples\main.c

   * Component: Tencent.MDK-ARM::TencentOS tiny:example:tos_config:1.0.0
      Include file:  examples\tos_config_cortex_m7\tos_config.h

   * Component: Tencent.MDK-ARM::TencentOS tiny:arch:arch:1.0.0
      Source file:   arch\arm\arm-v7m\common\tos_fault.c
      Include file:  arch\arm\arm-v7m\cortex-m7\armcc\port_config.h
      Source file:   arch\arm\arm-v7m\cortex-m7\armcc\port_s.S
      Source file:   arch\arm\arm-v7m\cortex-m7\armcc\port_c.c
      Source file:   arch\arm\arm-v7m\common\tos_cpu.c
      Include file:  arch\arm\arm-v7m\cortex-m7\armcc\port.h

   * Component: Tencent.MDK-ARM::TencentOS tiny:cmsis_os:cmsis_os:1.0.0
      Source file:   osal\cmsis_os\cmsis_os.c

   * Component: Tencent.MDK-ARM::TencentOS tiny:kernel:core:1.0.0
      Source file:   kernel\core\tos_mmheap.c
      Source file:   kernel\core\tos_pend.c
      Source file:   kernel\core\tos_priority_mail_queue.c
      Source file:   kernel\core\tos_mutex.c
      Source file:   kernel\core\tos_completion.c
      Source file:   kernel\core\tos_bitmap.c
      Source file:   kernel\core\tos_ring_queue.c
      Source file:   kernel\core\tos_robin.c
      Source file:   kernel\core\tos_sched.c
      Source file:   kernel\core\tos_stopwatch.c
      Source file:   kernel\core\tos_time.c
      Source file:   kernel\core\tos_sys.c
      Source file:   kernel\core\tos_message_queue.c
      Source file:   kernel\core\tos_barrier.c
      Source file:   kernel\core\tos_countdownlatch.c
      Source file:   kernel\core\tos_mmblk.c
      Source file:   kernel\core\tos_char_fifo.c
      Source file:   kernel\core\tos_priority_message_queue.c
      Source file:   kernel\core\tos_rwlock.c
      Source file:   kernel\core\tos_mail_queue.c
      Source file:   kernel\core\tos_task.c
      Source file:   kernel\core\tos_tick.c
      Source file:   kernel\core\tos_binary_heap.c
      Source file:   kernel\core\tos_event.c
      Source file:   kernel\core\tos_global.c
      Source file:   kernel\core\tos_sem.c
      Source file:   kernel\core\tos_priority_queue.c
      Source file:   kernel\core\tos_timer.c

   * Component: Tencent.MDK-ARM::TencentOS tiny:example:mcu_platform.h:1.0.0
      Include file:  examples\mcu_platform.h
</pre>
</body>
</html>
